******************************************************************************
                  TI ARM Linker PC v5.2.5                      
******************************************************************************
>> Linked Thu Apr 07 03:19:36 2016

OUTPUT FILE NAME:   <i2c_demo.out>
ENTRY POINT SYMBOL: "_c_int00"  address: 20007c41


MEMORY CONFIGURATION

         name            origin    length      used     unused   attr    fill
----------------------  --------  ---------  --------  --------  ----  --------
  SRAM_CODE             20004000   00013000  00004502  0000eafe  RW X
  SRAM_DATA             20017000   00019000  00001164  00017e9c  RW X


SEGMENT ALLOCATION MAP

run origin  load origin   length   init length attrs members
----------  ----------- ---------- ----------- ----- -------
20004000    20004000    00004508   00004508    r-x
  20004000    20004000    00000400   00000400    r-- .intvecs
  20004400    20004400    00003d5e   00003d5e    r-x .text
  20008160    20008160    0000032c   0000032c    r-- .const
  20008490    20008490    00000078   00000078    r-- .cinit
20017000    20017000    00000964   00000000    rw-
  20017000    20017000    00000800   00000000    rw- .sysmem
  20017800    20017800    00000160   00000000    rw- .data
  20017960    20017960    00000004   00000000    rw- .bss
2002f800    2002f800    00000800   00000000    rw-
  2002f800    2002f800    00000800   00000000    rw- .stack


SECTION ALLOCATION MAP

 output                                  attributes/
section   page    origin      length       input sections
--------  ----  ----------  ----------   ----------------
.intvecs   0    20004000    00000400     
                  20004000    00000400     startup_ccs.obj (.intvecs)

.init_array 
*          0    20004000    00000000     UNINITIALIZED

.text      0    20004400    00003d5e     
                  20004400    000010a6     rtsv7M4_T_le_eabi.lib : _printfi.obj (.text)
                  200054a6    00000002     --HOLE-- [fill = 0]
                  200054a8    00000ab4     main.obj (.text)
                  20005f5c    000003dc     rtsv7M4_T_le_eabi.lib : memory.obj (.text)
                  20006338    00000290     i2c_if.obj (.text)
                  200065c8    00000280     uart_if.obj (.text)
                  20006848    000001f4     rtsv7M4_T_le_eabi.lib : ull_div_t2.obj (.text)
                  20006a3c    000001b6                           : fd_add_t2.obj (.text)
                  20006bf2    00000002     --HOLE-- [fill = 0]
                  20006bf4    00000178     driverlib.a : prcm.obj (.text:PRCMCC3200MCUInit)
                  20006d6c    00000136     rtsv7M4_T_le_eabi.lib : fd_div_t2.obj (.text)
                  20006ea2    00000002     --HOLE-- [fill = 0]
                  20006ea4    00000114                           : strtoul.obj (.text)
                  20006fb8    00000110                           : xdscale.obj (.text)
                  200070c8    000000fc                           : fd_mul_t2.obj (.text)
                  200071c4    000000be                           : xdnorm.obj (.text)
                  20007282    00000002     --HOLE-- [fill = 0]
                  20007284    000000a8     driverlib.a : interrupt.obj (.text:IntEnable)
                  2000732c    0000009c     rtsv7M4_T_le_eabi.lib : memcpy_t2.obj (.text)
                  200073c8    00000094     driverlib.a : prcm.obj (.text:PRCMPeripheralClockGet)
                  2000745c    00000088                 : pin.obj (.text:PinConfigSet)
                  200074e4    00000088     rtsv7M4_T_le_eabi.lib : vsnprintf.obj (.text)
                  2000756c    00000086                           : fd_cmp_t2.obj (.text:__aeabi_cdcmple)
                  200075f2    00000086                           : fd_cmp_t2.obj (.text:__aeabi_cdrcmple)
                  20007678    00000084     driverlib.a : i2c.obj (.text:I2CMasterInitExpClk)
                  200076fc    0000007a     rtsv7M4_T_le_eabi.lib : memset_t2.obj (.text)
                  20007776    00000076     driverlib.a : uart.obj (.text:UARTConfigSetExpClk)
                  200077ec    0000006c     rtsv7M4_T_le_eabi.lib : autoinit.obj (.text)
                  20007858    0000006a                           : copy_decompress_rle.obj (.text)
                  200078c2    00000066                           : xdunscal.obj (.text)
                  20007928    00000058     driverlib.a : prcm.obj (.text:PRCMPeripheralReset)
                  20007980    00000056     rtsv7M4_T_le_eabi.lib : ltoa.obj (.text)
                  200079d6    00000002     --HOLE-- [fill = 0]
                  200079d8    0000004c                           : atoi.obj (.text)
                  20007a24    0000004c                           : cpy_tbl.obj (.text)
                  20007a70    00000048                           : fd_toi_t2.obj (.text)
                  20007ab8    00000046                           : ldexp.obj (.text)
                  20007afe    00000002     --HOLE-- [fill = 0]
                  20007b00    00000044                           : exit.obj (.text)
                  20007b44    00000040     driverlib.a : pin.obj (.text:PinModeSet)
                  20007b84    00000040     rtsv7M4_T_le_eabi.lib : signal.obj (.text)
                  20007bc4    00000040                           : strtok.obj (.text)
                  20007c04    0000003c     driverlib.a : prcm.obj (.text:PRCMPeripheralClkEnable)
                  20007c40    0000003c     rtsv7M4_T_le_eabi.lib : boot.obj (.text)
                  20007c7c    00000034     pinmux.obj (.text)
                  20007cb0    00000034     rtsv7M4_T_le_eabi.lib : feraiseexcept.obj (.text)
                  20007ce4    00000030     driverlib.a : uart.obj (.text:UARTDisable)
                  20007d14    00000030     rtsv7M4_T_le_eabi.lib : xferaise.obj (.text)
                  20007d44    0000002e                           : i_tofd_t2.obj (.text)
                  20007d72    0000002e                           : raise.obj (.text)
                  20007da0    0000002c     driverlib.a : i2c.obj (.text:I2CMasterErr)
                  20007dcc    0000002c                 : prcm.obj (.text:PRCMSysResetCauseGet)
                  20007df8    0000002a     rtsv7M4_T_le_eabi.lib : strspn.obj (.text)
                  20007e22    0000002a                           : xdclass.obj (.text)
                  20007e4c    00000028     driverlib.a : prcm.obj (.text:PRCMPeripheralClkDisable)
                  20007e74    00000024                 : uart.obj (.text:UARTEnable)
                  20007e98    00000024     rtsv7M4_T_le_eabi.lib : memmov.obj (.text)
                  20007ebc    00000024                           : strcspn.obj (.text)
                  20007ee0    00000022     driverlib.a : i2c.obj (.text:I2CMasterSlaveAddrSet)
                  20007f02    00000022     rtsv7M4_T_le_eabi.lib : frexp.obj (.text)
                  20007f24    0000001e     driverlib.a : i2c.obj (.text:I2CMasterIntStatusEx)
                  20007f42    0000001e                 : uart.obj (.text:UARTCharPut)
                  20007f60    0000001c                 : pin.obj (.text:PinTypeI2C)
                  20007f7c    0000001c                 : uart.obj (.text:UARTCharGetNonBlocking)
                  20007f98    0000001c     rtsv7M4_T_le_eabi.lib : memccpy.obj (.text)
                  20007fb4    0000001a     driverlib.a : pin.obj (.text:PinTypeUART)
                  20007fce    00000018                 : uart.obj (.text:UARTCharsAvail)
                  20007fe6    00000002     --HOLE-- [fill = 0]
                  20007fe8    00000018     rtsv7M4_T_le_eabi.lib : args_main.obj (.text)
                  20008000    00000018                           : strcmp.obj (.text)
                  20008018    00000016     driverlib.a : i2c.obj (.text:I2CMasterDataPut)
                  2000802e    00000016                 : i2c.obj (.text:I2CMasterEnable)
                  20008044    00000016                 : prcm.obj (.text:PRCMHIBRegRead)
                  2000805a    00000016                 : prcm.obj (.text:PRCMHIBRegWrite)
                  20008070    00000016     rtsv7M4_T_le_eabi.lib : strchr.obj (.text)
                  20008086    00000014     driverlib.a : cpu.obj (.text:CPUcpsie)
                  2000809a    00000002     --HOLE-- [fill = 0]
                  2000809c    00000014                 : interrupt.obj (.text:IntVTableBaseSet)
                  200080b0    00000014     rtsv7M4_T_le_eabi.lib : _lock.obj (.text)
                  200080c4    00000014                           : strlen.obj (.text)
                  200080d8    00000012     driverlib.a : i2c.obj (.text:I2CMasterControl)
                  200080ea    00000012                 : i2c.obj (.text:I2CMasterIntClearEx)
                  200080fc    00000012                 : i2c.obj (.text:I2CMasterTimeoutSet)
                  2000810e    0000000e                 : i2c.obj (.text:I2CMasterDataGet)
                  2000811c    0000000e     rtsv7M4_T_le_eabi.lib : copy_decompress_none.obj (.text:decompress:none)
                  2000812a    0000000e     startup_ccs.obj (.text)
                  20008138    0000000c     rtsv7M4_T_le_eabi.lib : copy_zero_init.obj (.text:decompress:ZI)
                  20008144    0000000a     driverlib.a : interrupt.obj (.text:IntMasterEnable)
                  2000814e    00000006                 : utils.obj (.text:UtilsDelay)
                  20008154    00000006     rtsv7M4_T_le_eabi.lib : copy_decompress_rle.obj (.text:decompress:rle24)
                  2000815a    00000004                           : pre_init.obj (.text)

.const     0    20008160    0000032c     
                  20008160    00000101     rtsv7M4_T_le_eabi.lib : ctype.obj (.const:.string:_ctypes_)
                  20008261    00000003     --HOLE-- [fill = 0]
                  20008264    00000100     driverlib.a : pin.obj (.const:g_ulPinToPadMap)
                  20008364    000000a8                 : prcm.obj (.const:PRCM_PeriphRegsList)
                  2000840c    00000080                 : interrupt.obj (.const)

.cinit     0    20008490    00000078     
                  20008490    0000004e     (.cinit..data.load) [load image, compression = rle]
                  200084de    00000002     --HOLE-- [fill = 0]
                  200084e0    0000000c     (__TI_handler_table)
                  200084ec    00000004     --HOLE-- [fill = 0]
                  200084f0    00000008     (.cinit..bss.load) [load image, compression = zero_init]
                  200084f8    00000010     (__TI_cinit_table)

.sysmem    0    20017000    00000800     UNINITIALIZED
                  20017000    00000008     rtsv7M4_T_le_eabi.lib : memory.obj (.sysmem)
                  20017008    000007f8     --HOLE--

.data      0    20017800    00000160     UNINITIALIZED
                  20017800    000000b0     rtsv7M4_T_le_eabi.lib : signal.obj (.data:sigtable)
                  200178b0    00000080                           : xvalues.obj (.data)
                  20017930    0000000c                           : memory.obj (.data)
                  2001793c    00000008                           : _lock.obj (.data)
                  20017944    00000008                           : exit.obj (.data)
                  2001794c    00000008                           : feraiseexcept.obj (.data)
                  20017954    00000004                           : errno.obj (.data)
                  20017958    00000004                           : stkdepth_vars.obj (.data)
                  2001795c    00000004                           : strtok.obj (.data)

.TI.persistent 
*          0    20017800    00000000     UNINITIALIZED

.bss       0    20017960    00000004     UNINITIALIZED
                  20017960    00000004     (.common:__Errorlog)

.TI.noinit 
*          0    20017960    00000000     UNINITIALIZED

.stack     0    2002f800    00000800     UNINITIALIZED
                  2002f800    00000800     --HOLE--


LINKER GENERATED COPY TABLES

__TI_cinit_table @ 200084f8 records: 2, size/record: 8, table size: 16
	.data: load addr=20008490, load size=0000004e bytes, run addr=20017800, run size=00000160 bytes, compression=rle
	.bss: load addr=200084f0, load size=00000008 bytes, run addr=20017960, run size=00000004 bytes, compression=zero_init


LINKER GENERATED HANDLER TABLE

__TI_handler_table @ 200084e0 records: 3, size/record: 4, table size: 12
	index: 0, handler: __TI_decompress_rle24
	index: 1, handler: __TI_decompress_none
	index: 2, handler: __TI_zero_init


GLOBAL SYMBOLS: SORTED ALPHABETICALLY BY Name 

address   name                    
-------   ----                    
20007b01  C$$EXIT                 
20008087  CPUcpsie                
20006609  ClearTerm               
20005905  DisplayBuffer           
200054a9  DisplayPrompt           
200054b3  DisplayUsage            
20006613  Error                   
2000664b  GetCmd                  
200080d9  I2CMasterControl        
2000810f  I2CMasterDataGet        
20008019  I2CMasterDataPut        
2000802f  I2CMasterEnable         
20007da1  I2CMasterErr            
20007679  I2CMasterInitExpClk     
200080eb  I2CMasterIntClearEx     
20007f25  I2CMasterIntStatusEx    
20007ee1  I2CMasterSlaveAddrSet   
200080fd  I2CMasterTimeoutSet     
200065b1  I2C_IF_Close            
20006569  I2C_IF_Open             
20006463  I2C_IF_Read             
2000651f  I2C_IF_ReadFrom         
200063ad  I2C_IF_Write            
200065c9  InitTerm                
20007285  IntEnable               
20008145  IntMasterEnable         
2000809d  IntVTableBaseSet        
200065e7  Message                 
20006bf5  PRCMCC3200MCUInit       
20008045  PRCMHIBRegRead          
2000805b  PRCMHIBRegWrite         
20007e4d  PRCMPeripheralClkDisable
20007c05  PRCMPeripheralClkEnable 
200073c9  PRCMPeripheralClockGet  
20007929  PRCMPeripheralReset     
20007dcd  PRCMSysResetCauseGet    
20005d7b  ParseNProcessCmd        
2000745d  PinConfigSet            
20007b45  PinModeSet              
20007c7d  PinMuxConfig            
20007f61  PinTypeI2C              
20007fb5  PinTypeUART             
2000598b  ProcessReadCommand      
20005a15  ProcessReadRegCommand   
20005c6f  ProcessWriteCommand     
20005ad9  ProcessWriteRegCommand  
20006789  Report                  
2000812b  ResetISR                
UNDEFED   SHT$$INIT_ARRAY$$Base   
UNDEFED   SHT$$INIT_ARRAY$$Limit  
200066f1  TrimSpace               
20007f7d  UARTCharGetNonBlocking  
20007f43  UARTCharPut             
20007fcf  UARTCharsAvail          
20007777  UARTConfigSetExpClk     
20007ce5  UARTDisable             
20007e75  UARTEnable              
2000814f  UtilsDelay              
20007e23  _Dclass                 
200178b0  _Denorm                 
200071c5  _Dnorm                  
20006fb9  _Dscale                 
200078c3  _Dunscale               
200178c0  _Eps                    
20017954  _Errno                  
2001794c  _Fenv                   
20007d15  _Feraise                
200178d0  _Hugeval                
200178e0  _Inf                    
200178f0  _Nan                    
20017910  _Rteps                  
20017900  _Snan                   
20017950  _Tls_setup__Fenv        
20017920  _Xbig                   
20017928  _Zero                   
20030000  __STACK_END             
00000800  __STACK_SIZE            
00000800  __SYSMEM_SIZE           
200084f8  __TI_CINIT_Base         
20008508  __TI_CINIT_Limit        
200084e0  __TI_Handler_Table_Base 
200084ec  __TI_Handler_Table_Limit
200077ed  __TI_auto_init          
20017944  __TI_cleanup_ptr        
2000811d  __TI_decompress_none    
20008155  __TI_decompress_rle24   
20017948  __TI_dtors_ptr          
200051a1  __TI_printfi            
20008490  __TI_static_base__      
20008139  __TI_zero_init          
2000756d  __aeabi_cdcmpeq         
2000756d  __aeabi_cdcmple         
200075f3  __aeabi_cdrcmple        
20007a71  __aeabi_d2iz            
20006a47  __aeabi_dadd            
20006d6d  __aeabi_ddiv            
200070c9  __aeabi_dmul            
20006a3d  __aeabi_dsub            
20007d45  __aeabi_i2d             
200076fd  __aeabi_memclr          
200076fd  __aeabi_memclr4         
200076fd  __aeabi_memclr8         
2000732d  __aeabi_memcpy          
2000732d  __aeabi_memcpy4         
2000732d  __aeabi_memcpy8         
200076ff  __aeabi_memset          
200076ff  __aeabi_memset4         
200076ff  __aeabi_memset8         
20006849  __aeabi_uldivmod        
ffffffff  __binit__               
ffffffff  __c_args__              
2002f800  __stack                 
20007fe9  _args_main              
20007c41  _c_int00                
20008160  _ctypes_                
2001793c  _lock                   
200080bf  _nop                    
200080b7  _register_lock          
200080b1  _register_unlock        
20017000  _sys_memory             
2000815b  _system_pre_init        
20017940  _unlock                 
20007b05  abort                   
200079d9  atoi                    
ffffffff  binit                   
20006305  calloc                  
20007a25  copy_in                 
20007b0d  exit                    
20007cb1  feraiseexcept           
20006053  free                    
20007f03  frexp                   
20004000  g_pfnVectors            
20007ab9  ldexp                   
20007981  ltoa                    
20005e0d  main                    
20017958  main_func_sp            
20005feb  malloc                  
20006221  memalign                
20007f99  memccpy                 
2000732d  memcpy                  
20007e99  memmove                 
20007705  memset                  
20005f5d  minit                   
20007d73  raise                   
20006115  realloc                 
20007b85  signal                  
20008071  strchr                  
20008001  strcmp                  
20007ebd  strcspn                 
200080c5  strlen                  
20007df9  strspn                  
20007bc5  strtok                  
20006ea5  strtoul                 
200074e5  vsnprintf               


GLOBAL SYMBOLS: SORTED BY Symbol Address 

address   name                    
-------   ----                    
00000800  __STACK_SIZE            
00000800  __SYSMEM_SIZE           
20004000  g_pfnVectors            
200051a1  __TI_printfi            
200054a9  DisplayPrompt           
200054b3  DisplayUsage            
20005905  DisplayBuffer           
2000598b  ProcessReadCommand      
20005a15  ProcessReadRegCommand   
20005ad9  ProcessWriteRegCommand  
20005c6f  ProcessWriteCommand     
20005d7b  ParseNProcessCmd        
20005e0d  main                    
20005f5d  minit                   
20005feb  malloc                  
20006053  free                    
20006115  realloc                 
20006221  memalign                
20006305  calloc                  
200063ad  I2C_IF_Write            
20006463  I2C_IF_Read             
2000651f  I2C_IF_ReadFrom         
20006569  I2C_IF_Open             
200065b1  I2C_IF_Close            
200065c9  InitTerm                
200065e7  Message                 
20006609  ClearTerm               
20006613  Error                   
2000664b  GetCmd                  
200066f1  TrimSpace               
20006789  Report                  
20006849  __aeabi_uldivmod        
20006a3d  __aeabi_dsub            
20006a47  __aeabi_dadd            
20006bf5  PRCMCC3200MCUInit       
20006d6d  __aeabi_ddiv            
20006ea5  strtoul                 
20006fb9  _Dscale                 
200070c9  __aeabi_dmul            
200071c5  _Dnorm                  
20007285  IntEnable               
2000732d  __aeabi_memcpy          
2000732d  __aeabi_memcpy4         
2000732d  __aeabi_memcpy8         
2000732d  memcpy                  
200073c9  PRCMPeripheralClockGet  
2000745d  PinConfigSet            
200074e5  vsnprintf               
2000756d  __aeabi_cdcmpeq         
2000756d  __aeabi_cdcmple         
200075f3  __aeabi_cdrcmple        
20007679  I2CMasterInitExpClk     
200076fd  __aeabi_memclr          
200076fd  __aeabi_memclr4         
200076fd  __aeabi_memclr8         
200076ff  __aeabi_memset          
200076ff  __aeabi_memset4         
200076ff  __aeabi_memset8         
20007705  memset                  
20007777  UARTConfigSetExpClk     
200077ed  __TI_auto_init          
200078c3  _Dunscale               
20007929  PRCMPeripheralReset     
20007981  ltoa                    
200079d9  atoi                    
20007a25  copy_in                 
20007a71  __aeabi_d2iz            
20007ab9  ldexp                   
20007b01  C$$EXIT                 
20007b05  abort                   
20007b0d  exit                    
20007b45  PinModeSet              
20007b85  signal                  
20007bc5  strtok                  
20007c05  PRCMPeripheralClkEnable 
20007c41  _c_int00                
20007c7d  PinMuxConfig            
20007cb1  feraiseexcept           
20007ce5  UARTDisable             
20007d15  _Feraise                
20007d45  __aeabi_i2d             
20007d73  raise                   
20007da1  I2CMasterErr            
20007dcd  PRCMSysResetCauseGet    
20007df9  strspn                  
20007e23  _Dclass                 
20007e4d  PRCMPeripheralClkDisable
20007e75  UARTEnable              
20007e99  memmove                 
20007ebd  strcspn                 
20007ee1  I2CMasterSlaveAddrSet   
20007f03  frexp                   
20007f25  I2CMasterIntStatusEx    
20007f43  UARTCharPut             
20007f61  PinTypeI2C              
20007f7d  UARTCharGetNonBlocking  
20007f99  memccpy                 
20007fb5  PinTypeUART             
20007fcf  UARTCharsAvail          
20007fe9  _args_main              
20008001  strcmp                  
20008019  I2CMasterDataPut        
2000802f  I2CMasterEnable         
20008045  PRCMHIBRegRead          
2000805b  PRCMHIBRegWrite         
20008071  strchr                  
20008087  CPUcpsie                
2000809d  IntVTableBaseSet        
200080b1  _register_unlock        
200080b7  _register_lock          
200080bf  _nop                    
200080c5  strlen                  
200080d9  I2CMasterControl        
200080eb  I2CMasterIntClearEx     
200080fd  I2CMasterTimeoutSet     
2000810f  I2CMasterDataGet        
2000811d  __TI_decompress_none    
2000812b  ResetISR                
20008139  __TI_zero_init          
20008145  IntMasterEnable         
2000814f  UtilsDelay              
20008155  __TI_decompress_rle24   
2000815b  _system_pre_init        
20008160  _ctypes_                
20008490  __TI_static_base__      
200084e0  __TI_Handler_Table_Base 
200084ec  __TI_Handler_Table_Limit
200084f8  __TI_CINIT_Base         
20008508  __TI_CINIT_Limit        
20017000  _sys_memory             
200178b0  _Denorm                 
200178c0  _Eps                    
200178d0  _Hugeval                
200178e0  _Inf                    
200178f0  _Nan                    
20017900  _Snan                   
20017910  _Rteps                  
20017920  _Xbig                   
20017928  _Zero                   
2001793c  _lock                   
20017940  _unlock                 
20017944  __TI_cleanup_ptr        
20017948  __TI_dtors_ptr          
2001794c  _Fenv                   
20017950  _Tls_setup__Fenv        
20017954  _Errno                  
20017958  main_func_sp            
2002f800  __stack                 
20030000  __STACK_END             
ffffffff  __binit__               
ffffffff  __c_args__              
ffffffff  binit                   
UNDEFED   SHT$$INIT_ARRAY$$Base   
UNDEFED   SHT$$INIT_ARRAY$$Limit  

[154 symbols]
