******************************************************************************
                  TI ARM Linker PC v5.2.5                      
******************************************************************************
>> Linked Sun Apr 10 16:48:35 2016

OUTPUT FILE NAME:   <i2c_demo.out>
ENTRY POINT SYMBOL: "_c_int00"  address: 20007b49


MEMORY CONFIGURATION

         name            origin    length      used     unused   attr    fill
----------------------  --------  ---------  --------  --------  ----  --------
  SRAM_CODE             20004000   00013000  0000440a  0000ebf6  RW X
  SRAM_DATA             20017000   00019000  00001164  00017e9c  RW X


SEGMENT ALLOCATION MAP

run origin  load origin   length   init length attrs members
----------  ----------- ---------- ----------- ----- -------
20004000    20004000    00004410   00004410    r-x
  20004000    20004000    00000308   00000308    r-- .intvecs
  20004308    20004308    00003d5e   00003d5e    r-x .text
  20008068    20008068    0000032c   0000032c    r-- .const
  20008398    20008398    00000078   00000078    r-- .cinit
20017000    20017000    00000964   00000000    rw-
  20017000    20017000    00000800   00000000    rw- .sysmem
  20017800    20017800    00000160   00000000    rw- .data
  20017960    20017960    00000004   00000000    rw- .bss
2002f800    2002f800    00000800   00000000    rw-
  2002f800    2002f800    00000800   00000000    rw- .stack


SECTION ALLOCATION MAP

 output                                  attributes/
section   page    origin      length       input sections
--------  ----  ----------  ----------   ----------------
.intvecs   0    20004000    00000308     
                  20004000    00000308     startup_ccs.obj (.intvecs)

.init_array 
*          0    20004000    00000000     UNINITIALIZED

.text      0    20004308    00003d5e     
                  20004308    000010a6     rtsv7M4_T_le_eabi.lib : _printfi.obj (.text)
                  200053ae    00000002     --HOLE-- [fill = 0]
                  200053b0    00000ab4     main.obj (.text)
                  20005e64    000003dc     rtsv7M4_T_le_eabi.lib : memory.obj (.text)
                  20006240    00000290     i2c_if.obj (.text)
                  200064d0    00000280     uart_if.obj (.text)
                  20006750    000001f4     rtsv7M4_T_le_eabi.lib : ull_div_t2.obj (.text)
                  20006944    000001b6                           : fd_add_t2.obj (.text)
                  20006afa    00000002     --HOLE-- [fill = 0]
                  20006afc    00000178     driverlib.a : prcm.obj (.text:PRCMCC3200MCUInit)
                  20006c74    00000136     rtsv7M4_T_le_eabi.lib : fd_div_t2.obj (.text)
                  20006daa    00000002     --HOLE-- [fill = 0]
                  20006dac    00000114                           : strtoul.obj (.text)
                  20006ec0    00000110                           : xdscale.obj (.text)
                  20006fd0    000000fc                           : fd_mul_t2.obj (.text)
                  200070cc    000000be                           : xdnorm.obj (.text)
                  2000718a    00000002     --HOLE-- [fill = 0]
                  2000718c    000000a8     driverlib.a : interrupt.obj (.text:IntEnable)
                  20007234    0000009c     rtsv7M4_T_le_eabi.lib : memcpy_t2.obj (.text)
                  200072d0    00000094     driverlib.a : prcm.obj (.text:PRCMPeripheralClockGet)
                  20007364    00000088                 : pin.obj (.text:PinConfigSet)
                  200073ec    00000088     rtsv7M4_T_le_eabi.lib : vsnprintf.obj (.text)
                  20007474    00000086                           : fd_cmp_t2.obj (.text:__aeabi_cdcmple)
                  200074fa    00000086                           : fd_cmp_t2.obj (.text:__aeabi_cdrcmple)
                  20007580    00000084     driverlib.a : i2c.obj (.text:I2CMasterInitExpClk)
                  20007604    0000007a     rtsv7M4_T_le_eabi.lib : memset_t2.obj (.text)
                  2000767e    00000076     driverlib.a : uart.obj (.text:UARTConfigSetExpClk)
                  200076f4    0000006c     rtsv7M4_T_le_eabi.lib : autoinit.obj (.text)
                  20007760    0000006a                           : copy_decompress_rle.obj (.text)
                  200077ca    00000066                           : xdunscal.obj (.text)
                  20007830    00000058     driverlib.a : prcm.obj (.text:PRCMPeripheralReset)
                  20007888    00000056     rtsv7M4_T_le_eabi.lib : ltoa.obj (.text)
                  200078de    00000002     --HOLE-- [fill = 0]
                  200078e0    0000004c                           : atoi.obj (.text)
                  2000792c    0000004c                           : cpy_tbl.obj (.text)
                  20007978    00000048                           : fd_toi_t2.obj (.text)
                  200079c0    00000046                           : ldexp.obj (.text)
                  20007a06    00000002     --HOLE-- [fill = 0]
                  20007a08    00000044                           : exit.obj (.text)
                  20007a4c    00000040     driverlib.a : pin.obj (.text:PinModeSet)
                  20007a8c    00000040     rtsv7M4_T_le_eabi.lib : signal.obj (.text)
                  20007acc    00000040                           : strtok.obj (.text)
                  20007b0c    0000003c     driverlib.a : prcm.obj (.text:PRCMPeripheralClkEnable)
                  20007b48    0000003c     rtsv7M4_T_le_eabi.lib : boot.obj (.text)
                  20007b84    00000034     pinmux.obj (.text)
                  20007bb8    00000034     rtsv7M4_T_le_eabi.lib : feraiseexcept.obj (.text)
                  20007bec    00000030     driverlib.a : uart.obj (.text:UARTDisable)
                  20007c1c    00000030     rtsv7M4_T_le_eabi.lib : xferaise.obj (.text)
                  20007c4c    0000002e                           : i_tofd_t2.obj (.text)
                  20007c7a    0000002e                           : raise.obj (.text)
                  20007ca8    0000002c     driverlib.a : i2c.obj (.text:I2CMasterErr)
                  20007cd4    0000002c                 : prcm.obj (.text:PRCMSysResetCauseGet)
                  20007d00    0000002a     rtsv7M4_T_le_eabi.lib : strspn.obj (.text)
                  20007d2a    0000002a                           : xdclass.obj (.text)
                  20007d54    00000028     driverlib.a : prcm.obj (.text:PRCMPeripheralClkDisable)
                  20007d7c    00000024                 : uart.obj (.text:UARTEnable)
                  20007da0    00000024     rtsv7M4_T_le_eabi.lib : memmov.obj (.text)
                  20007dc4    00000024                           : strcspn.obj (.text)
                  20007de8    00000022     driverlib.a : i2c.obj (.text:I2CMasterSlaveAddrSet)
                  20007e0a    00000022     rtsv7M4_T_le_eabi.lib : frexp.obj (.text)
                  20007e2c    0000001e     driverlib.a : i2c.obj (.text:I2CMasterIntStatusEx)
                  20007e4a    0000001e                 : uart.obj (.text:UARTCharPut)
                  20007e68    0000001c                 : pin.obj (.text:PinTypeI2C)
                  20007e84    0000001c                 : uart.obj (.text:UARTCharGetNonBlocking)
                  20007ea0    0000001c     rtsv7M4_T_le_eabi.lib : memccpy.obj (.text)
                  20007ebc    0000001a     driverlib.a : pin.obj (.text:PinTypeUART)
                  20007ed6    00000018                 : uart.obj (.text:UARTCharsAvail)
                  20007eee    00000002     --HOLE-- [fill = 0]
                  20007ef0    00000018     rtsv7M4_T_le_eabi.lib : args_main.obj (.text)
                  20007f08    00000018                           : strcmp.obj (.text)
                  20007f20    00000016     driverlib.a : i2c.obj (.text:I2CMasterDataPut)
                  20007f36    00000016                 : i2c.obj (.text:I2CMasterEnable)
                  20007f4c    00000016                 : prcm.obj (.text:PRCMHIBRegRead)
                  20007f62    00000016                 : prcm.obj (.text:PRCMHIBRegWrite)
                  20007f78    00000016     rtsv7M4_T_le_eabi.lib : strchr.obj (.text)
                  20007f8e    00000014     driverlib.a : cpu.obj (.text:CPUcpsie)
                  20007fa2    00000002     --HOLE-- [fill = 0]
                  20007fa4    00000014                 : interrupt.obj (.text:IntVTableBaseSet)
                  20007fb8    00000014     rtsv7M4_T_le_eabi.lib : _lock.obj (.text)
                  20007fcc    00000014                           : strlen.obj (.text)
                  20007fe0    00000012     driverlib.a : i2c.obj (.text:I2CMasterControl)
                  20007ff2    00000012                 : i2c.obj (.text:I2CMasterIntClearEx)
                  20008004    00000012                 : i2c.obj (.text:I2CMasterTimeoutSet)
                  20008016    0000000e                 : i2c.obj (.text:I2CMasterDataGet)
                  20008024    0000000e     rtsv7M4_T_le_eabi.lib : copy_decompress_none.obj (.text:decompress:none)
                  20008032    0000000e     startup_ccs.obj (.text)
                  20008040    0000000c     rtsv7M4_T_le_eabi.lib : copy_zero_init.obj (.text:decompress:ZI)
                  2000804c    0000000a     driverlib.a : interrupt.obj (.text:IntMasterEnable)
                  20008056    00000006                 : utils.obj (.text:UtilsDelay)
                  2000805c    00000006     rtsv7M4_T_le_eabi.lib : copy_decompress_rle.obj (.text:decompress:rle24)
                  20008062    00000004                           : pre_init.obj (.text)

.const     0    20008068    0000032c     
                  20008068    00000101     rtsv7M4_T_le_eabi.lib : ctype.obj (.const:.string:_ctypes_)
                  20008169    00000003     --HOLE-- [fill = 0]
                  2000816c    00000100     driverlib.a : pin.obj (.const:g_ulPinToPadMap)
                  2000826c    000000a8                 : prcm.obj (.const:PRCM_PeriphRegsList)
                  20008314    00000080                 : interrupt.obj (.const)

.cinit     0    20008398    00000078     
                  20008398    0000004e     (.cinit..data.load) [load image, compression = rle]
                  200083e6    00000002     --HOLE-- [fill = 0]
                  200083e8    0000000c     (__TI_handler_table)
                  200083f4    00000004     --HOLE-- [fill = 0]
                  200083f8    00000008     (.cinit..bss.load) [load image, compression = zero_init]
                  20008400    00000010     (__TI_cinit_table)

.sysmem    0    20017000    00000800     UNINITIALIZED
                  20017000    00000008     rtsv7M4_T_le_eabi.lib : memory.obj (.sysmem)
                  20017008    000007f8     --HOLE--

.data      0    20017800    00000160     UNINITIALIZED
                  20017800    000000b0     rtsv7M4_T_le_eabi.lib : signal.obj (.data:sigtable)
                  200178b0    00000080                           : xvalues.obj (.data)
                  20017930    0000000c                           : memory.obj (.data)
                  2001793c    00000008                           : _lock.obj (.data)
                  20017944    00000008                           : exit.obj (.data)
                  2001794c    00000008                           : feraiseexcept.obj (.data)
                  20017954    00000004                           : errno.obj (.data)
                  20017958    00000004                           : stkdepth_vars.obj (.data)
                  2001795c    00000004                           : strtok.obj (.data)

.TI.persistent 
*          0    20017800    00000000     UNINITIALIZED

.bss       0    20017960    00000004     UNINITIALIZED
                  20017960    00000004     (.common:__Errorlog)

.TI.noinit 
*          0    20017960    00000000     UNINITIALIZED

.stack     0    2002f800    00000800     UNINITIALIZED
                  2002f800    00000800     --HOLE--


LINKER GENERATED COPY TABLES

__TI_cinit_table @ 20008400 records: 2, size/record: 8, table size: 16
	.data: load addr=20008398, load size=0000004e bytes, run addr=20017800, run size=00000160 bytes, compression=rle
	.bss: load addr=200083f8, load size=00000008 bytes, run addr=20017960, run size=00000004 bytes, compression=zero_init


LINKER GENERATED HANDLER TABLE

__TI_handler_table @ 200083e8 records: 3, size/record: 4, table size: 12
	index: 0, handler: __TI_decompress_rle24
	index: 1, handler: __TI_decompress_none
	index: 2, handler: __TI_zero_init


GLOBAL SYMBOLS: SORTED ALPHABETICALLY BY Name 

address   name                    
-------   ----                    
20007a09  C$$EXIT                 
20007f8f  CPUcpsie                
20006511  ClearTerm               
2000580d  DisplayBuffer           
200053b1  DisplayPrompt           
200053bb  DisplayUsage            
2000651b  Error                   
20006553  GetCmd                  
20007fe1  I2CMasterControl        
20008017  I2CMasterDataGet        
20007f21  I2CMasterDataPut        
20007f37  I2CMasterEnable         
20007ca9  I2CMasterErr            
20007581  I2CMasterInitExpClk     
20007ff3  I2CMasterIntClearEx     
20007e2d  I2CMasterIntStatusEx    
20007de9  I2CMasterSlaveAddrSet   
20008005  I2CMasterTimeoutSet     
200064b9  I2C_IF_Close            
20006471  I2C_IF_Open             
2000636b  I2C_IF_Read             
20006427  I2C_IF_ReadFrom         
200062b5  I2C_IF_Write            
200064d1  InitTerm                
2000718d  IntEnable               
2000804d  IntMasterEnable         
20007fa5  IntVTableBaseSet        
200064ef  Message                 
20006afd  PRCMCC3200MCUInit       
20007f4d  PRCMHIBRegRead          
20007f63  PRCMHIBRegWrite         
20007d55  PRCMPeripheralClkDisable
20007b0d  PRCMPeripheralClkEnable 
200072d1  PRCMPeripheralClockGet  
20007831  PRCMPeripheralReset     
20007cd5  PRCMSysResetCauseGet    
20005c83  ParseNProcessCmd        
20007365  PinConfigSet            
20007a4d  PinModeSet              
20007b85  PinMuxConfig            
20007e69  PinTypeI2C              
20007ebd  PinTypeUART             
20005893  ProcessReadCommand      
2000591d  ProcessReadRegCommand   
20005b77  ProcessWriteCommand     
200059e1  ProcessWriteRegCommand  
20006691  Report                  
20008033  ResetISR                
UNDEFED   SHT$$INIT_ARRAY$$Base   
UNDEFED   SHT$$INIT_ARRAY$$Limit  
200065f9  TrimSpace               
20007e85  UARTCharGetNonBlocking  
20007e4b  UARTCharPut             
20007ed7  UARTCharsAvail          
2000767f  UARTConfigSetExpClk     
20007bed  UARTDisable             
20007d7d  UARTEnable              
20008057  UtilsDelay              
20007d2b  _Dclass                 
200178b0  _Denorm                 
200070cd  _Dnorm                  
20006ec1  _Dscale                 
200077cb  _Dunscale               
200178c0  _Eps                    
20017954  _Errno                  
2001794c  _Fenv                   
20007c1d  _Feraise                
200178d0  _Hugeval                
200178e0  _Inf                    
200178f0  _Nan                    
20017910  _Rteps                  
20017900  _Snan                   
20017950  _Tls_setup__Fenv        
20017920  _Xbig                   
20017928  _Zero                   
20030000  __STACK_END             
00000800  __STACK_SIZE            
00000800  __SYSMEM_SIZE           
20008400  __TI_CINIT_Base         
20008410  __TI_CINIT_Limit        
200083e8  __TI_Handler_Table_Base 
200083f4  __TI_Handler_Table_Limit
200076f5  __TI_auto_init          
20017944  __TI_cleanup_ptr        
20008025  __TI_decompress_none    
2000805d  __TI_decompress_rle24   
20017948  __TI_dtors_ptr          
200050a9  __TI_printfi            
20008398  __TI_static_base__      
20008041  __TI_zero_init          
20007475  __aeabi_cdcmpeq         
20007475  __aeabi_cdcmple         
200074fb  __aeabi_cdrcmple        
20007979  __aeabi_d2iz            
2000694f  __aeabi_dadd            
20006c75  __aeabi_ddiv            
20006fd1  __aeabi_dmul            
20006945  __aeabi_dsub            
20007c4d  __aeabi_i2d             
20007605  __aeabi_memclr          
20007605  __aeabi_memclr4         
20007605  __aeabi_memclr8         
20007235  __aeabi_memcpy          
20007235  __aeabi_memcpy4         
20007235  __aeabi_memcpy8         
20007607  __aeabi_memset          
20007607  __aeabi_memset4         
20007607  __aeabi_memset8         
20006751  __aeabi_uldivmod        
ffffffff  __binit__               
ffffffff  __c_args__              
2002f800  __stack                 
20007ef1  _args_main              
20007b49  _c_int00                
20008068  _ctypes_                
2001793c  _lock                   
20007fc7  _nop                    
20007fbf  _register_lock          
20007fb9  _register_unlock        
20017000  _sys_memory             
20008063  _system_pre_init        
20017940  _unlock                 
20007a0d  abort                   
200078e1  atoi                    
ffffffff  binit                   
2000620d  calloc                  
2000792d  copy_in                 
20007a15  exit                    
20007bb9  feraiseexcept           
20005f5b  free                    
20007e0b  frexp                   
20004000  g_pfnVectors            
200079c1  ldexp                   
20007889  ltoa                    
20005d15  main                    
20017958  main_func_sp            
20005ef3  malloc                  
20006129  memalign                
20007ea1  memccpy                 
20007235  memcpy                  
20007da1  memmove                 
2000760d  memset                  
20005e65  minit                   
20007c7b  raise                   
2000601d  realloc                 
20007a8d  signal                  
20007f79  strchr                  
20007f09  strcmp                  
20007dc5  strcspn                 
20007fcd  strlen                  
20007d01  strspn                  
20007acd  strtok                  
20006dad  strtoul                 
200073ed  vsnprintf               


GLOBAL SYMBOLS: SORTED BY Symbol Address 

address   name                    
-------   ----                    
00000800  __STACK_SIZE            
00000800  __SYSMEM_SIZE           
20004000  g_pfnVectors            
200050a9  __TI_printfi            
200053b1  DisplayPrompt           
200053bb  DisplayUsage            
2000580d  DisplayBuffer           
20005893  ProcessReadCommand      
2000591d  ProcessReadRegCommand   
200059e1  ProcessWriteRegCommand  
20005b77  ProcessWriteCommand     
20005c83  ParseNProcessCmd        
20005d15  main                    
20005e65  minit                   
20005ef3  malloc                  
20005f5b  free                    
2000601d  realloc                 
20006129  memalign                
2000620d  calloc                  
200062b5  I2C_IF_Write            
2000636b  I2C_IF_Read             
20006427  I2C_IF_ReadFrom         
20006471  I2C_IF_Open             
200064b9  I2C_IF_Close            
200064d1  InitTerm                
200064ef  Message                 
20006511  ClearTerm               
2000651b  Error                   
20006553  GetCmd                  
200065f9  TrimSpace               
20006691  Report                  
20006751  __aeabi_uldivmod        
20006945  __aeabi_dsub            
2000694f  __aeabi_dadd            
20006afd  PRCMCC3200MCUInit       
20006c75  __aeabi_ddiv            
20006dad  strtoul                 
20006ec1  _Dscale                 
20006fd1  __aeabi_dmul            
200070cd  _Dnorm                  
2000718d  IntEnable               
20007235  __aeabi_memcpy          
20007235  __aeabi_memcpy4         
20007235  __aeabi_memcpy8         
20007235  memcpy                  
200072d1  PRCMPeripheralClockGet  
20007365  PinConfigSet            
200073ed  vsnprintf               
20007475  __aeabi_cdcmpeq         
20007475  __aeabi_cdcmple         
200074fb  __aeabi_cdrcmple        
20007581  I2CMasterInitExpClk     
20007605  __aeabi_memclr          
20007605  __aeabi_memclr4         
20007605  __aeabi_memclr8         
20007607  __aeabi_memset          
20007607  __aeabi_memset4         
20007607  __aeabi_memset8         
2000760d  memset                  
2000767f  UARTConfigSetExpClk     
200076f5  __TI_auto_init          
200077cb  _Dunscale               
20007831  PRCMPeripheralReset     
20007889  ltoa                    
200078e1  atoi                    
2000792d  copy_in                 
20007979  __aeabi_d2iz            
200079c1  ldexp                   
20007a09  C$$EXIT                 
20007a0d  abort                   
20007a15  exit                    
20007a4d  PinModeSet              
20007a8d  signal                  
20007acd  strtok                  
20007b0d  PRCMPeripheralClkEnable 
20007b49  _c_int00                
20007b85  PinMuxConfig            
20007bb9  feraiseexcept           
20007bed  UARTDisable             
20007c1d  _Feraise                
20007c4d  __aeabi_i2d             
20007c7b  raise                   
20007ca9  I2CMasterErr            
20007cd5  PRCMSysResetCauseGet    
20007d01  strspn                  
20007d2b  _Dclass                 
20007d55  PRCMPeripheralClkDisable
20007d7d  UARTEnable              
20007da1  memmove                 
20007dc5  strcspn                 
20007de9  I2CMasterSlaveAddrSet   
20007e0b  frexp                   
20007e2d  I2CMasterIntStatusEx    
20007e4b  UARTCharPut             
20007e69  PinTypeI2C              
20007e85  UARTCharGetNonBlocking  
20007ea1  memccpy                 
20007ebd  PinTypeUART             
20007ed7  UARTCharsAvail          
20007ef1  _args_main              
20007f09  strcmp                  
20007f21  I2CMasterDataPut        
20007f37  I2CMasterEnable         
20007f4d  PRCMHIBRegRead          
20007f63  PRCMHIBRegWrite         
20007f79  strchr                  
20007f8f  CPUcpsie                
20007fa5  IntVTableBaseSet        
20007fb9  _register_unlock        
20007fbf  _register_lock          
20007fc7  _nop                    
20007fcd  strlen                  
20007fe1  I2CMasterControl        
20007ff3  I2CMasterIntClearEx     
20008005  I2CMasterTimeoutSet     
20008017  I2CMasterDataGet        
20008025  __TI_decompress_none    
20008033  ResetISR                
20008041  __TI_zero_init          
2000804d  IntMasterEnable         
20008057  UtilsDelay              
2000805d  __TI_decompress_rle24   
20008063  _system_pre_init        
20008068  _ctypes_                
20008398  __TI_static_base__      
200083e8  __TI_Handler_Table_Base 
200083f4  __TI_Handler_Table_Limit
20008400  __TI_CINIT_Base         
20008410  __TI_CINIT_Limit        
20017000  _sys_memory             
200178b0  _Denorm                 
200178c0  _Eps                    
200178d0  _Hugeval                
200178e0  _Inf                    
200178f0  _Nan                    
20017900  _Snan                   
20017910  _Rteps                  
20017920  _Xbig                   
20017928  _Zero                   
2001793c  _lock                   
20017940  _unlock                 
20017944  __TI_cleanup_ptr        
20017948  __TI_dtors_ptr          
2001794c  _Fenv                   
20017950  _Tls_setup__Fenv        
20017954  _Errno                  
20017958  main_func_sp            
2002f800  __stack                 
20030000  __STACK_END             
ffffffff  __binit__               
ffffffff  __c_args__              
ffffffff  binit                   
UNDEFED   SHT$$INIT_ARRAY$$Base   
UNDEFED   SHT$$INIT_ARRAY$$Limit  

[154 symbols]
