******************************************************************************
                  TI ARM Linker PC v5.2.5                      
******************************************************************************
>> Linked Fri Apr 08 06:00:44 2016

OUTPUT FILE NAME:   <adc.out>
ENTRY POINT SYMBOL: "_c_int00"  address: 200070e5


MEMORY CONFIGURATION

         name            origin    length      used     unused   attr    fill
----------------------  --------  ---------  --------  --------  ----  --------
  SRAM_CODE             20004000   00013000  000039e4  0000f61c  RW X
  SRAM_DATA             20017000   00019000  0000d164  0000be9c  RW X


SEGMENT ALLOCATION MAP

run origin  load origin   length   init length attrs members
----------  ----------- ---------- ----------- ----- -------
20004000    20004000    000039e8   000039e8    r-x
  20004000    20004000    00000308   00000308    r-- .intvecs
  20004308    20004308    00003338   00003338    r-x .text
  20007640    20007640    0000032c   0000032c    r-- .const
  20007970    20007970    00000078   00000078    r-- .cinit
20017000    20017000    0000c168   00000000    rw-
  20017000    20017000    00008000   00000000    rw- .sysmem
  2001f000    2001f000    00004004   00000000    rw- .bss
  20023008    20023008    00000160   00000000    rw- .data
2002f000    2002f000    00001000   00000000    rw-
  2002f000    2002f000    00001000   00000000    rw- .stack


SECTION ALLOCATION MAP

 output                                  attributes/
section   page    origin      length       input sections
--------  ----  ----------  ----------   ----------------
.intvecs   0    20004000    00000308     
                  20004000    00000308     startup_ccs.obj (.intvecs)

.init_array 
*          0    20004000    00000000     UNINITIALIZED

.text      0    20004308    00003338     
                  20004308    000010a6     rtsv7M4_T_le_eabi.lib : _printfi.obj (.text)
                  200053ae    00000002     --HOLE-- [fill = 0]
                  200053b0    000003dc                           : memory.obj (.text)
                  2000578c    00000004                           : pre_init.obj (.text)
                  20005790    0000026a     adc_userinput.obj (.text)
                  200059fa    00000006     driverlib.a : utils.obj (.text:UtilsDelay)
                  20005a00    0000025a     uart_if.obj (.text)
                  20005c5a    00000006     rtsv7M4_T_le_eabi.lib : copy_decompress_rle.obj (.text:decompress:rle24)
                  20005c60    00000224     main.obj (.text)
                  20005e84    000001f4     rtsv7M4_T_le_eabi.lib : ull_div_t2.obj (.text)
                  20006078    000001b6                           : fd_add_t2.obj (.text)
                  2000622e    00000002     --HOLE-- [fill = 0]
                  20006230    00000178     driverlib.a : prcm.obj (.text:PRCMCC3200MCUInit)
                  200063a8    00000136     rtsv7M4_T_le_eabi.lib : fd_div_t2.obj (.text)
                  200064de    00000002     --HOLE-- [fill = 0]
                  200064e0    00000110                           : xdscale.obj (.text)
                  200065f0    000000fc                           : fd_mul_t2.obj (.text)
                  200066ec    000000be                           : xdnorm.obj (.text)
                  200067aa    00000002     --HOLE-- [fill = 0]
                  200067ac    000000a8     driverlib.a : interrupt.obj (.text:IntEnable)
                  20006854    0000009c     rtsv7M4_T_le_eabi.lib : memcpy_t2.obj (.text)
                  200068f0    00000094     driverlib.a : prcm.obj (.text:PRCMPeripheralClockGet)
                  20006984    00000088                 : pin.obj (.text:PinConfigSet)
                  20006a0c    00000088     rtsv7M4_T_le_eabi.lib : vsnprintf.obj (.text)
                  20006a94    00000086                           : fd_cmp_t2.obj (.text:__aeabi_cdcmple)
                  20006b1a    00000086                           : fd_cmp_t2.obj (.text:__aeabi_cdrcmple)
                  20006ba0    0000007a                           : memset_t2.obj (.text)
                  20006c1a    00000076     driverlib.a : uart.obj (.text:UARTConfigSetExpClk)
                  20006c90    0000006c     rtsv7M4_T_le_eabi.lib : autoinit.obj (.text)
                  20006cfc    0000006a                           : copy_decompress_rle.obj (.text)
                  20006d66    00000066                           : xdunscal.obj (.text)
                  20006dcc    00000058     driverlib.a : prcm.obj (.text:PRCMPeripheralReset)
                  20006e24    00000056     rtsv7M4_T_le_eabi.lib : ltoa.obj (.text)
                  20006e7a    00000002     --HOLE-- [fill = 0]
                  20006e7c    0000004c                           : atoi.obj (.text)
                  20006ec8    0000004c                           : cpy_tbl.obj (.text)
                  20006f14    00000048                           : fd_toi_t2.obj (.text)
                  20006f5c    00000046                           : ldexp.obj (.text)
                  20006fa2    00000002     --HOLE-- [fill = 0]
                  20006fa4    00000044                           : exit.obj (.text)
                  20006fe8    00000040     driverlib.a : pin.obj (.text:PinModeSet)
                  20007028    00000040     rtsv7M4_T_le_eabi.lib : signal.obj (.text)
                  20007068    00000040                           : strtok.obj (.text)
                  200070a8    0000003c     driverlib.a : prcm.obj (.text:PRCMPeripheralClkEnable)
                  200070e4    0000003c     rtsv7M4_T_le_eabi.lib : boot.obj (.text)
                  20007120    00000038     driverlib.a : adc.obj (.text:ADCChannelDisable)
                  20007158    00000038                 : adc.obj (.text:ADCChannelEnable)
                  20007190    00000038     rtsv7M4_T_le_eabi.lib : fs_tod_t2.obj (.text)
                  200071c8    00000034                           : feraiseexcept.obj (.text)
                  200071fc    00000030     driverlib.a : uart.obj (.text:UARTDisable)
                  2000722c    00000030     rtsv7M4_T_le_eabi.lib : xferaise.obj (.text)
                  2000725c    0000002e                           : i_tofd_t2.obj (.text)
                  2000728a    0000002e                           : raise.obj (.text)
                  200072b8    0000002c     driverlib.a : prcm.obj (.text:PRCMSysResetCauseGet)
                  200072e4    0000002a     rtsv7M4_T_le_eabi.lib : strspn.obj (.text)
                  2000730e    0000002a                           : xdclass.obj (.text)
                  20007338    00000028     driverlib.a : prcm.obj (.text:PRCMPeripheralClkDisable)
                  20007360    00000024                 : uart.obj (.text:UARTEnable)
                  20007384    00000024     rtsv7M4_T_le_eabi.lib : memmov.obj (.text)
                  200073a8    00000024                           : strcspn.obj (.text)
                  200073cc    00000024                           : u_tofs_t2.obj (.text)
                  200073f0    00000022     driverlib.a : adc.obj (.text:ADCTimerConfig)
                  20007412    00000022     rtsv7M4_T_le_eabi.lib : frexp.obj (.text)
                  20007434    00000004     --HOLE-- [fill = 0]
                  20007438    00000022     startup_ccs.obj (.text)
                  2000745a    0000001e     driverlib.a : uart.obj (.text:UARTCharPut)
                  20007478    0000001c                 : adc.obj (.text:ADCFIFOLvlGet)
                  20007494    0000001c                 : uart.obj (.text:UARTCharGetNonBlocking)
                  200074b0    0000001c     pinmux.obj (.text)
                  200074cc    0000001c     rtsv7M4_T_le_eabi.lib : memccpy.obj (.text)
                  200074e8    0000001a     driverlib.a : pin.obj (.text:PinTypeUART)
                  20007502    00000018                 : adc.obj (.text:ADCFIFORead)
                  2000751a    00000018                 : uart.obj (.text:UARTCharsAvail)
                  20007532    00000002     --HOLE-- [fill = 0]
                  20007534    00000018     rtsv7M4_T_le_eabi.lib : args_main.obj (.text)
                  2000754c    00000016     driverlib.a : adc.obj (.text:ADCTimerEnable)
                  20007562    00000016                 : prcm.obj (.text:PRCMHIBRegRead)
                  20007578    00000016                 : prcm.obj (.text:PRCMHIBRegWrite)
                  2000758e    00000016     rtsv7M4_T_le_eabi.lib : strchr.obj (.text)
                  200075a4    00000014     driverlib.a : adc.obj (.text:ADCEnable)
                  200075b8    00000014                 : cpu.obj (.text:CPUcpsie)
                  200075cc    00000014                 : interrupt.obj (.text:IntVTableBaseSet)
                  200075e0    00000014                 : pin.obj (.text:PinTypeADC)
                  200075f4    00000014     rtsv7M4_T_le_eabi.lib : _lock.obj (.text)
                  20007608    00000014                           : strlen.obj (.text)
                  2000761c    0000000e                           : copy_decompress_none.obj (.text:decompress:none)
                  2000762a    0000000c                           : copy_zero_init.obj (.text:decompress:ZI)
                  20007636    0000000a     driverlib.a : interrupt.obj (.text:IntMasterEnable)

.const     0    20007640    0000032c     
                  20007640    00000101     rtsv7M4_T_le_eabi.lib : ctype.obj (.const:.string:_ctypes_)
                  20007741    00000003     --HOLE-- [fill = 0]
                  20007744    00000100     driverlib.a : pin.obj (.const:g_ulPinToPadMap)
                  20007844    000000a8                 : prcm.obj (.const:PRCM_PeriphRegsList)
                  200078ec    00000080                 : interrupt.obj (.const)

.cinit     0    20007970    00000078     
                  20007970    0000004e     (.cinit..data.load) [load image, compression = rle]
                  200079be    00000002     --HOLE-- [fill = 0]
                  200079c0    0000000c     (__TI_handler_table)
                  200079cc    00000004     --HOLE-- [fill = 0]
                  200079d0    00000008     (.cinit..bss.load) [load image, compression = zero_init]
                  200079d8    00000010     (__TI_cinit_table)

.sysmem    0    20017000    00008000     UNINITIALIZED
                  20017000    00000008     rtsv7M4_T_le_eabi.lib : memory.obj (.sysmem)
                  20017008    00007ff8     --HOLE--

.bss       0    2001f000    00004004     UNINITIALIZED
                  2001f000    00004000     main.obj (.bss:pulAdcSamples)
                  20023000    00000004     (.common:__Errorlog)

.TI.noinit 
*          0    2001f000    00000000     UNINITIALIZED

.data      0    20023008    00000160     UNINITIALIZED
                  20023008    000000b0     rtsv7M4_T_le_eabi.lib : signal.obj (.data:sigtable)
                  200230b8    00000080                           : xvalues.obj (.data)
                  20023138    0000000c                           : memory.obj (.data)
                  20023144    00000008                           : _lock.obj (.data)
                  2002314c    00000008                           : exit.obj (.data)
                  20023154    00000008                           : feraiseexcept.obj (.data)
                  2002315c    00000004                           : errno.obj (.data)
                  20023160    00000004                           : stkdepth_vars.obj (.data)
                  20023164    00000004                           : strtok.obj (.data)

.TI.persistent 
*          0    20023008    00000000     UNINITIALIZED

.stack     0    2002f000    00001000     UNINITIALIZED
                  2002f000    00001000     --HOLE--


LINKER GENERATED COPY TABLES

__TI_cinit_table @ 200079d8 records: 2, size/record: 8, table size: 16
	.data: load addr=20007970, load size=0000004e bytes, run addr=20023008, run size=00000160 bytes, compression=rle
	.bss: load addr=200079d0, load size=00000008 bytes, run addr=2001f000, run size=00004004 bytes, compression=zero_init


LINKER GENERATED HANDLER TABLE

__TI_handler_table @ 200079c0 records: 3, size/record: 4, table size: 12
	index: 0, handler: __TI_decompress_rle24
	index: 1, handler: __TI_decompress_none
	index: 2, handler: __TI_zero_init


GLOBAL SYMBOLS: SORTED ALPHABETICALLY BY Name 

address   name                    
-------   ----                    
20007121  ADCChannelDisable       
20007159  ADCChannelEnable        
200075a5  ADCEnable               
20007479  ADCFIFOLvlGet           
20007503  ADCFIFORead             
20005791  ADCParser               
200073f1  ADCTimerConfig          
2000754d  ADCTimerEnable          
20006fa5  C$$EXIT                 
200075b9  CPUcpsie                
20005a59  ClearTerm               
20005a61  Error                   
20005aa1  GetCmd                  
20005a01  InitTerm                
200067ad  IntEnable               
20007637  IntMasterEnable         
200075cd  IntVTableBaseSet        
20005a31  Message                 
20006231  PRCMCC3200MCUInit       
20007563  PRCMHIBRegRead          
20007579  PRCMHIBRegWrite         
20007339  PRCMPeripheralClkDisable
200070a9  PRCMPeripheralClkEnable 
200068f1  PRCMPeripheralClockGet  
20006dcd  PRCMPeripheralReset     
200072b9  PRCMSysResetCauseGet    
20006985  PinConfigSet            
20006fe9  PinModeSet              
200074b1  PinMuxConfig            
200075e1  PinTypeADC              
200074e9  PinTypeUART             
20005889  ReadFromUser            
20005bc9  Report                  
20007439  ResetISR                
UNDEFED   SHT$$INIT_ARRAY$$Base   
UNDEFED   SHT$$INIT_ARRAY$$Limit  
20005b49  TrimSpace               
20007495  UARTCharGetNonBlocking  
2000745b  UARTCharPut             
2000751b  UARTCharsAvail          
20006c1b  UARTConfigSetExpClk     
200071fd  UARTDisable             
20007361  UARTEnable              
20005849  UsageDisplay            
200059fb  UtilsDelay              
2000730f  _Dclass                 
200230b8  _Denorm                 
200066ed  _Dnorm                  
200064e1  _Dscale                 
20006d67  _Dunscale               
200230c8  _Eps                    
2002315c  _Errno                  
20023154  _Fenv                   
2000722d  _Feraise                
200230d8  _Hugeval                
200230e8  _Inf                    
200230f8  _Nan                    
20023118  _Rteps                  
20023108  _Snan                   
20023158  _Tls_setup__Fenv        
20023128  _Xbig                   
20023130  _Zero                   
20030000  __STACK_END             
00001000  __STACK_SIZE            
00008000  __SYSMEM_SIZE           
200079d8  __TI_CINIT_Base         
200079e8  __TI_CINIT_Limit        
200079c0  __TI_Handler_Table_Base 
200079cc  __TI_Handler_Table_Limit
20006c91  __TI_auto_init          
2002314c  __TI_cleanup_ptr        
2000761d  __TI_decompress_none    
20005c5b  __TI_decompress_rle24   
20023150  __TI_dtors_ptr          
200050a9  __TI_printfi            
20007970  __TI_static_base__      
2000762b  __TI_zero_init          
20006a95  __aeabi_cdcmpeq         
20006a95  __aeabi_cdcmple         
20006b1b  __aeabi_cdrcmple        
20006f15  __aeabi_d2iz            
20006083  __aeabi_dadd            
200063a9  __aeabi_ddiv            
200065f1  __aeabi_dmul            
20006079  __aeabi_dsub            
20007191  __aeabi_f2d             
2000725d  __aeabi_i2d             
20006ba1  __aeabi_memclr          
20006ba1  __aeabi_memclr4         
20006ba1  __aeabi_memclr8         
20006855  __aeabi_memcpy          
20006855  __aeabi_memcpy4         
20006855  __aeabi_memcpy8         
20006ba3  __aeabi_memset          
20006ba3  __aeabi_memset4         
20006ba3  __aeabi_memset8         
200073cd  __aeabi_ui2f            
20005e85  __aeabi_uldivmod        
ffffffff  __binit__               
ffffffff  __c_args__              
2002f000  __stack                 
20007535  _args_main              
200070e5  _c_int00                
20007640  _ctypes_                
20023144  _lock                   
20007603  _nop                    
200075fb  _register_lock          
200075f5  _register_unlock        
20017000  _sys_memory             
2000578d  _system_pre_init        
20023148  _unlock                 
20006fa9  abort                   
20006e7d  atoi                    
ffffffff  binit                   
20005759  calloc                  
20006ec9  copy_in                 
20006fb1  exit                    
200071c9  feraiseexcept           
200054a7  free                    
20007413  frexp                   
20004000  g_pfnVectors            
20006f5d  ldexp                   
20006e25  ltoa                    
20005cb1  main                    
20023160  main_func_sp            
2000543f  malloc                  
20005675  memalign                
200074cd  memccpy                 
20006855  memcpy                  
20007385  memmove                 
20006ba9  memset                  
200053b1  minit                   
2001f000  pulAdcSamples           
2000728b  raise                   
20005569  realloc                 
20007029  signal                  
2000758f  strchr                  
200073a9  strcspn                 
20007609  strlen                  
200072e5  strspn                  
20007069  strtok                  
20006a0d  vsnprintf               


GLOBAL SYMBOLS: SORTED BY Symbol Address 

address   name                    
-------   ----                    
00001000  __STACK_SIZE            
00008000  __SYSMEM_SIZE           
20004000  g_pfnVectors            
200050a9  __TI_printfi            
200053b1  minit                   
2000543f  malloc                  
200054a7  free                    
20005569  realloc                 
20005675  memalign                
20005759  calloc                  
2000578d  _system_pre_init        
20005791  ADCParser               
20005849  UsageDisplay            
20005889  ReadFromUser            
200059fb  UtilsDelay              
20005a01  InitTerm                
20005a31  Message                 
20005a59  ClearTerm               
20005a61  Error                   
20005aa1  GetCmd                  
20005b49  TrimSpace               
20005bc9  Report                  
20005c5b  __TI_decompress_rle24   
20005cb1  main                    
20005e85  __aeabi_uldivmod        
20006079  __aeabi_dsub            
20006083  __aeabi_dadd            
20006231  PRCMCC3200MCUInit       
200063a9  __aeabi_ddiv            
200064e1  _Dscale                 
200065f1  __aeabi_dmul            
200066ed  _Dnorm                  
200067ad  IntEnable               
20006855  __aeabi_memcpy          
20006855  __aeabi_memcpy4         
20006855  __aeabi_memcpy8         
20006855  memcpy                  
200068f1  PRCMPeripheralClockGet  
20006985  PinConfigSet            
20006a0d  vsnprintf               
20006a95  __aeabi_cdcmpeq         
20006a95  __aeabi_cdcmple         
20006b1b  __aeabi_cdrcmple        
20006ba1  __aeabi_memclr          
20006ba1  __aeabi_memclr4         
20006ba1  __aeabi_memclr8         
20006ba3  __aeabi_memset          
20006ba3  __aeabi_memset4         
20006ba3  __aeabi_memset8         
20006ba9  memset                  
20006c1b  UARTConfigSetExpClk     
20006c91  __TI_auto_init          
20006d67  _Dunscale               
20006dcd  PRCMPeripheralReset     
20006e25  ltoa                    
20006e7d  atoi                    
20006ec9  copy_in                 
20006f15  __aeabi_d2iz            
20006f5d  ldexp                   
20006fa5  C$$EXIT                 
20006fa9  abort                   
20006fb1  exit                    
20006fe9  PinModeSet              
20007029  signal                  
20007069  strtok                  
200070a9  PRCMPeripheralClkEnable 
200070e5  _c_int00                
20007121  ADCChannelDisable       
20007159  ADCChannelEnable        
20007191  __aeabi_f2d             
200071c9  feraiseexcept           
200071fd  UARTDisable             
2000722d  _Feraise                
2000725d  __aeabi_i2d             
2000728b  raise                   
200072b9  PRCMSysResetCauseGet    
200072e5  strspn                  
2000730f  _Dclass                 
20007339  PRCMPeripheralClkDisable
20007361  UARTEnable              
20007385  memmove                 
200073a9  strcspn                 
200073cd  __aeabi_ui2f            
200073f1  ADCTimerConfig          
20007413  frexp                   
20007439  ResetISR                
2000745b  UARTCharPut             
20007479  ADCFIFOLvlGet           
20007495  UARTCharGetNonBlocking  
200074b1  PinMuxConfig            
200074cd  memccpy                 
200074e9  PinTypeUART             
20007503  ADCFIFORead             
2000751b  UARTCharsAvail          
20007535  _args_main              
2000754d  ADCTimerEnable          
20007563  PRCMHIBRegRead          
20007579  PRCMHIBRegWrite         
2000758f  strchr                  
200075a5  ADCEnable               
200075b9  CPUcpsie                
200075cd  IntVTableBaseSet        
200075e1  PinTypeADC              
200075f5  _register_unlock        
200075fb  _register_lock          
20007603  _nop                    
20007609  strlen                  
2000761d  __TI_decompress_none    
2000762b  __TI_zero_init          
20007637  IntMasterEnable         
20007640  _ctypes_                
20007970  __TI_static_base__      
200079c0  __TI_Handler_Table_Base 
200079cc  __TI_Handler_Table_Limit
200079d8  __TI_CINIT_Base         
200079e8  __TI_CINIT_Limit        
20017000  _sys_memory             
2001f000  pulAdcSamples           
200230b8  _Denorm                 
200230c8  _Eps                    
200230d8  _Hugeval                
200230e8  _Inf                    
200230f8  _Nan                    
20023108  _Snan                   
20023118  _Rteps                  
20023128  _Xbig                   
20023130  _Zero                   
20023144  _lock                   
20023148  _unlock                 
2002314c  __TI_cleanup_ptr        
20023150  __TI_dtors_ptr          
20023154  _Fenv                   
20023158  _Tls_setup__Fenv        
2002315c  _Errno                  
20023160  main_func_sp            
2002f000  __stack                 
20030000  __STACK_END             
ffffffff  __binit__               
ffffffff  __c_args__              
ffffffff  binit                   
UNDEFED   SHT$$INIT_ARRAY$$Base   
UNDEFED   SHT$$INIT_ARRAY$$Limit  

[142 symbols]
