******************************************************************************
                  TI ARM Linker PC v5.2.5                      
******************************************************************************
>> Linked Thu Apr 07 03:19:42 2016

OUTPUT FILE NAME:   <interrupt.out>
ENTRY POINT SYMBOL: "_c_int00"  address: 20007965


MEMORY CONFIGURATION

         name            origin    length      used     unused   attr    fill
----------------------  --------  ---------  --------  --------  ----  --------
  SRAM_CODE             20004000   00013000  0000432c  0000ecd4  RW X
  SRAM_DATA             20017000   00019000  0000919a  0000fe66  RW X


SEGMENT ALLOCATION MAP

run origin  load origin   length   init length attrs members
----------  ----------- ---------- ----------- ----- -------
20004000    20004000    00004330   00004330    r-x
  20004000    20004000    00000400   00000400    r-- .intvecs
  20004400    20004400    00003ab4   00003ab4    r-x .text
  20007eb4    20007eb4    00000400   00000400    r-- .const
  200082b8    200082b8    00000078   00000078    r-- .cinit
20017000    20017000    0000819a   00000000    rw-
  20017000    20017000    00008000   00000000    rw- .sysmem
  2001f000    2001f000    00000168   00000000    rw- .data
  2001f168    2001f168    00000032   00000000    rw- .bss
2002f000    2002f000    00001000   00000000    rw-
  2002f000    2002f000    00001000   00000000    rw- .stack


SECTION ALLOCATION MAP

 output                                  attributes/
section   page    origin      length       input sections
--------  ----  ----------  ----------   ----------------
.intvecs   0    20004000    00000400     
                  20004000    00000400     startup_ccs.obj (.intvecs)

.init_array 
*          0    20004000    00000000     UNINITIALIZED

.text      0    20004400    00003ab4     
                  20004400    000010a6     rtsv7M4_T_le_eabi.lib : _printfi.obj (.text)
                  200054a6    00000002     driverlib.a : interrupt.obj (.text:IntDefaultHandler)
                  200054a8    00000764     main.obj (.text)
                  20005c0c    000003dc     rtsv7M4_T_le_eabi.lib : memory.obj (.text)
                  20005fe8    00000280     systick_if.obj (.text)
                  20006268    00000280     uart_if.obj (.text)
                  200064e8    000001f4     rtsv7M4_T_le_eabi.lib : ull_div_t2.obj (.text)
                  200066dc    000001b6                           : fd_add_t2.obj (.text)
                  20006892    00000002     --HOLE-- [fill = 0]
                  20006894    00000178     driverlib.a : prcm.obj (.text:PRCMCC3200MCUInit)
                  20006a0c    00000136     rtsv7M4_T_le_eabi.lib : fd_div_t2.obj (.text)
                  20006b42    00000002     --HOLE-- [fill = 0]
                  20006b44    00000110                           : xdscale.obj (.text)
                  20006c54    000000fc                           : fd_mul_t2.obj (.text)
                  20006d50    000000be                           : xdnorm.obj (.text)
                  20006e0e    00000002     --HOLE-- [fill = 0]
                  20006e10    000000a8     driverlib.a : interrupt.obj (.text:IntDisable)
                  20006eb8    000000a8                 : interrupt.obj (.text:IntEnable)
                  20006f60    0000009c     rtsv7M4_T_le_eabi.lib : memcpy_t2.obj (.text)
                  20006ffc    00000094     driverlib.a : prcm.obj (.text:PRCMPeripheralClockGet)
                  20007090    00000088                 : pin.obj (.text:PinConfigSet)
                  20007118    00000088     rtsv7M4_T_le_eabi.lib : vsnprintf.obj (.text)
                  200071a0    00000086                           : fd_cmp_t2.obj (.text:__aeabi_cdcmple)
                  20007226    00000086                           : fd_cmp_t2.obj (.text:__aeabi_cdrcmple)
                  200072ac    0000007a                           : memset_t2.obj (.text)
                  20007326    00000076     driverlib.a : uart.obj (.text:UARTConfigSetExpClk)
                  2000739c    00000070                 : timer.obj (.text:TimerIntRegister)
                  2000740c    0000006c     rtsv7M4_T_le_eabi.lib : autoinit.obj (.text)
                  20007478    0000006a                           : copy_decompress_rle.obj (.text)
                  200074e2    00000002     --HOLE-- [fill = 0]
                  200074e4    00000068     driverlib.a : timer.obj (.text:TimerIntUnregister)
                  2000754c    00000066     rtsv7M4_T_le_eabi.lib : xdunscal.obj (.text)
                  200075b2    00000002     --HOLE-- [fill = 0]
                  200075b4    00000058     driverlib.a : prcm.obj (.text:PRCMPeripheralReset)
                  2000760c    00000056     rtsv7M4_T_le_eabi.lib : ltoa.obj (.text)
                  20007662    00000002     --HOLE-- [fill = 0]
                  20007664    00000054     driverlib.a : interrupt.obj (.text:IntPrioritySet)
                  200076b8    0000004c     rtsv7M4_T_le_eabi.lib : atoi.obj (.text)
                  20007704    0000004c                           : cpy_tbl.obj (.text)
                  20007750    00000048                           : fd_toi_t2.obj (.text)
                  20007798    00000046                           : ldexp.obj (.text)
                  200077de    00000002     --HOLE-- [fill = 0]
                  200077e0    00000044     driverlib.a : timer.obj (.text:TimerConfigure)
                  20007824    00000044     rtsv7M4_T_le_eabi.lib : exit.obj (.text)
                  20007868    00000040     driverlib.a : interrupt.obj (.text:IntPriorityGroupingGet)
                  200078a8    00000040                 : pin.obj (.text:PinModeSet)
                  200078e8    00000040     rtsv7M4_T_le_eabi.lib : signal.obj (.text)
                  20007928    0000003c     driverlib.a : prcm.obj (.text:PRCMPeripheralClkEnable)
                  20007964    0000003c     rtsv7M4_T_le_eabi.lib : boot.obj (.text)
                  200079a0    00000034                           : feraiseexcept.obj (.text)
                  200079d4    00000030     driverlib.a : uart.obj (.text:UARTDisable)
                  20007a04    00000030     rtsv7M4_T_le_eabi.lib : xferaise.obj (.text)
                  20007a34    0000002e                           : i_tofd_t2.obj (.text)
                  20007a62    0000002e                           : raise.obj (.text)
                  20007a90    0000002c     driverlib.a : prcm.obj (.text:PRCMSysResetCauseGet)
                  20007abc    0000002a                 : timer.obj (.text:TimerLoadSet)
                  20007ae6    0000002a     rtsv7M4_T_le_eabi.lib : xdclass.obj (.text)
                  20007b10    00000028     driverlib.a : interrupt.obj (.text:IntPriorityGet)
                  20007b38    00000028                 : interrupt.obj (.text:IntPriorityGroupingSet)
                  20007b60    00000028                 : prcm.obj (.text:PRCMPeripheralClkDisable)
                  20007b88    00000024                 : interrupt.obj (.text:IntUnregister)
                  20007bac    00000024                 : uart.obj (.text:UARTEnable)
                  20007bd0    00000024     rtsv7M4_T_le_eabi.lib : memmov.obj (.text)
                  20007bf4    00000022                           : frexp.obj (.text)
                  20007c16    00000002     --HOLE-- [fill = 0]
                  20007c18    00000020     driverlib.a : interrupt.obj (.text:IntRegister)
                  20007c38    0000001e                 : timer.obj (.text:TimerDisable)
                  20007c56    0000001e                 : timer.obj (.text:TimerEnable)
                  20007c74    0000001e                 : timer.obj (.text:TimerIntStatus)
                  20007c92    0000001e                 : uart.obj (.text:UARTCharPut)
                  20007cb0    0000001c                 : uart.obj (.text:UARTCharGetNonBlocking)
                  20007ccc    0000001c     pinmux.obj (.text)
                  20007ce8    0000001c     rtsv7M4_T_le_eabi.lib : memccpy.obj (.text)
                  20007d04    0000001a     driverlib.a : pin.obj (.text:PinTypeUART)
                  20007d1e    00000002     --HOLE-- [fill = 0]
                  20007d20    00000018                 : systick.obj (.text:SysTickPeriodSet)
                  20007d38    00000018                 : timer.obj (.text:TimerIntDisable)
                  20007d50    00000018                 : timer.obj (.text:TimerIntEnable)
                  20007d68    00000018                 : uart.obj (.text:UARTCharsAvail)
                  20007d80    00000018     rtsv7M4_T_le_eabi.lib : args_main.obj (.text)
                  20007d98    00000016     driverlib.a : prcm.obj (.text:PRCMHIBRegRead)
                  20007dae    00000016                 : prcm.obj (.text:PRCMHIBRegWrite)
                  20007dc4    00000016     rtsv7M4_T_le_eabi.lib : strchr.obj (.text)
                  20007dda    00000014     driverlib.a : cpu.obj (.text:CPUcpsie)
                  20007dee    00000002     --HOLE-- [fill = 0]
                  20007df0    00000014                 : interrupt.obj (.text:IntVTableBaseSet)
                  20007e04    00000014     rtsv7M4_T_le_eabi.lib : _lock.obj (.text)
                  20007e18    00000014                           : strlen.obj (.text)
                  20007e2c    00000012     driverlib.a : timer.obj (.text:TimerIntClear)
                  20007e3e    00000002     --HOLE-- [fill = 0]
                  20007e40    00000010                 : systick.obj (.text:SysTickEnable)
                  20007e50    00000010                 : systick.obj (.text:SysTickIntEnable)
                  20007e60    0000000e     rtsv7M4_T_le_eabi.lib : copy_decompress_none.obj (.text:decompress:none)
                  20007e6e    0000000e     startup_ccs.obj (.text)
                  20007e7c    0000000c     driverlib.a : systick.obj (.text:SysTickValueGet)
                  20007e88    0000000c     rtsv7M4_T_le_eabi.lib : copy_zero_init.obj (.text:decompress:ZI)
                  20007e94    0000000a     driverlib.a : interrupt.obj (.text:IntMasterEnable)
                  20007e9e    00000006     systick_if.obj (.text:SysCtlDelay)
                  20007ea4    00000006     driverlib.a : utils.obj (.text:UtilsDelay)
                  20007eaa    00000006     rtsv7M4_T_le_eabi.lib : copy_decompress_rle.obj (.text:decompress:rle24)
                  20007eb0    00000004                           : pre_init.obj (.text)

.const     0    20007eb4    00000400     
                  20007eb4    00000101     rtsv7M4_T_le_eabi.lib : ctype.obj (.const:.string:_ctypes_)
                  20007fb5    00000003     --HOLE-- [fill = 0]
                  20007fb8    00000100     driverlib.a : pin.obj (.const:g_ulPinToPadMap)
                  200080b8    000000d4                 : interrupt.obj (.const:g_pulRegs)
                  2000818c    000000a8                 : prcm.obj (.const:PRCM_PeriphRegsList)
                  20008234    00000080                 : interrupt.obj (.const)

.cinit     0    200082b8    00000078     
                  200082b8    0000004e     (.cinit..data.load) [load image, compression = rle]
                  20008306    00000002     --HOLE-- [fill = 0]
                  20008308    0000000c     (__TI_handler_table)
                  20008314    00000004     --HOLE-- [fill = 0]
                  20008318    00000008     (.cinit..bss.load) [load image, compression = zero_init]
                  20008320    00000010     (__TI_cinit_table)

.sysmem    0    20017000    00008000     UNINITIALIZED
                  20017000    00000008     rtsv7M4_T_le_eabi.lib : memory.obj (.sysmem)
                  20017008    00007ff8     --HOLE--

.data      0    2001f000    00000168     UNINITIALIZED
                  2001f000    000000b0     rtsv7M4_T_le_eabi.lib : signal.obj (.data:sigtable)
                  2001f0b0    00000080                           : xvalues.obj (.data)
                  2001f130    0000000c                           : memory.obj (.data)
                  2001f13c    0000000c     systick_if.obj (.data)
                  2001f148    00000008     rtsv7M4_T_le_eabi.lib : _lock.obj (.data)
                  2001f150    00000008                           : exit.obj (.data)
                  2001f158    00000008                           : feraiseexcept.obj (.data)
                  2001f160    00000004                           : errno.obj (.data)
                  2001f164    00000004                           : stkdepth_vars.obj (.data)

.TI.persistent 
*          0    2001f000    00000000     UNINITIALIZED

.bss       0    2001f168    00000032     UNINITIALIZED
                  2001f168    00000004     (.common:__Errorlog)
                  2001f16c    00000004     (.common:g_lPriorityGrouping)
                  2001f170    00000004     (.common:g_ulA0IntCount)
                  2001f174    00000004     (.common:g_ulA1IntCount)
                  2001f178    00000004     (.common:g_ulA2IntCount)
                  2001f17c    00000004     (.common:g_ulClockRate)
                  2001f180    00000004     (.common:g_ulSysTickMs)
                  2001f184    00000004     (.common:g_ulSysTickRounding)
                  2001f188    00000004     (.common:g_ulTimer0APriority)
                  2001f18c    00000004     (.common:g_ulTimer1APriority)
                  2001f190    00000004     (.common:g_ulTimerSysTicks)
                  2001f194    00000004     (.common:ulSysTimeStart$1)
                  2001f198    00000001     (.common:g_bA1CountChanged)
                  2001f199    00000001     (.common:g_bA2CountChanged)

.TI.noinit 
*          0    2001f168    00000000     UNINITIALIZED

.stack     0    2002f000    00001000     UNINITIALIZED
                  2002f000    00001000     --HOLE--


LINKER GENERATED COPY TABLES

__TI_cinit_table @ 20008320 records: 2, size/record: 8, table size: 16
	.data: load addr=200082b8, load size=0000004e bytes, run addr=2001f000, run size=00000168 bytes, compression=rle
	.bss: load addr=20008318, load size=00000008 bytes, run addr=2001f168, run size=00000032 bytes, compression=zero_init


LINKER GENERATED HANDLER TABLE

__TI_handler_table @ 20008308 records: 3, size/record: 4, table size: 12
	index: 0, handler: __TI_decompress_rle24
	index: 1, handler: __TI_decompress_none
	index: 2, handler: __TI_zero_init


GLOBAL SYMBOLS: SORTED ALPHABETICALLY BY Name 

address   name                    
-------   ----                    
20007825  C$$EXIT                 
20007ddb  CPUcpsie                
200062a9  ClearTerm               
20005741  DoInterruptTest         
200062b3  Error                   
200062eb  GetCmd                  
20006269  InitTerm                
20006e11  IntDisable              
20006eb9  IntEnable               
20007e95  IntMasterEnable         
20007b11  IntPriorityGet          
20007869  IntPriorityGroupingGet  
20007b39  IntPriorityGroupingSet  
20007665  IntPrioritySet          
20007c19  IntRegister             
20007b89  IntUnregister           
20007df1  IntVTableBaseSet        
20006287  Message                 
20006895  PRCMCC3200MCUInit       
20007d99  PRCMHIBRegRead          
20007daf  PRCMHIBRegWrite         
20007b61  PRCMPeripheralClkDisable
20007929  PRCMPeripheralClkEnable 
20006ffd  PRCMPeripheralClockGet  
200075b5  PRCMPeripheralReset     
20007a91  PRCMSysResetCauseGet    
20005621  PerformIntTest          
20007091  PinConfigSet            
200078a9  PinModeSet              
20007ccd  PinMuxConfig            
20007d05  PinTypeUART             
20006429  Report                  
20007e6f  ResetISR                
UNDEFED   SHT$$INIT_ARRAY$$Base   
UNDEFED   SHT$$INIT_ARRAY$$Limit  
20007e9f  SysCtlDelay             
20007e41  SysTickEnable           
20005fe9  SysTickHandler          
2000607b  SysTickInit             
20007e51  SysTickIntEnable        
20007d21  SysTickPeriodSet        
20007e7d  SysTickValueGet         
200077e1  TimerConfigure          
20007c39  TimerDisable            
20007c57  TimerEnable             
20007e2d  TimerIntClear           
20007d39  TimerIntDisable         
20007d51  TimerIntEnable          
2000739d  TimerIntRegister        
20007c75  TimerIntStatus          
200074e5  TimerIntUnregister      
20007abd  TimerLoadSet            
20006391  TrimSpace               
20007cb1  UARTCharGetNonBlocking  
20007c93  UARTCharPut             
20007d69  UARTCharsAvail          
20007327  UARTConfigSetExpClk     
200079d5  UARTDisable             
20007bad  UARTEnable              
2000621d  UTUtilsDelay            
2000620b  UTUtilsDelayCycles      
2000611d  UTUtilsGetSysTime       
200061c5  UTUtilsWaitForCount     
20007ea5  UtilsDelay              
20007ae7  _Dclass                 
2001f0b0  _Denorm                 
20006d51  _Dnorm                  
20006b45  _Dscale                 
2000754d  _Dunscale               
2001f0c0  _Eps                    
2001f160  _Errno                  
2001f158  _Fenv                   
20007a05  _Feraise                
2001f0d0  _Hugeval                
2001f0e0  _Inf                    
2001f0f0  _Nan                    
2001f110  _Rteps                  
2001f100  _Snan                   
2001f15c  _Tls_setup__Fenv        
2001f120  _Xbig                   
2001f128  _Zero                   
20030000  __STACK_END             
00001000  __STACK_SIZE            
00008000  __SYSMEM_SIZE           
20008320  __TI_CINIT_Base         
20008330  __TI_CINIT_Limit        
20008308  __TI_Handler_Table_Base 
20008314  __TI_Handler_Table_Limit
2000740d  __TI_auto_init          
2001f150  __TI_cleanup_ptr        
20007e61  __TI_decompress_none    
20007eab  __TI_decompress_rle24   
2001f154  __TI_dtors_ptr          
200051a1  __TI_printfi            
200082b8  __TI_static_base__      
20007e89  __TI_zero_init          
200071a1  __aeabi_cdcmpeq         
200071a1  __aeabi_cdcmple         
20007227  __aeabi_cdrcmple        
20007751  __aeabi_d2iz            
200066e7  __aeabi_dadd            
20006a0d  __aeabi_ddiv            
20006c55  __aeabi_dmul            
200066dd  __aeabi_dsub            
20007a35  __aeabi_i2d             
200072ad  __aeabi_memclr          
200072ad  __aeabi_memclr4         
200072ad  __aeabi_memclr8         
20006f61  __aeabi_memcpy          
20006f61  __aeabi_memcpy4         
20006f61  __aeabi_memcpy8         
200072af  __aeabi_memset          
200072af  __aeabi_memset4         
200072af  __aeabi_memset8         
200064e9  __aeabi_uldivmod        
ffffffff  __binit__               
ffffffff  __c_args__              
2002f000  __stack                 
20007d81  _args_main              
20007965  _c_int00                
20007eb4  _ctypes_                
2001f148  _lock                   
20007e13  _nop                    
20007e0b  _register_lock          
20007e05  _register_unlock        
20017000  _sys_memory             
20007eb1  _system_pre_init        
2001f14c  _unlock                 
20007829  abort                   
200076b9  atoi                    
ffffffff  binit                   
20005fb5  calloc                  
20007705  copy_in                 
20007831  exit                    
200079a1  feraiseexcept           
20005d03  free                    
20007bf5  frexp                   
20004000  g_pfnVectors            
2001f17c  g_ulClockRate           
20007799  ldexp                   
2000760d  ltoa                    
20005987  main                    
2001f164  main_func_sp            
20005c9b  malloc                  
20005ed1  memalign                
20007ce9  memccpy                 
20006f61  memcpy                  
20007bd1  memmove                 
200072b5  memset                  
20005c0d  minit                   
20007a63  raise                   
20005dc5  realloc                 
200078e9  signal                  
20007dc5  strchr                  
20007e19  strlen                  
20007119  vsnprintf               


GLOBAL SYMBOLS: SORTED BY Symbol Address 

address   name                    
-------   ----                    
00001000  __STACK_SIZE            
00008000  __SYSMEM_SIZE           
20004000  g_pfnVectors            
200051a1  __TI_printfi            
20005621  PerformIntTest          
20005741  DoInterruptTest         
20005987  main                    
20005c0d  minit                   
20005c9b  malloc                  
20005d03  free                    
20005dc5  realloc                 
20005ed1  memalign                
20005fb5  calloc                  
20005fe9  SysTickHandler          
2000607b  SysTickInit             
2000611d  UTUtilsGetSysTime       
200061c5  UTUtilsWaitForCount     
2000620b  UTUtilsDelayCycles      
2000621d  UTUtilsDelay            
20006269  InitTerm                
20006287  Message                 
200062a9  ClearTerm               
200062b3  Error                   
200062eb  GetCmd                  
20006391  TrimSpace               
20006429  Report                  
200064e9  __aeabi_uldivmod        
200066dd  __aeabi_dsub            
200066e7  __aeabi_dadd            
20006895  PRCMCC3200MCUInit       
20006a0d  __aeabi_ddiv            
20006b45  _Dscale                 
20006c55  __aeabi_dmul            
20006d51  _Dnorm                  
20006e11  IntDisable              
20006eb9  IntEnable               
20006f61  __aeabi_memcpy          
20006f61  __aeabi_memcpy4         
20006f61  __aeabi_memcpy8         
20006f61  memcpy                  
20006ffd  PRCMPeripheralClockGet  
20007091  PinConfigSet            
20007119  vsnprintf               
200071a1  __aeabi_cdcmpeq         
200071a1  __aeabi_cdcmple         
20007227  __aeabi_cdrcmple        
200072ad  __aeabi_memclr          
200072ad  __aeabi_memclr4         
200072ad  __aeabi_memclr8         
200072af  __aeabi_memset          
200072af  __aeabi_memset4         
200072af  __aeabi_memset8         
200072b5  memset                  
20007327  UARTConfigSetExpClk     
2000739d  TimerIntRegister        
2000740d  __TI_auto_init          
200074e5  TimerIntUnregister      
2000754d  _Dunscale               
200075b5  PRCMPeripheralReset     
2000760d  ltoa                    
20007665  IntPrioritySet          
200076b9  atoi                    
20007705  copy_in                 
20007751  __aeabi_d2iz            
20007799  ldexp                   
200077e1  TimerConfigure          
20007825  C$$EXIT                 
20007829  abort                   
20007831  exit                    
20007869  IntPriorityGroupingGet  
200078a9  PinModeSet              
200078e9  signal                  
20007929  PRCMPeripheralClkEnable 
20007965  _c_int00                
200079a1  feraiseexcept           
200079d5  UARTDisable             
20007a05  _Feraise                
20007a35  __aeabi_i2d             
20007a63  raise                   
20007a91  PRCMSysResetCauseGet    
20007abd  TimerLoadSet            
20007ae7  _Dclass                 
20007b11  IntPriorityGet          
20007b39  IntPriorityGroupingSet  
20007b61  PRCMPeripheralClkDisable
20007b89  IntUnregister           
20007bad  UARTEnable              
20007bd1  memmove                 
20007bf5  frexp                   
20007c19  IntRegister             
20007c39  TimerDisable            
20007c57  TimerEnable             
20007c75  TimerIntStatus          
20007c93  UARTCharPut             
20007cb1  UARTCharGetNonBlocking  
20007ccd  PinMuxConfig            
20007ce9  memccpy                 
20007d05  PinTypeUART             
20007d21  SysTickPeriodSet        
20007d39  TimerIntDisable         
20007d51  TimerIntEnable          
20007d69  UARTCharsAvail          
20007d81  _args_main              
20007d99  PRCMHIBRegRead          
20007daf  PRCMHIBRegWrite         
20007dc5  strchr                  
20007ddb  CPUcpsie                
20007df1  IntVTableBaseSet        
20007e05  _register_unlock        
20007e0b  _register_lock          
20007e13  _nop                    
20007e19  strlen                  
20007e2d  TimerIntClear           
20007e41  SysTickEnable           
20007e51  SysTickIntEnable        
20007e61  __TI_decompress_none    
20007e6f  ResetISR                
20007e7d  SysTickValueGet         
20007e89  __TI_zero_init          
20007e95  IntMasterEnable         
20007e9f  SysCtlDelay             
20007ea5  UtilsDelay              
20007eab  __TI_decompress_rle24   
20007eb1  _system_pre_init        
20007eb4  _ctypes_                
200082b8  __TI_static_base__      
20008308  __TI_Handler_Table_Base 
20008314  __TI_Handler_Table_Limit
20008320  __TI_CINIT_Base         
20008330  __TI_CINIT_Limit        
20017000  _sys_memory             
2001f0b0  _Denorm                 
2001f0c0  _Eps                    
2001f0d0  _Hugeval                
2001f0e0  _Inf                    
2001f0f0  _Nan                    
2001f100  _Snan                   
2001f110  _Rteps                  
2001f120  _Xbig                   
2001f128  _Zero                   
2001f148  _lock                   
2001f14c  _unlock                 
2001f150  __TI_cleanup_ptr        
2001f154  __TI_dtors_ptr          
2001f158  _Fenv                   
2001f15c  _Tls_setup__Fenv        
2001f160  _Errno                  
2001f164  main_func_sp            
2001f17c  g_ulClockRate           
2002f000  __stack                 
20030000  __STACK_END             
ffffffff  __binit__               
ffffffff  __c_args__              
ffffffff  binit                   
UNDEFED   SHT$$INIT_ARRAY$$Base   
UNDEFED   SHT$$INIT_ARRAY$$Limit  

[156 symbols]
