******************************************************************************
                  TI ARM Linker PC v5.2.5                      
******************************************************************************
>> Linked Mon Apr 11 21:21:37 2016

OUTPUT FILE NAME:   <http_client_demo.out>
ENTRY POINT SYMBOL: "_c_int00"  address: 2000d7c1


MEMORY CONFIGURATION

         name            origin    length      used     unused   attr    fill
----------------------  --------  ---------  --------  --------  ----  --------
  SRAM_CODE             20004000   00013000  0000a7ee  00008812  RW X
  SRAM_DATA             20017000   00019000  000019bf  00017641  RW X


SEGMENT ALLOCATION MAP

run origin  load origin   length   init length attrs members
----------  ----------- ---------- ----------- ----- -------
20004000    20004000    0000a7f0   0000a7f0    r-x
  20004000    20004000    00000308   00000308    r-- .intvecs
  20004308    20004308    00009daa   00009daa    r-x .text
  2000e0b4    2000e0b4    000006bc   000006bc    r-- .const
  2000e770    2000e770    00000080   00000080    r-- .cinit
20017000    20017000    000011c0   00000000    rw-
  20017000    20017000    00000800   00000000    rw- .sysmem
  20017800    20017800    000007a7   00000000    rw- .bss
  20017fa8    20017fa8    00000218   00000000    rw- .data
2002f800    2002f800    00000800   00000000    rw-
  2002f800    2002f800    00000800   00000000    rw- .stack


SECTION ALLOCATION MAP

 output                                  attributes/
section   page    origin      length       input sections
--------  ----  ----------  ----------   ----------------
.intvecs   0    20004000    00000308     
                  20004000    00000308     startup_ccs.obj (.intvecs)

.init_array 
*          0    20004000    00000000     UNINITIALIZED

.text      0    20004308    00009daa     
                  20004308    00001424     main.obj (.text)
                  2000572c    000010a6     rtsv7M4_T_le_eabi.lib : _printfi.obj (.text)
                  200067d2    00000002     driverlib.a : interrupt.obj (.text:IntDefaultHandler)
                  200067d4    00000fc4     webclient.a : httpcli.obj (.text)
                  20007798    000005f0     json.a : jsmn.obj (.text)
                  20007d88    00000590     simplelink.a : driver.obj (.text:_SlDrvMsgRead)
                  20008318    000003dc     rtsv7M4_T_le_eabi.lib : memory.obj (.text)
                  200086f4    000002ea     webclient.a : ssock.obj (.text)
                  200089de    00000002     --HOLE-- [fill = 0]
                  200089e0    00000280     uart_if.obj (.text)
                  20008c60    00000260     simplelink.a : wlan.obj (.text:sl_WlanConnect)
                  20008ec0    000001fc                  : driver.obj (.text:_SlDrvRxHdrRead)
                  200090bc    000001f4     rtsv7M4_T_le_eabi.lib : ull_div_t2.obj (.text)
                  200092b0    000001e4     simplelink.a : driver.obj (.text:_SlDrvDataReadOp)
                  20009494    000001d0                  : driver.obj (.text:_SlDrvReleasePoolObj)
                  20009664    000001b6     rtsv7M4_T_le_eabi.lib : fd_add_t2.obj (.text)
                  2000981a    00000002     --HOLE-- [fill = 0]
                  2000981c    000001b4     simplelink.a : driver.obj (.text:_SlDrvDriverCBInit)
                  200099d0    0000019c                  : driver.obj (.text:_SlDrvMsgWrite)
                  20009b6c    00000190                  : driver.obj (.text:_SlDrvWaitForPoolObj)
                  20009cfc    00000178     driverlib.a : prcm.obj (.text:PRCMCC3200MCUInit)
                  20009e74    00000170     simplelink.a : driver.obj (.text:_SlFindAndSetActiveObj)
                  20009fe4    0000016c                  : socket.obj (.text:sl_Connect)
                  2000a150    00000150                  : driver.obj (.text:_SlDrvDataWriteOp)
                  2000a2a0    00000148                  : cc_pal.obj (.text:spi_Open)
                  2000a3e8    00000136     rtsv7M4_T_le_eabi.lib : fd_div_t2.obj (.text)
                  2000a51e    00000002     --HOLE-- [fill = 0]
                  2000a520    0000012c     simplelink.a : netapp.obj (.text:sl_NetAppDnsGetHostByName)
                  2000a64c    00000128                  : driver.obj (.text:_SlDrvMsgReadCmdCtx)
                  2000a774    00000124                  : driver.obj (.text:_SlDrvDriverCBDeinit)
                  2000a898    00000118                  : socket.obj (.text:sl_Send)
                  2000a9b0    00000114     rtsv7M4_T_le_eabi.lib : strtoul.obj (.text)
                  2000aac4    00000110                           : xdscale.obj (.text)
                  2000abd4    00000104     simplelink.a : netapp.obj (.text:_SlDrvNetAppEventHandler)
                  2000acd8    000000fc     rtsv7M4_T_le_eabi.lib : fd_mul_t2.obj (.text)
                  2000add4    000000f0     simplelink.a : cc_pal.obj (.text:spi_Read)
                  2000aec4    000000f0     driverlib.a : udma.obj (.text:uDMAChannelTransferSet)
                  2000afb4    000000e8     simplelink.a : driver.obj (.text:_SlAsyncEventGenericHandler)
                  2000b09c    000000e4                  : device.obj (.text:sl_Stop)
                  2000b180    000000e0                  : device.obj (.text:sl_Start)
                  2000b260    000000dc                  : driver.obj (.text:_SlDrvClassifyRxMsg)
                  2000b33c    000000d4                  : driver.obj (.text:_SlDrvMsgReadSpawnCtx)
                  2000b410    000000cc                  : netapp.obj (.text:_sl_HandleAsync_DnsGetHostByService)
                  2000b4dc    000000c8                  : netapp.obj (.text:sl_NetAppMDNSRegisterUnregisterService)
                  2000b5a4    000000c4                  : driver.obj (.text:_SlRemoveFromList)
                  2000b668    000000c0                  : driver.obj (.text:_SlDrvCmdOp)
                  2000b728    000000be     rtsv7M4_T_le_eabi.lib : xdnorm.obj (.text)
                  2000b7e6    00000002     --HOLE-- [fill = 0]
                  2000b7e8    000000b4     simplelink.a : device.obj (.text:sl_DevGet)
                  2000b89c    000000a8     driverlib.a : interrupt.obj (.text:IntDisable)
                  2000b944    000000a8                 : interrupt.obj (.text:IntEnable)
                  2000b9ec    000000a4     simplelink.a : driver.obj (.text:_SlDriverHandleError)
                  2000ba90    000000a0     driverlib.a : spi.obj (.text:SPIConfigSetExpClk)
                  2000bb30    0000009c     rtsv7M4_T_le_eabi.lib : memcpy_t2.obj (.text)
                  2000bbcc    0000009a     simplelink.a : device.obj (.text:_SlDrvDeviceEventHandler)
                  2000bc66    00000002     --HOLE-- [fill = 0]
                  2000bc68    00000098                  : cc_pal.obj (.text:spi_Write)
                  2000bd00    00000094     driverlib.a : prcm.obj (.text:PRCMPeripheralClockGet)
                  2000bd94    00000090     simplelink.a : netapp.obj (.text:_sl_HandleAsync_DnsGetHostByName)
                  2000be24    00000090                  : netapp.obj (.text:_sl_HandleAsync_PingResponse)
                  2000beb4    0000008c                  : cc_pal.obj (.text:SetupDMAReceive)
                  2000bf40    0000008c                  : cc_pal.obj (.text:SetupDMASend)
                  2000bfcc    00000088     driverlib.a : pin.obj (.text:PinConfigSet)
                  2000c054    00000088     rtsv7M4_T_le_eabi.lib : vsnprintf.obj (.text)
                  2000c0dc    00000088     simplelink.a : socket.obj (.text:sl_Recv)
                  2000c164    00000086     rtsv7M4_T_le_eabi.lib : fd_cmp_t2.obj (.text:__aeabi_cdcmple)
                  2000c1ea    00000086                           : fd_cmp_t2.obj (.text:__aeabi_cdrcmple)
                  2000c270    00000080     simplelink.a : socket.obj (.text:_sl_HandleAsync_Connect)
                  2000c2f0    00000080                  : device.obj (.text:_sl_HandleAsync_InitComplete)
                  2000c370    00000080                  : cc_pal.obj (.text:spi_Read_CPU)
                  2000c3f0    00000080                  : cc_pal.obj (.text:spi_Write_CPU)
                  2000c470    0000007c                  : netcfg.obj (.text:sl_NetCfgSet)
                  2000c4ec    0000007c                  : socket.obj (.text:sl_SetSockOpt)
                  2000c568    0000007c                  : wlan.obj (.text:sl_WlanSet)
                  2000c5e4    0000007a     rtsv7M4_T_le_eabi.lib : memset_t2.obj (.text)
                  2000c65e    00000002     --HOLE-- [fill = 0]
                  2000c660    00000078     simplelink.a : nonos.obj (.text:_SlNonOsSemGet)
                  2000c6d8    00000078                  : wlan.obj (.text:sl_WlanPolicySet)
                  2000c750    00000078                  : cc_pal.obj (.text:spi_Close)
                  2000c7c8    00000076     driverlib.a : uart.obj (.text:UARTConfigSetExpClk)
                  2000c83e    00000002     --HOLE-- [fill = 0]
                  2000c840    00000074     simplelink.a : nonos.obj (.text:_SlNonOsMainLoopTask)
                  2000c8b4    00000070                  : socket.obj (.text:sl_Socket)
                  2000c924    0000006c                  : driver.obj (.text:_SlDrvCmdSend)
                  2000c990    0000006c                  : netapp.obj (.text:_sl_NetAppSendTokenValue)
                  2000c9fc    0000006c     rtsv7M4_T_le_eabi.lib : autoinit.obj (.text)
                  2000ca68    0000006c     simplelink.a : wlan.obj (.text:sl_WlanRxFilterSet)
                  2000cad4    0000006a     rtsv7M4_T_le_eabi.lib : copy_decompress_rle.obj (.text)
                  2000cb3e    00000066                           : xdunscal.obj (.text)
                  2000cba4    00000064     simplelink.a : nonos.obj (.text:_SlNonOsSpawn)
                  2000cc08    00000064                  : socket.obj (.text:_sl_HandleAsync_Accept)
                  2000cc6c    00000064     driverlib.a : udma.obj (.text:uDMAChannelAttributeDisable)
                  2000ccd0    00000064                 : udma.obj (.text:uDMAChannelAttributeEnable)
                  2000cd34    00000060     rtsv7M4_T_le_eabi.lib : sprintf.obj (.text)
                  2000cd94    00000058     driverlib.a : interrupt.obj (.text:IntPendClear)
                  2000cdec    00000058                 : prcm.obj (.text:PRCMPeripheralReset)
                  2000ce44    00000056     rtsv7M4_T_le_eabi.lib : ltoa.obj (.text)
                  2000ce9a    00000002     --HOLE-- [fill = 0]
                  2000ce9c    00000054     driverlib.a : interrupt.obj (.text:IntPrioritySet)
                  2000cef0    00000054     simplelink.a : driver.obj (.text:_SlDrvRxIrqHandler)
                  2000cf44    00000054                  : socket.obj (.text:_sl_HandleAsync_Select)
                  2000cf98    00000050                  : device.obj (.text:_sl_HandleAsync_Stop)
                  2000cfe8    0000004c     driverlib.a : spi.obj (.text:SPIIntEnable)
                  2000d034    0000004c                 : spi.obj (.text:SPIIntNumberGet)
                  2000d080    0000004c     simplelink.a : driver.obj (.text:_SlDrvProtectAsyncRespSetting)
                  2000d0cc    0000004c                  : socket.obj (.text:_sl_BuildAddress)
                  2000d118    0000004c     rtsv7M4_T_le_eabi.lib : atoi.obj (.text)
                  2000d164    0000004c                           : cpy_tbl.obj (.text)
                  2000d1b0    0000004c     driverlib.a : udma.obj (.text:uDMAChannelAssign)
                  2000d1fc    00000048                 : spi.obj (.text:SPIIntClear)
                  2000d244    00000048     simplelink.a : driver.obj (.text:_SlDrvBasicCmd)
                  2000d28c    00000048     rtsv7M4_T_le_eabi.lib : fd_toi_t2.obj (.text)
                  2000d2d4    00000048     simplelink.a : netapp.obj (.text:sl_NetAppMDNSUnRegisterService)
                  2000d31c    00000046     rtsv7M4_T_le_eabi.lib : ldexp.obj (.text)
                  2000d362    00000002     --HOLE-- [fill = 0]
                  2000d364    00000044     driverlib.a : spi.obj (.text:SPIDmaMaskGet)
                  2000d3a8    00000044     simplelink.a : driver.obj (.text:_SlDrvHandleHttpServerEvents)
                  2000d3ec    00000044                  : driver.obj (.text:_SlDrvSyncObjWaitTimeout)
                  2000d430    00000044                  : cc_pal.obj (.text:cc_SetupTransfer)
                  2000d474    00000044     rtsv7M4_T_le_eabi.lib : exit.obj (.text)
                  2000d4b8    00000044     simplelink.a : socket.obj (.text:sl_Close)
                  2000d4fc    00000044                  : wlan.obj (.text:sl_WlanProfileDel)
                  2000d540    00000044                  : wlan.obj (.text:sl_WlanSetMode)
                  2000d584    00000042                  : socket.obj (.text:sl_Htonl)
                  2000d5c6    00000002     --HOLE-- [fill = 0]
                  2000d5c8    00000040     driverlib.a : pin.obj (.text:PinModeSet)
                  2000d608    00000040     simplelink.a : driver.obj (.text:_SlDrvHandleNetAppEvents)
                  2000d648    00000040                  : driver.obj (.text:_SlDrvHandleWlanEvents)
                  2000d688    00000040                  : socket.obj (.text:_sl_TruncatePayloadByProtocol)
                  2000d6c8    00000040     rtsv7M4_T_le_eabi.lib : signal.obj (.text)
                  2000d708    0000003e     simplelink.a : cc_pal.obj (.text:NwpRegisterInterruptHandler)
                  2000d746    0000003c                  : netapp.obj (.text:CopyPingResultsToReport)
                  2000d782    00000002     --HOLE-- [fill = 0]
                  2000d784    0000003c     driverlib.a : prcm.obj (.text:PRCMPeripheralClkEnable)
                  2000d7c0    0000003c     rtsv7M4_T_le_eabi.lib : boot.obj (.text)
                  2000d7fc    0000003c     simplelink.a : socket.obj (.text:sl_Htons)
                  2000d838    0000003c     driverlib.a : udma.obj (.text:uDMAChannelControlSet)
                  2000d874    00000038     simplelink.a : cc_pal.obj (.text:NwpPowerOff)
                  2000d8ac    00000034     driverlib.a : prcm.obj (.text:PRCMPeripheralStatusGet)
                  2000d8e0    00000034                 : spi.obj (.text:SPIFIFOLevelSet)
                  2000d914    00000034     rtsv7M4_T_le_eabi.lib : feraiseexcept.obj (.text)
                  2000d948    00000030     driverlib.a : uart.obj (.text:UARTDisable)
                  2000d978    00000030     rtsv7M4_T_le_eabi.lib : xferaise.obj (.text)
                  2000d9a8    0000002e                           : i_tofd_t2.obj (.text)
                  2000d9d6    0000002e                           : raise.obj (.text)
                  2000da04    0000002c     driverlib.a : prcm.obj (.text:PRCMSysResetCauseGet)
                  2000da30    0000002c     simplelink.a : driver.obj (.text:_SlDrvObjGlobalLockWaitForever)
                  2000da5c    0000002c                  : driver.obj (.text:_SlDrvProtectionObjLockWaitForever)
                  2000da88    0000002a     rtsv7M4_T_le_eabi.lib : xdclass.obj (.text)
                  2000dab2    00000002     --HOLE-- [fill = 0]
                  2000dab4    00000028     driverlib.a : prcm.obj (.text:PRCMPeripheralClkDisable)
                  2000dadc    00000028     simplelink.a : driver.obj (.text:_SlDrvGlobalObjUnLock)
                  2000db04    00000028                  : driver.obj (.text:_SlDrvProtectionObjUnLock)
                  2000db2c    00000028                  : driver.obj (.text:_SlDrvSyncObjWaitForever)
                  2000db54    00000026     network_common.obj (.text)
                  2000db7a    00000026     rtsv7M4_T_le_eabi.lib : strncmp.obj (.text)
                  2000dba0    00000024     simplelink.a : cc_pal.obj (.text:DmaSpiSwIntHandler)
                  2000dbc4    00000024     driverlib.a : interrupt.obj (.text:IntUnregister)
                  2000dbe8    00000024                 : uart.obj (.text:UARTEnable)
                  2000dc0c    00000024     simplelink.a : driver.obj (.text:_SlDrvObjLockWaitForever)
                  2000dc30    00000024     rtsv7M4_T_le_eabi.lib : memmov.obj (.text)
                  2000dc54    00000022     driverlib.a : spi.obj (.text:SPIReset)
                  2000dc76    00000022                 : spi.obj (.text:SPIWordCountSet)
                  2000dc98    00000022     rtsv7M4_T_le_eabi.lib : frexp.obj (.text)
                  2000dcba    00000002     --HOLE-- [fill = 0]
                  2000dcbc    00000020     driverlib.a : interrupt.obj (.text:IntRegister)
                  2000dcdc    00000020     simplelink.a : cc_pal.obj (.text:NwpPowerOn)
                  2000dcfc    00000020                  : driver.obj (.text:_SlDrvObjUnLock)
                  2000dd1c    00000020                  : driver.obj (.text:_SlDrvSyncObjSignal)
                  2000dd3c    00000020                  : wlan.obj (.text:sl_WlanDisconnect)
                  2000dd5c    0000001e     driverlib.a : uart.obj (.text:UARTCharPut)
                  2000dd7a    0000001e     simplelink.a : cc_pal.obj (.text:cc_UDMAChannelSelect)
                  2000dd98    0000001c     driverlib.a : uart.obj (.text:UARTCharGetNonBlocking)
                  2000ddb4    0000001c     pinmux.obj (.text)
                  2000ddd0    0000001c     rtsv7M4_T_le_eabi.lib : memccpy.obj (.text)
                  2000ddec    0000001c     driverlib.a : udma.obj (.text:uDMAChannelEnable)
                  2000de08    0000001a                 : pin.obj (.text:PinTypeUART)
                  2000de22    0000001a                 : spi.obj (.text:SPIDmaDisable)
                  2000de3c    0000001a                 : spi.obj (.text:SPIDmaEnable)
                  2000de56    0000001a                 : spi.obj (.text:SPIFIFODisable)
                  2000de70    0000001a                 : spi.obj (.text:SPIFIFOEnable)
                  2000de8a    0000001a                 : spi.obj (.text:SPIIntUnregister)
                  2000dea4    00000018                 : spi.obj (.text:SPICSDisable)
                  2000debc    00000018                 : spi.obj (.text:SPICSEnable)
                  2000ded4    00000018                 : spi.obj (.text:SPIDisable)
                  2000deec    00000018                 : spi.obj (.text:SPIEnable)
                  2000df04    00000018                 : uart.obj (.text:UARTCharsAvail)
                  2000df1c    00000018     simplelink.a : nonos.obj (.text:_SlNonOsSemSet)
                  2000df34    00000018                  : device.obj (.text:_sl_GetStartResponseConvert)
                  2000df4c    00000018     rtsv7M4_T_le_eabi.lib : args_main.obj (.text)
                  2000df64    00000018                           : strcmp.obj (.text)
                  2000df7c    00000016     driverlib.a : prcm.obj (.text:PRCMHIBRegRead)
                  2000df92    00000016                 : prcm.obj (.text:PRCMHIBRegWrite)
                  2000dfa8    00000016     simplelink.a : driver.obj (.text:_SlDrvMemZero)
                  2000dfbe    00000016     rtsv7M4_T_le_eabi.lib : strchr.obj (.text)
                  2000dfd4    00000014     driverlib.a : cpu.obj (.text:CPUcpsie)
                  2000dfe8    00000014                 : interrupt.obj (.text:IntVTableBaseSet)
                  2000dffc    00000014     rtsv7M4_T_le_eabi.lib : _lock.obj (.text)
                  2000e010    00000014                           : strcpy.obj (.text)
                  2000e024    00000014                           : strlen.obj (.text)
                  2000e038    00000010     simplelink.a : driver.obj (.text:_SlDrvDispatchHttpServerEvents)
                  2000e048    0000000e                  : driver.obj (.text:_SlDrvResetCmdExt)
                  2000e056    0000000e     rtsv7M4_T_le_eabi.lib : copy_decompress_none.obj (.text:decompress:none)
                  2000e064    0000000e     startup_ccs.obj (.text)
                  2000e072    00000002     --HOLE-- [fill = 0]
                  2000e074    0000000c     simplelink.a : cc_pal.obj (.text:NwpMaskInterrupt)
                  2000e080    0000000c                  : cc_pal.obj (.text:NwpUnMaskInterrupt)
                  2000e08c    0000000c     rtsv7M4_T_le_eabi.lib : copy_zero_init.obj (.text:decompress:ZI)
                  2000e098    0000000a     driverlib.a : interrupt.obj (.text:IntMasterEnable)
                  2000e0a2    00000006                 : utils.obj (.text:UtilsDelay)
                  2000e0a8    00000006     rtsv7M4_T_le_eabi.lib : copy_decompress_rle.obj (.text:decompress:rle24)
                  2000e0ae    00000004                           : pre_init.obj (.text)

.const     0    2000e0b4    000006bc     
                  2000e0b4    00000101     rtsv7M4_T_le_eabi.lib : ctype.obj (.const:.string:_ctypes_)
                  2000e1b5    00000003     --HOLE-- [fill = 0]
                  2000e1b8    00000100     driverlib.a : pin.obj (.const:g_ulPinToPadMap)
                  2000e2b8    000000d4                 : interrupt.obj (.const:g_pulRegs)
                  2000e38c    000000a8                 : prcm.obj (.const:PRCM_PeriphRegsList)
                  2000e434    00000080                 : interrupt.obj (.const)
                  2000e4b4    00000060     main.obj (.const)
                  2000e514    0000003e     main.obj (.const:.string)
                  2000e552    0000003c     simplelink.a : driver.obj (.const:OpcodeTranslateTable)
                  2000e58e    0000003c                  : wlan.obj (.const)
                  2000e5ca    00000002     --HOLE-- [fill = 0]
                  2000e5cc    00000038                  : driver.obj (.const:_SlActionLookupTable)
                  2000e604    00000038                  : driver.obj (.const)
                  2000e63c    00000034                  : socket.obj (.const)
                  2000e670    0000002c     main.obj (.const:$P$T1$2)
                  2000e69c    00000028     simplelink.a : netapp.obj (.const)
                  2000e6c4    00000024     driverlib.a : spi.obj (.const:g_ppulSPIIntMap)
                  2000e6e8    00000022     main.obj (.const:.string:$P$T0$1)
                  2000e70a    0000001c     simplelink.a : device.obj (.const)
                  2000e726    00000002     --HOLE-- [fill = 0]
                  2000e728    00000018     driverlib.a : spi.obj (.const)
                  2000e740    00000010     simplelink.a : socket.obj (.const:.string)
                  2000e750    00000010     webclient.a : httpcli.obj (.const)
                  2000e760    00000008                 : httpcli.obj (.const:.string)
                  2000e768    00000008     simplelink.a : netcfg.obj (.const)

.cinit     0    2000e770    00000080     
                  2000e770    00000055     (.cinit..data.load) [load image, compression = rle]
                  2000e7c5    00000003     --HOLE-- [fill = 0]
                  2000e7c8    0000000c     (__TI_handler_table)
                  2000e7d4    00000004     --HOLE-- [fill = 0]
                  2000e7d8    00000008     (.cinit..bss.load) [load image, compression = zero_init]
                  2000e7e0    00000010     (__TI_cinit_table)

.sysmem    0    20017000    00000800     UNINITIALIZED
                  20017000    00000008     rtsv7M4_T_le_eabi.lib : memory.obj (.sysmem)
                  20017008    000007f8     --HOLE--

.bss       0    20017800    000007a7     UNINITIALIZED
                  20017800    000005b8     main.obj (.bss:g_buff)
                  20017db8    00000168     simplelink.a : driver.obj (.bss:g_StatMem)
                  20017f20    00000050                  : cc_pal.obj (.bss:g_ucDinDout)
                  20017f70    00000024     main.obj (.bss:g_ucConnectionSSID)
                  20017f94    00000008     (.common:g_ucConnectionBSSID)
                  20017f9c    00000004     (.common:__Errorlog)
                  20017fa0    00000004     (.common:g_ulDestinationIP)
                  20017fa4    00000001     (.common:RxIrqCnt)
                  20017fa5    00000001     (.common:g_bDeviceRestartIsRequired)
                  20017fa6    00000001     (.common:g_cDummy)

.TI.noinit 
*          0    20017800    00000000     UNINITIALIZED

.data      0    20017fa8    00000218     UNINITIALIZED
                  20017fa8    000000b0     rtsv7M4_T_le_eabi.lib : signal.obj (.data:sigtable)
                  20018058    00000080                           : xvalues.obj (.data)
                  200180d8    00000048     webclient.a : httpcli.obj (.data:tlsParams)
                  20018120    0000003c     simplelink.a : nonos.obj (.data:g__SlNonOsCB)
                  2001815c    00000010     webclient.a : httpcli.obj (.data)
                  2001816c    0000000d     simplelink.a : driver.obj (.data)
                  20018179    00000003     --HOLE--
                  2001817c    0000000c     main.obj (.data)
                  20018188    0000000c     rtsv7M4_T_le_eabi.lib : memory.obj (.data)
                  20018194    00000009     simplelink.a : cc_pal.obj (.data)
                  2001819d    00000003     --HOLE--
                  200181a0    00000008     rtsv7M4_T_le_eabi.lib : _lock.obj (.data)
                  200181a8    00000008                           : exit.obj (.data)
                  200181b0    00000008                           : feraiseexcept.obj (.data)
                  200181b8    00000004                           : errno.obj (.data)
                  200181bc    00000004                           : stkdepth_vars.obj (.data)

.TI.persistent 
*          0    20017fa8    00000000     UNINITIALIZED

.stack     0    2002f800    00000800     UNINITIALIZED
                  2002f800    00000800     --HOLE--


LINKER GENERATED COPY TABLES

__TI_cinit_table @ 2000e7e0 records: 2, size/record: 8, table size: 16
	.data: load addr=2000e770, load size=00000055 bytes, run addr=20017fa8, run size=00000218 bytes, compression=rle
	.bss: load addr=2000e7d8, load size=00000008 bytes, run addr=20017800, run size=000007a7 bytes, compression=zero_init


LINKER GENERATED HANDLER TABLE

__TI_handler_table @ 2000e7c8 records: 3, size/record: 4, table size: 12
	index: 0, handler: __TI_decompress_rle24
	index: 1, handler: __TI_decompress_none
	index: 2, handler: __TI_zero_init


GLOBAL SYMBOLS: SORTED ALPHABETICALLY BY Name 

address   name                                  
-------   ----                                  
2000d475  C$$EXIT                               
2000dfd5  CPUcpsie                              
20008a21  ClearTerm                             
2000dba1  DmaSpiSwIntHandler                    
20008a2b  Error                                 
20008a63  GetCmd                                
200070ff  HTTPCli_connect                       
20007221  HTTPCli_construct                     
20007269  HTTPCli_create                        
20007281  HTTPCli_delete                        
200072b7  HTTPCli_destruct                      
200072ff  HTTPCli_disconnect                    
20007535  HTTPCli_getResponseField              
200074ff  HTTPCli_getResponseStatus             
20006ff1  HTTPCli_initSockAddr                  
20007745  HTTPCli_readRawResponseBody           
200076b9  HTTPCli_readResponseBody              
2000746f  HTTPCli_sendField                     
200073a1  HTTPCli_sendRequest                   
200074c7  HTTPCli_sendRequestBody               
20007785  HTTPCli_setProxy                      
20007335  HTTPCli_setRequestFields              
2000735b  HTTPCli_setResponseFields             
20007381  HTTPCli_setSecureParams               
200089e1  InitTerm                              
2000b89d  IntDisable                            
2000b945  IntEnable                             
2000e099  IntMasterEnable                       
2000cd95  IntPendClear                          
2000ce9d  IntPrioritySet                        
2000dcbd  IntRegister                           
2000dbc5  IntUnregister                         
2000dfe9  IntVTableBaseSet                      
200089ff  Message                               
2000e075  NwpMaskInterrupt                      
2000d875  NwpPowerOff                           
2000dcdd  NwpPowerOn                            
2000d709  NwpRegisterInterruptHandler           
2000e081  NwpUnMaskInterrupt                    
2000e552  OpcodeTranslateTable                  
20009cfd  PRCMCC3200MCUInit                     
2000df7d  PRCMHIBRegRead                        
2000df93  PRCMHIBRegWrite                       
2000dab5  PRCMPeripheralClkDisable              
2000d785  PRCMPeripheralClkEnable               
2000bd01  PRCMPeripheralClockGet                
2000cded  PRCMPeripheralReset                   
2000d8ad  PRCMPeripheralStatusGet               
2000da05  PRCMSysResetCauseGet                  
20004c93  ParseJSONData                         
2000bfcd  PinConfigSet                          
2000d5c9  PinModeSet                            
2000ddb5  PinMuxConfig                          
2000de09  PinTypeUART                           
20008ba1  Report                                
2000e065  ResetISR                              
20017fa4  RxIrqCnt                              
UNDEFED   SHT$$INIT_ARRAY$$Base                 
UNDEFED   SHT$$INIT_ARRAY$$Limit                
2000dea5  SPICSDisable                          
2000debd  SPICSEnable                           
2000ba91  SPIConfigSetExpClk                    
2000ded5  SPIDisable                            
2000de23  SPIDmaDisable                         
2000de3d  SPIDmaEnable                          
2000deed  SPIEnable                             
2000de57  SPIFIFODisable                        
2000de71  SPIFIFOEnable                         
2000d8e1  SPIFIFOLevelSet                       
2000d1fd  SPIIntClear                           
2000cfe9  SPIIntEnable                          
2000de8b  SPIIntUnregister                      
2000dc55  SPIReset                              
2000dc77  SPIWordCountSet                       
200044d1  SimpleLinkGeneralEventHandler         
200044a9  SimpleLinkHttpServerCallback          
20004411  SimpleLinkNetAppEventHandler          
200044e7  SimpleLinkSockEventHandler            
20004309  SimpleLinkWlanEventHandler            
2000870d  Ssock_construct                       
2000874d  Ssock_create                          
20008767  Ssock_delete                          
2000878f  Ssock_destruct                        
200087e1  Ssock_getSocket                       
200087ef  Ssock_recv                            
20008849  Ssock_recvall                         
2000888d  Ssock_send                            
200089a7  Ssock_startSecure                     
20008b09  TrimSpace                             
2000dd99  UARTCharGetNonBlocking                
2000dd5d  UARTCharPut                           
2000df05  UARTCharsAvail                        
2000c7c9  UARTConfigSetExpClk                   
2000d949  UARTDisable                           
2000dbe9  UARTEnable                            
2000e0a3  UtilsDelay                            
2000da89  _Dclass                               
20018058  _Denorm                               
2000b729  _Dnorm                                
2000aac5  _Dscale                               
2000cb3f  _Dunscale                             
20018068  _Eps                                  
200181b8  _Errno                                
200181b0  _Fenv                                 
2000d979  _Feraise                              
20018078  _Hugeval                              
20018088  _Inf                                  
20018098  _Nan                                  
200180b8  _Rteps                                
2000e5cc  _SlActionLookupTable                  
2000b9ed  _SlDriverHandleError                  
2000d245  _SlDrvBasicCmd                        
2000b669  _SlDrvCmdOp                           
2000c925  _SlDrvCmdSend                         
200092b1  _SlDrvDataReadOp                      
2000a151  _SlDrvDataWriteOp                     
2000bbcd  _SlDrvDeviceEventHandler              
2000e039  _SlDrvDispatchHttpServerEvents        
2000a775  _SlDrvDriverCBDeinit                  
2000981d  _SlDrvDriverCBInit                    
2000dadd  _SlDrvGlobalObjUnLock                 
2000d3a9  _SlDrvHandleHttpServerEvents          
2000d609  _SlDrvHandleNetAppEvents              
2000d649  _SlDrvHandleWlanEvents                
2000dfa9  _SlDrvMemZero                         
2000b33d  _SlDrvMsgReadSpawnCtx                 
2000abd5  _SlDrvNetAppEventHandler              
2000dc0d  _SlDrvObjLockWaitForever              
2000dcfd  _SlDrvObjUnLock                       
2000d081  _SlDrvProtectAsyncRespSetting         
2000da5d  _SlDrvProtectionObjLockWaitForever    
2000db05  _SlDrvProtectionObjUnLock             
20009495  _SlDrvReleasePoolObj                  
2000e049  _SlDrvResetCmdExt                     
2000cef1  _SlDrvRxIrqHandler                    
2000dd1d  _SlDrvSyncObjSignal                   
2000db2d  _SlDrvSyncObjWaitForever              
2000d3ed  _SlDrvSyncObjWaitTimeout              
20009b6d  _SlDrvWaitForPoolObj                  
2000e6b8  _SlNetAppSendTokenValueCmdCtrl        
2000c841  _SlNonOsMainLoopTask                  
2000c661  _SlNonOsSemGet                        
2000df1d  _SlNonOsSemSet                        
2000cba5  _SlNonOsSpawn                         
200180a8  _Snan                                 
200181b4  _Tls_setup__Fenv                      
200180c8  _Xbig                                 
200180d0  _Zero                                 
20030000  __STACK_END                           
00000800  __STACK_SIZE                          
00000800  __SYSMEM_SIZE                         
2000e7e0  __TI_CINIT_Base                       
2000e7f0  __TI_CINIT_Limit                      
2000e7c8  __TI_Handler_Table_Base               
2000e7d4  __TI_Handler_Table_Limit              
2000c9fd  __TI_auto_init                        
200181a8  __TI_cleanup_ptr                      
2000e057  __TI_decompress_none                  
2000e0a9  __TI_decompress_rle24                 
200181ac  __TI_dtors_ptr                        
200064cd  __TI_printfi                          
2000e770  __TI_static_base__                    
2000e08d  __TI_zero_init                        
2000c165  __aeabi_cdcmpeq                       
2000c165  __aeabi_cdcmple                       
2000c1eb  __aeabi_cdrcmple                      
2000d28d  __aeabi_d2iz                          
2000966f  __aeabi_dadd                          
2000a3e9  __aeabi_ddiv                          
2000acd9  __aeabi_dmul                          
20009665  __aeabi_dsub                          
2000d9a9  __aeabi_i2d                           
2000c5e5  __aeabi_memclr                        
2000c5e5  __aeabi_memclr4                       
2000c5e5  __aeabi_memclr8                       
2000bb31  __aeabi_memcpy                        
2000bb31  __aeabi_memcpy4                       
2000bb31  __aeabi_memcpy8                       
2000c5e7  __aeabi_memset                        
2000c5e7  __aeabi_memset4                       
2000c5e7  __aeabi_memset8                       
200090bd  __aeabi_uldivmod                      
ffffffff  __binit__                             
ffffffff  __c_args__                            
2002f800  __stack                               
2000df4d  _args_main                            
2000d7c1  _c_int00                              
2000e0b4  _ctypes_                              
200181a0  _lock                                 
2000e00b  _nop                                  
2000e003  _register_lock                        
2000dffd  _register_unlock                      
2000cc09  _sl_HandleAsync_Accept                
2000c271  _sl_HandleAsync_Connect               
2000bd95  _sl_HandleAsync_DnsGetHostByName      
2000b411  _sl_HandleAsync_DnsGetHostByService   
2000c2f1  _sl_HandleAsync_InitComplete          
2000be25  _sl_HandleAsync_PingResponse          
2000cf45  _sl_HandleAsync_Select                
2000cf99  _sl_HandleAsync_Stop                  
2000c991  _sl_NetAppSendTokenValue              
20017000  _sys_memory                           
2000e0af  _system_pre_init                      
200181a4  _unlock                               
2000d479  abort                                 
2000d119  atoi                                  
ffffffff  binit                                 
2000681b  bufferedRecv                          
20018184  bytesReceived                         
200086c1  calloc                                
2000d165  copy_in                               
2000d481  exit                                  
2000d915  feraiseexcept                         
2000840f  free                                  
2000dc99  frexp                                 
20018194  g_SpiFd                               
20018120  g__SlNonOsCB                          
20017fa5  g_bDeviceRestartIsRequired            
20017800  g_buff                                
20017fa6  g_cDummy                              
20018170  g_pCB                                 
20018198  g_pHostIntHdl                         
20004000  g_pfnVectors                          
20017f94  g_ucConnectionBSSID                   
20017f70  g_ucConnectionSSID                    
2001819c  g_ucDMAEnabled                        
20017f20  g_ucDinDout                           
20017fa0  g_ulDestinationIP                     
20018180  g_ulGatewayIP                         
2001817c  g_ulStatus                            
20007d6b  jsmn_init                             
20007a59  jsmn_parse                            
2000d31d  ldexp                                 
2000ce45  ltoa                                  
20005541  main                                  
200181bc  main_func_sp                          
200083a7  malloc                                
200085dd  memalign                              
2000ddd1  memccpy                               
2000bb31  memcpy                                
2000dc31  memmove                               
2000c5ed  memset                                
20008319  minit                                 
20018174  pPingCallBackFunc                     
2000d9d7  raise                                 
200084d1  realloc                               
2000d6c9  signal                                
2000d4b9  sl_Close                              
20009fe5  sl_Connect                            
2000b7e9  sl_DevGet                             
2000d585  sl_Htonl                              
2000d7fd  sl_Htons                              
2000a521  sl_NetAppDnsGetHostByName             
2000b4dd  sl_NetAppMDNSRegisterUnregisterService
2000d2d5  sl_NetAppMDNSUnRegisterService        
2000c471  sl_NetCfgSet                          
2000db55  sl_Provisioning_HttpServerEventHdl    
2000db63  sl_Provisioning_NetAppEventHdl        
2000db6f  sl_Provisioning_WlanEventHdl          
2000c0dd  sl_Recv                               
2000a899  sl_Send                               
2000c4ed  sl_SetSockOpt                         
2000c8b5  sl_Socket                             
2000b181  sl_Start                              
2000b09d  sl_Stop                               
20008c61  sl_WlanConnect                        
2000dd3d  sl_WlanDisconnect                     
2000c6d9  sl_WlanPolicySet                      
2000d4fd  sl_WlanProfileDel                     
2000ca69  sl_WlanRxFilterSet                    
2000c569  sl_WlanSet                            
2000d541  sl_WlanSetMode                        
2000c751  spi_Close                             
2000a2a1  spi_Open                              
2000add5  spi_Read                              
2000bc69  spi_Write                             
2000cd35  sprintf                               
2000dfbf  strchr                                
2000df65  strcmp                                
2000e011  strcpy                                
2000e025  strlen                                
2000db7b  strncmp                               
2000a9b1  strtoul                               
2000d1b1  uDMAChannelAssign                     
2000cc6d  uDMAChannelAttributeDisable           
2000ccd1  uDMAChannelAttributeEnable            
2000d839  uDMAChannelControlSet                 
2000dded  uDMAChannelEnable                     
2000aec5  uDMAChannelTransferSet                
2000c055  vsnprintf                             


GLOBAL SYMBOLS: SORTED BY Symbol Address 

address   name                                  
-------   ----                                  
00000800  __STACK_SIZE                          
00000800  __SYSMEM_SIZE                         
20004000  g_pfnVectors                          
20004309  SimpleLinkWlanEventHandler            
20004411  SimpleLinkNetAppEventHandler          
200044a9  SimpleLinkHttpServerCallback          
200044d1  SimpleLinkGeneralEventHandler         
200044e7  SimpleLinkSockEventHandler            
20004c93  ParseJSONData                         
20005541  main                                  
200064cd  __TI_printfi                          
2000681b  bufferedRecv                          
20006ff1  HTTPCli_initSockAddr                  
200070ff  HTTPCli_connect                       
20007221  HTTPCli_construct                     
20007269  HTTPCli_create                        
20007281  HTTPCli_delete                        
200072b7  HTTPCli_destruct                      
200072ff  HTTPCli_disconnect                    
20007335  HTTPCli_setRequestFields              
2000735b  HTTPCli_setResponseFields             
20007381  HTTPCli_setSecureParams               
200073a1  HTTPCli_sendRequest                   
2000746f  HTTPCli_sendField                     
200074c7  HTTPCli_sendRequestBody               
200074ff  HTTPCli_getResponseStatus             
20007535  HTTPCli_getResponseField              
200076b9  HTTPCli_readResponseBody              
20007745  HTTPCli_readRawResponseBody           
20007785  HTTPCli_setProxy                      
20007a59  jsmn_parse                            
20007d6b  jsmn_init                             
20008319  minit                                 
200083a7  malloc                                
2000840f  free                                  
200084d1  realloc                               
200085dd  memalign                              
200086c1  calloc                                
2000870d  Ssock_construct                       
2000874d  Ssock_create                          
20008767  Ssock_delete                          
2000878f  Ssock_destruct                        
200087e1  Ssock_getSocket                       
200087ef  Ssock_recv                            
20008849  Ssock_recvall                         
2000888d  Ssock_send                            
200089a7  Ssock_startSecure                     
200089e1  InitTerm                              
200089ff  Message                               
20008a21  ClearTerm                             
20008a2b  Error                                 
20008a63  GetCmd                                
20008b09  TrimSpace                             
20008ba1  Report                                
20008c61  sl_WlanConnect                        
200090bd  __aeabi_uldivmod                      
200092b1  _SlDrvDataReadOp                      
20009495  _SlDrvReleasePoolObj                  
20009665  __aeabi_dsub                          
2000966f  __aeabi_dadd                          
2000981d  _SlDrvDriverCBInit                    
20009b6d  _SlDrvWaitForPoolObj                  
20009cfd  PRCMCC3200MCUInit                     
20009fe5  sl_Connect                            
2000a151  _SlDrvDataWriteOp                     
2000a2a1  spi_Open                              
2000a3e9  __aeabi_ddiv                          
2000a521  sl_NetAppDnsGetHostByName             
2000a775  _SlDrvDriverCBDeinit                  
2000a899  sl_Send                               
2000a9b1  strtoul                               
2000aac5  _Dscale                               
2000abd5  _SlDrvNetAppEventHandler              
2000acd9  __aeabi_dmul                          
2000add5  spi_Read                              
2000aec5  uDMAChannelTransferSet                
2000b09d  sl_Stop                               
2000b181  sl_Start                              
2000b33d  _SlDrvMsgReadSpawnCtx                 
2000b411  _sl_HandleAsync_DnsGetHostByService   
2000b4dd  sl_NetAppMDNSRegisterUnregisterService
2000b669  _SlDrvCmdOp                           
2000b729  _Dnorm                                
2000b7e9  sl_DevGet                             
2000b89d  IntDisable                            
2000b945  IntEnable                             
2000b9ed  _SlDriverHandleError                  
2000ba91  SPIConfigSetExpClk                    
2000bb31  __aeabi_memcpy                        
2000bb31  __aeabi_memcpy4                       
2000bb31  __aeabi_memcpy8                       
2000bb31  memcpy                                
2000bbcd  _SlDrvDeviceEventHandler              
2000bc69  spi_Write                             
2000bd01  PRCMPeripheralClockGet                
2000bd95  _sl_HandleAsync_DnsGetHostByName      
2000be25  _sl_HandleAsync_PingResponse          
2000bfcd  PinConfigSet                          
2000c055  vsnprintf                             
2000c0dd  sl_Recv                               
2000c165  __aeabi_cdcmpeq                       
2000c165  __aeabi_cdcmple                       
2000c1eb  __aeabi_cdrcmple                      
2000c271  _sl_HandleAsync_Connect               
2000c2f1  _sl_HandleAsync_InitComplete          
2000c471  sl_NetCfgSet                          
2000c4ed  sl_SetSockOpt                         
2000c569  sl_WlanSet                            
2000c5e5  __aeabi_memclr                        
2000c5e5  __aeabi_memclr4                       
2000c5e5  __aeabi_memclr8                       
2000c5e7  __aeabi_memset                        
2000c5e7  __aeabi_memset4                       
2000c5e7  __aeabi_memset8                       
2000c5ed  memset                                
2000c661  _SlNonOsSemGet                        
2000c6d9  sl_WlanPolicySet                      
2000c751  spi_Close                             
2000c7c9  UARTConfigSetExpClk                   
2000c841  _SlNonOsMainLoopTask                  
2000c8b5  sl_Socket                             
2000c925  _SlDrvCmdSend                         
2000c991  _sl_NetAppSendTokenValue              
2000c9fd  __TI_auto_init                        
2000ca69  sl_WlanRxFilterSet                    
2000cb3f  _Dunscale                             
2000cba5  _SlNonOsSpawn                         
2000cc09  _sl_HandleAsync_Accept                
2000cc6d  uDMAChannelAttributeDisable           
2000ccd1  uDMAChannelAttributeEnable            
2000cd35  sprintf                               
2000cd95  IntPendClear                          
2000cded  PRCMPeripheralReset                   
2000ce45  ltoa                                  
2000ce9d  IntPrioritySet                        
2000cef1  _SlDrvRxIrqHandler                    
2000cf45  _sl_HandleAsync_Select                
2000cf99  _sl_HandleAsync_Stop                  
2000cfe9  SPIIntEnable                          
2000d081  _SlDrvProtectAsyncRespSetting         
2000d119  atoi                                  
2000d165  copy_in                               
2000d1b1  uDMAChannelAssign                     
2000d1fd  SPIIntClear                           
2000d245  _SlDrvBasicCmd                        
2000d28d  __aeabi_d2iz                          
2000d2d5  sl_NetAppMDNSUnRegisterService        
2000d31d  ldexp                                 
2000d3a9  _SlDrvHandleHttpServerEvents          
2000d3ed  _SlDrvSyncObjWaitTimeout              
2000d475  C$$EXIT                               
2000d479  abort                                 
2000d481  exit                                  
2000d4b9  sl_Close                              
2000d4fd  sl_WlanProfileDel                     
2000d541  sl_WlanSetMode                        
2000d585  sl_Htonl                              
2000d5c9  PinModeSet                            
2000d609  _SlDrvHandleNetAppEvents              
2000d649  _SlDrvHandleWlanEvents                
2000d6c9  signal                                
2000d709  NwpRegisterInterruptHandler           
2000d785  PRCMPeripheralClkEnable               
2000d7c1  _c_int00                              
2000d7fd  sl_Htons                              
2000d839  uDMAChannelControlSet                 
2000d875  NwpPowerOff                           
2000d8ad  PRCMPeripheralStatusGet               
2000d8e1  SPIFIFOLevelSet                       
2000d915  feraiseexcept                         
2000d949  UARTDisable                           
2000d979  _Feraise                              
2000d9a9  __aeabi_i2d                           
2000d9d7  raise                                 
2000da05  PRCMSysResetCauseGet                  
2000da5d  _SlDrvProtectionObjLockWaitForever    
2000da89  _Dclass                               
2000dab5  PRCMPeripheralClkDisable              
2000dadd  _SlDrvGlobalObjUnLock                 
2000db05  _SlDrvProtectionObjUnLock             
2000db2d  _SlDrvSyncObjWaitForever              
2000db55  sl_Provisioning_HttpServerEventHdl    
2000db63  sl_Provisioning_NetAppEventHdl        
2000db6f  sl_Provisioning_WlanEventHdl          
2000db7b  strncmp                               
2000dba1  DmaSpiSwIntHandler                    
2000dbc5  IntUnregister                         
2000dbe9  UARTEnable                            
2000dc0d  _SlDrvObjLockWaitForever              
2000dc31  memmove                               
2000dc55  SPIReset                              
2000dc77  SPIWordCountSet                       
2000dc99  frexp                                 
2000dcbd  IntRegister                           
2000dcdd  NwpPowerOn                            
2000dcfd  _SlDrvObjUnLock                       
2000dd1d  _SlDrvSyncObjSignal                   
2000dd3d  sl_WlanDisconnect                     
2000dd5d  UARTCharPut                           
2000dd99  UARTCharGetNonBlocking                
2000ddb5  PinMuxConfig                          
2000ddd1  memccpy                               
2000dded  uDMAChannelEnable                     
2000de09  PinTypeUART                           
2000de23  SPIDmaDisable                         
2000de3d  SPIDmaEnable                          
2000de57  SPIFIFODisable                        
2000de71  SPIFIFOEnable                         
2000de8b  SPIIntUnregister                      
2000dea5  SPICSDisable                          
2000debd  SPICSEnable                           
2000ded5  SPIDisable                            
2000deed  SPIEnable                             
2000df05  UARTCharsAvail                        
2000df1d  _SlNonOsSemSet                        
2000df4d  _args_main                            
2000df65  strcmp                                
2000df7d  PRCMHIBRegRead                        
2000df93  PRCMHIBRegWrite                       
2000dfa9  _SlDrvMemZero                         
2000dfbf  strchr                                
2000dfd5  CPUcpsie                              
2000dfe9  IntVTableBaseSet                      
2000dffd  _register_unlock                      
2000e003  _register_lock                        
2000e00b  _nop                                  
2000e011  strcpy                                
2000e025  strlen                                
2000e039  _SlDrvDispatchHttpServerEvents        
2000e049  _SlDrvResetCmdExt                     
2000e057  __TI_decompress_none                  
2000e065  ResetISR                              
2000e075  NwpMaskInterrupt                      
2000e081  NwpUnMaskInterrupt                    
2000e08d  __TI_zero_init                        
2000e099  IntMasterEnable                       
2000e0a3  UtilsDelay                            
2000e0a9  __TI_decompress_rle24                 
2000e0af  _system_pre_init                      
2000e0b4  _ctypes_                              
2000e552  OpcodeTranslateTable                  
2000e5cc  _SlActionLookupTable                  
2000e6b8  _SlNetAppSendTokenValueCmdCtrl        
2000e770  __TI_static_base__                    
2000e7c8  __TI_Handler_Table_Base               
2000e7d4  __TI_Handler_Table_Limit              
2000e7e0  __TI_CINIT_Base                       
2000e7f0  __TI_CINIT_Limit                      
20017000  _sys_memory                           
20017800  g_buff                                
20017f20  g_ucDinDout                           
20017f70  g_ucConnectionSSID                    
20017f94  g_ucConnectionBSSID                   
20017fa0  g_ulDestinationIP                     
20017fa4  RxIrqCnt                              
20017fa5  g_bDeviceRestartIsRequired            
20017fa6  g_cDummy                              
20018058  _Denorm                               
20018068  _Eps                                  
20018078  _Hugeval                              
20018088  _Inf                                  
20018098  _Nan                                  
200180a8  _Snan                                 
200180b8  _Rteps                                
200180c8  _Xbig                                 
200180d0  _Zero                                 
20018120  g__SlNonOsCB                          
20018170  g_pCB                                 
20018174  pPingCallBackFunc                     
2001817c  g_ulStatus                            
20018180  g_ulGatewayIP                         
20018184  bytesReceived                         
20018194  g_SpiFd                               
20018198  g_pHostIntHdl                         
2001819c  g_ucDMAEnabled                        
200181a0  _lock                                 
200181a4  _unlock                               
200181a8  __TI_cleanup_ptr                      
200181ac  __TI_dtors_ptr                        
200181b0  _Fenv                                 
200181b4  _Tls_setup__Fenv                      
200181b8  _Errno                                
200181bc  main_func_sp                          
2002f800  __stack                               
20030000  __STACK_END                           
ffffffff  __binit__                             
ffffffff  __c_args__                            
ffffffff  binit                                 
UNDEFED   SHT$$INIT_ARRAY$$Base                 
UNDEFED   SHT$$INIT_ARRAY$$Limit                

[290 symbols]
