******************************************************************************
                  TI ARM Linker PC v5.2.5                      
******************************************************************************
>> Linked Mon Apr 11 23:58:28 2016

OUTPUT FILE NAME:   <http_client_demo.out>
ENTRY POINT SYMBOL: "_c_int00"  address: 2000da3d


MEMORY CONFIGURATION

         name            origin    length      used     unused   attr    fill
----------------------  --------  ---------  --------  --------  ----  --------
  SRAM_CODE             20004000   00013000  0000ab2e  000084d2  RW X
  SRAM_DATA             20017000   00019000  000019e2  0001761e  RW X


SEGMENT ALLOCATION MAP

run origin  load origin   length   init length attrs members
----------  ----------- ---------- ----------- ----- -------
20004000    20004000    0000ab30   0000ab30    r-x
  20004000    20004000    00000308   00000308    r-- .intvecs
  20004308    20004308    0000a0fa   0000a0fa    r-x .text
  2000e404    2000e404    0000069c   0000069c    r-- .const
  2000eaa0    2000eaa0    00000090   00000090    r-- .cinit
20017000    20017000    000011e8   00000000    rw-
  20017000    20017000    00000800   00000000    rw- .sysmem
  20017800    20017800    000007aa   00000000    rw- .bss
  20017fb0    20017fb0    00000238   00000000    rw- .data
2002f800    2002f800    00000800   00000000    rw-
  2002f800    2002f800    00000800   00000000    rw- .stack


SECTION ALLOCATION MAP

 output                                  attributes/
section   page    origin      length       input sections
--------  ----  ----------  ----------   ----------------
.intvecs   0    20004000    00000308     
                  20004000    00000308     startup_ccs.obj (.intvecs)

.init_array 
*          0    20004000    00000000     UNINITIALIZED

.text      0    20004308    0000a0fa     
                  20004308    00001234     main.obj (.text)
                  2000553c    000010a6     rtsv7M4_T_le_eabi.lib : _printfi.obj (.text)
                  200065e2    00000002     driverlib.a : interrupt.obj (.text:IntDefaultHandler)
                  200065e4    00000fc4     webclient.a : httpcli.obj (.text)
                  200075a8    000005f0     json.a : jsmn.obj (.text)
                  20007b98    00000590     simplelink.a : driver.obj (.text:_SlDrvMsgRead)
                  20008128    000003dc     rtsv7M4_T_le_eabi.lib : memory.obj (.text)
                  20008504    0000039c     gpio_if.obj (.text)
                  200088a0    000002ea     webclient.a : ssock.obj (.text)
                  20008b8a    00000002     --HOLE-- [fill = 0]
                  20008b8c    00000280     uart_if.obj (.text)
                  20008e0c    00000260     simplelink.a : wlan.obj (.text:sl_WlanConnect)
                  2000906c    000001fc                  : driver.obj (.text:_SlDrvRxHdrRead)
                  20009268    000001f4     rtsv7M4_T_le_eabi.lib : ull_div_t2.obj (.text)
                  2000945c    000001e4     simplelink.a : driver.obj (.text:_SlDrvDataReadOp)
                  20009640    000001d0                  : driver.obj (.text:_SlDrvReleasePoolObj)
                  20009810    000001b6     rtsv7M4_T_le_eabi.lib : fd_add_t2.obj (.text)
                  200099c6    00000002     --HOLE-- [fill = 0]
                  200099c8    000001b4     simplelink.a : driver.obj (.text:_SlDrvDriverCBInit)
                  20009b7c    0000019c                  : driver.obj (.text:_SlDrvMsgWrite)
                  20009d18    00000190                  : driver.obj (.text:_SlDrvWaitForPoolObj)
                  20009ea8    00000178     driverlib.a : prcm.obj (.text:PRCMCC3200MCUInit)
                  2000a020    00000170     simplelink.a : driver.obj (.text:_SlFindAndSetActiveObj)
                  2000a190    0000016c                  : socket.obj (.text:sl_Connect)
                  2000a2fc    00000150                  : driver.obj (.text:_SlDrvDataWriteOp)
                  2000a44c    00000148                  : cc_pal.obj (.text:spi_Open)
                  2000a594    00000136     rtsv7M4_T_le_eabi.lib : fd_div_t2.obj (.text)
                  2000a6ca    00000002     --HOLE-- [fill = 0]
                  2000a6cc    0000012c     simplelink.a : netapp.obj (.text:sl_NetAppDnsGetHostByName)
                  2000a7f8    00000128                  : driver.obj (.text:_SlDrvMsgReadCmdCtx)
                  2000a920    00000124                  : driver.obj (.text:_SlDrvDriverCBDeinit)
                  2000aa44    00000118                  : socket.obj (.text:sl_Send)
                  2000ab5c    00000114     rtsv7M4_T_le_eabi.lib : strtoul.obj (.text)
                  2000ac70    00000110                           : xdscale.obj (.text)
                  2000ad80    00000104     simplelink.a : netapp.obj (.text:_SlDrvNetAppEventHandler)
                  2000ae84    000000fc     rtsv7M4_T_le_eabi.lib : fd_mul_t2.obj (.text)
                  2000af80    000000f0     simplelink.a : cc_pal.obj (.text:spi_Read)
                  2000b070    000000f0     driverlib.a : udma.obj (.text:uDMAChannelTransferSet)
                  2000b160    000000e8     simplelink.a : driver.obj (.text:_SlAsyncEventGenericHandler)
                  2000b248    000000e4                  : device.obj (.text:sl_Stop)
                  2000b32c    000000e0                  : device.obj (.text:sl_Start)
                  2000b40c    000000dc                  : driver.obj (.text:_SlDrvClassifyRxMsg)
                  2000b4e8    000000d4                  : driver.obj (.text:_SlDrvMsgReadSpawnCtx)
                  2000b5bc    000000cc                  : netapp.obj (.text:_sl_HandleAsync_DnsGetHostByService)
                  2000b688    000000c8                  : netapp.obj (.text:sl_NetAppMDNSRegisterUnregisterService)
                  2000b750    000000c4                  : driver.obj (.text:_SlRemoveFromList)
                  2000b814    000000c0                  : driver.obj (.text:_SlDrvCmdOp)
                  2000b8d4    000000be     rtsv7M4_T_le_eabi.lib : xdnorm.obj (.text)
                  2000b992    00000002     --HOLE-- [fill = 0]
                  2000b994    000000b4     simplelink.a : device.obj (.text:sl_DevGet)
                  2000ba48    000000a8     driverlib.a : interrupt.obj (.text:IntDisable)
                  2000baf0    000000a8                 : interrupt.obj (.text:IntEnable)
                  2000bb98    000000a4     simplelink.a : driver.obj (.text:_SlDriverHandleError)
                  2000bc3c    000000a0     driverlib.a : spi.obj (.text:SPIConfigSetExpClk)
                  2000bcdc    0000009c     rtsv7M4_T_le_eabi.lib : memcpy_t2.obj (.text)
                  2000bd78    0000009a     simplelink.a : device.obj (.text:_SlDrvDeviceEventHandler)
                  2000be12    00000002     --HOLE-- [fill = 0]
                  2000be14    00000098                  : cc_pal.obj (.text:spi_Write)
                  2000beac    00000094     driverlib.a : prcm.obj (.text:PRCMPeripheralClockGet)
                  2000bf40    00000090     simplelink.a : netapp.obj (.text:_sl_HandleAsync_DnsGetHostByName)
                  2000bfd0    00000090                  : netapp.obj (.text:_sl_HandleAsync_PingResponse)
                  2000c060    0000008c                  : cc_pal.obj (.text:SetupDMAReceive)
                  2000c0ec    0000008c                  : cc_pal.obj (.text:SetupDMASend)
                  2000c178    00000088     driverlib.a : pin.obj (.text:PinConfigSet)
                  2000c200    00000088     rtsv7M4_T_le_eabi.lib : vsnprintf.obj (.text)
                  2000c288    00000088     simplelink.a : socket.obj (.text:sl_Recv)
                  2000c310    00000086     rtsv7M4_T_le_eabi.lib : fd_cmp_t2.obj (.text:__aeabi_cdcmple)
                  2000c396    00000086                           : fd_cmp_t2.obj (.text:__aeabi_cdrcmple)
                  2000c41c    00000082     driverlib.a : gpio.obj (.text:GPIOIntTypeSet)
                  2000c49e    00000002     --HOLE-- [fill = 0]
                  2000c4a0    00000080     simplelink.a : socket.obj (.text:_sl_HandleAsync_Connect)
                  2000c520    00000080                  : device.obj (.text:_sl_HandleAsync_InitComplete)
                  2000c5a0    00000080                  : cc_pal.obj (.text:spi_Read_CPU)
                  2000c620    00000080                  : cc_pal.obj (.text:spi_Write_CPU)
                  2000c6a0    0000007c                  : netcfg.obj (.text:sl_NetCfgSet)
                  2000c71c    0000007c                  : socket.obj (.text:sl_SetSockOpt)
                  2000c798    0000007c                  : wlan.obj (.text:sl_WlanSet)
                  2000c814    0000007a     rtsv7M4_T_le_eabi.lib : memset_t2.obj (.text)
                  2000c88e    00000002     --HOLE-- [fill = 0]
                  2000c890    00000078     simplelink.a : nonos.obj (.text:_SlNonOsSemGet)
                  2000c908    00000078                  : wlan.obj (.text:sl_WlanPolicySet)
                  2000c980    00000078                  : cc_pal.obj (.text:spi_Close)
                  2000c9f8    00000076     driverlib.a : uart.obj (.text:UARTConfigSetExpClk)
                  2000ca6e    00000002     --HOLE-- [fill = 0]
                  2000ca70    00000074     simplelink.a : nonos.obj (.text:_SlNonOsMainLoopTask)
                  2000cae4    00000070                  : socket.obj (.text:sl_Socket)
                  2000cb54    0000006c                  : driver.obj (.text:_SlDrvCmdSend)
                  2000cbc0    0000006c                  : netapp.obj (.text:_sl_NetAppSendTokenValue)
                  2000cc2c    0000006c     rtsv7M4_T_le_eabi.lib : autoinit.obj (.text)
                  2000cc98    0000006c     simplelink.a : wlan.obj (.text:sl_WlanRxFilterSet)
                  2000cd04    0000006a     rtsv7M4_T_le_eabi.lib : copy_decompress_rle.obj (.text)
                  2000cd6e    00000066                           : xdunscal.obj (.text)
                  2000cdd4    00000064     simplelink.a : nonos.obj (.text:_SlNonOsSpawn)
                  2000ce38    00000064                  : socket.obj (.text:_sl_HandleAsync_Accept)
                  2000ce9c    00000064     pinmux.obj (.text)
                  2000cf00    00000064     driverlib.a : udma.obj (.text:uDMAChannelAttributeDisable)
                  2000cf64    00000064                 : udma.obj (.text:uDMAChannelAttributeEnable)
                  2000cfc8    00000058                 : interrupt.obj (.text:IntPendClear)
                  2000d020    00000058                 : prcm.obj (.text:PRCMPeripheralReset)
                  2000d078    00000056     rtsv7M4_T_le_eabi.lib : ltoa.obj (.text)
                  2000d0ce    00000002     --HOLE-- [fill = 0]
                  2000d0d0    00000054     driverlib.a : interrupt.obj (.text:IntPrioritySet)
                  2000d124    00000054     simplelink.a : driver.obj (.text:_SlDrvRxIrqHandler)
                  2000d178    00000054                  : socket.obj (.text:_sl_HandleAsync_Select)
                  2000d1cc    00000050                  : device.obj (.text:_sl_HandleAsync_Stop)
                  2000d21c    0000004c     driverlib.a : spi.obj (.text:SPIIntEnable)
                  2000d268    0000004c                 : spi.obj (.text:SPIIntNumberGet)
                  2000d2b4    0000004c     simplelink.a : driver.obj (.text:_SlDrvProtectAsyncRespSetting)
                  2000d300    0000004c                  : socket.obj (.text:_sl_BuildAddress)
                  2000d34c    0000004c     rtsv7M4_T_le_eabi.lib : atoi.obj (.text)
                  2000d398    0000004c                           : cpy_tbl.obj (.text)
                  2000d3e4    0000004c     driverlib.a : udma.obj (.text:uDMAChannelAssign)
                  2000d430    00000048                 : gpio.obj (.text:GPIOGetIntNumber)
                  2000d478    00000048                 : spi.obj (.text:SPIIntClear)
                  2000d4c0    00000048     simplelink.a : driver.obj (.text:_SlDrvBasicCmd)
                  2000d508    00000048     rtsv7M4_T_le_eabi.lib : fd_toi_t2.obj (.text)
                  2000d550    00000048     simplelink.a : netapp.obj (.text:sl_NetAppMDNSUnRegisterService)
                  2000d598    00000046     rtsv7M4_T_le_eabi.lib : ldexp.obj (.text)
                  2000d5de    00000002     --HOLE-- [fill = 0]
                  2000d5e0    00000044     driverlib.a : spi.obj (.text:SPIDmaMaskGet)
                  2000d624    00000044     simplelink.a : driver.obj (.text:_SlDrvHandleHttpServerEvents)
                  2000d668    00000044                  : driver.obj (.text:_SlDrvSyncObjWaitTimeout)
                  2000d6ac    00000044                  : cc_pal.obj (.text:cc_SetupTransfer)
                  2000d6f0    00000044     rtsv7M4_T_le_eabi.lib : exit.obj (.text)
                  2000d734    00000044     simplelink.a : socket.obj (.text:sl_Close)
                  2000d778    00000044                  : wlan.obj (.text:sl_WlanProfileDel)
                  2000d7bc    00000044                  : wlan.obj (.text:sl_WlanSetMode)
                  2000d800    00000042                  : socket.obj (.text:sl_Htonl)
                  2000d842    00000002     --HOLE-- [fill = 0]
                  2000d844    00000040     driverlib.a : pin.obj (.text:PinModeSet)
                  2000d884    00000040     simplelink.a : driver.obj (.text:_SlDrvHandleNetAppEvents)
                  2000d8c4    00000040                  : driver.obj (.text:_SlDrvHandleWlanEvents)
                  2000d904    00000040                  : socket.obj (.text:_sl_TruncatePayloadByProtocol)
                  2000d944    00000040     rtsv7M4_T_le_eabi.lib : signal.obj (.text)
                  2000d984    0000003e     simplelink.a : cc_pal.obj (.text:NwpRegisterInterruptHandler)
                  2000d9c2    0000003c                  : netapp.obj (.text:CopyPingResultsToReport)
                  2000d9fe    00000002     --HOLE-- [fill = 0]
                  2000da00    0000003c     driverlib.a : prcm.obj (.text:PRCMPeripheralClkEnable)
                  2000da3c    0000003c     rtsv7M4_T_le_eabi.lib : boot.obj (.text)
                  2000da78    0000003c     simplelink.a : socket.obj (.text:sl_Htons)
                  2000dab4    0000003c     driverlib.a : udma.obj (.text:uDMAChannelControlSet)
                  2000daf0    00000038     simplelink.a : cc_pal.obj (.text:NwpPowerOff)
                  2000db28    00000036     driverlib.a : gpio.obj (.text:GPIODirModeSet)
                  2000db5e    00000002     --HOLE-- [fill = 0]
                  2000db60    00000034                 : prcm.obj (.text:PRCMPeripheralStatusGet)
                  2000db94    00000034                 : spi.obj (.text:SPIFIFOLevelSet)
                  2000dbc8    00000034     rtsv7M4_T_le_eabi.lib : feraiseexcept.obj (.text)
                  2000dbfc    00000030     driverlib.a : pin.obj (.text:PinTypeGPIO)
                  2000dc2c    00000030                 : uart.obj (.text:UARTDisable)
                  2000dc5c    00000030     rtsv7M4_T_le_eabi.lib : xferaise.obj (.text)
                  2000dc8c    0000002e                           : i_tofd_t2.obj (.text)
                  2000dcba    0000002e                           : raise.obj (.text)
                  2000dce8    0000002c     driverlib.a : prcm.obj (.text:PRCMSysResetCauseGet)
                  2000dd14    0000002c     simplelink.a : driver.obj (.text:_SlDrvObjGlobalLockWaitForever)
                  2000dd40    0000002c                  : driver.obj (.text:_SlDrvProtectionObjLockWaitForever)
                  2000dd6c    0000002a     rtsv7M4_T_le_eabi.lib : xdclass.obj (.text)
                  2000dd96    00000002     --HOLE-- [fill = 0]
                  2000dd98    00000028     driverlib.a : prcm.obj (.text:PRCMPeripheralClkDisable)
                  2000ddc0    00000028     simplelink.a : driver.obj (.text:_SlDrvGlobalObjUnLock)
                  2000dde8    00000028                  : driver.obj (.text:_SlDrvProtectionObjUnLock)
                  2000de10    00000028                  : driver.obj (.text:_SlDrvSyncObjWaitForever)
                  2000de38    00000026     network_common.obj (.text)
                  2000de5e    00000026     rtsv7M4_T_le_eabi.lib : strncmp.obj (.text)
                  2000de84    00000024     simplelink.a : cc_pal.obj (.text:DmaSpiSwIntHandler)
                  2000dea8    00000024     driverlib.a : interrupt.obj (.text:IntUnregister)
                  2000decc    00000024                 : uart.obj (.text:UARTEnable)
                  2000def0    00000024     simplelink.a : driver.obj (.text:_SlDrvObjLockWaitForever)
                  2000df14    00000024     rtsv7M4_T_le_eabi.lib : memmov.obj (.text)
                  2000df38    00000022     driverlib.a : spi.obj (.text:SPIReset)
                  2000df5a    00000022                 : spi.obj (.text:SPIWordCountSet)
                  2000df7c    00000022     rtsv7M4_T_le_eabi.lib : frexp.obj (.text)
                  2000df9e    00000020     driverlib.a : gpio.obj (.text:GPIOPinWrite)
                  2000dfbe    00000002     --HOLE-- [fill = 0]
                  2000dfc0    00000020                 : interrupt.obj (.text:IntRegister)
                  2000dfe0    00000020     simplelink.a : cc_pal.obj (.text:NwpPowerOn)
                  2000e000    00000020                  : driver.obj (.text:_SlDrvObjUnLock)
                  2000e020    00000020                  : driver.obj (.text:_SlDrvSyncObjSignal)
                  2000e040    00000020                  : wlan.obj (.text:sl_WlanDisconnect)
                  2000e060    0000001e     driverlib.a : gpio.obj (.text:GPIOIntRegister)
                  2000e07e    0000001e                 : uart.obj (.text:UARTCharPut)
                  2000e09c    0000001e     simplelink.a : cc_pal.obj (.text:cc_UDMAChannelSelect)
                  2000e0ba    0000001c     driverlib.a : uart.obj (.text:UARTCharGetNonBlocking)
                  2000e0d6    0000001c     rtsv7M4_T_le_eabi.lib : memccpy.obj (.text)
                  2000e0f2    00000002     --HOLE-- [fill = 0]
                  2000e0f4    0000001c     driverlib.a : udma.obj (.text:uDMAChannelEnable)
                  2000e110    0000001a                 : gpio.obj (.text:GPIOIntEnable)
                  2000e12a    0000001a                 : pin.obj (.text:PinTypeUART)
                  2000e144    0000001a                 : spi.obj (.text:SPIDmaDisable)
                  2000e15e    0000001a                 : spi.obj (.text:SPIDmaEnable)
                  2000e178    0000001a                 : spi.obj (.text:SPIFIFODisable)
                  2000e192    0000001a                 : spi.obj (.text:SPIFIFOEnable)
                  2000e1ac    0000001a                 : spi.obj (.text:SPIIntUnregister)
                  2000e1c6    00000018                 : gpio.obj (.text:GPIOPinRead)
                  2000e1de    00000018                 : spi.obj (.text:SPICSDisable)
                  2000e1f6    00000018                 : spi.obj (.text:SPICSEnable)
                  2000e20e    00000018                 : spi.obj (.text:SPIDisable)
                  2000e226    00000018                 : spi.obj (.text:SPIEnable)
                  2000e23e    00000018                 : uart.obj (.text:UARTCharsAvail)
                  2000e256    00000018     simplelink.a : nonos.obj (.text:_SlNonOsSemSet)
                  2000e26e    00000002     --HOLE-- [fill = 0]
                  2000e270    00000018                  : device.obj (.text:_sl_GetStartResponseConvert)
                  2000e288    00000018     rtsv7M4_T_le_eabi.lib : args_main.obj (.text)
                  2000e2a0    00000018                           : strcmp.obj (.text)
                  2000e2b8    00000016     driverlib.a : prcm.obj (.text:PRCMHIBRegRead)
                  2000e2ce    00000016                 : prcm.obj (.text:PRCMHIBRegWrite)
                  2000e2e4    00000016     simplelink.a : driver.obj (.text:_SlDrvMemZero)
                  2000e2fa    00000016     rtsv7M4_T_le_eabi.lib : strchr.obj (.text)
                  2000e310    00000014     driverlib.a : cpu.obj (.text:CPUcpsie)
                  2000e324    00000014                 : gpio.obj (.text:GPIOIntClear)
                  2000e338    00000014                 : interrupt.obj (.text:IntVTableBaseSet)
                  2000e34c    00000014     rtsv7M4_T_le_eabi.lib : _lock.obj (.text)
                  2000e360    00000014                           : strcpy.obj (.text)
                  2000e374    00000014                           : strlen.obj (.text)
                  2000e388    00000010     simplelink.a : driver.obj (.text:_SlDrvDispatchHttpServerEvents)
                  2000e398    0000000e                  : driver.obj (.text:_SlDrvResetCmdExt)
                  2000e3a6    0000000e     rtsv7M4_T_le_eabi.lib : copy_decompress_none.obj (.text:decompress:none)
                  2000e3b4    0000000e     startup_ccs.obj (.text)
                  2000e3c2    00000002     --HOLE-- [fill = 0]
                  2000e3c4    0000000c     simplelink.a : cc_pal.obj (.text:NwpMaskInterrupt)
                  2000e3d0    0000000c                  : cc_pal.obj (.text:NwpUnMaskInterrupt)
                  2000e3dc    0000000c     rtsv7M4_T_le_eabi.lib : copy_zero_init.obj (.text:decompress:ZI)
                  2000e3e8    0000000a     driverlib.a : interrupt.obj (.text:IntMasterEnable)
                  2000e3f2    00000006                 : utils.obj (.text:UtilsDelay)
                  2000e3f8    00000006     rtsv7M4_T_le_eabi.lib : copy_decompress_rle.obj (.text:decompress:rle24)
                  2000e3fe    00000004                           : pre_init.obj (.text)

.const     0    2000e404    0000069c     
                  2000e404    00000101     rtsv7M4_T_le_eabi.lib : ctype.obj (.const:.string:_ctypes_)
                  2000e505    00000003     --HOLE-- [fill = 0]
                  2000e508    00000100     driverlib.a : pin.obj (.const:g_ulPinToPadMap)
                  2000e608    000000d4                 : interrupt.obj (.const:g_pulRegs)
                  2000e6dc    000000a8                 : prcm.obj (.const:PRCM_PeriphRegsList)
                  2000e784    00000080                 : interrupt.obj (.const)
                  2000e804    00000040     main.obj (.const)
                  2000e844    0000003e     main.obj (.const:.string)
                  2000e882    0000003c     simplelink.a : driver.obj (.const:OpcodeTranslateTable)
                  2000e8be    0000003c                  : wlan.obj (.const)
                  2000e8fa    00000002     --HOLE-- [fill = 0]
                  2000e8fc    00000038                  : driver.obj (.const:_SlActionLookupTable)
                  2000e934    00000038                  : driver.obj (.const)
                  2000e96c    00000034                  : socket.obj (.const)
                  2000e9a0    0000002c     main.obj (.const:$P$T1$2)
                  2000e9cc    00000028     simplelink.a : netapp.obj (.const)
                  2000e9f4    00000024     driverlib.a : spi.obj (.const:g_ppulSPIIntMap)
                  2000ea18    00000022     main.obj (.const:.string:$P$T0$1)
                  2000ea3a    0000001c     simplelink.a : device.obj (.const)
                  2000ea56    00000002     --HOLE-- [fill = 0]
                  2000ea58    00000018     driverlib.a : spi.obj (.const)
                  2000ea70    00000010     simplelink.a : socket.obj (.const:.string)
                  2000ea80    00000010     webclient.a : httpcli.obj (.const)
                  2000ea90    00000008                 : httpcli.obj (.const:.string)
                  2000ea98    00000008     simplelink.a : netcfg.obj (.const)

.cinit     0    2000eaa0    00000090     
                  2000eaa0    0000006b     (.cinit..data.load) [load image, compression = rle]
                  2000eb0b    00000001     --HOLE-- [fill = 0]
                  2000eb0c    0000000c     (__TI_handler_table)
                  2000eb18    00000008     (.cinit..bss.load) [load image, compression = zero_init]
                  2000eb20    00000010     (__TI_cinit_table)

.sysmem    0    20017000    00000800     UNINITIALIZED
                  20017000    00000008     rtsv7M4_T_le_eabi.lib : memory.obj (.sysmem)
                  20017008    000007f8     --HOLE--

.bss       0    20017800    000007aa     UNINITIALIZED
                  20017800    000005b8     main.obj (.bss:g_buff)
                  20017db8    00000168     simplelink.a : driver.obj (.bss:g_StatMem)
                  20017f20    00000050                  : cc_pal.obj (.bss:g_ucDinDout)
                  20017f70    00000024     main.obj (.bss:g_ucConnectionSSID)
                  20017f94    00000008     (.common:g_ucConnectionBSSID)
                  20017f9c    00000004     (.common:__Errorlog)
                  20017fa0    00000004     (.common:g_ulDestinationIP)
                  20017fa4    00000001     (.common:RxIrqCnt)
                  20017fa5    00000001     (.common:g_bDeviceRestartIsRequired)
                  20017fa6    00000001     (.common:g_cDummy)
                  20017fa7    00000001     (.common:g_ucLED1Pin)
                  20017fa8    00000001     (.common:g_ucLED2Pin)
                  20017fa9    00000001     (.common:g_ucLED3Pin)

.TI.noinit 
*          0    20017800    00000000     UNINITIALIZED

.data      0    20017fb0    00000238     UNINITIALIZED
                  20017fb0    000000b0     rtsv7M4_T_le_eabi.lib : signal.obj (.data:sigtable)
                  20018060    00000080                           : xvalues.obj (.data)
                  200180e0    00000048     webclient.a : httpcli.obj (.data:tlsParams)
                  20018128    0000003c     simplelink.a : nonos.obj (.data:g__SlNonOsCB)
                  20018164    00000020     gpio_if.obj (.data)
                  20018184    00000010     webclient.a : httpcli.obj (.data)
                  20018194    0000000d     simplelink.a : driver.obj (.data)
                  200181a1    00000003     --HOLE--
                  200181a4    0000000c     main.obj (.data)
                  200181b0    0000000c     rtsv7M4_T_le_eabi.lib : memory.obj (.data)
                  200181bc    00000009     simplelink.a : cc_pal.obj (.data)
                  200181c5    00000003     --HOLE--
                  200181c8    00000008     rtsv7M4_T_le_eabi.lib : _lock.obj (.data)
                  200181d0    00000008                           : exit.obj (.data)
                  200181d8    00000008                           : feraiseexcept.obj (.data)
                  200181e0    00000004                           : errno.obj (.data)
                  200181e4    00000004                           : stkdepth_vars.obj (.data)

.TI.persistent 
*          0    20017fb0    00000000     UNINITIALIZED

.stack     0    2002f800    00000800     UNINITIALIZED
                  2002f800    00000800     --HOLE--


LINKER GENERATED COPY TABLES

__TI_cinit_table @ 2000eb20 records: 2, size/record: 8, table size: 16
	.data: load addr=2000eaa0, load size=0000006b bytes, run addr=20017fb0, run size=00000238 bytes, compression=rle
	.bss: load addr=2000eb18, load size=00000008 bytes, run addr=20017800, run size=000007aa bytes, compression=zero_init


LINKER GENERATED HANDLER TABLE

__TI_handler_table @ 2000eb0c records: 3, size/record: 4, table size: 12
	index: 0, handler: __TI_decompress_rle24
	index: 1, handler: __TI_decompress_none
	index: 2, handler: __TI_zero_init


GLOBAL SYMBOLS: SORTED ALPHABETICALLY BY Name 

address   name                                  
-------   ----                                  
2000d6f1  C$$EXIT                               
2000e311  CPUcpsie                              
20008bcd  ClearTerm                             
2000de85  DmaSpiSwIntHandler                    
20008bd7  Error                                 
2000db29  GPIODirModeSet                        
2000e325  GPIOIntClear                          
2000e111  GPIOIntEnable                         
2000e061  GPIOIntRegister                       
2000c41d  GPIOIntTypeSet                        
2000e1c7  GPIOPinRead                           
2000df9f  GPIOPinWrite                          
200087c5  GPIO_IF_ConfigureNIntEnable           
20008851  GPIO_IF_Get                           
2000877f  GPIO_IF_GetPortNPin                   
20008541  GPIO_IF_LedConfigure                  
20008633  GPIO_IF_LedOff                        
2000857f  GPIO_IF_LedOn                         
200086e7  GPIO_IF_LedStatus                     
20008751  GPIO_IF_LedToggle                     
2000880d  GPIO_IF_Set                           
20008c0f  GetCmd                                
20006f0f  HTTPCli_connect                       
20007031  HTTPCli_construct                     
20007079  HTTPCli_create                        
20007091  HTTPCli_delete                        
200070c7  HTTPCli_destruct                      
2000710f  HTTPCli_disconnect                    
20007345  HTTPCli_getResponseField              
2000730f  HTTPCli_getResponseStatus             
20006e01  HTTPCli_initSockAddr                  
20007555  HTTPCli_readRawResponseBody           
200074c9  HTTPCli_readResponseBody              
2000727f  HTTPCli_sendField                     
200071b1  HTTPCli_sendRequest                   
200072d7  HTTPCli_sendRequestBody               
20007595  HTTPCli_setProxy                      
20007145  HTTPCli_setRequestFields              
2000716b  HTTPCli_setResponseFields             
20007191  HTTPCli_setSecureParams               
20008b8d  InitTerm                              
2000ba49  IntDisable                            
2000baf1  IntEnable                             
2000e3e9  IntMasterEnable                       
2000cfc9  IntPendClear                          
2000d0d1  IntPrioritySet                        
2000dfc1  IntRegister                           
2000dea9  IntUnregister                         
2000e339  IntVTableBaseSet                      
20008bab  Message                               
2000e3c5  NwpMaskInterrupt                      
2000daf1  NwpPowerOff                           
2000dfe1  NwpPowerOn                            
2000d985  NwpRegisterInterruptHandler           
2000e3d1  NwpUnMaskInterrupt                    
2000e882  OpcodeTranslateTable                  
20009ea9  PRCMCC3200MCUInit                     
2000e2b9  PRCMHIBRegRead                        
2000e2cf  PRCMHIBRegWrite                       
2000dd99  PRCMPeripheralClkDisable              
2000da01  PRCMPeripheralClkEnable               
2000bead  PRCMPeripheralClockGet                
2000d021  PRCMPeripheralReset                   
2000db61  PRCMPeripheralStatusGet               
2000dce9  PRCMSysResetCauseGet                  
20004c93  ParseJSONData                         
2000c179  PinConfigSet                          
2000d845  PinModeSet                            
2000ce9d  PinMuxConfig                          
2000dbfd  PinTypeGPIO                           
2000e12b  PinTypeUART                           
20008d4d  Report                                
2000e3b5  ResetISR                              
20017fa4  RxIrqCnt                              
UNDEFED   SHT$$INIT_ARRAY$$Base                 
UNDEFED   SHT$$INIT_ARRAY$$Limit                
2000e1df  SPICSDisable                          
2000e1f7  SPICSEnable                           
2000bc3d  SPIConfigSetExpClk                    
2000e20f  SPIDisable                            
2000e145  SPIDmaDisable                         
2000e15f  SPIDmaEnable                          
2000e227  SPIEnable                             
2000e179  SPIFIFODisable                        
2000e193  SPIFIFOEnable                         
2000db95  SPIFIFOLevelSet                       
2000d479  SPIIntClear                           
2000d21d  SPIIntEnable                          
2000e1ad  SPIIntUnregister                      
2000df39  SPIReset                              
2000df5b  SPIWordCountSet                       
200044d1  SimpleLinkGeneralEventHandler         
200044a9  SimpleLinkHttpServerCallback          
20004411  SimpleLinkNetAppEventHandler          
200044e7  SimpleLinkSockEventHandler            
20004309  SimpleLinkWlanEventHandler            
200088b9  Ssock_construct                       
200088f9  Ssock_create                          
20008913  Ssock_delete                          
2000893b  Ssock_destruct                        
2000898d  Ssock_getSocket                       
2000899b  Ssock_recv                            
200089f5  Ssock_recvall                         
20008a39  Ssock_send                            
20008b53  Ssock_startSecure                     
20008cb5  TrimSpace                             
2000e0bb  UARTCharGetNonBlocking                
2000e07f  UARTCharPut                           
2000e23f  UARTCharsAvail                        
2000c9f9  UARTConfigSetExpClk                   
2000dc2d  UARTDisable                           
2000decd  UARTEnable                            
2000e3f3  UtilsDelay                            
2000dd6d  _Dclass                               
20018060  _Denorm                               
2000b8d5  _Dnorm                                
2000ac71  _Dscale                               
2000cd6f  _Dunscale                             
20018070  _Eps                                  
200181e0  _Errno                                
200181d8  _Fenv                                 
2000dc5d  _Feraise                              
20018080  _Hugeval                              
20018090  _Inf                                  
200180a0  _Nan                                  
200180c0  _Rteps                                
2000e8fc  _SlActionLookupTable                  
2000bb99  _SlDriverHandleError                  
2000d4c1  _SlDrvBasicCmd                        
2000b815  _SlDrvCmdOp                           
2000cb55  _SlDrvCmdSend                         
2000945d  _SlDrvDataReadOp                      
2000a2fd  _SlDrvDataWriteOp                     
2000bd79  _SlDrvDeviceEventHandler              
2000e389  _SlDrvDispatchHttpServerEvents        
2000a921  _SlDrvDriverCBDeinit                  
200099c9  _SlDrvDriverCBInit                    
2000ddc1  _SlDrvGlobalObjUnLock                 
2000d625  _SlDrvHandleHttpServerEvents          
2000d885  _SlDrvHandleNetAppEvents              
2000d8c5  _SlDrvHandleWlanEvents                
2000e2e5  _SlDrvMemZero                         
2000b4e9  _SlDrvMsgReadSpawnCtx                 
2000ad81  _SlDrvNetAppEventHandler              
2000def1  _SlDrvObjLockWaitForever              
2000e001  _SlDrvObjUnLock                       
2000d2b5  _SlDrvProtectAsyncRespSetting         
2000dd41  _SlDrvProtectionObjLockWaitForever    
2000dde9  _SlDrvProtectionObjUnLock             
20009641  _SlDrvReleasePoolObj                  
2000e399  _SlDrvResetCmdExt                     
2000d125  _SlDrvRxIrqHandler                    
2000e021  _SlDrvSyncObjSignal                   
2000de11  _SlDrvSyncObjWaitForever              
2000d669  _SlDrvSyncObjWaitTimeout              
20009d19  _SlDrvWaitForPoolObj                  
2000e9e8  _SlNetAppSendTokenValueCmdCtrl        
2000ca71  _SlNonOsMainLoopTask                  
2000c891  _SlNonOsSemGet                        
2000e257  _SlNonOsSemSet                        
2000cdd5  _SlNonOsSpawn                         
200180b0  _Snan                                 
200181dc  _Tls_setup__Fenv                      
200180d0  _Xbig                                 
200180d8  _Zero                                 
20030000  __STACK_END                           
00000800  __STACK_SIZE                          
00000800  __SYSMEM_SIZE                         
2000eb20  __TI_CINIT_Base                       
2000eb30  __TI_CINIT_Limit                      
2000eb0c  __TI_Handler_Table_Base               
2000eb18  __TI_Handler_Table_Limit              
2000cc2d  __TI_auto_init                        
200181d0  __TI_cleanup_ptr                      
2000e3a7  __TI_decompress_none                  
2000e3f9  __TI_decompress_rle24                 
200181d4  __TI_dtors_ptr                        
200062dd  __TI_printfi                          
2000eaa0  __TI_static_base__                    
2000e3dd  __TI_zero_init                        
2000c311  __aeabi_cdcmpeq                       
2000c311  __aeabi_cdcmple                       
2000c397  __aeabi_cdrcmple                      
2000d509  __aeabi_d2iz                          
2000981b  __aeabi_dadd                          
2000a595  __aeabi_ddiv                          
2000ae85  __aeabi_dmul                          
20009811  __aeabi_dsub                          
2000dc8d  __aeabi_i2d                           
2000c815  __aeabi_memclr                        
2000c815  __aeabi_memclr4                       
2000c815  __aeabi_memclr8                       
2000bcdd  __aeabi_memcpy                        
2000bcdd  __aeabi_memcpy4                       
2000bcdd  __aeabi_memcpy8                       
2000c817  __aeabi_memset                        
2000c817  __aeabi_memset4                       
2000c817  __aeabi_memset8                       
20009269  __aeabi_uldivmod                      
ffffffff  __binit__                             
ffffffff  __c_args__                            
2002f800  __stack                               
2000e289  _args_main                            
2000da3d  _c_int00                              
2000e404  _ctypes_                              
200181c8  _lock                                 
2000e35b  _nop                                  
2000e353  _register_lock                        
2000e34d  _register_unlock                      
2000ce39  _sl_HandleAsync_Accept                
2000c4a1  _sl_HandleAsync_Connect               
2000bf41  _sl_HandleAsync_DnsGetHostByName      
2000b5bd  _sl_HandleAsync_DnsGetHostByService   
2000c521  _sl_HandleAsync_InitComplete          
2000bfd1  _sl_HandleAsync_PingResponse          
2000d179  _sl_HandleAsync_Select                
2000d1cd  _sl_HandleAsync_Stop                  
2000cbc1  _sl_NetAppSendTokenValue              
20017000  _sys_memory                           
2000e3ff  _system_pre_init                      
200181cc  _unlock                               
2000d6f5  abort                                 
2000d34d  atoi                                  
ffffffff  binit                                 
2000662b  bufferedRecv                          
200181ac  bytesReceived                         
200084d1  calloc                                
2000d399  copy_in                               
2000d6fd  exit                                  
2000dbc9  feraiseexcept                         
2000821f  free                                  
2000df7d  frexp                                 
200181bc  g_SpiFd                               
20018128  g__SlNonOsCB                          
20017fa5  g_bDeviceRestartIsRequired            
20017800  g_buff                                
20017fa6  g_cDummy                              
20018198  g_pCB                                 
200181c0  g_pHostIntHdl                         
20004000  g_pfnVectors                          
20017f94  g_ucConnectionBSSID                   
20017f70  g_ucConnectionSSID                    
200181c4  g_ucDMAEnabled                        
20017f20  g_ucDinDout                           
20017fa7  g_ucLED1Pin                           
20017fa8  g_ucLED2Pin                           
20017fa9  g_ucLED3Pin                           
20018178  g_uiLED1Port                          
2001817c  g_uiLED2Port                          
20018180  g_uiLED3Port                          
20017fa0  g_ulDestinationIP                     
200181a8  g_ulGatewayIP                         
200181a4  g_ulStatus                            
20007b7b  jsmn_init                             
20007869  jsmn_parse                            
2000d599  ldexp                                 
2000d079  ltoa                                  
200052ed  main                                  
200181e4  main_func_sp                          
200081b7  malloc                                
200083ed  memalign                              
2000e0d7  memccpy                               
2000bcdd  memcpy                                
2000df15  memmove                               
2000c81d  memset                                
20008129  minit                                 
2001819c  pPingCallBackFunc                     
2000dcbb  raise                                 
200082e1  realloc                               
2000d945  signal                                
2000d735  sl_Close                              
2000a191  sl_Connect                            
2000b995  sl_DevGet                             
2000d801  sl_Htonl                              
2000da79  sl_Htons                              
2000a6cd  sl_NetAppDnsGetHostByName             
2000b689  sl_NetAppMDNSRegisterUnregisterService
2000d551  sl_NetAppMDNSUnRegisterService        
2000c6a1  sl_NetCfgSet                          
2000de39  sl_Provisioning_HttpServerEventHdl    
2000de47  sl_Provisioning_NetAppEventHdl        
2000de53  sl_Provisioning_WlanEventHdl          
2000c289  sl_Recv                               
2000aa45  sl_Send                               
2000c71d  sl_SetSockOpt                         
2000cae5  sl_Socket                             
2000b32d  sl_Start                              
2000b249  sl_Stop                               
20008e0d  sl_WlanConnect                        
2000e041  sl_WlanDisconnect                     
2000c909  sl_WlanPolicySet                      
2000d779  sl_WlanProfileDel                     
2000cc99  sl_WlanRxFilterSet                    
2000c799  sl_WlanSet                            
2000d7bd  sl_WlanSetMode                        
2000c981  spi_Close                             
2000a44d  spi_Open                              
2000af81  spi_Read                              
2000be15  spi_Write                             
2000e2fb  strchr                                
2000e2a1  strcmp                                
2000e361  strcpy                                
2000e375  strlen                                
2000de5f  strncmp                               
2000ab5d  strtoul                               
2000d3e5  uDMAChannelAssign                     
2000cf01  uDMAChannelAttributeDisable           
2000cf65  uDMAChannelAttributeEnable            
2000dab5  uDMAChannelControlSet                 
2000e0f5  uDMAChannelEnable                     
2000b071  uDMAChannelTransferSet                
2000c201  vsnprintf                             


GLOBAL SYMBOLS: SORTED BY Symbol Address 

address   name                                  
-------   ----                                  
00000800  __STACK_SIZE                          
00000800  __SYSMEM_SIZE                         
20004000  g_pfnVectors                          
20004309  SimpleLinkWlanEventHandler            
20004411  SimpleLinkNetAppEventHandler          
200044a9  SimpleLinkHttpServerCallback          
200044d1  SimpleLinkGeneralEventHandler         
200044e7  SimpleLinkSockEventHandler            
20004c93  ParseJSONData                         
200052ed  main                                  
200062dd  __TI_printfi                          
2000662b  bufferedRecv                          
20006e01  HTTPCli_initSockAddr                  
20006f0f  HTTPCli_connect                       
20007031  HTTPCli_construct                     
20007079  HTTPCli_create                        
20007091  HTTPCli_delete                        
200070c7  HTTPCli_destruct                      
2000710f  HTTPCli_disconnect                    
20007145  HTTPCli_setRequestFields              
2000716b  HTTPCli_setResponseFields             
20007191  HTTPCli_setSecureParams               
200071b1  HTTPCli_sendRequest                   
2000727f  HTTPCli_sendField                     
200072d7  HTTPCli_sendRequestBody               
2000730f  HTTPCli_getResponseStatus             
20007345  HTTPCli_getResponseField              
200074c9  HTTPCli_readResponseBody              
20007555  HTTPCli_readRawResponseBody           
20007595  HTTPCli_setProxy                      
20007869  jsmn_parse                            
20007b7b  jsmn_init                             
20008129  minit                                 
200081b7  malloc                                
2000821f  free                                  
200082e1  realloc                               
200083ed  memalign                              
200084d1  calloc                                
20008541  GPIO_IF_LedConfigure                  
2000857f  GPIO_IF_LedOn                         
20008633  GPIO_IF_LedOff                        
200086e7  GPIO_IF_LedStatus                     
20008751  GPIO_IF_LedToggle                     
2000877f  GPIO_IF_GetPortNPin                   
200087c5  GPIO_IF_ConfigureNIntEnable           
2000880d  GPIO_IF_Set                           
20008851  GPIO_IF_Get                           
200088b9  Ssock_construct                       
200088f9  Ssock_create                          
20008913  Ssock_delete                          
2000893b  Ssock_destruct                        
2000898d  Ssock_getSocket                       
2000899b  Ssock_recv                            
200089f5  Ssock_recvall                         
20008a39  Ssock_send                            
20008b53  Ssock_startSecure                     
20008b8d  InitTerm                              
20008bab  Message                               
20008bcd  ClearTerm                             
20008bd7  Error                                 
20008c0f  GetCmd                                
20008cb5  TrimSpace                             
20008d4d  Report                                
20008e0d  sl_WlanConnect                        
20009269  __aeabi_uldivmod                      
2000945d  _SlDrvDataReadOp                      
20009641  _SlDrvReleasePoolObj                  
20009811  __aeabi_dsub                          
2000981b  __aeabi_dadd                          
200099c9  _SlDrvDriverCBInit                    
20009d19  _SlDrvWaitForPoolObj                  
20009ea9  PRCMCC3200MCUInit                     
2000a191  sl_Connect                            
2000a2fd  _SlDrvDataWriteOp                     
2000a44d  spi_Open                              
2000a595  __aeabi_ddiv                          
2000a6cd  sl_NetAppDnsGetHostByName             
2000a921  _SlDrvDriverCBDeinit                  
2000aa45  sl_Send                               
2000ab5d  strtoul                               
2000ac71  _Dscale                               
2000ad81  _SlDrvNetAppEventHandler              
2000ae85  __aeabi_dmul                          
2000af81  spi_Read                              
2000b071  uDMAChannelTransferSet                
2000b249  sl_Stop                               
2000b32d  sl_Start                              
2000b4e9  _SlDrvMsgReadSpawnCtx                 
2000b5bd  _sl_HandleAsync_DnsGetHostByService   
2000b689  sl_NetAppMDNSRegisterUnregisterService
2000b815  _SlDrvCmdOp                           
2000b8d5  _Dnorm                                
2000b995  sl_DevGet                             
2000ba49  IntDisable                            
2000baf1  IntEnable                             
2000bb99  _SlDriverHandleError                  
2000bc3d  SPIConfigSetExpClk                    
2000bcdd  __aeabi_memcpy                        
2000bcdd  __aeabi_memcpy4                       
2000bcdd  __aeabi_memcpy8                       
2000bcdd  memcpy                                
2000bd79  _SlDrvDeviceEventHandler              
2000be15  spi_Write                             
2000bead  PRCMPeripheralClockGet                
2000bf41  _sl_HandleAsync_DnsGetHostByName      
2000bfd1  _sl_HandleAsync_PingResponse          
2000c179  PinConfigSet                          
2000c201  vsnprintf                             
2000c289  sl_Recv                               
2000c311  __aeabi_cdcmpeq                       
2000c311  __aeabi_cdcmple                       
2000c397  __aeabi_cdrcmple                      
2000c41d  GPIOIntTypeSet                        
2000c4a1  _sl_HandleAsync_Connect               
2000c521  _sl_HandleAsync_InitComplete          
2000c6a1  sl_NetCfgSet                          
2000c71d  sl_SetSockOpt                         
2000c799  sl_WlanSet                            
2000c815  __aeabi_memclr                        
2000c815  __aeabi_memclr4                       
2000c815  __aeabi_memclr8                       
2000c817  __aeabi_memset                        
2000c817  __aeabi_memset4                       
2000c817  __aeabi_memset8                       
2000c81d  memset                                
2000c891  _SlNonOsSemGet                        
2000c909  sl_WlanPolicySet                      
2000c981  spi_Close                             
2000c9f9  UARTConfigSetExpClk                   
2000ca71  _SlNonOsMainLoopTask                  
2000cae5  sl_Socket                             
2000cb55  _SlDrvCmdSend                         
2000cbc1  _sl_NetAppSendTokenValue              
2000cc2d  __TI_auto_init                        
2000cc99  sl_WlanRxFilterSet                    
2000cd6f  _Dunscale                             
2000cdd5  _SlNonOsSpawn                         
2000ce39  _sl_HandleAsync_Accept                
2000ce9d  PinMuxConfig                          
2000cf01  uDMAChannelAttributeDisable           
2000cf65  uDMAChannelAttributeEnable            
2000cfc9  IntPendClear                          
2000d021  PRCMPeripheralReset                   
2000d079  ltoa                                  
2000d0d1  IntPrioritySet                        
2000d125  _SlDrvRxIrqHandler                    
2000d179  _sl_HandleAsync_Select                
2000d1cd  _sl_HandleAsync_Stop                  
2000d21d  SPIIntEnable                          
2000d2b5  _SlDrvProtectAsyncRespSetting         
2000d34d  atoi                                  
2000d399  copy_in                               
2000d3e5  uDMAChannelAssign                     
2000d479  SPIIntClear                           
2000d4c1  _SlDrvBasicCmd                        
2000d509  __aeabi_d2iz                          
2000d551  sl_NetAppMDNSUnRegisterService        
2000d599  ldexp                                 
2000d625  _SlDrvHandleHttpServerEvents          
2000d669  _SlDrvSyncObjWaitTimeout              
2000d6f1  C$$EXIT                               
2000d6f5  abort                                 
2000d6fd  exit                                  
2000d735  sl_Close                              
2000d779  sl_WlanProfileDel                     
2000d7bd  sl_WlanSetMode                        
2000d801  sl_Htonl                              
2000d845  PinModeSet                            
2000d885  _SlDrvHandleNetAppEvents              
2000d8c5  _SlDrvHandleWlanEvents                
2000d945  signal                                
2000d985  NwpRegisterInterruptHandler           
2000da01  PRCMPeripheralClkEnable               
2000da3d  _c_int00                              
2000da79  sl_Htons                              
2000dab5  uDMAChannelControlSet                 
2000daf1  NwpPowerOff                           
2000db29  GPIODirModeSet                        
2000db61  PRCMPeripheralStatusGet               
2000db95  SPIFIFOLevelSet                       
2000dbc9  feraiseexcept                         
2000dbfd  PinTypeGPIO                           
2000dc2d  UARTDisable                           
2000dc5d  _Feraise                              
2000dc8d  __aeabi_i2d                           
2000dcbb  raise                                 
2000dce9  PRCMSysResetCauseGet                  
2000dd41  _SlDrvProtectionObjLockWaitForever    
2000dd6d  _Dclass                               
2000dd99  PRCMPeripheralClkDisable              
2000ddc1  _SlDrvGlobalObjUnLock                 
2000dde9  _SlDrvProtectionObjUnLock             
2000de11  _SlDrvSyncObjWaitForever              
2000de39  sl_Provisioning_HttpServerEventHdl    
2000de47  sl_Provisioning_NetAppEventHdl        
2000de53  sl_Provisioning_WlanEventHdl          
2000de5f  strncmp                               
2000de85  DmaSpiSwIntHandler                    
2000dea9  IntUnregister                         
2000decd  UARTEnable                            
2000def1  _SlDrvObjLockWaitForever              
2000df15  memmove                               
2000df39  SPIReset                              
2000df5b  SPIWordCountSet                       
2000df7d  frexp                                 
2000df9f  GPIOPinWrite                          
2000dfc1  IntRegister                           
2000dfe1  NwpPowerOn                            
2000e001  _SlDrvObjUnLock                       
2000e021  _SlDrvSyncObjSignal                   
2000e041  sl_WlanDisconnect                     
2000e061  GPIOIntRegister                       
2000e07f  UARTCharPut                           
2000e0bb  UARTCharGetNonBlocking                
2000e0d7  memccpy                               
2000e0f5  uDMAChannelEnable                     
2000e111  GPIOIntEnable                         
2000e12b  PinTypeUART                           
2000e145  SPIDmaDisable                         
2000e15f  SPIDmaEnable                          
2000e179  SPIFIFODisable                        
2000e193  SPIFIFOEnable                         
2000e1ad  SPIIntUnregister                      
2000e1c7  GPIOPinRead                           
2000e1df  SPICSDisable                          
2000e1f7  SPICSEnable                           
2000e20f  SPIDisable                            
2000e227  SPIEnable                             
2000e23f  UARTCharsAvail                        
2000e257  _SlNonOsSemSet                        
2000e289  _args_main                            
2000e2a1  strcmp                                
2000e2b9  PRCMHIBRegRead                        
2000e2cf  PRCMHIBRegWrite                       
2000e2e5  _SlDrvMemZero                         
2000e2fb  strchr                                
2000e311  CPUcpsie                              
2000e325  GPIOIntClear                          
2000e339  IntVTableBaseSet                      
2000e34d  _register_unlock                      
2000e353  _register_lock                        
2000e35b  _nop                                  
2000e361  strcpy                                
2000e375  strlen                                
2000e389  _SlDrvDispatchHttpServerEvents        
2000e399  _SlDrvResetCmdExt                     
2000e3a7  __TI_decompress_none                  
2000e3b5  ResetISR                              
2000e3c5  NwpMaskInterrupt                      
2000e3d1  NwpUnMaskInterrupt                    
2000e3dd  __TI_zero_init                        
2000e3e9  IntMasterEnable                       
2000e3f3  UtilsDelay                            
2000e3f9  __TI_decompress_rle24                 
2000e3ff  _system_pre_init                      
2000e404  _ctypes_                              
2000e882  OpcodeTranslateTable                  
2000e8fc  _SlActionLookupTable                  
2000e9e8  _SlNetAppSendTokenValueCmdCtrl        
2000eaa0  __TI_static_base__                    
2000eb0c  __TI_Handler_Table_Base               
2000eb18  __TI_Handler_Table_Limit              
2000eb20  __TI_CINIT_Base                       
2000eb30  __TI_CINIT_Limit                      
20017000  _sys_memory                           
20017800  g_buff                                
20017f20  g_ucDinDout                           
20017f70  g_ucConnectionSSID                    
20017f94  g_ucConnectionBSSID                   
20017fa0  g_ulDestinationIP                     
20017fa4  RxIrqCnt                              
20017fa5  g_bDeviceRestartIsRequired            
20017fa6  g_cDummy                              
20017fa7  g_ucLED1Pin                           
20017fa8  g_ucLED2Pin                           
20017fa9  g_ucLED3Pin                           
20018060  _Denorm                               
20018070  _Eps                                  
20018080  _Hugeval                              
20018090  _Inf                                  
200180a0  _Nan                                  
200180b0  _Snan                                 
200180c0  _Rteps                                
200180d0  _Xbig                                 
200180d8  _Zero                                 
20018128  g__SlNonOsCB                          
20018178  g_uiLED1Port                          
2001817c  g_uiLED2Port                          
20018180  g_uiLED3Port                          
20018198  g_pCB                                 
2001819c  pPingCallBackFunc                     
200181a4  g_ulStatus                            
200181a8  g_ulGatewayIP                         
200181ac  bytesReceived                         
200181bc  g_SpiFd                               
200181c0  g_pHostIntHdl                         
200181c4  g_ucDMAEnabled                        
200181c8  _lock                                 
200181cc  _unlock                               
200181d0  __TI_cleanup_ptr                      
200181d4  __TI_dtors_ptr                        
200181d8  _Fenv                                 
200181dc  _Tls_setup__Fenv                      
200181e0  _Errno                                
200181e4  main_func_sp                          
2002f800  __stack                               
20030000  __STACK_END                           
ffffffff  __binit__                             
ffffffff  __c_args__                            
ffffffff  binit                                 
UNDEFED   SHT$$INIT_ARRAY$$Base                 
UNDEFED   SHT$$INIT_ARRAY$$Limit                

[312 symbols]
