******************************************************************************
                  TI ARM Linker PC v5.2.5                      
******************************************************************************
>> Linked Thu Apr 07 03:19:17 2016

OUTPUT FILE NAME:   <http_client_demo.out>
ENTRY POINT SYMBOL: "_c_int00"  address: 2000db4d


MEMORY CONFIGURATION

         name            origin    length      used     unused   attr    fill
----------------------  --------  ---------  --------  --------  ----  --------
  SRAM_CODE             20004000   00013000  0000abb2  0000844e  RW X
  SRAM_DATA             20017000   00019000  000019bf  00017641  RW X


SEGMENT ALLOCATION MAP

run origin  load origin   length   init length attrs members
----------  ----------- ---------- ----------- ----- -------
20004000    20004000    0000abb8   0000abb8    r-x
  20004000    20004000    00000400   00000400    r-- .intvecs
  20004400    20004400    0000a03e   0000a03e    r-x .text
  2000e440    2000e440    000006f4   000006f4    r-- .const
  2000eb38    2000eb38    00000080   00000080    r-- .cinit
20017000    20017000    000011c0   00000000    rw-
  20017000    20017000    00000800   00000000    rw- .sysmem
  20017800    20017800    000007a7   00000000    rw- .bss
  20017fa8    20017fa8    00000218   00000000    rw- .data
2002f800    2002f800    00000800   00000000    rw-
  2002f800    2002f800    00000800   00000000    rw- .stack


SECTION ALLOCATION MAP

 output                                  attributes/
section   page    origin      length       input sections
--------  ----  ----------  ----------   ----------------
.intvecs   0    20004000    00000400     
                  20004000    00000400     startup_ccs.obj (.intvecs)

.init_array 
*          0    20004000    00000000     UNINITIALIZED

.text      0    20004400    0000a03e     
                  20004400    000016b8     main.obj (.text)
                  20005ab8    000010a6     rtsv7M4_T_le_eabi.lib : _printfi.obj (.text)
                  20006b5e    00000002     driverlib.a : interrupt.obj (.text:IntDefaultHandler)
                  20006b60    00000fc4     webclient.a : httpcli.obj (.text)
                  20007b24    000005f0     json.a : jsmn.obj (.text)
                  20008114    00000590     simplelink.a : driver.obj (.text:_SlDrvMsgRead)
                  200086a4    000003dc     rtsv7M4_T_le_eabi.lib : memory.obj (.text)
                  20008a80    000002ea     webclient.a : ssock.obj (.text)
                  20008d6a    00000002     --HOLE-- [fill = 0]
                  20008d6c    00000280     uart_if.obj (.text)
                  20008fec    00000260     simplelink.a : wlan.obj (.text:sl_WlanConnect)
                  2000924c    000001fc                  : driver.obj (.text:_SlDrvRxHdrRead)
                  20009448    000001f4     rtsv7M4_T_le_eabi.lib : ull_div_t2.obj (.text)
                  2000963c    000001e4     simplelink.a : driver.obj (.text:_SlDrvDataReadOp)
                  20009820    000001d0                  : driver.obj (.text:_SlDrvReleasePoolObj)
                  200099f0    000001b6     rtsv7M4_T_le_eabi.lib : fd_add_t2.obj (.text)
                  20009ba6    00000002     --HOLE-- [fill = 0]
                  20009ba8    000001b4     simplelink.a : driver.obj (.text:_SlDrvDriverCBInit)
                  20009d5c    0000019c                  : driver.obj (.text:_SlDrvMsgWrite)
                  20009ef8    00000190                  : driver.obj (.text:_SlDrvWaitForPoolObj)
                  2000a088    00000178     driverlib.a : prcm.obj (.text:PRCMCC3200MCUInit)
                  2000a200    00000170     simplelink.a : driver.obj (.text:_SlFindAndSetActiveObj)
                  2000a370    0000016c                  : socket.obj (.text:sl_Connect)
                  2000a4dc    00000150                  : driver.obj (.text:_SlDrvDataWriteOp)
                  2000a62c    00000148                  : cc_pal.obj (.text:spi_Open)
                  2000a774    00000136     rtsv7M4_T_le_eabi.lib : fd_div_t2.obj (.text)
                  2000a8aa    00000002     --HOLE-- [fill = 0]
                  2000a8ac    0000012c     simplelink.a : netapp.obj (.text:sl_NetAppDnsGetHostByName)
                  2000a9d8    00000128                  : driver.obj (.text:_SlDrvMsgReadCmdCtx)
                  2000ab00    00000124                  : driver.obj (.text:_SlDrvDriverCBDeinit)
                  2000ac24    00000118                  : socket.obj (.text:sl_Send)
                  2000ad3c    00000114     rtsv7M4_T_le_eabi.lib : strtoul.obj (.text)
                  2000ae50    00000110                           : xdscale.obj (.text)
                  2000af60    00000104     simplelink.a : netapp.obj (.text:_SlDrvNetAppEventHandler)
                  2000b064    000000fc     rtsv7M4_T_le_eabi.lib : fd_mul_t2.obj (.text)
                  2000b160    000000f0     simplelink.a : cc_pal.obj (.text:spi_Read)
                  2000b250    000000f0     driverlib.a : udma.obj (.text:uDMAChannelTransferSet)
                  2000b340    000000e8     simplelink.a : driver.obj (.text:_SlAsyncEventGenericHandler)
                  2000b428    000000e4                  : device.obj (.text:sl_Stop)
                  2000b50c    000000e0                  : device.obj (.text:sl_Start)
                  2000b5ec    000000dc                  : driver.obj (.text:_SlDrvClassifyRxMsg)
                  2000b6c8    000000d4                  : driver.obj (.text:_SlDrvMsgReadSpawnCtx)
                  2000b79c    000000cc                  : netapp.obj (.text:_sl_HandleAsync_DnsGetHostByService)
                  2000b868    000000c8                  : netapp.obj (.text:sl_NetAppMDNSRegisterUnregisterService)
                  2000b930    000000c4                  : driver.obj (.text:_SlRemoveFromList)
                  2000b9f4    000000c0                  : driver.obj (.text:_SlDrvCmdOp)
                  2000bab4    000000be     rtsv7M4_T_le_eabi.lib : xdnorm.obj (.text)
                  2000bb72    00000002     --HOLE-- [fill = 0]
                  2000bb74    000000b4     simplelink.a : device.obj (.text:sl_DevGet)
                  2000bc28    000000a8     driverlib.a : interrupt.obj (.text:IntDisable)
                  2000bcd0    000000a8                 : interrupt.obj (.text:IntEnable)
                  2000bd78    000000a4     simplelink.a : driver.obj (.text:_SlDriverHandleError)
                  2000be1c    000000a0     driverlib.a : spi.obj (.text:SPIConfigSetExpClk)
                  2000bebc    0000009c     rtsv7M4_T_le_eabi.lib : memcpy_t2.obj (.text)
                  2000bf58    0000009a     simplelink.a : device.obj (.text:_SlDrvDeviceEventHandler)
                  2000bff2    00000002     --HOLE-- [fill = 0]
                  2000bff4    00000098                  : cc_pal.obj (.text:spi_Write)
                  2000c08c    00000094     driverlib.a : prcm.obj (.text:PRCMPeripheralClockGet)
                  2000c120    00000090     simplelink.a : netapp.obj (.text:_sl_HandleAsync_DnsGetHostByName)
                  2000c1b0    00000090                  : netapp.obj (.text:_sl_HandleAsync_PingResponse)
                  2000c240    0000008c                  : cc_pal.obj (.text:SetupDMAReceive)
                  2000c2cc    0000008c                  : cc_pal.obj (.text:SetupDMASend)
                  2000c358    00000088     driverlib.a : pin.obj (.text:PinConfigSet)
                  2000c3e0    00000088     rtsv7M4_T_le_eabi.lib : vsnprintf.obj (.text)
                  2000c468    00000088     simplelink.a : socket.obj (.text:sl_Recv)
                  2000c4f0    00000086     rtsv7M4_T_le_eabi.lib : fd_cmp_t2.obj (.text:__aeabi_cdcmple)
                  2000c576    00000086                           : fd_cmp_t2.obj (.text:__aeabi_cdrcmple)
                  2000c5fc    00000080     simplelink.a : socket.obj (.text:_sl_HandleAsync_Connect)
                  2000c67c    00000080                  : device.obj (.text:_sl_HandleAsync_InitComplete)
                  2000c6fc    00000080                  : cc_pal.obj (.text:spi_Read_CPU)
                  2000c77c    00000080                  : cc_pal.obj (.text:spi_Write_CPU)
                  2000c7fc    0000007c                  : netcfg.obj (.text:sl_NetCfgSet)
                  2000c878    0000007c                  : socket.obj (.text:sl_SetSockOpt)
                  2000c8f4    0000007c                  : wlan.obj (.text:sl_WlanSet)
                  2000c970    0000007a     rtsv7M4_T_le_eabi.lib : memset_t2.obj (.text)
                  2000c9ea    00000002     --HOLE-- [fill = 0]
                  2000c9ec    00000078     simplelink.a : nonos.obj (.text:_SlNonOsSemGet)
                  2000ca64    00000078                  : wlan.obj (.text:sl_WlanPolicySet)
                  2000cadc    00000078                  : cc_pal.obj (.text:spi_Close)
                  2000cb54    00000076     driverlib.a : uart.obj (.text:UARTConfigSetExpClk)
                  2000cbca    00000002     --HOLE-- [fill = 0]
                  2000cbcc    00000074     simplelink.a : nonos.obj (.text:_SlNonOsMainLoopTask)
                  2000cc40    00000070                  : socket.obj (.text:sl_Socket)
                  2000ccb0    0000006c                  : driver.obj (.text:_SlDrvCmdSend)
                  2000cd1c    0000006c                  : netapp.obj (.text:_sl_NetAppSendTokenValue)
                  2000cd88    0000006c     rtsv7M4_T_le_eabi.lib : autoinit.obj (.text)
                  2000cdf4    0000006c     simplelink.a : wlan.obj (.text:sl_WlanRxFilterSet)
                  2000ce60    0000006a     rtsv7M4_T_le_eabi.lib : copy_decompress_rle.obj (.text)
                  2000ceca    00000066                           : xdunscal.obj (.text)
                  2000cf30    00000064     simplelink.a : nonos.obj (.text:_SlNonOsSpawn)
                  2000cf94    00000064                  : socket.obj (.text:_sl_HandleAsync_Accept)
                  2000cff8    00000064     driverlib.a : udma.obj (.text:uDMAChannelAttributeDisable)
                  2000d05c    00000064                 : udma.obj (.text:uDMAChannelAttributeEnable)
                  2000d0c0    00000060     rtsv7M4_T_le_eabi.lib : sprintf.obj (.text)
                  2000d120    00000058     driverlib.a : interrupt.obj (.text:IntPendClear)
                  2000d178    00000058                 : prcm.obj (.text:PRCMPeripheralReset)
                  2000d1d0    00000056     rtsv7M4_T_le_eabi.lib : ltoa.obj (.text)
                  2000d226    00000002     --HOLE-- [fill = 0]
                  2000d228    00000054     driverlib.a : interrupt.obj (.text:IntPrioritySet)
                  2000d27c    00000054     simplelink.a : driver.obj (.text:_SlDrvRxIrqHandler)
                  2000d2d0    00000054                  : socket.obj (.text:_sl_HandleAsync_Select)
                  2000d324    00000050                  : device.obj (.text:_sl_HandleAsync_Stop)
                  2000d374    0000004c     driverlib.a : spi.obj (.text:SPIIntEnable)
                  2000d3c0    0000004c                 : spi.obj (.text:SPIIntNumberGet)
                  2000d40c    0000004c     simplelink.a : driver.obj (.text:_SlDrvProtectAsyncRespSetting)
                  2000d458    0000004c                  : socket.obj (.text:_sl_BuildAddress)
                  2000d4a4    0000004c     rtsv7M4_T_le_eabi.lib : atoi.obj (.text)
                  2000d4f0    0000004c                           : cpy_tbl.obj (.text)
                  2000d53c    0000004c     driverlib.a : udma.obj (.text:uDMAChannelAssign)
                  2000d588    00000048                 : spi.obj (.text:SPIIntClear)
                  2000d5d0    00000048     simplelink.a : driver.obj (.text:_SlDrvBasicCmd)
                  2000d618    00000048     rtsv7M4_T_le_eabi.lib : fd_toi_t2.obj (.text)
                  2000d660    00000048     simplelink.a : netapp.obj (.text:sl_NetAppMDNSUnRegisterService)
                  2000d6a8    00000046     rtsv7M4_T_le_eabi.lib : ldexp.obj (.text)
                  2000d6ee    00000002     --HOLE-- [fill = 0]
                  2000d6f0    00000044     driverlib.a : spi.obj (.text:SPIDmaMaskGet)
                  2000d734    00000044     simplelink.a : driver.obj (.text:_SlDrvHandleHttpServerEvents)
                  2000d778    00000044                  : driver.obj (.text:_SlDrvSyncObjWaitTimeout)
                  2000d7bc    00000044                  : cc_pal.obj (.text:cc_SetupTransfer)
                  2000d800    00000044     rtsv7M4_T_le_eabi.lib : exit.obj (.text)
                  2000d844    00000044     simplelink.a : socket.obj (.text:sl_Close)
                  2000d888    00000044                  : wlan.obj (.text:sl_WlanProfileDel)
                  2000d8cc    00000044                  : wlan.obj (.text:sl_WlanSetMode)
                  2000d910    00000042                  : socket.obj (.text:sl_Htonl)
                  2000d952    00000002     --HOLE-- [fill = 0]
                  2000d954    00000040     driverlib.a : pin.obj (.text:PinModeSet)
                  2000d994    00000040     simplelink.a : driver.obj (.text:_SlDrvHandleNetAppEvents)
                  2000d9d4    00000040                  : driver.obj (.text:_SlDrvHandleWlanEvents)
                  2000da14    00000040                  : socket.obj (.text:_sl_TruncatePayloadByProtocol)
                  2000da54    00000040     rtsv7M4_T_le_eabi.lib : signal.obj (.text)
                  2000da94    0000003e     simplelink.a : cc_pal.obj (.text:NwpRegisterInterruptHandler)
                  2000dad2    0000003c                  : netapp.obj (.text:CopyPingResultsToReport)
                  2000db0e    00000002     --HOLE-- [fill = 0]
                  2000db10    0000003c     driverlib.a : prcm.obj (.text:PRCMPeripheralClkEnable)
                  2000db4c    0000003c     rtsv7M4_T_le_eabi.lib : boot.obj (.text)
                  2000db88    0000003c     simplelink.a : socket.obj (.text:sl_Htons)
                  2000dbc4    0000003c     driverlib.a : udma.obj (.text:uDMAChannelControlSet)
                  2000dc00    00000038     simplelink.a : cc_pal.obj (.text:NwpPowerOff)
                  2000dc38    00000034     driverlib.a : prcm.obj (.text:PRCMPeripheralStatusGet)
                  2000dc6c    00000034                 : spi.obj (.text:SPIFIFOLevelSet)
                  2000dca0    00000034     rtsv7M4_T_le_eabi.lib : feraiseexcept.obj (.text)
                  2000dcd4    00000030     driverlib.a : uart.obj (.text:UARTDisable)
                  2000dd04    00000030     rtsv7M4_T_le_eabi.lib : xferaise.obj (.text)
                  2000dd34    0000002e                           : i_tofd_t2.obj (.text)
                  2000dd62    0000002e                           : raise.obj (.text)
                  2000dd90    0000002c     driverlib.a : prcm.obj (.text:PRCMSysResetCauseGet)
                  2000ddbc    0000002c     simplelink.a : driver.obj (.text:_SlDrvObjGlobalLockWaitForever)
                  2000dde8    0000002c                  : driver.obj (.text:_SlDrvProtectionObjLockWaitForever)
                  2000de14    0000002a     rtsv7M4_T_le_eabi.lib : xdclass.obj (.text)
                  2000de3e    00000002     --HOLE-- [fill = 0]
                  2000de40    00000028     driverlib.a : prcm.obj (.text:PRCMPeripheralClkDisable)
                  2000de68    00000028     simplelink.a : driver.obj (.text:_SlDrvGlobalObjUnLock)
                  2000de90    00000028                  : driver.obj (.text:_SlDrvProtectionObjUnLock)
                  2000deb8    00000028                  : driver.obj (.text:_SlDrvSyncObjWaitForever)
                  2000dee0    00000026     network_common.obj (.text)
                  2000df06    00000026     rtsv7M4_T_le_eabi.lib : strncmp.obj (.text)
                  2000df2c    00000024     simplelink.a : cc_pal.obj (.text:DmaSpiSwIntHandler)
                  2000df50    00000024     driverlib.a : interrupt.obj (.text:IntUnregister)
                  2000df74    00000024                 : uart.obj (.text:UARTEnable)
                  2000df98    00000024     simplelink.a : driver.obj (.text:_SlDrvObjLockWaitForever)
                  2000dfbc    00000024     rtsv7M4_T_le_eabi.lib : memmov.obj (.text)
                  2000dfe0    00000022     driverlib.a : spi.obj (.text:SPIReset)
                  2000e002    00000022                 : spi.obj (.text:SPIWordCountSet)
                  2000e024    00000022     rtsv7M4_T_le_eabi.lib : frexp.obj (.text)
                  2000e046    00000002     --HOLE-- [fill = 0]
                  2000e048    00000020     driverlib.a : interrupt.obj (.text:IntRegister)
                  2000e068    00000020     simplelink.a : cc_pal.obj (.text:NwpPowerOn)
                  2000e088    00000020                  : driver.obj (.text:_SlDrvObjUnLock)
                  2000e0a8    00000020                  : driver.obj (.text:_SlDrvSyncObjSignal)
                  2000e0c8    00000020                  : wlan.obj (.text:sl_WlanDisconnect)
                  2000e0e8    0000001e     driverlib.a : uart.obj (.text:UARTCharPut)
                  2000e106    0000001e     simplelink.a : cc_pal.obj (.text:cc_UDMAChannelSelect)
                  2000e124    0000001c     driverlib.a : uart.obj (.text:UARTCharGetNonBlocking)
                  2000e140    0000001c     pinmux.obj (.text)
                  2000e15c    0000001c     rtsv7M4_T_le_eabi.lib : memccpy.obj (.text)
                  2000e178    0000001c     driverlib.a : udma.obj (.text:uDMAChannelEnable)
                  2000e194    0000001a                 : pin.obj (.text:PinTypeUART)
                  2000e1ae    0000001a                 : spi.obj (.text:SPIDmaDisable)
                  2000e1c8    0000001a                 : spi.obj (.text:SPIDmaEnable)
                  2000e1e2    0000001a                 : spi.obj (.text:SPIFIFODisable)
                  2000e1fc    0000001a                 : spi.obj (.text:SPIFIFOEnable)
                  2000e216    0000001a                 : spi.obj (.text:SPIIntUnregister)
                  2000e230    00000018                 : spi.obj (.text:SPICSDisable)
                  2000e248    00000018                 : spi.obj (.text:SPICSEnable)
                  2000e260    00000018                 : spi.obj (.text:SPIDisable)
                  2000e278    00000018                 : spi.obj (.text:SPIEnable)
                  2000e290    00000018                 : uart.obj (.text:UARTCharsAvail)
                  2000e2a8    00000018     simplelink.a : nonos.obj (.text:_SlNonOsSemSet)
                  2000e2c0    00000018                  : device.obj (.text:_sl_GetStartResponseConvert)
                  2000e2d8    00000018     rtsv7M4_T_le_eabi.lib : args_main.obj (.text)
                  2000e2f0    00000018                           : strcmp.obj (.text)
                  2000e308    00000016     driverlib.a : prcm.obj (.text:PRCMHIBRegRead)
                  2000e31e    00000016                 : prcm.obj (.text:PRCMHIBRegWrite)
                  2000e334    00000016     simplelink.a : driver.obj (.text:_SlDrvMemZero)
                  2000e34a    00000016     rtsv7M4_T_le_eabi.lib : strchr.obj (.text)
                  2000e360    00000014     driverlib.a : cpu.obj (.text:CPUcpsie)
                  2000e374    00000014                 : interrupt.obj (.text:IntVTableBaseSet)
                  2000e388    00000014     rtsv7M4_T_le_eabi.lib : _lock.obj (.text)
                  2000e39c    00000014                           : strcpy.obj (.text)
                  2000e3b0    00000014                           : strlen.obj (.text)
                  2000e3c4    00000010     simplelink.a : driver.obj (.text:_SlDrvDispatchHttpServerEvents)
                  2000e3d4    0000000e                  : driver.obj (.text:_SlDrvResetCmdExt)
                  2000e3e2    0000000e     rtsv7M4_T_le_eabi.lib : copy_decompress_none.obj (.text:decompress:none)
                  2000e3f0    0000000e     startup_ccs.obj (.text)
                  2000e3fe    00000002     --HOLE-- [fill = 0]
                  2000e400    0000000c     simplelink.a : cc_pal.obj (.text:NwpMaskInterrupt)
                  2000e40c    0000000c                  : cc_pal.obj (.text:NwpUnMaskInterrupt)
                  2000e418    0000000c     rtsv7M4_T_le_eabi.lib : copy_zero_init.obj (.text:decompress:ZI)
                  2000e424    0000000a     driverlib.a : interrupt.obj (.text:IntMasterEnable)
                  2000e42e    00000006                 : utils.obj (.text:UtilsDelay)
                  2000e434    00000006     rtsv7M4_T_le_eabi.lib : copy_decompress_rle.obj (.text:decompress:rle24)
                  2000e43a    00000004                           : pre_init.obj (.text)

.const     0    2000e440    000006f4     
                  2000e440    00000101     rtsv7M4_T_le_eabi.lib : ctype.obj (.const:.string:_ctypes_)
                  2000e541    00000003     --HOLE-- [fill = 0]
                  2000e544    00000100     driverlib.a : pin.obj (.const:g_ulPinToPadMap)
                  2000e644    000000d4                 : interrupt.obj (.const:g_pulRegs)
                  2000e718    000000a8                 : prcm.obj (.const:PRCM_PeriphRegsList)
                  2000e7c0    00000098     main.obj (.const)
                  2000e858    00000080     driverlib.a : interrupt.obj (.const)
                  2000e8d8    0000003e     main.obj (.const:.string)
                  2000e916    0000003c     simplelink.a : driver.obj (.const:OpcodeTranslateTable)
                  2000e952    0000003c                  : wlan.obj (.const)
                  2000e98e    00000002     --HOLE-- [fill = 0]
                  2000e990    00000038                  : driver.obj (.const:_SlActionLookupTable)
                  2000e9c8    00000038                  : driver.obj (.const)
                  2000ea00    00000034                  : socket.obj (.const)
                  2000ea34    0000002c     main.obj (.const:$P$T1$2)
                  2000ea60    00000028     simplelink.a : netapp.obj (.const)
                  2000ea88    00000024     driverlib.a : spi.obj (.const:g_ppulSPIIntMap)
                  2000eaac    00000022     main.obj (.const:.string:$P$T0$1)
                  2000eace    0000001c     simplelink.a : device.obj (.const)
                  2000eaea    00000002     --HOLE-- [fill = 0]
                  2000eaec    00000018     driverlib.a : spi.obj (.const)
                  2000eb04    00000010     simplelink.a : socket.obj (.const:.string)
                  2000eb14    00000010     webclient.a : httpcli.obj (.const)
                  2000eb24    00000008                 : httpcli.obj (.const:.string)
                  2000eb2c    00000008     simplelink.a : netcfg.obj (.const)

.cinit     0    2000eb38    00000080     
                  2000eb38    00000055     (.cinit..data.load) [load image, compression = rle]
                  2000eb8d    00000003     --HOLE-- [fill = 0]
                  2000eb90    0000000c     (__TI_handler_table)
                  2000eb9c    00000004     --HOLE-- [fill = 0]
                  2000eba0    00000008     (.cinit..bss.load) [load image, compression = zero_init]
                  2000eba8    00000010     (__TI_cinit_table)

.sysmem    0    20017000    00000800     UNINITIALIZED
                  20017000    00000008     rtsv7M4_T_le_eabi.lib : memory.obj (.sysmem)
                  20017008    000007f8     --HOLE--

.bss       0    20017800    000007a7     UNINITIALIZED
                  20017800    000005b8     main.obj (.bss:g_buff)
                  20017db8    00000168     simplelink.a : driver.obj (.bss:g_StatMem)
                  20017f20    00000050                  : cc_pal.obj (.bss:g_ucDinDout)
                  20017f70    00000024     main.obj (.bss:g_ucConnectionSSID)
                  20017f94    00000008     (.common:g_ucConnectionBSSID)
                  20017f9c    00000004     (.common:__Errorlog)
                  20017fa0    00000004     (.common:g_ulDestinationIP)
                  20017fa4    00000001     (.common:RxIrqCnt)
                  20017fa5    00000001     (.common:g_bDeviceRestartIsRequired)
                  20017fa6    00000001     (.common:g_cDummy)

.TI.noinit 
*          0    20017800    00000000     UNINITIALIZED

.data      0    20017fa8    00000218     UNINITIALIZED
                  20017fa8    000000b0     rtsv7M4_T_le_eabi.lib : signal.obj (.data:sigtable)
                  20018058    00000080                           : xvalues.obj (.data)
                  200180d8    00000048     webclient.a : httpcli.obj (.data:tlsParams)
                  20018120    0000003c     simplelink.a : nonos.obj (.data:g__SlNonOsCB)
                  2001815c    00000010     webclient.a : httpcli.obj (.data)
                  2001816c    0000000d     simplelink.a : driver.obj (.data)
                  20018179    00000003     --HOLE--
                  2001817c    0000000c     main.obj (.data)
                  20018188    0000000c     rtsv7M4_T_le_eabi.lib : memory.obj (.data)
                  20018194    00000009     simplelink.a : cc_pal.obj (.data)
                  2001819d    00000003     --HOLE--
                  200181a0    00000008     rtsv7M4_T_le_eabi.lib : _lock.obj (.data)
                  200181a8    00000008                           : exit.obj (.data)
                  200181b0    00000008                           : feraiseexcept.obj (.data)
                  200181b8    00000004                           : errno.obj (.data)
                  200181bc    00000004                           : stkdepth_vars.obj (.data)

.TI.persistent 
*          0    20017fa8    00000000     UNINITIALIZED

.stack     0    2002f800    00000800     UNINITIALIZED
                  2002f800    00000800     --HOLE--


LINKER GENERATED COPY TABLES

__TI_cinit_table @ 2000eba8 records: 2, size/record: 8, table size: 16
	.data: load addr=2000eb38, load size=00000055 bytes, run addr=20017fa8, run size=00000218 bytes, compression=rle
	.bss: load addr=2000eba0, load size=00000008 bytes, run addr=20017800, run size=000007a7 bytes, compression=zero_init


LINKER GENERATED HANDLER TABLE

__TI_handler_table @ 2000eb90 records: 3, size/record: 4, table size: 12
	index: 0, handler: __TI_decompress_rle24
	index: 1, handler: __TI_decompress_none
	index: 2, handler: __TI_zero_init


GLOBAL SYMBOLS: SORTED ALPHABETICALLY BY Name 

address   name                                  
-------   ----                                  
2000d801  C$$EXIT                               
2000e361  CPUcpsie                              
20008dad  ClearTerm                             
2000df2d  DmaSpiSwIntHandler                    
20008db7  Error                                 
20008def  GetCmd                                
2000748b  HTTPCli_connect                       
200075ad  HTTPCli_construct                     
200075f5  HTTPCli_create                        
2000760d  HTTPCli_delete                        
20007643  HTTPCli_destruct                      
2000768b  HTTPCli_disconnect                    
200078c1  HTTPCli_getResponseField              
2000788b  HTTPCli_getResponseStatus             
2000737d  HTTPCli_initSockAddr                  
20007ad1  HTTPCli_readRawResponseBody           
20007a45  HTTPCli_readResponseBody              
200077fb  HTTPCli_sendField                     
2000772d  HTTPCli_sendRequest                   
20007853  HTTPCli_sendRequestBody               
20007b11  HTTPCli_setProxy                      
200076c1  HTTPCli_setRequestFields              
200076e7  HTTPCli_setResponseFields             
2000770d  HTTPCli_setSecureParams               
20008d6d  InitTerm                              
2000bc29  IntDisable                            
2000bcd1  IntEnable                             
2000e425  IntMasterEnable                       
2000d121  IntPendClear                          
2000d229  IntPrioritySet                        
2000e049  IntRegister                           
2000df51  IntUnregister                         
2000e375  IntVTableBaseSet                      
20008d8b  Message                               
2000e401  NwpMaskInterrupt                      
2000dc01  NwpPowerOff                           
2000e069  NwpPowerOn                            
2000da95  NwpRegisterInterruptHandler           
2000e40d  NwpUnMaskInterrupt                    
2000e916  OpcodeTranslateTable                  
2000a089  PRCMCC3200MCUInit                     
2000e309  PRCMHIBRegRead                        
2000e31f  PRCMHIBRegWrite                       
2000de41  PRCMPeripheralClkDisable              
2000db11  PRCMPeripheralClkEnable               
2000c08d  PRCMPeripheralClockGet                
2000d179  PRCMPeripheralReset                   
2000dc39  PRCMPeripheralStatusGet               
2000dd91  PRCMSysResetCauseGet                  
20004d8b  ParseJSONData                         
2000c359  PinConfigSet                          
2000d955  PinModeSet                            
2000e141  PinMuxConfig                          
2000e195  PinTypeUART                           
20008f2d  Report                                
2000e3f1  ResetISR                              
20017fa4  RxIrqCnt                              
UNDEFED   SHT$$INIT_ARRAY$$Base                 
UNDEFED   SHT$$INIT_ARRAY$$Limit                
2000e231  SPICSDisable                          
2000e249  SPICSEnable                           
2000be1d  SPIConfigSetExpClk                    
2000e261  SPIDisable                            
2000e1af  SPIDmaDisable                         
2000e1c9  SPIDmaEnable                          
2000e279  SPIEnable                             
2000e1e3  SPIFIFODisable                        
2000e1fd  SPIFIFOEnable                         
2000dc6d  SPIFIFOLevelSet                       
2000d589  SPIIntClear                           
2000d375  SPIIntEnable                          
2000e217  SPIIntUnregister                      
2000dfe1  SPIReset                              
2000e003  SPIWordCountSet                       
200045c9  SimpleLinkGeneralEventHandler         
200045a1  SimpleLinkHttpServerCallback          
20004509  SimpleLinkNetAppEventHandler          
200045df  SimpleLinkSockEventHandler            
20004401  SimpleLinkWlanEventHandler            
20008a99  Ssock_construct                       
20008ad9  Ssock_create                          
20008af3  Ssock_delete                          
20008b1b  Ssock_destruct                        
20008b6d  Ssock_getSocket                       
20008b7b  Ssock_recv                            
20008bd5  Ssock_recvall                         
20008c19  Ssock_send                            
20008d33  Ssock_startSecure                     
20008e95  TrimSpace                             
2000e125  UARTCharGetNonBlocking                
2000e0e9  UARTCharPut                           
2000e291  UARTCharsAvail                        
2000cb55  UARTConfigSetExpClk                   
2000dcd5  UARTDisable                           
2000df75  UARTEnable                            
2000e42f  UtilsDelay                            
2000de15  _Dclass                               
20018058  _Denorm                               
2000bab5  _Dnorm                                
2000ae51  _Dscale                               
2000cecb  _Dunscale                             
20018068  _Eps                                  
200181b8  _Errno                                
200181b0  _Fenv                                 
2000dd05  _Feraise                              
20018078  _Hugeval                              
20018088  _Inf                                  
20018098  _Nan                                  
200180b8  _Rteps                                
2000e990  _SlActionLookupTable                  
2000bd79  _SlDriverHandleError                  
2000d5d1  _SlDrvBasicCmd                        
2000b9f5  _SlDrvCmdOp                           
2000ccb1  _SlDrvCmdSend                         
2000963d  _SlDrvDataReadOp                      
2000a4dd  _SlDrvDataWriteOp                     
2000bf59  _SlDrvDeviceEventHandler              
2000e3c5  _SlDrvDispatchHttpServerEvents        
2000ab01  _SlDrvDriverCBDeinit                  
20009ba9  _SlDrvDriverCBInit                    
2000de69  _SlDrvGlobalObjUnLock                 
2000d735  _SlDrvHandleHttpServerEvents          
2000d995  _SlDrvHandleNetAppEvents              
2000d9d5  _SlDrvHandleWlanEvents                
2000e335  _SlDrvMemZero                         
2000b6c9  _SlDrvMsgReadSpawnCtx                 
2000af61  _SlDrvNetAppEventHandler              
2000df99  _SlDrvObjLockWaitForever              
2000e089  _SlDrvObjUnLock                       
2000d40d  _SlDrvProtectAsyncRespSetting         
2000dde9  _SlDrvProtectionObjLockWaitForever    
2000de91  _SlDrvProtectionObjUnLock             
20009821  _SlDrvReleasePoolObj                  
2000e3d5  _SlDrvResetCmdExt                     
2000d27d  _SlDrvRxIrqHandler                    
2000e0a9  _SlDrvSyncObjSignal                   
2000deb9  _SlDrvSyncObjWaitForever              
2000d779  _SlDrvSyncObjWaitTimeout              
20009ef9  _SlDrvWaitForPoolObj                  
2000ea7c  _SlNetAppSendTokenValueCmdCtrl        
2000cbcd  _SlNonOsMainLoopTask                  
2000c9ed  _SlNonOsSemGet                        
2000e2a9  _SlNonOsSemSet                        
2000cf31  _SlNonOsSpawn                         
200180a8  _Snan                                 
200181b4  _Tls_setup__Fenv                      
200180c8  _Xbig                                 
200180d0  _Zero                                 
20030000  __STACK_END                           
00000800  __STACK_SIZE                          
00000800  __SYSMEM_SIZE                         
2000eba8  __TI_CINIT_Base                       
2000ebb8  __TI_CINIT_Limit                      
2000eb90  __TI_Handler_Table_Base               
2000eb9c  __TI_Handler_Table_Limit              
2000cd89  __TI_auto_init                        
200181a8  __TI_cleanup_ptr                      
2000e3e3  __TI_decompress_none                  
2000e435  __TI_decompress_rle24                 
200181ac  __TI_dtors_ptr                        
20006859  __TI_printfi                          
2000eb38  __TI_static_base__                    
2000e419  __TI_zero_init                        
2000c4f1  __aeabi_cdcmpeq                       
2000c4f1  __aeabi_cdcmple                       
2000c577  __aeabi_cdrcmple                      
2000d619  __aeabi_d2iz                          
200099fb  __aeabi_dadd                          
2000a775  __aeabi_ddiv                          
2000b065  __aeabi_dmul                          
200099f1  __aeabi_dsub                          
2000dd35  __aeabi_i2d                           
2000c971  __aeabi_memclr                        
2000c971  __aeabi_memclr4                       
2000c971  __aeabi_memclr8                       
2000bebd  __aeabi_memcpy                        
2000bebd  __aeabi_memcpy4                       
2000bebd  __aeabi_memcpy8                       
2000c973  __aeabi_memset                        
2000c973  __aeabi_memset4                       
2000c973  __aeabi_memset8                       
20009449  __aeabi_uldivmod                      
ffffffff  __binit__                             
ffffffff  __c_args__                            
2002f800  __stack                               
2000e2d9  _args_main                            
2000db4d  _c_int00                              
2000e440  _ctypes_                              
200181a0  _lock                                 
2000e397  _nop                                  
2000e38f  _register_lock                        
2000e389  _register_unlock                      
2000cf95  _sl_HandleAsync_Accept                
2000c5fd  _sl_HandleAsync_Connect               
2000c121  _sl_HandleAsync_DnsGetHostByName      
2000b79d  _sl_HandleAsync_DnsGetHostByService   
2000c67d  _sl_HandleAsync_InitComplete          
2000c1b1  _sl_HandleAsync_PingResponse          
2000d2d1  _sl_HandleAsync_Select                
2000d325  _sl_HandleAsync_Stop                  
2000cd1d  _sl_NetAppSendTokenValue              
20017000  _sys_memory                           
2000e43b  _system_pre_init                      
200181a4  _unlock                               
2000d805  abort                                 
2000d4a5  atoi                                  
ffffffff  binit                                 
20006ba7  bufferedRecv                          
20018184  bytesReceived                         
20008a4d  calloc                                
2000d4f1  copy_in                               
2000d80d  exit                                  
2000dca1  feraiseexcept                         
2000879b  free                                  
2000e025  frexp                                 
20018194  g_SpiFd                               
20018120  g__SlNonOsCB                          
20017fa5  g_bDeviceRestartIsRequired            
20017800  g_buff                                
20017fa6  g_cDummy                              
20018170  g_pCB                                 
20018198  g_pHostIntHdl                         
20004000  g_pfnVectors                          
20017f94  g_ucConnectionBSSID                   
20017f70  g_ucConnectionSSID                    
2001819c  g_ucDMAEnabled                        
20017f20  g_ucDinDout                           
20017fa0  g_ulDestinationIP                     
20018180  g_ulGatewayIP                         
2001817c  g_ulStatus                            
200080f7  jsmn_init                             
20007de5  jsmn_parse                            
2000d6a9  ldexp                                 
2000d1d1  ltoa                                  
200057d9  main                                  
200181bc  main_func_sp                          
20008733  malloc                                
20008969  memalign                              
2000e15d  memccpy                               
2000bebd  memcpy                                
2000dfbd  memmove                               
2000c979  memset                                
200086a5  minit                                 
20018174  pPingCallBackFunc                     
2000dd63  raise                                 
2000885d  realloc                               
2000da55  signal                                
2000d845  sl_Close                              
2000a371  sl_Connect                            
2000bb75  sl_DevGet                             
2000d911  sl_Htonl                              
2000db89  sl_Htons                              
2000a8ad  sl_NetAppDnsGetHostByName             
2000b869  sl_NetAppMDNSRegisterUnregisterService
2000d661  sl_NetAppMDNSUnRegisterService        
2000c7fd  sl_NetCfgSet                          
2000dee1  sl_Provisioning_HttpServerEventHdl    
2000deef  sl_Provisioning_NetAppEventHdl        
2000defb  sl_Provisioning_WlanEventHdl          
2000c469  sl_Recv                               
2000ac25  sl_Send                               
2000c879  sl_SetSockOpt                         
2000cc41  sl_Socket                             
2000b50d  sl_Start                              
2000b429  sl_Stop                               
20008fed  sl_WlanConnect                        
2000e0c9  sl_WlanDisconnect                     
2000ca65  sl_WlanPolicySet                      
2000d889  sl_WlanProfileDel                     
2000cdf5  sl_WlanRxFilterSet                    
2000c8f5  sl_WlanSet                            
2000d8cd  sl_WlanSetMode                        
2000cadd  spi_Close                             
2000a62d  spi_Open                              
2000b161  spi_Read                              
2000bff5  spi_Write                             
2000d0c1  sprintf                               
2000e34b  strchr                                
2000e2f1  strcmp                                
2000e39d  strcpy                                
2000e3b1  strlen                                
2000df07  strncmp                               
2000ad3d  strtoul                               
2000d53d  uDMAChannelAssign                     
2000cff9  uDMAChannelAttributeDisable           
2000d05d  uDMAChannelAttributeEnable            
2000dbc5  uDMAChannelControlSet                 
2000e179  uDMAChannelEnable                     
2000b251  uDMAChannelTransferSet                
2000c3e1  vsnprintf                             


GLOBAL SYMBOLS: SORTED BY Symbol Address 

address   name                                  
-------   ----                                  
00000800  __STACK_SIZE                          
00000800  __SYSMEM_SIZE                         
20004000  g_pfnVectors                          
20004401  SimpleLinkWlanEventHandler            
20004509  SimpleLinkNetAppEventHandler          
200045a1  SimpleLinkHttpServerCallback          
200045c9  SimpleLinkGeneralEventHandler         
200045df  SimpleLinkSockEventHandler            
20004d8b  ParseJSONData                         
200057d9  main                                  
20006859  __TI_printfi                          
20006ba7  bufferedRecv                          
2000737d  HTTPCli_initSockAddr                  
2000748b  HTTPCli_connect                       
200075ad  HTTPCli_construct                     
200075f5  HTTPCli_create                        
2000760d  HTTPCli_delete                        
20007643  HTTPCli_destruct                      
2000768b  HTTPCli_disconnect                    
200076c1  HTTPCli_setRequestFields              
200076e7  HTTPCli_setResponseFields             
2000770d  HTTPCli_setSecureParams               
2000772d  HTTPCli_sendRequest                   
200077fb  HTTPCli_sendField                     
20007853  HTTPCli_sendRequestBody               
2000788b  HTTPCli_getResponseStatus             
200078c1  HTTPCli_getResponseField              
20007a45  HTTPCli_readResponseBody              
20007ad1  HTTPCli_readRawResponseBody           
20007b11  HTTPCli_setProxy                      
20007de5  jsmn_parse                            
200080f7  jsmn_init                             
200086a5  minit                                 
20008733  malloc                                
2000879b  free                                  
2000885d  realloc                               
20008969  memalign                              
20008a4d  calloc                                
20008a99  Ssock_construct                       
20008ad9  Ssock_create                          
20008af3  Ssock_delete                          
20008b1b  Ssock_destruct                        
20008b6d  Ssock_getSocket                       
20008b7b  Ssock_recv                            
20008bd5  Ssock_recvall                         
20008c19  Ssock_send                            
20008d33  Ssock_startSecure                     
20008d6d  InitTerm                              
20008d8b  Message                               
20008dad  ClearTerm                             
20008db7  Error                                 
20008def  GetCmd                                
20008e95  TrimSpace                             
20008f2d  Report                                
20008fed  sl_WlanConnect                        
20009449  __aeabi_uldivmod                      
2000963d  _SlDrvDataReadOp                      
20009821  _SlDrvReleasePoolObj                  
200099f1  __aeabi_dsub                          
200099fb  __aeabi_dadd                          
20009ba9  _SlDrvDriverCBInit                    
20009ef9  _SlDrvWaitForPoolObj                  
2000a089  PRCMCC3200MCUInit                     
2000a371  sl_Connect                            
2000a4dd  _SlDrvDataWriteOp                     
2000a62d  spi_Open                              
2000a775  __aeabi_ddiv                          
2000a8ad  sl_NetAppDnsGetHostByName             
2000ab01  _SlDrvDriverCBDeinit                  
2000ac25  sl_Send                               
2000ad3d  strtoul                               
2000ae51  _Dscale                               
2000af61  _SlDrvNetAppEventHandler              
2000b065  __aeabi_dmul                          
2000b161  spi_Read                              
2000b251  uDMAChannelTransferSet                
2000b429  sl_Stop                               
2000b50d  sl_Start                              
2000b6c9  _SlDrvMsgReadSpawnCtx                 
2000b79d  _sl_HandleAsync_DnsGetHostByService   
2000b869  sl_NetAppMDNSRegisterUnregisterService
2000b9f5  _SlDrvCmdOp                           
2000bab5  _Dnorm                                
2000bb75  sl_DevGet                             
2000bc29  IntDisable                            
2000bcd1  IntEnable                             
2000bd79  _SlDriverHandleError                  
2000be1d  SPIConfigSetExpClk                    
2000bebd  __aeabi_memcpy                        
2000bebd  __aeabi_memcpy4                       
2000bebd  __aeabi_memcpy8                       
2000bebd  memcpy                                
2000bf59  _SlDrvDeviceEventHandler              
2000bff5  spi_Write                             
2000c08d  PRCMPeripheralClockGet                
2000c121  _sl_HandleAsync_DnsGetHostByName      
2000c1b1  _sl_HandleAsync_PingResponse          
2000c359  PinConfigSet                          
2000c3e1  vsnprintf                             
2000c469  sl_Recv                               
2000c4f1  __aeabi_cdcmpeq                       
2000c4f1  __aeabi_cdcmple                       
2000c577  __aeabi_cdrcmple                      
2000c5fd  _sl_HandleAsync_Connect               
2000c67d  _sl_HandleAsync_InitComplete          
2000c7fd  sl_NetCfgSet                          
2000c879  sl_SetSockOpt                         
2000c8f5  sl_WlanSet                            
2000c971  __aeabi_memclr                        
2000c971  __aeabi_memclr4                       
2000c971  __aeabi_memclr8                       
2000c973  __aeabi_memset                        
2000c973  __aeabi_memset4                       
2000c973  __aeabi_memset8                       
2000c979  memset                                
2000c9ed  _SlNonOsSemGet                        
2000ca65  sl_WlanPolicySet                      
2000cadd  spi_Close                             
2000cb55  UARTConfigSetExpClk                   
2000cbcd  _SlNonOsMainLoopTask                  
2000cc41  sl_Socket                             
2000ccb1  _SlDrvCmdSend                         
2000cd1d  _sl_NetAppSendTokenValue              
2000cd89  __TI_auto_init                        
2000cdf5  sl_WlanRxFilterSet                    
2000cecb  _Dunscale                             
2000cf31  _SlNonOsSpawn                         
2000cf95  _sl_HandleAsync_Accept                
2000cff9  uDMAChannelAttributeDisable           
2000d05d  uDMAChannelAttributeEnable            
2000d0c1  sprintf                               
2000d121  IntPendClear                          
2000d179  PRCMPeripheralReset                   
2000d1d1  ltoa                                  
2000d229  IntPrioritySet                        
2000d27d  _SlDrvRxIrqHandler                    
2000d2d1  _sl_HandleAsync_Select                
2000d325  _sl_HandleAsync_Stop                  
2000d375  SPIIntEnable                          
2000d40d  _SlDrvProtectAsyncRespSetting         
2000d4a5  atoi                                  
2000d4f1  copy_in                               
2000d53d  uDMAChannelAssign                     
2000d589  SPIIntClear                           
2000d5d1  _SlDrvBasicCmd                        
2000d619  __aeabi_d2iz                          
2000d661  sl_NetAppMDNSUnRegisterService        
2000d6a9  ldexp                                 
2000d735  _SlDrvHandleHttpServerEvents          
2000d779  _SlDrvSyncObjWaitTimeout              
2000d801  C$$EXIT                               
2000d805  abort                                 
2000d80d  exit                                  
2000d845  sl_Close                              
2000d889  sl_WlanProfileDel                     
2000d8cd  sl_WlanSetMode                        
2000d911  sl_Htonl                              
2000d955  PinModeSet                            
2000d995  _SlDrvHandleNetAppEvents              
2000d9d5  _SlDrvHandleWlanEvents                
2000da55  signal                                
2000da95  NwpRegisterInterruptHandler           
2000db11  PRCMPeripheralClkEnable               
2000db4d  _c_int00                              
2000db89  sl_Htons                              
2000dbc5  uDMAChannelControlSet                 
2000dc01  NwpPowerOff                           
2000dc39  PRCMPeripheralStatusGet               
2000dc6d  SPIFIFOLevelSet                       
2000dca1  feraiseexcept                         
2000dcd5  UARTDisable                           
2000dd05  _Feraise                              
2000dd35  __aeabi_i2d                           
2000dd63  raise                                 
2000dd91  PRCMSysResetCauseGet                  
2000dde9  _SlDrvProtectionObjLockWaitForever    
2000de15  _Dclass                               
2000de41  PRCMPeripheralClkDisable              
2000de69  _SlDrvGlobalObjUnLock                 
2000de91  _SlDrvProtectionObjUnLock             
2000deb9  _SlDrvSyncObjWaitForever              
2000dee1  sl_Provisioning_HttpServerEventHdl    
2000deef  sl_Provisioning_NetAppEventHdl        
2000defb  sl_Provisioning_WlanEventHdl          
2000df07  strncmp                               
2000df2d  DmaSpiSwIntHandler                    
2000df51  IntUnregister                         
2000df75  UARTEnable                            
2000df99  _SlDrvObjLockWaitForever              
2000dfbd  memmove                               
2000dfe1  SPIReset                              
2000e003  SPIWordCountSet                       
2000e025  frexp                                 
2000e049  IntRegister                           
2000e069  NwpPowerOn                            
2000e089  _SlDrvObjUnLock                       
2000e0a9  _SlDrvSyncObjSignal                   
2000e0c9  sl_WlanDisconnect                     
2000e0e9  UARTCharPut                           
2000e125  UARTCharGetNonBlocking                
2000e141  PinMuxConfig                          
2000e15d  memccpy                               
2000e179  uDMAChannelEnable                     
2000e195  PinTypeUART                           
2000e1af  SPIDmaDisable                         
2000e1c9  SPIDmaEnable                          
2000e1e3  SPIFIFODisable                        
2000e1fd  SPIFIFOEnable                         
2000e217  SPIIntUnregister                      
2000e231  SPICSDisable                          
2000e249  SPICSEnable                           
2000e261  SPIDisable                            
2000e279  SPIEnable                             
2000e291  UARTCharsAvail                        
2000e2a9  _SlNonOsSemSet                        
2000e2d9  _args_main                            
2000e2f1  strcmp                                
2000e309  PRCMHIBRegRead                        
2000e31f  PRCMHIBRegWrite                       
2000e335  _SlDrvMemZero                         
2000e34b  strchr                                
2000e361  CPUcpsie                              
2000e375  IntVTableBaseSet                      
2000e389  _register_unlock                      
2000e38f  _register_lock                        
2000e397  _nop                                  
2000e39d  strcpy                                
2000e3b1  strlen                                
2000e3c5  _SlDrvDispatchHttpServerEvents        
2000e3d5  _SlDrvResetCmdExt                     
2000e3e3  __TI_decompress_none                  
2000e3f1  ResetISR                              
2000e401  NwpMaskInterrupt                      
2000e40d  NwpUnMaskInterrupt                    
2000e419  __TI_zero_init                        
2000e425  IntMasterEnable                       
2000e42f  UtilsDelay                            
2000e435  __TI_decompress_rle24                 
2000e43b  _system_pre_init                      
2000e440  _ctypes_                              
2000e916  OpcodeTranslateTable                  
2000e990  _SlActionLookupTable                  
2000ea7c  _SlNetAppSendTokenValueCmdCtrl        
2000eb38  __TI_static_base__                    
2000eb90  __TI_Handler_Table_Base               
2000eb9c  __TI_Handler_Table_Limit              
2000eba8  __TI_CINIT_Base                       
2000ebb8  __TI_CINIT_Limit                      
20017000  _sys_memory                           
20017800  g_buff                                
20017f20  g_ucDinDout                           
20017f70  g_ucConnectionSSID                    
20017f94  g_ucConnectionBSSID                   
20017fa0  g_ulDestinationIP                     
20017fa4  RxIrqCnt                              
20017fa5  g_bDeviceRestartIsRequired            
20017fa6  g_cDummy                              
20018058  _Denorm                               
20018068  _Eps                                  
20018078  _Hugeval                              
20018088  _Inf                                  
20018098  _Nan                                  
200180a8  _Snan                                 
200180b8  _Rteps                                
200180c8  _Xbig                                 
200180d0  _Zero                                 
20018120  g__SlNonOsCB                          
20018170  g_pCB                                 
20018174  pPingCallBackFunc                     
2001817c  g_ulStatus                            
20018180  g_ulGatewayIP                         
20018184  bytesReceived                         
20018194  g_SpiFd                               
20018198  g_pHostIntHdl                         
2001819c  g_ucDMAEnabled                        
200181a0  _lock                                 
200181a4  _unlock                               
200181a8  __TI_cleanup_ptr                      
200181ac  __TI_dtors_ptr                        
200181b0  _Fenv                                 
200181b4  _Tls_setup__Fenv                      
200181b8  _Errno                                
200181bc  main_func_sp                          
2002f800  __stack                               
20030000  __STACK_END                           
ffffffff  __binit__                             
ffffffff  __c_args__                            
ffffffff  binit                                 
UNDEFED   SHT$$INIT_ARRAY$$Base                 
UNDEFED   SHT$$INIT_ARRAY$$Limit                

[290 symbols]
