******************************************************************************
                  TI ARM Linker PC v5.2.5                      
******************************************************************************
>> Linked Mon May 23 21:13:31 2016

OUTPUT FILE NAME:   <http_client_demo.out>
ENTRY POINT SYMBOL: "_c_int00"  address: 2000da65


MEMORY CONFIGURATION

         name            origin    length      used     unused   attr    fill
----------------------  --------  ---------  --------  --------  ----  --------
  SRAM_CODE             20004000   00013000  0000ab56  000084aa  RW X
  SRAM_DATA             20017000   00019000  000019e2  0001761e  RW X


SEGMENT ALLOCATION MAP

run origin  load origin   length   init length attrs members
----------  ----------- ---------- ----------- ----- -------
20004000    20004000    0000ab58   0000ab58    r-x
  20004000    20004000    00000308   00000308    r-- .intvecs
  20004308    20004308    0000a122   0000a122    r-x .text
  2000e42c    2000e42c    0000069c   0000069c    r-- .const
  2000eac8    2000eac8    00000090   00000090    r-- .cinit
20017000    20017000    000011e8   00000000    rw-
  20017000    20017000    00000800   00000000    rw- .sysmem
  20017800    20017800    000007aa   00000000    rw- .bss
  20017fb0    20017fb0    00000238   00000000    rw- .data
2002f800    2002f800    00000800   00000000    rw-
  2002f800    2002f800    00000800   00000000    rw- .stack


SECTION ALLOCATION MAP

 output                                  attributes/
section   page    origin      length       input sections
--------  ----  ----------  ----------   ----------------
.intvecs   0    20004000    00000308     
                  20004000    00000308     startup_ccs.obj (.intvecs)

.init_array 
*          0    20004000    00000000     UNINITIALIZED

.text      0    20004308    0000a122     
                  20004308    0000125c     main.obj (.text)
                  20005564    000010a6     rtsv7M4_T_le_eabi.lib : _printfi.obj (.text)
                  2000660a    00000002     driverlib.a : interrupt.obj (.text:IntDefaultHandler)
                  2000660c    00000fc4     webclient.a : httpcli.obj (.text)
                  200075d0    000005f0     json.a : jsmn.obj (.text)
                  20007bc0    00000590     simplelink.a : driver.obj (.text:_SlDrvMsgRead)
                  20008150    000003dc     rtsv7M4_T_le_eabi.lib : memory.obj (.text)
                  2000852c    0000039c     gpio_if.obj (.text)
                  200088c8    000002ea     webclient.a : ssock.obj (.text)
                  20008bb2    00000002     --HOLE-- [fill = 0]
                  20008bb4    00000280     uart_if.obj (.text)
                  20008e34    00000260     simplelink.a : wlan.obj (.text:sl_WlanConnect)
                  20009094    000001fc                  : driver.obj (.text:_SlDrvRxHdrRead)
                  20009290    000001f4     rtsv7M4_T_le_eabi.lib : ull_div_t2.obj (.text)
                  20009484    000001e4     simplelink.a : driver.obj (.text:_SlDrvDataReadOp)
                  20009668    000001d0                  : driver.obj (.text:_SlDrvReleasePoolObj)
                  20009838    000001b6     rtsv7M4_T_le_eabi.lib : fd_add_t2.obj (.text)
                  200099ee    00000002     --HOLE-- [fill = 0]
                  200099f0    000001b4     simplelink.a : driver.obj (.text:_SlDrvDriverCBInit)
                  20009ba4    0000019c                  : driver.obj (.text:_SlDrvMsgWrite)
                  20009d40    00000190                  : driver.obj (.text:_SlDrvWaitForPoolObj)
                  20009ed0    00000178     driverlib.a : prcm.obj (.text:PRCMCC3200MCUInit)
                  2000a048    00000170     simplelink.a : driver.obj (.text:_SlFindAndSetActiveObj)
                  2000a1b8    0000016c                  : socket.obj (.text:sl_Connect)
                  2000a324    00000150                  : driver.obj (.text:_SlDrvDataWriteOp)
                  2000a474    00000148                  : cc_pal.obj (.text:spi_Open)
                  2000a5bc    00000136     rtsv7M4_T_le_eabi.lib : fd_div_t2.obj (.text)
                  2000a6f2    00000002     --HOLE-- [fill = 0]
                  2000a6f4    0000012c     simplelink.a : netapp.obj (.text:sl_NetAppDnsGetHostByName)
                  2000a820    00000128                  : driver.obj (.text:_SlDrvMsgReadCmdCtx)
                  2000a948    00000124                  : driver.obj (.text:_SlDrvDriverCBDeinit)
                  2000aa6c    00000118                  : socket.obj (.text:sl_Send)
                  2000ab84    00000114     rtsv7M4_T_le_eabi.lib : strtoul.obj (.text)
                  2000ac98    00000110                           : xdscale.obj (.text)
                  2000ada8    00000104     simplelink.a : netapp.obj (.text:_SlDrvNetAppEventHandler)
                  2000aeac    000000fc     rtsv7M4_T_le_eabi.lib : fd_mul_t2.obj (.text)
                  2000afa8    000000f0     simplelink.a : cc_pal.obj (.text:spi_Read)
                  2000b098    000000f0     driverlib.a : udma.obj (.text:uDMAChannelTransferSet)
                  2000b188    000000e8     simplelink.a : driver.obj (.text:_SlAsyncEventGenericHandler)
                  2000b270    000000e4                  : device.obj (.text:sl_Stop)
                  2000b354    000000e0                  : device.obj (.text:sl_Start)
                  2000b434    000000dc                  : driver.obj (.text:_SlDrvClassifyRxMsg)
                  2000b510    000000d4                  : driver.obj (.text:_SlDrvMsgReadSpawnCtx)
                  2000b5e4    000000cc                  : netapp.obj (.text:_sl_HandleAsync_DnsGetHostByService)
                  2000b6b0    000000c8                  : netapp.obj (.text:sl_NetAppMDNSRegisterUnregisterService)
                  2000b778    000000c4                  : driver.obj (.text:_SlRemoveFromList)
                  2000b83c    000000c0                  : driver.obj (.text:_SlDrvCmdOp)
                  2000b8fc    000000be     rtsv7M4_T_le_eabi.lib : xdnorm.obj (.text)
                  2000b9ba    00000002     --HOLE-- [fill = 0]
                  2000b9bc    000000b4     simplelink.a : device.obj (.text:sl_DevGet)
                  2000ba70    000000a8     driverlib.a : interrupt.obj (.text:IntDisable)
                  2000bb18    000000a8                 : interrupt.obj (.text:IntEnable)
                  2000bbc0    000000a4     simplelink.a : driver.obj (.text:_SlDriverHandleError)
                  2000bc64    000000a0     driverlib.a : spi.obj (.text:SPIConfigSetExpClk)
                  2000bd04    0000009c     rtsv7M4_T_le_eabi.lib : memcpy_t2.obj (.text)
                  2000bda0    0000009a     simplelink.a : device.obj (.text:_SlDrvDeviceEventHandler)
                  2000be3a    00000002     --HOLE-- [fill = 0]
                  2000be3c    00000098                  : cc_pal.obj (.text:spi_Write)
                  2000bed4    00000094     driverlib.a : prcm.obj (.text:PRCMPeripheralClockGet)
                  2000bf68    00000090     simplelink.a : netapp.obj (.text:_sl_HandleAsync_DnsGetHostByName)
                  2000bff8    00000090                  : netapp.obj (.text:_sl_HandleAsync_PingResponse)
                  2000c088    0000008c                  : cc_pal.obj (.text:SetupDMAReceive)
                  2000c114    0000008c                  : cc_pal.obj (.text:SetupDMASend)
                  2000c1a0    00000088     driverlib.a : pin.obj (.text:PinConfigSet)
                  2000c228    00000088     rtsv7M4_T_le_eabi.lib : vsnprintf.obj (.text)
                  2000c2b0    00000088     simplelink.a : socket.obj (.text:sl_Recv)
                  2000c338    00000086     rtsv7M4_T_le_eabi.lib : fd_cmp_t2.obj (.text:__aeabi_cdcmple)
                  2000c3be    00000086                           : fd_cmp_t2.obj (.text:__aeabi_cdrcmple)
                  2000c444    00000082     driverlib.a : gpio.obj (.text:GPIOIntTypeSet)
                  2000c4c6    00000002     --HOLE-- [fill = 0]
                  2000c4c8    00000080     simplelink.a : socket.obj (.text:_sl_HandleAsync_Connect)
                  2000c548    00000080                  : device.obj (.text:_sl_HandleAsync_InitComplete)
                  2000c5c8    00000080                  : cc_pal.obj (.text:spi_Read_CPU)
                  2000c648    00000080                  : cc_pal.obj (.text:spi_Write_CPU)
                  2000c6c8    0000007c                  : netcfg.obj (.text:sl_NetCfgSet)
                  2000c744    0000007c                  : socket.obj (.text:sl_SetSockOpt)
                  2000c7c0    0000007c                  : wlan.obj (.text:sl_WlanSet)
                  2000c83c    0000007a     rtsv7M4_T_le_eabi.lib : memset_t2.obj (.text)
                  2000c8b6    00000002     --HOLE-- [fill = 0]
                  2000c8b8    00000078     simplelink.a : nonos.obj (.text:_SlNonOsSemGet)
                  2000c930    00000078                  : wlan.obj (.text:sl_WlanPolicySet)
                  2000c9a8    00000078                  : cc_pal.obj (.text:spi_Close)
                  2000ca20    00000076     driverlib.a : uart.obj (.text:UARTConfigSetExpClk)
                  2000ca96    00000002     --HOLE-- [fill = 0]
                  2000ca98    00000074     simplelink.a : nonos.obj (.text:_SlNonOsMainLoopTask)
                  2000cb0c    00000070                  : socket.obj (.text:sl_Socket)
                  2000cb7c    0000006c                  : driver.obj (.text:_SlDrvCmdSend)
                  2000cbe8    0000006c                  : netapp.obj (.text:_sl_NetAppSendTokenValue)
                  2000cc54    0000006c     rtsv7M4_T_le_eabi.lib : autoinit.obj (.text)
                  2000ccc0    0000006c     simplelink.a : wlan.obj (.text:sl_WlanRxFilterSet)
                  2000cd2c    0000006a     rtsv7M4_T_le_eabi.lib : copy_decompress_rle.obj (.text)
                  2000cd96    00000066                           : xdunscal.obj (.text)
                  2000cdfc    00000064     simplelink.a : nonos.obj (.text:_SlNonOsSpawn)
                  2000ce60    00000064                  : socket.obj (.text:_sl_HandleAsync_Accept)
                  2000cec4    00000064     pinmux.obj (.text)
                  2000cf28    00000064     driverlib.a : udma.obj (.text:uDMAChannelAttributeDisable)
                  2000cf8c    00000064                 : udma.obj (.text:uDMAChannelAttributeEnable)
                  2000cff0    00000058                 : interrupt.obj (.text:IntPendClear)
                  2000d048    00000058                 : prcm.obj (.text:PRCMPeripheralReset)
                  2000d0a0    00000056     rtsv7M4_T_le_eabi.lib : ltoa.obj (.text)
                  2000d0f6    00000002     --HOLE-- [fill = 0]
                  2000d0f8    00000054     driverlib.a : interrupt.obj (.text:IntPrioritySet)
                  2000d14c    00000054     simplelink.a : driver.obj (.text:_SlDrvRxIrqHandler)
                  2000d1a0    00000054                  : socket.obj (.text:_sl_HandleAsync_Select)
                  2000d1f4    00000050                  : device.obj (.text:_sl_HandleAsync_Stop)
                  2000d244    0000004c     driverlib.a : spi.obj (.text:SPIIntEnable)
                  2000d290    0000004c                 : spi.obj (.text:SPIIntNumberGet)
                  2000d2dc    0000004c     simplelink.a : driver.obj (.text:_SlDrvProtectAsyncRespSetting)
                  2000d328    0000004c                  : socket.obj (.text:_sl_BuildAddress)
                  2000d374    0000004c     rtsv7M4_T_le_eabi.lib : atoi.obj (.text)
                  2000d3c0    0000004c                           : cpy_tbl.obj (.text)
                  2000d40c    0000004c     driverlib.a : udma.obj (.text:uDMAChannelAssign)
                  2000d458    00000048                 : gpio.obj (.text:GPIOGetIntNumber)
                  2000d4a0    00000048                 : spi.obj (.text:SPIIntClear)
                  2000d4e8    00000048     simplelink.a : driver.obj (.text:_SlDrvBasicCmd)
                  2000d530    00000048     rtsv7M4_T_le_eabi.lib : fd_toi_t2.obj (.text)
                  2000d578    00000048     simplelink.a : netapp.obj (.text:sl_NetAppMDNSUnRegisterService)
                  2000d5c0    00000046     rtsv7M4_T_le_eabi.lib : ldexp.obj (.text)
                  2000d606    00000002     --HOLE-- [fill = 0]
                  2000d608    00000044     driverlib.a : spi.obj (.text:SPIDmaMaskGet)
                  2000d64c    00000044     simplelink.a : driver.obj (.text:_SlDrvHandleHttpServerEvents)
                  2000d690    00000044                  : driver.obj (.text:_SlDrvSyncObjWaitTimeout)
                  2000d6d4    00000044                  : cc_pal.obj (.text:cc_SetupTransfer)
                  2000d718    00000044     rtsv7M4_T_le_eabi.lib : exit.obj (.text)
                  2000d75c    00000044     simplelink.a : socket.obj (.text:sl_Close)
                  2000d7a0    00000044                  : wlan.obj (.text:sl_WlanProfileDel)
                  2000d7e4    00000044                  : wlan.obj (.text:sl_WlanSetMode)
                  2000d828    00000042                  : socket.obj (.text:sl_Htonl)
                  2000d86a    00000002     --HOLE-- [fill = 0]
                  2000d86c    00000040     driverlib.a : pin.obj (.text:PinModeSet)
                  2000d8ac    00000040     simplelink.a : driver.obj (.text:_SlDrvHandleNetAppEvents)
                  2000d8ec    00000040                  : driver.obj (.text:_SlDrvHandleWlanEvents)
                  2000d92c    00000040                  : socket.obj (.text:_sl_TruncatePayloadByProtocol)
                  2000d96c    00000040     rtsv7M4_T_le_eabi.lib : signal.obj (.text)
                  2000d9ac    0000003e     simplelink.a : cc_pal.obj (.text:NwpRegisterInterruptHandler)
                  2000d9ea    0000003c                  : netapp.obj (.text:CopyPingResultsToReport)
                  2000da26    00000002     --HOLE-- [fill = 0]
                  2000da28    0000003c     driverlib.a : prcm.obj (.text:PRCMPeripheralClkEnable)
                  2000da64    0000003c     rtsv7M4_T_le_eabi.lib : boot.obj (.text)
                  2000daa0    0000003c     simplelink.a : socket.obj (.text:sl_Htons)
                  2000dadc    0000003c     driverlib.a : udma.obj (.text:uDMAChannelControlSet)
                  2000db18    00000038     simplelink.a : cc_pal.obj (.text:NwpPowerOff)
                  2000db50    00000036     driverlib.a : gpio.obj (.text:GPIODirModeSet)
                  2000db86    00000002     --HOLE-- [fill = 0]
                  2000db88    00000034                 : prcm.obj (.text:PRCMPeripheralStatusGet)
                  2000dbbc    00000034                 : spi.obj (.text:SPIFIFOLevelSet)
                  2000dbf0    00000034     rtsv7M4_T_le_eabi.lib : feraiseexcept.obj (.text)
                  2000dc24    00000030     driverlib.a : pin.obj (.text:PinTypeGPIO)
                  2000dc54    00000030                 : uart.obj (.text:UARTDisable)
                  2000dc84    00000030     rtsv7M4_T_le_eabi.lib : xferaise.obj (.text)
                  2000dcb4    0000002e                           : i_tofd_t2.obj (.text)
                  2000dce2    0000002e                           : raise.obj (.text)
                  2000dd10    0000002c     driverlib.a : prcm.obj (.text:PRCMSysResetCauseGet)
                  2000dd3c    0000002c     simplelink.a : driver.obj (.text:_SlDrvObjGlobalLockWaitForever)
                  2000dd68    0000002c                  : driver.obj (.text:_SlDrvProtectionObjLockWaitForever)
                  2000dd94    0000002a     rtsv7M4_T_le_eabi.lib : xdclass.obj (.text)
                  2000ddbe    00000002     --HOLE-- [fill = 0]
                  2000ddc0    00000028     driverlib.a : prcm.obj (.text:PRCMPeripheralClkDisable)
                  2000dde8    00000028     simplelink.a : driver.obj (.text:_SlDrvGlobalObjUnLock)
                  2000de10    00000028                  : driver.obj (.text:_SlDrvProtectionObjUnLock)
                  2000de38    00000028                  : driver.obj (.text:_SlDrvSyncObjWaitForever)
                  2000de60    00000026     network_common.obj (.text)
                  2000de86    00000026     rtsv7M4_T_le_eabi.lib : strncmp.obj (.text)
                  2000deac    00000024     simplelink.a : cc_pal.obj (.text:DmaSpiSwIntHandler)
                  2000ded0    00000024     driverlib.a : interrupt.obj (.text:IntUnregister)
                  2000def4    00000024                 : uart.obj (.text:UARTEnable)
                  2000df18    00000024     simplelink.a : driver.obj (.text:_SlDrvObjLockWaitForever)
                  2000df3c    00000024     rtsv7M4_T_le_eabi.lib : memmov.obj (.text)
                  2000df60    00000022     driverlib.a : spi.obj (.text:SPIReset)
                  2000df82    00000022                 : spi.obj (.text:SPIWordCountSet)
                  2000dfa4    00000022     rtsv7M4_T_le_eabi.lib : frexp.obj (.text)
                  2000dfc6    00000020     driverlib.a : gpio.obj (.text:GPIOPinWrite)
                  2000dfe6    00000002     --HOLE-- [fill = 0]
                  2000dfe8    00000020                 : interrupt.obj (.text:IntRegister)
                  2000e008    00000020     simplelink.a : cc_pal.obj (.text:NwpPowerOn)
                  2000e028    00000020                  : driver.obj (.text:_SlDrvObjUnLock)
                  2000e048    00000020                  : driver.obj (.text:_SlDrvSyncObjSignal)
                  2000e068    00000020                  : wlan.obj (.text:sl_WlanDisconnect)
                  2000e088    0000001e     driverlib.a : gpio.obj (.text:GPIOIntRegister)
                  2000e0a6    0000001e                 : uart.obj (.text:UARTCharPut)
                  2000e0c4    0000001e     simplelink.a : cc_pal.obj (.text:cc_UDMAChannelSelect)
                  2000e0e2    0000001c     driverlib.a : uart.obj (.text:UARTCharGetNonBlocking)
                  2000e0fe    0000001c     rtsv7M4_T_le_eabi.lib : memccpy.obj (.text)
                  2000e11a    00000002     --HOLE-- [fill = 0]
                  2000e11c    0000001c     driverlib.a : udma.obj (.text:uDMAChannelEnable)
                  2000e138    0000001a                 : gpio.obj (.text:GPIOIntEnable)
                  2000e152    0000001a                 : pin.obj (.text:PinTypeUART)
                  2000e16c    0000001a                 : spi.obj (.text:SPIDmaDisable)
                  2000e186    0000001a                 : spi.obj (.text:SPIDmaEnable)
                  2000e1a0    0000001a                 : spi.obj (.text:SPIFIFODisable)
                  2000e1ba    0000001a                 : spi.obj (.text:SPIFIFOEnable)
                  2000e1d4    0000001a                 : spi.obj (.text:SPIIntUnregister)
                  2000e1ee    00000018                 : gpio.obj (.text:GPIOPinRead)
                  2000e206    00000018                 : spi.obj (.text:SPICSDisable)
                  2000e21e    00000018                 : spi.obj (.text:SPICSEnable)
                  2000e236    00000018                 : spi.obj (.text:SPIDisable)
                  2000e24e    00000018                 : spi.obj (.text:SPIEnable)
                  2000e266    00000018                 : uart.obj (.text:UARTCharsAvail)
                  2000e27e    00000018     simplelink.a : nonos.obj (.text:_SlNonOsSemSet)
                  2000e296    00000002     --HOLE-- [fill = 0]
                  2000e298    00000018                  : device.obj (.text:_sl_GetStartResponseConvert)
                  2000e2b0    00000018     rtsv7M4_T_le_eabi.lib : args_main.obj (.text)
                  2000e2c8    00000018                           : strcmp.obj (.text)
                  2000e2e0    00000016     driverlib.a : prcm.obj (.text:PRCMHIBRegRead)
                  2000e2f6    00000016                 : prcm.obj (.text:PRCMHIBRegWrite)
                  2000e30c    00000016     simplelink.a : driver.obj (.text:_SlDrvMemZero)
                  2000e322    00000016     rtsv7M4_T_le_eabi.lib : strchr.obj (.text)
                  2000e338    00000014     driverlib.a : cpu.obj (.text:CPUcpsie)
                  2000e34c    00000014                 : gpio.obj (.text:GPIOIntClear)
                  2000e360    00000014                 : interrupt.obj (.text:IntVTableBaseSet)
                  2000e374    00000014     rtsv7M4_T_le_eabi.lib : _lock.obj (.text)
                  2000e388    00000014                           : strcpy.obj (.text)
                  2000e39c    00000014                           : strlen.obj (.text)
                  2000e3b0    00000010     simplelink.a : driver.obj (.text:_SlDrvDispatchHttpServerEvents)
                  2000e3c0    0000000e                  : driver.obj (.text:_SlDrvResetCmdExt)
                  2000e3ce    0000000e     rtsv7M4_T_le_eabi.lib : copy_decompress_none.obj (.text:decompress:none)
                  2000e3dc    0000000e     startup_ccs.obj (.text)
                  2000e3ea    00000002     --HOLE-- [fill = 0]
                  2000e3ec    0000000c     simplelink.a : cc_pal.obj (.text:NwpMaskInterrupt)
                  2000e3f8    0000000c                  : cc_pal.obj (.text:NwpUnMaskInterrupt)
                  2000e404    0000000c     rtsv7M4_T_le_eabi.lib : copy_zero_init.obj (.text:decompress:ZI)
                  2000e410    0000000a     driverlib.a : interrupt.obj (.text:IntMasterEnable)
                  2000e41a    00000006                 : utils.obj (.text:UtilsDelay)
                  2000e420    00000006     rtsv7M4_T_le_eabi.lib : copy_decompress_rle.obj (.text:decompress:rle24)
                  2000e426    00000004                           : pre_init.obj (.text)

.const     0    2000e42c    0000069c     
                  2000e42c    00000101     rtsv7M4_T_le_eabi.lib : ctype.obj (.const:.string:_ctypes_)
                  2000e52d    00000003     --HOLE-- [fill = 0]
                  2000e530    00000100     driverlib.a : pin.obj (.const:g_ulPinToPadMap)
                  2000e630    000000d4                 : interrupt.obj (.const:g_pulRegs)
                  2000e704    000000a8                 : prcm.obj (.const:PRCM_PeriphRegsList)
                  2000e7ac    00000080                 : interrupt.obj (.const)
                  2000e82c    00000040     main.obj (.const)
                  2000e86c    0000003e     main.obj (.const:.string)
                  2000e8aa    0000003c     simplelink.a : driver.obj (.const:OpcodeTranslateTable)
                  2000e8e6    0000003c                  : wlan.obj (.const)
                  2000e922    00000002     --HOLE-- [fill = 0]
                  2000e924    00000038                  : driver.obj (.const:_SlActionLookupTable)
                  2000e95c    00000038                  : driver.obj (.const)
                  2000e994    00000034                  : socket.obj (.const)
                  2000e9c8    0000002c     main.obj (.const:$P$T1$2)
                  2000e9f4    00000028     simplelink.a : netapp.obj (.const)
                  2000ea1c    00000024     driverlib.a : spi.obj (.const:g_ppulSPIIntMap)
                  2000ea40    00000022     main.obj (.const:.string:$P$T0$1)
                  2000ea62    0000001c     simplelink.a : device.obj (.const)
                  2000ea7e    00000002     --HOLE-- [fill = 0]
                  2000ea80    00000018     driverlib.a : spi.obj (.const)
                  2000ea98    00000010     simplelink.a : socket.obj (.const:.string)
                  2000eaa8    00000010     webclient.a : httpcli.obj (.const)
                  2000eab8    00000008                 : httpcli.obj (.const:.string)
                  2000eac0    00000008     simplelink.a : netcfg.obj (.const)

.cinit     0    2000eac8    00000090     
                  2000eac8    0000006b     (.cinit..data.load) [load image, compression = rle]
                  2000eb33    00000001     --HOLE-- [fill = 0]
                  2000eb34    0000000c     (__TI_handler_table)
                  2000eb40    00000008     (.cinit..bss.load) [load image, compression = zero_init]
                  2000eb48    00000010     (__TI_cinit_table)

.sysmem    0    20017000    00000800     UNINITIALIZED
                  20017000    00000008     rtsv7M4_T_le_eabi.lib : memory.obj (.sysmem)
                  20017008    000007f8     --HOLE--

.bss       0    20017800    000007aa     UNINITIALIZED
                  20017800    000005b8     main.obj (.bss:g_buff)
                  20017db8    00000168     simplelink.a : driver.obj (.bss:g_StatMem)
                  20017f20    00000050                  : cc_pal.obj (.bss:g_ucDinDout)
                  20017f70    00000024     main.obj (.bss:g_ucConnectionSSID)
                  20017f94    00000008     (.common:g_ucConnectionBSSID)
                  20017f9c    00000004     (.common:__Errorlog)
                  20017fa0    00000004     (.common:g_ulDestinationIP)
                  20017fa4    00000001     (.common:RxIrqCnt)
                  20017fa5    00000001     (.common:g_bDeviceRestartIsRequired)
                  20017fa6    00000001     (.common:g_cDummy)
                  20017fa7    00000001     (.common:g_ucLED1Pin)
                  20017fa8    00000001     (.common:g_ucLED2Pin)
                  20017fa9    00000001     (.common:g_ucLED3Pin)

.TI.noinit 
*          0    20017800    00000000     UNINITIALIZED

.data      0    20017fb0    00000238     UNINITIALIZED
                  20017fb0    000000b0     rtsv7M4_T_le_eabi.lib : signal.obj (.data:sigtable)
                  20018060    00000080                           : xvalues.obj (.data)
                  200180e0    00000048     webclient.a : httpcli.obj (.data:tlsParams)
                  20018128    0000003c     simplelink.a : nonos.obj (.data:g__SlNonOsCB)
                  20018164    00000020     gpio_if.obj (.data)
                  20018184    00000010     webclient.a : httpcli.obj (.data)
                  20018194    0000000d     simplelink.a : driver.obj (.data)
                  200181a1    00000003     --HOLE--
                  200181a4    0000000c     main.obj (.data)
                  200181b0    0000000c     rtsv7M4_T_le_eabi.lib : memory.obj (.data)
                  200181bc    00000009     simplelink.a : cc_pal.obj (.data)
                  200181c5    00000003     --HOLE--
                  200181c8    00000008     rtsv7M4_T_le_eabi.lib : _lock.obj (.data)
                  200181d0    00000008                           : exit.obj (.data)
                  200181d8    00000008                           : feraiseexcept.obj (.data)
                  200181e0    00000004                           : errno.obj (.data)
                  200181e4    00000004                           : stkdepth_vars.obj (.data)

.TI.persistent 
*          0    20017fb0    00000000     UNINITIALIZED

.stack     0    2002f800    00000800     UNINITIALIZED
                  2002f800    00000800     --HOLE--


LINKER GENERATED COPY TABLES

__TI_cinit_table @ 2000eb48 records: 2, size/record: 8, table size: 16
	.data: load addr=2000eac8, load size=0000006b bytes, run addr=20017fb0, run size=00000238 bytes, compression=rle
	.bss: load addr=2000eb40, load size=00000008 bytes, run addr=20017800, run size=000007aa bytes, compression=zero_init


LINKER GENERATED HANDLER TABLE

__TI_handler_table @ 2000eb34 records: 3, size/record: 4, table size: 12
	index: 0, handler: __TI_decompress_rle24
	index: 1, handler: __TI_decompress_none
	index: 2, handler: __TI_zero_init


GLOBAL SYMBOLS: SORTED ALPHABETICALLY BY Name 

address   name                                  
-------   ----                                  
2000d719  C$$EXIT                               
2000e339  CPUcpsie                              
20008bf5  ClearTerm                             
2000dead  DmaSpiSwIntHandler                    
20008bff  Error                                 
2000db51  GPIODirModeSet                        
2000e34d  GPIOIntClear                          
2000e139  GPIOIntEnable                         
2000e089  GPIOIntRegister                       
2000c445  GPIOIntTypeSet                        
2000e1ef  GPIOPinRead                           
2000dfc7  GPIOPinWrite                          
200087ed  GPIO_IF_ConfigureNIntEnable           
20008879  GPIO_IF_Get                           
200087a7  GPIO_IF_GetPortNPin                   
20008569  GPIO_IF_LedConfigure                  
2000865b  GPIO_IF_LedOff                        
200085a7  GPIO_IF_LedOn                         
2000870f  GPIO_IF_LedStatus                     
20008779  GPIO_IF_LedToggle                     
20008835  GPIO_IF_Set                           
20008c37  GetCmd                                
20006f37  HTTPCli_connect                       
20007059  HTTPCli_construct                     
200070a1  HTTPCli_create                        
200070b9  HTTPCli_delete                        
200070ef  HTTPCli_destruct                      
20007137  HTTPCli_disconnect                    
2000736d  HTTPCli_getResponseField              
20007337  HTTPCli_getResponseStatus             
20006e29  HTTPCli_initSockAddr                  
2000757d  HTTPCli_readRawResponseBody           
200074f1  HTTPCli_readResponseBody              
200072a7  HTTPCli_sendField                     
200071d9  HTTPCli_sendRequest                   
200072ff  HTTPCli_sendRequestBody               
200075bd  HTTPCli_setProxy                      
2000716d  HTTPCli_setRequestFields              
20007193  HTTPCli_setResponseFields             
200071b9  HTTPCli_setSecureParams               
20008bb5  InitTerm                              
2000ba71  IntDisable                            
2000bb19  IntEnable                             
2000e411  IntMasterEnable                       
2000cff1  IntPendClear                          
2000d0f9  IntPrioritySet                        
2000dfe9  IntRegister                           
2000ded1  IntUnregister                         
2000e361  IntVTableBaseSet                      
20008bd3  Message                               
2000e3ed  NwpMaskInterrupt                      
2000db19  NwpPowerOff                           
2000e009  NwpPowerOn                            
2000d9ad  NwpRegisterInterruptHandler           
2000e3f9  NwpUnMaskInterrupt                    
2000e8aa  OpcodeTranslateTable                  
20009ed1  PRCMCC3200MCUInit                     
2000e2e1  PRCMHIBRegRead                        
2000e2f7  PRCMHIBRegWrite                       
2000ddc1  PRCMPeripheralClkDisable              
2000da29  PRCMPeripheralClkEnable               
2000bed5  PRCMPeripheralClockGet                
2000d049  PRCMPeripheralReset                   
2000db89  PRCMPeripheralStatusGet               
2000dd11  PRCMSysResetCauseGet                  
20004c93  ParseJSONData                         
2000c1a1  PinConfigSet                          
2000d86d  PinModeSet                            
2000cec5  PinMuxConfig                          
2000dc25  PinTypeGPIO                           
2000e153  PinTypeUART                           
20008d75  Report                                
2000e3dd  ResetISR                              
20017fa4  RxIrqCnt                              
UNDEFED   SHT$$INIT_ARRAY$$Base                 
UNDEFED   SHT$$INIT_ARRAY$$Limit                
2000e207  SPICSDisable                          
2000e21f  SPICSEnable                           
2000bc65  SPIConfigSetExpClk                    
2000e237  SPIDisable                            
2000e16d  SPIDmaDisable                         
2000e187  SPIDmaEnable                          
2000e24f  SPIEnable                             
2000e1a1  SPIFIFODisable                        
2000e1bb  SPIFIFOEnable                         
2000dbbd  SPIFIFOLevelSet                       
2000d4a1  SPIIntClear                           
2000d245  SPIIntEnable                          
2000e1d5  SPIIntUnregister                      
2000df61  SPIReset                              
2000df83  SPIWordCountSet                       
200044d1  SimpleLinkGeneralEventHandler         
200044a9  SimpleLinkHttpServerCallback          
20004411  SimpleLinkNetAppEventHandler          
200044e7  SimpleLinkSockEventHandler            
20004309  SimpleLinkWlanEventHandler            
200088e1  Ssock_construct                       
20008921  Ssock_create                          
2000893b  Ssock_delete                          
20008963  Ssock_destruct                        
200089b5  Ssock_getSocket                       
200089c3  Ssock_recv                            
20008a1d  Ssock_recvall                         
20008a61  Ssock_send                            
20008b7b  Ssock_startSecure                     
20008cdd  TrimSpace                             
2000e0e3  UARTCharGetNonBlocking                
2000e0a7  UARTCharPut                           
2000e267  UARTCharsAvail                        
2000ca21  UARTConfigSetExpClk                   
2000dc55  UARTDisable                           
2000def5  UARTEnable                            
2000e41b  UtilsDelay                            
2000dd95  _Dclass                               
20018060  _Denorm                               
2000b8fd  _Dnorm                                
2000ac99  _Dscale                               
2000cd97  _Dunscale                             
20018070  _Eps                                  
200181e0  _Errno                                
200181d8  _Fenv                                 
2000dc85  _Feraise                              
20018080  _Hugeval                              
20018090  _Inf                                  
200180a0  _Nan                                  
200180c0  _Rteps                                
2000e924  _SlActionLookupTable                  
2000bbc1  _SlDriverHandleError                  
2000d4e9  _SlDrvBasicCmd                        
2000b83d  _SlDrvCmdOp                           
2000cb7d  _SlDrvCmdSend                         
20009485  _SlDrvDataReadOp                      
2000a325  _SlDrvDataWriteOp                     
2000bda1  _SlDrvDeviceEventHandler              
2000e3b1  _SlDrvDispatchHttpServerEvents        
2000a949  _SlDrvDriverCBDeinit                  
200099f1  _SlDrvDriverCBInit                    
2000dde9  _SlDrvGlobalObjUnLock                 
2000d64d  _SlDrvHandleHttpServerEvents          
2000d8ad  _SlDrvHandleNetAppEvents              
2000d8ed  _SlDrvHandleWlanEvents                
2000e30d  _SlDrvMemZero                         
2000b511  _SlDrvMsgReadSpawnCtx                 
2000ada9  _SlDrvNetAppEventHandler              
2000df19  _SlDrvObjLockWaitForever              
2000e029  _SlDrvObjUnLock                       
2000d2dd  _SlDrvProtectAsyncRespSetting         
2000dd69  _SlDrvProtectionObjLockWaitForever    
2000de11  _SlDrvProtectionObjUnLock             
20009669  _SlDrvReleasePoolObj                  
2000e3c1  _SlDrvResetCmdExt                     
2000d14d  _SlDrvRxIrqHandler                    
2000e049  _SlDrvSyncObjSignal                   
2000de39  _SlDrvSyncObjWaitForever              
2000d691  _SlDrvSyncObjWaitTimeout              
20009d41  _SlDrvWaitForPoolObj                  
2000ea10  _SlNetAppSendTokenValueCmdCtrl        
2000ca99  _SlNonOsMainLoopTask                  
2000c8b9  _SlNonOsSemGet                        
2000e27f  _SlNonOsSemSet                        
2000cdfd  _SlNonOsSpawn                         
200180b0  _Snan                                 
200181dc  _Tls_setup__Fenv                      
200180d0  _Xbig                                 
200180d8  _Zero                                 
20030000  __STACK_END                           
00000800  __STACK_SIZE                          
00000800  __SYSMEM_SIZE                         
2000eb48  __TI_CINIT_Base                       
2000eb58  __TI_CINIT_Limit                      
2000eb34  __TI_Handler_Table_Base               
2000eb40  __TI_Handler_Table_Limit              
2000cc55  __TI_auto_init                        
200181d0  __TI_cleanup_ptr                      
2000e3cf  __TI_decompress_none                  
2000e421  __TI_decompress_rle24                 
200181d4  __TI_dtors_ptr                        
20006305  __TI_printfi                          
2000eac8  __TI_static_base__                    
2000e405  __TI_zero_init                        
2000c339  __aeabi_cdcmpeq                       
2000c339  __aeabi_cdcmple                       
2000c3bf  __aeabi_cdrcmple                      
2000d531  __aeabi_d2iz                          
20009843  __aeabi_dadd                          
2000a5bd  __aeabi_ddiv                          
2000aead  __aeabi_dmul                          
20009839  __aeabi_dsub                          
2000dcb5  __aeabi_i2d                           
2000c83d  __aeabi_memclr                        
2000c83d  __aeabi_memclr4                       
2000c83d  __aeabi_memclr8                       
2000bd05  __aeabi_memcpy                        
2000bd05  __aeabi_memcpy4                       
2000bd05  __aeabi_memcpy8                       
2000c83f  __aeabi_memset                        
2000c83f  __aeabi_memset4                       
2000c83f  __aeabi_memset8                       
20009291  __aeabi_uldivmod                      
ffffffff  __binit__                             
ffffffff  __c_args__                            
2002f800  __stack                               
2000e2b1  _args_main                            
2000da65  _c_int00                              
2000e42c  _ctypes_                              
200181c8  _lock                                 
2000e383  _nop                                  
2000e37b  _register_lock                        
2000e375  _register_unlock                      
2000ce61  _sl_HandleAsync_Accept                
2000c4c9  _sl_HandleAsync_Connect               
2000bf69  _sl_HandleAsync_DnsGetHostByName      
2000b5e5  _sl_HandleAsync_DnsGetHostByService   
2000c549  _sl_HandleAsync_InitComplete          
2000bff9  _sl_HandleAsync_PingResponse          
2000d1a1  _sl_HandleAsync_Select                
2000d1f5  _sl_HandleAsync_Stop                  
2000cbe9  _sl_NetAppSendTokenValue              
20017000  _sys_memory                           
2000e427  _system_pre_init                      
200181cc  _unlock                               
2000d71d  abort                                 
2000d375  atoi                                  
ffffffff  binit                                 
20006653  bufferedRecv                          
200181ac  bytesReceived                         
200084f9  calloc                                
2000d3c1  copy_in                               
2000d725  exit                                  
2000dbf1  feraiseexcept                         
20008247  free                                  
2000dfa5  frexp                                 
200181bc  g_SpiFd                               
20018128  g__SlNonOsCB                          
20017fa5  g_bDeviceRestartIsRequired            
20017800  g_buff                                
20017fa6  g_cDummy                              
20018198  g_pCB                                 
200181c0  g_pHostIntHdl                         
20004000  g_pfnVectors                          
20017f94  g_ucConnectionBSSID                   
20017f70  g_ucConnectionSSID                    
200181c4  g_ucDMAEnabled                        
20017f20  g_ucDinDout                           
20017fa7  g_ucLED1Pin                           
20017fa8  g_ucLED2Pin                           
20017fa9  g_ucLED3Pin                           
20018178  g_uiLED1Port                          
2001817c  g_uiLED2Port                          
20018180  g_uiLED3Port                          
20017fa0  g_ulDestinationIP                     
200181a8  g_ulGatewayIP                         
200181a4  g_ulStatus                            
20007ba3  jsmn_init                             
20007891  jsmn_parse                            
2000d5c1  ldexp                                 
2000d0a1  ltoa                                  
200052f5  main                                  
200181e4  main_func_sp                          
200081df  malloc                                
20008415  memalign                              
2000e0ff  memccpy                               
2000bd05  memcpy                                
2000df3d  memmove                               
2000c845  memset                                
20008151  minit                                 
2001819c  pPingCallBackFunc                     
2000dce3  raise                                 
20008309  realloc                               
2000d96d  signal                                
2000d75d  sl_Close                              
2000a1b9  sl_Connect                            
2000b9bd  sl_DevGet                             
2000d829  sl_Htonl                              
2000daa1  sl_Htons                              
2000a6f5  sl_NetAppDnsGetHostByName             
2000b6b1  sl_NetAppMDNSRegisterUnregisterService
2000d579  sl_NetAppMDNSUnRegisterService        
2000c6c9  sl_NetCfgSet                          
2000de61  sl_Provisioning_HttpServerEventHdl    
2000de6f  sl_Provisioning_NetAppEventHdl        
2000de7b  sl_Provisioning_WlanEventHdl          
2000c2b1  sl_Recv                               
2000aa6d  sl_Send                               
2000c745  sl_SetSockOpt                         
2000cb0d  sl_Socket                             
2000b355  sl_Start                              
2000b271  sl_Stop                               
20008e35  sl_WlanConnect                        
2000e069  sl_WlanDisconnect                     
2000c931  sl_WlanPolicySet                      
2000d7a1  sl_WlanProfileDel                     
2000ccc1  sl_WlanRxFilterSet                    
2000c7c1  sl_WlanSet                            
2000d7e5  sl_WlanSetMode                        
2000c9a9  spi_Close                             
2000a475  spi_Open                              
2000afa9  spi_Read                              
2000be3d  spi_Write                             
2000e323  strchr                                
2000e2c9  strcmp                                
2000e389  strcpy                                
2000e39d  strlen                                
2000de87  strncmp                               
2000ab85  strtoul                               
2000d40d  uDMAChannelAssign                     
2000cf29  uDMAChannelAttributeDisable           
2000cf8d  uDMAChannelAttributeEnable            
2000dadd  uDMAChannelControlSet                 
2000e11d  uDMAChannelEnable                     
2000b099  uDMAChannelTransferSet                
2000c229  vsnprintf                             


GLOBAL SYMBOLS: SORTED BY Symbol Address 

address   name                                  
-------   ----                                  
00000800  __STACK_SIZE                          
00000800  __SYSMEM_SIZE                         
20004000  g_pfnVectors                          
20004309  SimpleLinkWlanEventHandler            
20004411  SimpleLinkNetAppEventHandler          
200044a9  SimpleLinkHttpServerCallback          
200044d1  SimpleLinkGeneralEventHandler         
200044e7  SimpleLinkSockEventHandler            
20004c93  ParseJSONData                         
200052f5  main                                  
20006305  __TI_printfi                          
20006653  bufferedRecv                          
20006e29  HTTPCli_initSockAddr                  
20006f37  HTTPCli_connect                       
20007059  HTTPCli_construct                     
200070a1  HTTPCli_create                        
200070b9  HTTPCli_delete                        
200070ef  HTTPCli_destruct                      
20007137  HTTPCli_disconnect                    
2000716d  HTTPCli_setRequestFields              
20007193  HTTPCli_setResponseFields             
200071b9  HTTPCli_setSecureParams               
200071d9  HTTPCli_sendRequest                   
200072a7  HTTPCli_sendField                     
200072ff  HTTPCli_sendRequestBody               
20007337  HTTPCli_getResponseStatus             
2000736d  HTTPCli_getResponseField              
200074f1  HTTPCli_readResponseBody              
2000757d  HTTPCli_readRawResponseBody           
200075bd  HTTPCli_setProxy                      
20007891  jsmn_parse                            
20007ba3  jsmn_init                             
20008151  minit                                 
200081df  malloc                                
20008247  free                                  
20008309  realloc                               
20008415  memalign                              
200084f9  calloc                                
20008569  GPIO_IF_LedConfigure                  
200085a7  GPIO_IF_LedOn                         
2000865b  GPIO_IF_LedOff                        
2000870f  GPIO_IF_LedStatus                     
20008779  GPIO_IF_LedToggle                     
200087a7  GPIO_IF_GetPortNPin                   
200087ed  GPIO_IF_ConfigureNIntEnable           
20008835  GPIO_IF_Set                           
20008879  GPIO_IF_Get                           
200088e1  Ssock_construct                       
20008921  Ssock_create                          
2000893b  Ssock_delete                          
20008963  Ssock_destruct                        
200089b5  Ssock_getSocket                       
200089c3  Ssock_recv                            
20008a1d  Ssock_recvall                         
20008a61  Ssock_send                            
20008b7b  Ssock_startSecure                     
20008bb5  InitTerm                              
20008bd3  Message                               
20008bf5  ClearTerm                             
20008bff  Error                                 
20008c37  GetCmd                                
20008cdd  TrimSpace                             
20008d75  Report                                
20008e35  sl_WlanConnect                        
20009291  __aeabi_uldivmod                      
20009485  _SlDrvDataReadOp                      
20009669  _SlDrvReleasePoolObj                  
20009839  __aeabi_dsub                          
20009843  __aeabi_dadd                          
200099f1  _SlDrvDriverCBInit                    
20009d41  _SlDrvWaitForPoolObj                  
20009ed1  PRCMCC3200MCUInit                     
2000a1b9  sl_Connect                            
2000a325  _SlDrvDataWriteOp                     
2000a475  spi_Open                              
2000a5bd  __aeabi_ddiv                          
2000a6f5  sl_NetAppDnsGetHostByName             
2000a949  _SlDrvDriverCBDeinit                  
2000aa6d  sl_Send                               
2000ab85  strtoul                               
2000ac99  _Dscale                               
2000ada9  _SlDrvNetAppEventHandler              
2000aead  __aeabi_dmul                          
2000afa9  spi_Read                              
2000b099  uDMAChannelTransferSet                
2000b271  sl_Stop                               
2000b355  sl_Start                              
2000b511  _SlDrvMsgReadSpawnCtx                 
2000b5e5  _sl_HandleAsync_DnsGetHostByService   
2000b6b1  sl_NetAppMDNSRegisterUnregisterService
2000b83d  _SlDrvCmdOp                           
2000b8fd  _Dnorm                                
2000b9bd  sl_DevGet                             
2000ba71  IntDisable                            
2000bb19  IntEnable                             
2000bbc1  _SlDriverHandleError                  
2000bc65  SPIConfigSetExpClk                    
2000bd05  __aeabi_memcpy                        
2000bd05  __aeabi_memcpy4                       
2000bd05  __aeabi_memcpy8                       
2000bd05  memcpy                                
2000bda1  _SlDrvDeviceEventHandler              
2000be3d  spi_Write                             
2000bed5  PRCMPeripheralClockGet                
2000bf69  _sl_HandleAsync_DnsGetHostByName      
2000bff9  _sl_HandleAsync_PingResponse          
2000c1a1  PinConfigSet                          
2000c229  vsnprintf                             
2000c2b1  sl_Recv                               
2000c339  __aeabi_cdcmpeq                       
2000c339  __aeabi_cdcmple                       
2000c3bf  __aeabi_cdrcmple                      
2000c445  GPIOIntTypeSet                        
2000c4c9  _sl_HandleAsync_Connect               
2000c549  _sl_HandleAsync_InitComplete          
2000c6c9  sl_NetCfgSet                          
2000c745  sl_SetSockOpt                         
2000c7c1  sl_WlanSet                            
2000c83d  __aeabi_memclr                        
2000c83d  __aeabi_memclr4                       
2000c83d  __aeabi_memclr8                       
2000c83f  __aeabi_memset                        
2000c83f  __aeabi_memset4                       
2000c83f  __aeabi_memset8                       
2000c845  memset                                
2000c8b9  _SlNonOsSemGet                        
2000c931  sl_WlanPolicySet                      
2000c9a9  spi_Close                             
2000ca21  UARTConfigSetExpClk                   
2000ca99  _SlNonOsMainLoopTask                  
2000cb0d  sl_Socket                             
2000cb7d  _SlDrvCmdSend                         
2000cbe9  _sl_NetAppSendTokenValue              
2000cc55  __TI_auto_init                        
2000ccc1  sl_WlanRxFilterSet                    
2000cd97  _Dunscale                             
2000cdfd  _SlNonOsSpawn                         
2000ce61  _sl_HandleAsync_Accept                
2000cec5  PinMuxConfig                          
2000cf29  uDMAChannelAttributeDisable           
2000cf8d  uDMAChannelAttributeEnable            
2000cff1  IntPendClear                          
2000d049  PRCMPeripheralReset                   
2000d0a1  ltoa                                  
2000d0f9  IntPrioritySet                        
2000d14d  _SlDrvRxIrqHandler                    
2000d1a1  _sl_HandleAsync_Select                
2000d1f5  _sl_HandleAsync_Stop                  
2000d245  SPIIntEnable                          
2000d2dd  _SlDrvProtectAsyncRespSetting         
2000d375  atoi                                  
2000d3c1  copy_in                               
2000d40d  uDMAChannelAssign                     
2000d4a1  SPIIntClear                           
2000d4e9  _SlDrvBasicCmd                        
2000d531  __aeabi_d2iz                          
2000d579  sl_NetAppMDNSUnRegisterService        
2000d5c1  ldexp                                 
2000d64d  _SlDrvHandleHttpServerEvents          
2000d691  _SlDrvSyncObjWaitTimeout              
2000d719  C$$EXIT                               
2000d71d  abort                                 
2000d725  exit                                  
2000d75d  sl_Close                              
2000d7a1  sl_WlanProfileDel                     
2000d7e5  sl_WlanSetMode                        
2000d829  sl_Htonl                              
2000d86d  PinModeSet                            
2000d8ad  _SlDrvHandleNetAppEvents              
2000d8ed  _SlDrvHandleWlanEvents                
2000d96d  signal                                
2000d9ad  NwpRegisterInterruptHandler           
2000da29  PRCMPeripheralClkEnable               
2000da65  _c_int00                              
2000daa1  sl_Htons                              
2000dadd  uDMAChannelControlSet                 
2000db19  NwpPowerOff                           
2000db51  GPIODirModeSet                        
2000db89  PRCMPeripheralStatusGet               
2000dbbd  SPIFIFOLevelSet                       
2000dbf1  feraiseexcept                         
2000dc25  PinTypeGPIO                           
2000dc55  UARTDisable                           
2000dc85  _Feraise                              
2000dcb5  __aeabi_i2d                           
2000dce3  raise                                 
2000dd11  PRCMSysResetCauseGet                  
2000dd69  _SlDrvProtectionObjLockWaitForever    
2000dd95  _Dclass                               
2000ddc1  PRCMPeripheralClkDisable              
2000dde9  _SlDrvGlobalObjUnLock                 
2000de11  _SlDrvProtectionObjUnLock             
2000de39  _SlDrvSyncObjWaitForever              
2000de61  sl_Provisioning_HttpServerEventHdl    
2000de6f  sl_Provisioning_NetAppEventHdl        
2000de7b  sl_Provisioning_WlanEventHdl          
2000de87  strncmp                               
2000dead  DmaSpiSwIntHandler                    
2000ded1  IntUnregister                         
2000def5  UARTEnable                            
2000df19  _SlDrvObjLockWaitForever              
2000df3d  memmove                               
2000df61  SPIReset                              
2000df83  SPIWordCountSet                       
2000dfa5  frexp                                 
2000dfc7  GPIOPinWrite                          
2000dfe9  IntRegister                           
2000e009  NwpPowerOn                            
2000e029  _SlDrvObjUnLock                       
2000e049  _SlDrvSyncObjSignal                   
2000e069  sl_WlanDisconnect                     
2000e089  GPIOIntRegister                       
2000e0a7  UARTCharPut                           
2000e0e3  UARTCharGetNonBlocking                
2000e0ff  memccpy                               
2000e11d  uDMAChannelEnable                     
2000e139  GPIOIntEnable                         
2000e153  PinTypeUART                           
2000e16d  SPIDmaDisable                         
2000e187  SPIDmaEnable                          
2000e1a1  SPIFIFODisable                        
2000e1bb  SPIFIFOEnable                         
2000e1d5  SPIIntUnregister                      
2000e1ef  GPIOPinRead                           
2000e207  SPICSDisable                          
2000e21f  SPICSEnable                           
2000e237  SPIDisable                            
2000e24f  SPIEnable                             
2000e267  UARTCharsAvail                        
2000e27f  _SlNonOsSemSet                        
2000e2b1  _args_main                            
2000e2c9  strcmp                                
2000e2e1  PRCMHIBRegRead                        
2000e2f7  PRCMHIBRegWrite                       
2000e30d  _SlDrvMemZero                         
2000e323  strchr                                
2000e339  CPUcpsie                              
2000e34d  GPIOIntClear                          
2000e361  IntVTableBaseSet                      
2000e375  _register_unlock                      
2000e37b  _register_lock                        
2000e383  _nop                                  
2000e389  strcpy                                
2000e39d  strlen                                
2000e3b1  _SlDrvDispatchHttpServerEvents        
2000e3c1  _SlDrvResetCmdExt                     
2000e3cf  __TI_decompress_none                  
2000e3dd  ResetISR                              
2000e3ed  NwpMaskInterrupt                      
2000e3f9  NwpUnMaskInterrupt                    
2000e405  __TI_zero_init                        
2000e411  IntMasterEnable                       
2000e41b  UtilsDelay                            
2000e421  __TI_decompress_rle24                 
2000e427  _system_pre_init                      
2000e42c  _ctypes_                              
2000e8aa  OpcodeTranslateTable                  
2000e924  _SlActionLookupTable                  
2000ea10  _SlNetAppSendTokenValueCmdCtrl        
2000eac8  __TI_static_base__                    
2000eb34  __TI_Handler_Table_Base               
2000eb40  __TI_Handler_Table_Limit              
2000eb48  __TI_CINIT_Base                       
2000eb58  __TI_CINIT_Limit                      
20017000  _sys_memory                           
20017800  g_buff                                
20017f20  g_ucDinDout                           
20017f70  g_ucConnectionSSID                    
20017f94  g_ucConnectionBSSID                   
20017fa0  g_ulDestinationIP                     
20017fa4  RxIrqCnt                              
20017fa5  g_bDeviceRestartIsRequired            
20017fa6  g_cDummy                              
20017fa7  g_ucLED1Pin                           
20017fa8  g_ucLED2Pin                           
20017fa9  g_ucLED3Pin                           
20018060  _Denorm                               
20018070  _Eps                                  
20018080  _Hugeval                              
20018090  _Inf                                  
200180a0  _Nan                                  
200180b0  _Snan                                 
200180c0  _Rteps                                
200180d0  _Xbig                                 
200180d8  _Zero                                 
20018128  g__SlNonOsCB                          
20018178  g_uiLED1Port                          
2001817c  g_uiLED2Port                          
20018180  g_uiLED3Port                          
20018198  g_pCB                                 
2001819c  pPingCallBackFunc                     
200181a4  g_ulStatus                            
200181a8  g_ulGatewayIP                         
200181ac  bytesReceived                         
200181bc  g_SpiFd                               
200181c0  g_pHostIntHdl                         
200181c4  g_ucDMAEnabled                        
200181c8  _lock                                 
200181cc  _unlock                               
200181d0  __TI_cleanup_ptr                      
200181d4  __TI_dtors_ptr                        
200181d8  _Fenv                                 
200181dc  _Tls_setup__Fenv                      
200181e0  _Errno                                
200181e4  main_func_sp                          
2002f800  __stack                               
20030000  __STACK_END                           
ffffffff  __binit__                             
ffffffff  __c_args__                            
ffffffff  binit                                 
UNDEFED   SHT$$INIT_ARRAY$$Base                 
UNDEFED   SHT$$INIT_ARRAY$$Limit                

[312 symbols]
