******************************************************************************
                  TI ARM Linker PC v5.2.5                      
******************************************************************************
>> Linked Thu Apr 07 03:21:14 2016

OUTPUT FILE NAME:   <tcp_socket.out>
ENTRY POINT SYMBOL: "_c_int00"  address: 2000c471


MEMORY CONFIGURATION

         name            origin    length      used     unused   attr    fill
----------------------  --------  ---------  --------  --------  ----  --------
  SRAM_CODE             20004000   00013000  000094fe  00009b02  RW X
  SRAM_DATA             20017000   00019000  00001e48  000171b8  RW X


SEGMENT ALLOCATION MAP

run origin  load origin   length   init length attrs members
----------  ----------- ---------- ----------- ----- -------
20004000    20004000    00009500   00009500    r-x
  20004000    20004000    00000400   00000400    r-- .intvecs
  20004400    20004400    00008a1e   00008a1e    r-x .text
  2000ce20    2000ce20    00000650   00000650    r-- .const
  2000d470    2000d470    00000090   00000090    r-- .cinit
20017000    20017000    0000164c   00000000    rw-
  20017000    20017000    00000c74   00000000    rw- .bss
  20017c78    20017c78    00000800   00000000    rw- .sysmem
  20018478    20018478    000001d4   00000000    rw- .data
2002f800    2002f800    00000800   00000000    rw-
  2002f800    2002f800    00000800   00000000    rw- .stack


SECTION ALLOCATION MAP

 output                                  attributes/
section   page    origin      length       input sections
--------  ----  ----------  ----------   ----------------
.intvecs   0    20004000    00000400     
                  20004000    00000400     startup_ccs.obj (.intvecs)

.init_array 
*          0    20004000    00000000     UNINITIALIZED

.text      0    20004400    00008a1e     
                  20004400    00001570     main.obj (.text)
                  20005970    000010a6     rtsv7M4_T_le_eabi.lib : _printfi.obj (.text)
                  20006a16    00000002     driverlib.a : interrupt.obj (.text:IntDefaultHandler)
                  20006a18    00000590     simplelink.a : driver.obj (.text:_SlDrvMsgRead)
                  20006fa8    000003dc     rtsv7M4_T_le_eabi.lib : memory.obj (.text)
                  20007384    00000280     uart_if.obj (.text)
                  20007604    00000260     simplelink.a : wlan.obj (.text:sl_WlanConnect)
                  20007864    000001fc                  : driver.obj (.text:_SlDrvRxHdrRead)
                  20007a60    000001f4     rtsv7M4_T_le_eabi.lib : ull_div_t2.obj (.text)
                  20007c54    000001e4     simplelink.a : driver.obj (.text:_SlDrvDataReadOp)
                  20007e38    000001d0                  : driver.obj (.text:_SlDrvReleasePoolObj)
                  20008008    000001cc     udma_if.obj (.text)
                  200081d4    000001b6     rtsv7M4_T_le_eabi.lib : fd_add_t2.obj (.text)
                  2000838a    00000002     --HOLE-- [fill = 0]
                  2000838c    000001b4     simplelink.a : driver.obj (.text:_SlDrvDriverCBInit)
                  20008540    000001a0                  : socket.obj (.text:sl_Accept)
                  200086e0    0000019c                  : driver.obj (.text:_SlDrvMsgWrite)
                  2000887c    00000190                  : driver.obj (.text:_SlDrvWaitForPoolObj)
                  20008a0c    00000178     driverlib.a : prcm.obj (.text:PRCMCC3200MCUInit)
                  20008b84    00000170     simplelink.a : driver.obj (.text:_SlFindAndSetActiveObj)
                  20008cf4    0000016c                  : socket.obj (.text:sl_Connect)
                  20008e60    00000150                  : driver.obj (.text:_SlDrvDataWriteOp)
                  20008fb0    00000148                  : cc_pal.obj (.text:spi_Open)
                  200090f8    00000136     rtsv7M4_T_le_eabi.lib : fd_div_t2.obj (.text)
                  2000922e    00000002     --HOLE-- [fill = 0]
                  20009230    00000128     simplelink.a : driver.obj (.text:_SlDrvMsgReadCmdCtx)
                  20009358    00000124                  : driver.obj (.text:_SlDrvDriverCBDeinit)
                  2000947c    00000118                  : socket.obj (.text:sl_Send)
                  20009594    00000114     rtsv7M4_T_le_eabi.lib : strtoul.obj (.text)
                  200096a8    00000110                           : xdscale.obj (.text)
                  200097b8    00000104     simplelink.a : netapp.obj (.text:_SlDrvNetAppEventHandler)
                  200098bc    000000fc     rtsv7M4_T_le_eabi.lib : fd_mul_t2.obj (.text)
                  200099b8    000000f0     simplelink.a : cc_pal.obj (.text:spi_Read)
                  20009aa8    000000f0     driverlib.a : udma.obj (.text:uDMAChannelTransferSet)
                  20009b98    000000e8     simplelink.a : driver.obj (.text:_SlAsyncEventGenericHandler)
                  20009c80    000000e4                  : device.obj (.text:sl_Stop)
                  20009d64    000000e0                  : device.obj (.text:sl_Start)
                  20009e44    000000dc                  : driver.obj (.text:_SlDrvClassifyRxMsg)
                  20009f20    000000d4                  : driver.obj (.text:_SlDrvMsgReadSpawnCtx)
                  20009ff4    000000cc                  : netapp.obj (.text:_sl_HandleAsync_DnsGetHostByService)
                  2000a0c0    000000c8                  : netapp.obj (.text:sl_NetAppMDNSRegisterUnregisterService)
                  2000a188    000000c4                  : driver.obj (.text:_SlRemoveFromList)
                  2000a24c    000000c0                  : driver.obj (.text:_SlDrvCmdOp)
                  2000a30c    000000be     rtsv7M4_T_le_eabi.lib : xdnorm.obj (.text)
                  2000a3ca    00000002     --HOLE-- [fill = 0]
                  2000a3cc    000000b4     simplelink.a : device.obj (.text:sl_DevGet)
                  2000a480    000000a8     driverlib.a : interrupt.obj (.text:IntDisable)
                  2000a528    000000a8                 : interrupt.obj (.text:IntEnable)
                  2000a5d0    000000a4     simplelink.a : driver.obj (.text:_SlDriverHandleError)
                  2000a674    000000a0     driverlib.a : spi.obj (.text:SPIConfigSetExpClk)
                  2000a714    0000009c     rtsv7M4_T_le_eabi.lib : memcpy_t2.obj (.text)
                  2000a7b0    0000009c     simplelink.a : socket.obj (.text:sl_Bind)
                  2000a84c    0000009a                  : device.obj (.text:_SlDrvDeviceEventHandler)
                  2000a8e6    00000002     --HOLE-- [fill = 0]
                  2000a8e8    00000098                  : cc_pal.obj (.text:spi_Write)
                  2000a980    00000094     driverlib.a : prcm.obj (.text:PRCMPeripheralClockGet)
                  2000aa14    00000090     simplelink.a : netapp.obj (.text:_sl_HandleAsync_DnsGetHostByName)
                  2000aaa4    00000090                  : netapp.obj (.text:_sl_HandleAsync_PingResponse)
                  2000ab34    0000008c                  : cc_pal.obj (.text:SetupDMAReceive)
                  2000abc0    0000008c                  : cc_pal.obj (.text:SetupDMASend)
                  2000ac4c    00000088     driverlib.a : pin.obj (.text:PinConfigSet)
                  2000acd4    00000088     rtsv7M4_T_le_eabi.lib : vsnprintf.obj (.text)
                  2000ad5c    00000088     simplelink.a : socket.obj (.text:sl_Recv)
                  2000ade4    00000086     rtsv7M4_T_le_eabi.lib : fd_cmp_t2.obj (.text:__aeabi_cdcmple)
                  2000ae6a    00000086                           : fd_cmp_t2.obj (.text:__aeabi_cdrcmple)
                  2000aef0    00000080     simplelink.a : socket.obj (.text:_sl_HandleAsync_Connect)
                  2000af70    00000080                  : device.obj (.text:_sl_HandleAsync_InitComplete)
                  2000aff0    00000080                  : cc_pal.obj (.text:spi_Read_CPU)
                  2000b070    00000080                  : cc_pal.obj (.text:spi_Write_CPU)
                  2000b0f0    0000007c                  : netcfg.obj (.text:sl_NetCfgSet)
                  2000b16c    0000007c                  : socket.obj (.text:sl_SetSockOpt)
                  2000b1e8    0000007c                  : wlan.obj (.text:sl_WlanSet)
                  2000b264    0000007a     rtsv7M4_T_le_eabi.lib : memset_t2.obj (.text)
                  2000b2de    00000002     --HOLE-- [fill = 0]
                  2000b2e0    00000078     simplelink.a : nonos.obj (.text:_SlNonOsSemGet)
                  2000b358    00000078                  : wlan.obj (.text:sl_WlanPolicySet)
                  2000b3d0    00000078                  : cc_pal.obj (.text:spi_Close)
                  2000b448    00000076     driverlib.a : uart.obj (.text:UARTConfigSetExpClk)
                  2000b4be    00000002     --HOLE-- [fill = 0]
                  2000b4c0    00000074     simplelink.a : nonos.obj (.text:_SlNonOsMainLoopTask)
                  2000b534    00000070                  : socket.obj (.text:sl_Socket)
                  2000b5a4    0000006c                  : driver.obj (.text:_SlDrvCmdSend)
                  2000b610    0000006c                  : netapp.obj (.text:_sl_NetAppSendTokenValue)
                  2000b67c    0000006c     rtsv7M4_T_le_eabi.lib : autoinit.obj (.text)
                  2000b6e8    0000006c     simplelink.a : wlan.obj (.text:sl_WlanRxFilterSet)
                  2000b754    0000006a     rtsv7M4_T_le_eabi.lib : copy_decompress_rle.obj (.text)
                  2000b7be    00000066                           : xdunscal.obj (.text)
                  2000b824    00000064     simplelink.a : nonos.obj (.text:_SlNonOsSpawn)
                  2000b888    00000064                  : socket.obj (.text:_sl_HandleAsync_Accept)
                  2000b8ec    00000064     driverlib.a : udma.obj (.text:uDMAChannelAttributeDisable)
                  2000b950    00000064                 : udma.obj (.text:uDMAChannelAttributeEnable)
                  2000b9b4    00000058                 : interrupt.obj (.text:IntPendClear)
                  2000ba0c    00000058                 : prcm.obj (.text:PRCMPeripheralReset)
                  2000ba64    00000056     rtsv7M4_T_le_eabi.lib : ltoa.obj (.text)
                  2000baba    00000002     --HOLE-- [fill = 0]
                  2000babc    00000054     driverlib.a : interrupt.obj (.text:IntPrioritySet)
                  2000bb10    00000054     simplelink.a : driver.obj (.text:_SlDrvRxIrqHandler)
                  2000bb64    00000054                  : socket.obj (.text:_sl_HandleAsync_Select)
                  2000bbb8    00000050                  : device.obj (.text:_sl_HandleAsync_Stop)
                  2000bc08    00000050                  : socket.obj (.text:sl_Listen)
                  2000bc58    0000004c     driverlib.a : spi.obj (.text:SPIIntEnable)
                  2000bca4    0000004c                 : spi.obj (.text:SPIIntNumberGet)
                  2000bcf0    0000004c     simplelink.a : driver.obj (.text:_SlDrvProtectAsyncRespSetting)
                  2000bd3c    0000004c                  : socket.obj (.text:_sl_BuildAddress)
                  2000bd88    0000004c     rtsv7M4_T_le_eabi.lib : atoi.obj (.text)
                  2000bdd4    0000004c                           : cpy_tbl.obj (.text)
                  2000be20    0000004c     driverlib.a : udma.obj (.text:uDMAChannelAssign)
                  2000be6c    00000048                 : spi.obj (.text:SPIIntClear)
                  2000beb4    00000048     simplelink.a : driver.obj (.text:_SlDrvBasicCmd)
                  2000befc    00000048     rtsv7M4_T_le_eabi.lib : fd_toi_t2.obj (.text)
                  2000bf44    00000048     simplelink.a : netapp.obj (.text:sl_NetAppMDNSUnRegisterService)
                  2000bf8c    00000046     rtsv7M4_T_le_eabi.lib : ldexp.obj (.text)
                  2000bfd2    00000002     --HOLE-- [fill = 0]
                  2000bfd4    00000044     driverlib.a : spi.obj (.text:SPIDmaMaskGet)
                  2000c018    00000044     simplelink.a : driver.obj (.text:_SlDrvHandleHttpServerEvents)
                  2000c05c    00000044                  : driver.obj (.text:_SlDrvSyncObjWaitTimeout)
                  2000c0a0    00000044                  : cc_pal.obj (.text:cc_SetupTransfer)
                  2000c0e4    00000044     rtsv7M4_T_le_eabi.lib : exit.obj (.text)
                  2000c128    00000044     simplelink.a : socket.obj (.text:sl_Close)
                  2000c16c    00000044                  : wlan.obj (.text:sl_WlanProfileDel)
                  2000c1b0    00000044                  : wlan.obj (.text:sl_WlanSetMode)
                  2000c1f4    00000042                  : socket.obj (.text:sl_Htonl)
                  2000c236    00000002     --HOLE-- [fill = 0]
                  2000c238    00000040     driverlib.a : pin.obj (.text:PinModeSet)
                  2000c278    00000040     simplelink.a : driver.obj (.text:_SlDrvHandleNetAppEvents)
                  2000c2b8    00000040                  : driver.obj (.text:_SlDrvHandleWlanEvents)
                  2000c2f8    00000040                  : socket.obj (.text:_sl_TruncatePayloadByProtocol)
                  2000c338    00000040     rtsv7M4_T_le_eabi.lib : signal.obj (.text)
                  2000c378    00000040                           : strtok.obj (.text)
                  2000c3b8    0000003e     simplelink.a : cc_pal.obj (.text:NwpRegisterInterruptHandler)
                  2000c3f6    0000003c                  : netapp.obj (.text:CopyPingResultsToReport)
                  2000c432    00000002     --HOLE-- [fill = 0]
                  2000c434    0000003c     driverlib.a : prcm.obj (.text:PRCMPeripheralClkEnable)
                  2000c470    0000003c     rtsv7M4_T_le_eabi.lib : boot.obj (.text)
                  2000c4ac    0000003c     simplelink.a : socket.obj (.text:sl_Htons)
                  2000c4e8    0000003c     driverlib.a : udma.obj (.text:uDMAChannelControlSet)
                  2000c524    00000038     simplelink.a : cc_pal.obj (.text:NwpPowerOff)
                  2000c55c    00000034     driverlib.a : prcm.obj (.text:PRCMPeripheralStatusGet)
                  2000c590    00000034                 : spi.obj (.text:SPIFIFOLevelSet)
                  2000c5c4    00000034     rtsv7M4_T_le_eabi.lib : feraiseexcept.obj (.text)
                  2000c5f8    00000030     driverlib.a : uart.obj (.text:UARTDisable)
                  2000c628    00000030     rtsv7M4_T_le_eabi.lib : xferaise.obj (.text)
                  2000c658    0000002e                           : i_tofd_t2.obj (.text)
                  2000c686    0000002e                           : raise.obj (.text)
                  2000c6b4    0000002c     driverlib.a : prcm.obj (.text:PRCMSysResetCauseGet)
                  2000c6e0    0000002c     simplelink.a : driver.obj (.text:_SlDrvObjGlobalLockWaitForever)
                  2000c70c    0000002c                  : driver.obj (.text:_SlDrvProtectionObjLockWaitForever)
                  2000c738    0000002a     rtsv7M4_T_le_eabi.lib : strspn.obj (.text)
                  2000c762    0000002a                           : xdclass.obj (.text)
                  2000c78c    00000028     driverlib.a : prcm.obj (.text:PRCMPeripheralClkDisable)
                  2000c7b4    00000028     simplelink.a : driver.obj (.text:_SlDrvGlobalObjUnLock)
                  2000c7dc    00000028                  : driver.obj (.text:_SlDrvProtectionObjUnLock)
                  2000c804    00000028                  : driver.obj (.text:_SlDrvSyncObjWaitForever)
                  2000c82c    00000026     network_common.obj (.text)
                  2000c852    00000002     --HOLE-- [fill = 0]
                  2000c854    00000024     simplelink.a : cc_pal.obj (.text:DmaSpiSwIntHandler)
                  2000c878    00000024     driverlib.a : interrupt.obj (.text:IntUnregister)
                  2000c89c    00000024                 : uart.obj (.text:UARTEnable)
                  2000c8c0    00000024     simplelink.a : driver.obj (.text:_SlDrvObjLockWaitForever)
                  2000c8e4    00000024     rtsv7M4_T_le_eabi.lib : memmov.obj (.text)
                  2000c908    00000024                           : strcspn.obj (.text)
                  2000c92c    00000022     driverlib.a : spi.obj (.text:SPIReset)
                  2000c94e    00000022                 : spi.obj (.text:SPIWordCountSet)
                  2000c970    00000022     rtsv7M4_T_le_eabi.lib : frexp.obj (.text)
                  2000c992    00000002     --HOLE-- [fill = 0]
                  2000c994    00000020     driverlib.a : interrupt.obj (.text:IntRegister)
                  2000c9b4    00000020     simplelink.a : cc_pal.obj (.text:NwpPowerOn)
                  2000c9d4    00000020                  : driver.obj (.text:_SlDrvObjUnLock)
                  2000c9f4    00000020                  : driver.obj (.text:_SlDrvSyncObjSignal)
                  2000ca14    00000020                  : wlan.obj (.text:sl_WlanDisconnect)
                  2000ca34    0000001e     driverlib.a : uart.obj (.text:UARTCharPut)
                  2000ca52    0000001e     simplelink.a : cc_pal.obj (.text:cc_UDMAChannelSelect)
                  2000ca70    0000001c     driverlib.a : uart.obj (.text:UARTCharGetNonBlocking)
                  2000ca8c    0000001c     pinmux.obj (.text)
                  2000caa8    0000001c     rtsv7M4_T_le_eabi.lib : memccpy.obj (.text)
                  2000cac4    0000001c     driverlib.a : udma.obj (.text:uDMAChannelDisable)
                  2000cae0    0000001c                 : udma.obj (.text:uDMAChannelEnable)
                  2000cafc    0000001c                 : udma.obj (.text:uDMAChannelRequest)
                  2000cb18    0000001a                 : pin.obj (.text:PinTypeUART)
                  2000cb32    0000001a                 : spi.obj (.text:SPIDmaDisable)
                  2000cb4c    0000001a                 : spi.obj (.text:SPIDmaEnable)
                  2000cb66    0000001a                 : spi.obj (.text:SPIFIFODisable)
                  2000cb80    0000001a                 : spi.obj (.text:SPIFIFOEnable)
                  2000cb9a    0000001a                 : spi.obj (.text:SPIIntUnregister)
                  2000cbb4    00000018                 : spi.obj (.text:SPICSDisable)
                  2000cbcc    00000018                 : spi.obj (.text:SPICSEnable)
                  2000cbe4    00000018                 : spi.obj (.text:SPIDisable)
                  2000cbfc    00000018                 : spi.obj (.text:SPIEnable)
                  2000cc14    00000018                 : uart.obj (.text:UARTCharsAvail)
                  2000cc2c    00000018     simplelink.a : nonos.obj (.text:_SlNonOsSemSet)
                  2000cc44    00000018                  : device.obj (.text:_sl_GetStartResponseConvert)
                  2000cc5c    00000018     rtsv7M4_T_le_eabi.lib : args_main.obj (.text)
                  2000cc74    00000016     driverlib.a : prcm.obj (.text:PRCMHIBRegRead)
                  2000cc8a    00000016                 : prcm.obj (.text:PRCMHIBRegWrite)
                  2000cca0    00000016                 : uart.obj (.text:UARTCharGet)
                  2000ccb6    00000016     simplelink.a : driver.obj (.text:_SlDrvMemZero)
                  2000cccc    00000016     rtsv7M4_T_le_eabi.lib : strchr.obj (.text)
                  2000cce2    00000016     driverlib.a : udma.obj (.text:uDMAIntRegister)
                  2000ccf8    00000014                 : cpu.obj (.text:CPUcpsie)
                  2000cd0c    00000014                 : interrupt.obj (.text:IntVTableBaseSet)
                  2000cd20    00000014     rtsv7M4_T_le_eabi.lib : _lock.obj (.text)
                  2000cd34    00000014                           : strlen.obj (.text)
                  2000cd48    00000014     driverlib.a : udma.obj (.text:uDMAControlBaseSet)
                  2000cd5c    00000014                 : udma.obj (.text:uDMAIntClear)
                  2000cd70    00000012                 : udma.obj (.text:uDMAIntUnregister)
                  2000cd82    00000010     simplelink.a : driver.obj (.text:_SlDrvDispatchHttpServerEvents)
                  2000cd92    0000000e                  : driver.obj (.text:_SlDrvResetCmdExt)
                  2000cda0    0000000e     rtsv7M4_T_le_eabi.lib : copy_decompress_none.obj (.text:decompress:none)
                  2000cdae    0000000e     startup_ccs.obj (.text)
                  2000cdbc    0000000c     simplelink.a : cc_pal.obj (.text:NwpMaskInterrupt)
                  2000cdc8    0000000c                  : cc_pal.obj (.text:NwpUnMaskInterrupt)
                  2000cdd4    0000000c     rtsv7M4_T_le_eabi.lib : copy_zero_init.obj (.text:decompress:ZI)
                  2000cde0    0000000c     driverlib.a : udma.obj (.text:uDMADisable)
                  2000cdec    0000000c                 : udma.obj (.text:uDMAEnable)
                  2000cdf8    0000000c                 : udma.obj (.text:uDMAIntStatus)
                  2000ce04    0000000a                 : interrupt.obj (.text:IntMasterEnable)
                  2000ce0e    00000006                 : utils.obj (.text:UtilsDelay)
                  2000ce14    00000006     rtsv7M4_T_le_eabi.lib : copy_decompress_rle.obj (.text:decompress:rle24)
                  2000ce1a    00000004                           : pre_init.obj (.text)

.const     0    2000ce20    00000650     
                  2000ce20    00000101     rtsv7M4_T_le_eabi.lib : ctype.obj (.const:.string:_ctypes_)
                  2000cf21    00000003     --HOLE-- [fill = 0]
                  2000cf24    00000100     driverlib.a : pin.obj (.const:g_ulPinToPadMap)
                  2000d024    000000d4                 : interrupt.obj (.const:g_pulRegs)
                  2000d0f8    000000a8                 : prcm.obj (.const:PRCM_PeriphRegsList)
                  2000d1a0    00000080                 : interrupt.obj (.const)
                  2000d220    0000003c     simplelink.a : driver.obj (.const:OpcodeTranslateTable)
                  2000d25c    0000003c                  : wlan.obj (.const)
                  2000d298    00000038                  : driver.obj (.const:_SlActionLookupTable)
                  2000d2d0    00000038                  : driver.obj (.const)
                  2000d308    00000034                  : socket.obj (.const)
                  2000d33c    0000002c     main.obj (.const:$P$T1$2)
                  2000d368    0000002b     main.obj (.const:.string)
                  2000d393    00000001     --HOLE-- [fill = 0]
                  2000d394    00000028     simplelink.a : netapp.obj (.const)
                  2000d3bc    00000024     driverlib.a : spi.obj (.const:g_ppulSPIIntMap)
                  2000d3e0    00000022     main.obj (.const:.string:$P$T0$1)
                  2000d402    00000002     --HOLE-- [fill = 0]
                  2000d404    00000020     main.obj (.const)
                  2000d424    0000001c     simplelink.a : device.obj (.const)
                  2000d440    00000018     driverlib.a : spi.obj (.const)
                  2000d458    00000010     simplelink.a : socket.obj (.const:.string)
                  2000d468    00000008                  : netcfg.obj (.const)

.cinit     0    2000d470    00000090     
                  2000d470    00000067     (.cinit..data.load) [load image, compression = rle]
                  2000d4d7    00000001     --HOLE-- [fill = 0]
                  2000d4d8    0000000c     (__TI_handler_table)
                  2000d4e4    00000004     --HOLE-- [fill = 0]
                  2000d4e8    00000008     (.cinit..bss.load) [load image, compression = zero_init]
                  2000d4f0    00000010     (__TI_cinit_table)

.bss       0    20017000    00000c74     UNINITIALIZED
                  20017000    00000578     main.obj (.bss:g_cBsdBuf)
                  20017578    00000168     simplelink.a : driver.obj (.bss:g_StatMem)
                  200176e0    00000100     udma_if.obj (.bss:gfpAppCallbackHndl)
                  200177e0    00000008     (.common:g_ucConnectionBSSID)
                  200177e8    00000004     (.common:__Errorlog)
                  200177ec    00000001     (.common:RxIrqCnt)
                  200177ed    00000001     (.common:g_bDeviceRestartIsRequired)
                  200177ee    00000001     (.common:g_cDummy)
                  200177ef    00000001     (.common:iDone)
                  200177f0    00000010     --HOLE--
                  20017800    00000400     udma_if.obj (.bss:gpCtlTbl)
                  20017c00    00000050     simplelink.a : cc_pal.obj (.bss:g_ucDinDout)
                  20017c50    00000024     main.obj (.bss:g_ucConnectionSSID)

.TI.noinit 
*          0    20017000    00000000     UNINITIALIZED

.sysmem    0    20017c78    00000800     UNINITIALIZED
                  20017c78    00000008     rtsv7M4_T_le_eabi.lib : memory.obj (.sysmem)
                  20017c80    000007f8     --HOLE--

.data      0    20018478    000001d4     UNINITIALIZED
                  20018478    000000b0     rtsv7M4_T_le_eabi.lib : signal.obj (.data:sigtable)
                  20018528    00000080                           : xvalues.obj (.data)
                  200185a8    0000003c     simplelink.a : nonos.obj (.data:g__SlNonOsCB)
                  200185e4    0000001c     main.obj (.data)
                  20018600    0000000d     simplelink.a : driver.obj (.data)
                  2001860d    00000003     --HOLE--
                  20018610    0000000c     rtsv7M4_T_le_eabi.lib : memory.obj (.data)
                  2001861c    00000009     simplelink.a : cc_pal.obj (.data)
                  20018625    00000003     --HOLE--
                  20018628    00000008     rtsv7M4_T_le_eabi.lib : _lock.obj (.data)
                  20018630    00000008                           : exit.obj (.data)
                  20018638    00000008                           : feraiseexcept.obj (.data)
                  20018640    00000004                           : errno.obj (.data)
                  20018644    00000004                           : stkdepth_vars.obj (.data)
                  20018648    00000004                           : strtok.obj (.data)

.TI.persistent 
*          0    20018478    00000000     UNINITIALIZED

.stack     0    2002f800    00000800     UNINITIALIZED
                  2002f800    00000800     --HOLE--


LINKER GENERATED COPY TABLES

__TI_cinit_table @ 2000d4f0 records: 2, size/record: 8, table size: 16
	.data: load addr=2000d470, load size=00000067 bytes, run addr=20018478, run size=000001d4 bytes, compression=rle
	.bss: load addr=2000d4e8, load size=00000008 bytes, run addr=20017000, run size=00000c74 bytes, compression=zero_init


LINKER GENERATED HANDLER TABLE

__TI_handler_table @ 2000d4d8 records: 3, size/record: 4, table size: 12
	index: 0, handler: __TI_decompress_rle24
	index: 1, handler: __TI_decompress_none
	index: 2, handler: __TI_zero_init


GLOBAL SYMBOLS: SORTED ALPHABETICALLY BY Name 

address   name                                  
-------   ----                                  
20005249  BsdTcpClient                          
2000539d  BsdTcpServer                          
2000c0e5  C$$EXIT                               
2000ccf9  CPUcpsie                              
200073c5  ClearTerm                             
2000801f  DmaErrorIntHandler                    
2000c855  DmaSpiSwIntHandler                    
20008009  DmaSwIntHandler                       
200073cf  Error                                 
20007407  GetCmd                                
20007385  InitTerm                              
2000a481  IntDisable                            
2000a529  IntEnable                             
2000ce05  IntMasterEnable                       
2000b9b5  IntPendClear                          
2000babd  IntPrioritySet                        
2000c995  IntRegister                           
2000c879  IntUnregister                         
2000cd0d  IntVTableBaseSet                      
20004c53  IpAddressParser                       
200073a3  Message                               
2000cdbd  NwpMaskInterrupt                      
2000c525  NwpPowerOff                           
2000c9b5  NwpPowerOn                            
2000c3b9  NwpRegisterInterruptHandler           
2000cdc9  NwpUnMaskInterrupt                    
2000d220  OpcodeTranslateTable                  
20008a0d  PRCMCC3200MCUInit                     
2000cc75  PRCMHIBRegRead                        
2000cc8b  PRCMHIBRegWrite                       
2000c78d  PRCMPeripheralClkDisable              
2000c435  PRCMPeripheralClkEnable               
2000a981  PRCMPeripheralClockGet                
2000ba0d  PRCMPeripheralReset                   
2000c55d  PRCMPeripheralStatusGet               
2000c6b5  PRCMSysResetCauseGet                  
2000ac4d  PinConfigSet                          
2000c239  PinModeSet                            
2000ca8d  PinMuxConfig                          
2000cb19  PinTypeUART                           
20007545  Report                                
2000cdaf  ResetISR                              
200177ec  RxIrqCnt                              
UNDEFED   SHT$$INIT_ARRAY$$Base                 
UNDEFED   SHT$$INIT_ARRAY$$Limit                
2000cbb5  SPICSDisable                          
2000cbcd  SPICSEnable                           
2000a675  SPIConfigSetExpClk                    
2000cbe5  SPIDisable                            
2000cb33  SPIDmaDisable                         
2000cb4d  SPIDmaEnable                          
2000cbfd  SPIEnable                             
2000cb67  SPIFIFODisable                        
2000cb81  SPIFIFOEnable                         
2000c591  SPIFIFOLevelSet                       
2000be6d  SPIIntClear                           
2000bc59  SPIIntEnable                          
2000cb9b  SPIIntUnregister                      
2000c92d  SPIReset                              
2000c94f  SPIWordCountSet                       
200045dd  SimpleLinkGeneralEventHandler         
200045bd  SimpleLinkHttpServerCallback          
2000450f  SimpleLinkNetAppEventHandler          
20004601  SimpleLinkSockEventHandler            
20004401  SimpleLinkWlanEventHandler            
200074ad  TrimSpace                             
2000cca1  UARTCharGet                           
2000ca71  UARTCharGetNonBlocking                
2000ca35  UARTCharPut                           
2000cc15  UARTCharsAvail                        
2000b449  UARTConfigSetExpClk                   
2000c5f9  UARTDisable                           
2000c89d  UARTEnable                            
20008093  UDMAChannelSelect                     
20008167  UDMADeInit                            
2000802b  UDMAInit                              
200080c1  UDMASetupAutoMemTransfer              
200080f5  UDMASetupPingPongTransfer             
2000817b  UDMASetupTransfer                     
2000814f  UDMAStartTransfer                     
2000815b  UDMAStopTransfer                      
20004d39  UserInput                             
2000ce0f  UtilsDelay                            
2000c763  _Dclass                               
20018528  _Denorm                               
2000a30d  _Dnorm                                
200096a9  _Dscale                               
2000b7bf  _Dunscale                             
20018538  _Eps                                  
20018640  _Errno                                
20018638  _Fenv                                 
2000c629  _Feraise                              
20018548  _Hugeval                              
20018558  _Inf                                  
20018568  _Nan                                  
20018588  _Rteps                                
2000d298  _SlActionLookupTable                  
2000a5d1  _SlDriverHandleError                  
2000beb5  _SlDrvBasicCmd                        
2000a24d  _SlDrvCmdOp                           
2000b5a5  _SlDrvCmdSend                         
20007c55  _SlDrvDataReadOp                      
20008e61  _SlDrvDataWriteOp                     
2000a84d  _SlDrvDeviceEventHandler              
2000cd83  _SlDrvDispatchHttpServerEvents        
20009359  _SlDrvDriverCBDeinit                  
2000838d  _SlDrvDriverCBInit                    
2000c7b5  _SlDrvGlobalObjUnLock                 
2000c019  _SlDrvHandleHttpServerEvents          
2000c279  _SlDrvHandleNetAppEvents              
2000c2b9  _SlDrvHandleWlanEvents                
2000ccb7  _SlDrvMemZero                         
20009f21  _SlDrvMsgReadSpawnCtx                 
200097b9  _SlDrvNetAppEventHandler              
2000c8c1  _SlDrvObjLockWaitForever              
2000c9d5  _SlDrvObjUnLock                       
2000bcf1  _SlDrvProtectAsyncRespSetting         
2000c70d  _SlDrvProtectionObjLockWaitForever    
2000c7dd  _SlDrvProtectionObjUnLock             
20007e39  _SlDrvReleasePoolObj                  
2000cd93  _SlDrvResetCmdExt                     
2000bb11  _SlDrvRxIrqHandler                    
2000c9f5  _SlDrvSyncObjSignal                   
2000c805  _SlDrvSyncObjWaitForever              
2000c05d  _SlDrvSyncObjWaitTimeout              
2000887d  _SlDrvWaitForPoolObj                  
2000d3b0  _SlNetAppSendTokenValueCmdCtrl        
2000b4c1  _SlNonOsMainLoopTask                  
2000b2e1  _SlNonOsSemGet                        
2000cc2d  _SlNonOsSemSet                        
2000b825  _SlNonOsSpawn                         
20018578  _Snan                                 
2001863c  _Tls_setup__Fenv                      
20018598  _Xbig                                 
200185a0  _Zero                                 
20030000  __STACK_END                           
00000800  __STACK_SIZE                          
00000800  __SYSMEM_SIZE                         
2000d4f0  __TI_CINIT_Base                       
2000d500  __TI_CINIT_Limit                      
2000d4d8  __TI_Handler_Table_Base               
2000d4e4  __TI_Handler_Table_Limit              
2000b67d  __TI_auto_init                        
20018630  __TI_cleanup_ptr                      
2000cda1  __TI_decompress_none                  
2000ce15  __TI_decompress_rle24                 
20018634  __TI_dtors_ptr                        
20006711  __TI_printfi                          
2000d470  __TI_static_base__                    
2000cdd5  __TI_zero_init                        
2000ade5  __aeabi_cdcmpeq                       
2000ade5  __aeabi_cdcmple                       
2000ae6b  __aeabi_cdrcmple                      
2000befd  __aeabi_d2iz                          
200081df  __aeabi_dadd                          
200090f9  __aeabi_ddiv                          
200098bd  __aeabi_dmul                          
200081d5  __aeabi_dsub                          
2000c659  __aeabi_i2d                           
2000b265  __aeabi_memclr                        
2000b265  __aeabi_memclr4                       
2000b265  __aeabi_memclr8                       
2000a715  __aeabi_memcpy                        
2000a715  __aeabi_memcpy4                       
2000a715  __aeabi_memcpy8                       
2000b267  __aeabi_memset                        
2000b267  __aeabi_memset4                       
2000b267  __aeabi_memset8                       
20007a61  __aeabi_uldivmod                      
ffffffff  __binit__                             
ffffffff  __c_args__                            
2002f800  __stack                               
2000cc5d  _args_main                            
2000c471  _c_int00                              
2000ce20  _ctypes_                              
20018628  _lock                                 
2000cd2f  _nop                                  
2000cd27  _register_lock                        
2000cd21  _register_unlock                      
2000b889  _sl_HandleAsync_Accept                
2000aef1  _sl_HandleAsync_Connect               
2000aa15  _sl_HandleAsync_DnsGetHostByName      
20009ff5  _sl_HandleAsync_DnsGetHostByService   
2000af71  _sl_HandleAsync_InitComplete          
2000aaa5  _sl_HandleAsync_PingResponse          
2000bb65  _sl_HandleAsync_Select                
2000bbb9  _sl_HandleAsync_Stop                  
2000b611  _sl_NetAppSendTokenValue              
20017c78  _sys_memory                           
2000ce1b  _system_pre_init                      
2001862c  _unlock                               
2000c0e9  abort                                 
2000bd89  atoi                                  
ffffffff  binit                                 
20007351  calloc                                
2000bdd5  copy_in                               
2000c0f1  exit                                  
2000c5c5  feraiseexcept                         
2000709f  free                                  
2000c971  frexp                                 
2001861c  g_SpiFd                               
200185a8  g__SlNonOsCB                          
200177ed  g_bDeviceRestartIsRequired            
20017000  g_cBsdBuf                             
200177ee  g_cDummy                              
20018604  g_pCB                                 
20018620  g_pHostIntHdl                         
20004000  g_pfnVectors                          
200177e0  g_ucConnectionBSSID                   
20017c50  g_ucConnectionSSID                    
200185f8  g_ucConnectionStatus                  
20018624  g_ucDMAEnabled                        
20017c00  g_ucDinDout                           
200185f9  g_ucSimplelinkstarted                 
200185f0  g_uiPortNum                           
200185ec  g_ulDestinationIp                     
200185e8  g_ulGatewayIP                         
200185fc  g_ulIpAddr                            
200185f4  g_ulPacketCount                       
200185e4  g_ulStatus                            
200176e0  gfpAppCallbackHndl                    
20017800  gpCtlTbl                              
200177ef  iDone                                 
2000bf8d  ldexp                                 
2000ba65  ltoa                                  
200056a9  main                                  
20018644  main_func_sp                          
20007037  malloc                                
2000726d  memalign                              
2000caa9  memccpy                               
2000a715  memcpy                                
2000c8e5  memmove                               
2000b26d  memset                                
20006fa9  minit                                 
20018608  pPingCallBackFunc                     
2000c687  raise                                 
20007161  realloc                               
2000c339  signal                                
20008541  sl_Accept                             
2000a7b1  sl_Bind                               
2000c129  sl_Close                              
20008cf5  sl_Connect                            
2000a3cd  sl_DevGet                             
2000c1f5  sl_Htonl                              
2000c4ad  sl_Htons                              
2000bc09  sl_Listen                             
2000a0c1  sl_NetAppMDNSRegisterUnregisterService
2000bf45  sl_NetAppMDNSUnRegisterService        
2000b0f1  sl_NetCfgSet                          
2000c82d  sl_Provisioning_HttpServerEventHdl    
2000c83b  sl_Provisioning_NetAppEventHdl        
2000c847  sl_Provisioning_WlanEventHdl          
2000ad5d  sl_Recv                               
2000947d  sl_Send                               
2000b16d  sl_SetSockOpt                         
2000b535  sl_Socket                             
20009d65  sl_Start                              
20009c81  sl_Stop                               
20007605  sl_WlanConnect                        
2000ca15  sl_WlanDisconnect                     
2000b359  sl_WlanPolicySet                      
2000c16d  sl_WlanProfileDel                     
2000b6e9  sl_WlanRxFilterSet                    
2000b1e9  sl_WlanSet                            
2000c1b1  sl_WlanSetMode                        
2000b3d1  spi_Close                             
20008fb1  spi_Open                              
200099b9  spi_Read                              
2000a8e9  spi_Write                             
2000cccd  strchr                                
2000c909  strcspn                               
2000cd35  strlen                                
2000c739  strspn                                
2000c379  strtok                                
20009595  strtoul                               
2000be21  uDMAChannelAssign                     
2000b8ed  uDMAChannelAttributeDisable           
2000b951  uDMAChannelAttributeEnable            
2000c4e9  uDMAChannelControlSet                 
2000cac5  uDMAChannelDisable                    
2000cae1  uDMAChannelEnable                     
2000cafd  uDMAChannelRequest                    
20009aa9  uDMAChannelTransferSet                
2000cd49  uDMAControlBaseSet                    
2000cde1  uDMADisable                           
2000cded  uDMAEnable                            
2000cd5d  uDMAIntClear                          
2000cce3  uDMAIntRegister                       
2000cdf9  uDMAIntStatus                         
2000cd71  uDMAIntUnregister                     
2000acd5  vsnprintf                             


GLOBAL SYMBOLS: SORTED BY Symbol Address 

address   name                                  
-------   ----                                  
00000800  __STACK_SIZE                          
00000800  __SYSMEM_SIZE                         
20004000  g_pfnVectors                          
20004401  SimpleLinkWlanEventHandler            
2000450f  SimpleLinkNetAppEventHandler          
200045bd  SimpleLinkHttpServerCallback          
200045dd  SimpleLinkGeneralEventHandler         
20004601  SimpleLinkSockEventHandler            
20004c53  IpAddressParser                       
20004d39  UserInput                             
20005249  BsdTcpClient                          
2000539d  BsdTcpServer                          
200056a9  main                                  
20006711  __TI_printfi                          
20006fa9  minit                                 
20007037  malloc                                
2000709f  free                                  
20007161  realloc                               
2000726d  memalign                              
20007351  calloc                                
20007385  InitTerm                              
200073a3  Message                               
200073c5  ClearTerm                             
200073cf  Error                                 
20007407  GetCmd                                
200074ad  TrimSpace                             
20007545  Report                                
20007605  sl_WlanConnect                        
20007a61  __aeabi_uldivmod                      
20007c55  _SlDrvDataReadOp                      
20007e39  _SlDrvReleasePoolObj                  
20008009  DmaSwIntHandler                       
2000801f  DmaErrorIntHandler                    
2000802b  UDMAInit                              
20008093  UDMAChannelSelect                     
200080c1  UDMASetupAutoMemTransfer              
200080f5  UDMASetupPingPongTransfer             
2000814f  UDMAStartTransfer                     
2000815b  UDMAStopTransfer                      
20008167  UDMADeInit                            
2000817b  UDMASetupTransfer                     
200081d5  __aeabi_dsub                          
200081df  __aeabi_dadd                          
2000838d  _SlDrvDriverCBInit                    
20008541  sl_Accept                             
2000887d  _SlDrvWaitForPoolObj                  
20008a0d  PRCMCC3200MCUInit                     
20008cf5  sl_Connect                            
20008e61  _SlDrvDataWriteOp                     
20008fb1  spi_Open                              
200090f9  __aeabi_ddiv                          
20009359  _SlDrvDriverCBDeinit                  
2000947d  sl_Send                               
20009595  strtoul                               
200096a9  _Dscale                               
200097b9  _SlDrvNetAppEventHandler              
200098bd  __aeabi_dmul                          
200099b9  spi_Read                              
20009aa9  uDMAChannelTransferSet                
20009c81  sl_Stop                               
20009d65  sl_Start                              
20009f21  _SlDrvMsgReadSpawnCtx                 
20009ff5  _sl_HandleAsync_DnsGetHostByService   
2000a0c1  sl_NetAppMDNSRegisterUnregisterService
2000a24d  _SlDrvCmdOp                           
2000a30d  _Dnorm                                
2000a3cd  sl_DevGet                             
2000a481  IntDisable                            
2000a529  IntEnable                             
2000a5d1  _SlDriverHandleError                  
2000a675  SPIConfigSetExpClk                    
2000a715  __aeabi_memcpy                        
2000a715  __aeabi_memcpy4                       
2000a715  __aeabi_memcpy8                       
2000a715  memcpy                                
2000a7b1  sl_Bind                               
2000a84d  _SlDrvDeviceEventHandler              
2000a8e9  spi_Write                             
2000a981  PRCMPeripheralClockGet                
2000aa15  _sl_HandleAsync_DnsGetHostByName      
2000aaa5  _sl_HandleAsync_PingResponse          
2000ac4d  PinConfigSet                          
2000acd5  vsnprintf                             
2000ad5d  sl_Recv                               
2000ade5  __aeabi_cdcmpeq                       
2000ade5  __aeabi_cdcmple                       
2000ae6b  __aeabi_cdrcmple                      
2000aef1  _sl_HandleAsync_Connect               
2000af71  _sl_HandleAsync_InitComplete          
2000b0f1  sl_NetCfgSet                          
2000b16d  sl_SetSockOpt                         
2000b1e9  sl_WlanSet                            
2000b265  __aeabi_memclr                        
2000b265  __aeabi_memclr4                       
2000b265  __aeabi_memclr8                       
2000b267  __aeabi_memset                        
2000b267  __aeabi_memset4                       
2000b267  __aeabi_memset8                       
2000b26d  memset                                
2000b2e1  _SlNonOsSemGet                        
2000b359  sl_WlanPolicySet                      
2000b3d1  spi_Close                             
2000b449  UARTConfigSetExpClk                   
2000b4c1  _SlNonOsMainLoopTask                  
2000b535  sl_Socket                             
2000b5a5  _SlDrvCmdSend                         
2000b611  _sl_NetAppSendTokenValue              
2000b67d  __TI_auto_init                        
2000b6e9  sl_WlanRxFilterSet                    
2000b7bf  _Dunscale                             
2000b825  _SlNonOsSpawn                         
2000b889  _sl_HandleAsync_Accept                
2000b8ed  uDMAChannelAttributeDisable           
2000b951  uDMAChannelAttributeEnable            
2000b9b5  IntPendClear                          
2000ba0d  PRCMPeripheralReset                   
2000ba65  ltoa                                  
2000babd  IntPrioritySet                        
2000bb11  _SlDrvRxIrqHandler                    
2000bb65  _sl_HandleAsync_Select                
2000bbb9  _sl_HandleAsync_Stop                  
2000bc09  sl_Listen                             
2000bc59  SPIIntEnable                          
2000bcf1  _SlDrvProtectAsyncRespSetting         
2000bd89  atoi                                  
2000bdd5  copy_in                               
2000be21  uDMAChannelAssign                     
2000be6d  SPIIntClear                           
2000beb5  _SlDrvBasicCmd                        
2000befd  __aeabi_d2iz                          
2000bf45  sl_NetAppMDNSUnRegisterService        
2000bf8d  ldexp                                 
2000c019  _SlDrvHandleHttpServerEvents          
2000c05d  _SlDrvSyncObjWaitTimeout              
2000c0e5  C$$EXIT                               
2000c0e9  abort                                 
2000c0f1  exit                                  
2000c129  sl_Close                              
2000c16d  sl_WlanProfileDel                     
2000c1b1  sl_WlanSetMode                        
2000c1f5  sl_Htonl                              
2000c239  PinModeSet                            
2000c279  _SlDrvHandleNetAppEvents              
2000c2b9  _SlDrvHandleWlanEvents                
2000c339  signal                                
2000c379  strtok                                
2000c3b9  NwpRegisterInterruptHandler           
2000c435  PRCMPeripheralClkEnable               
2000c471  _c_int00                              
2000c4ad  sl_Htons                              
2000c4e9  uDMAChannelControlSet                 
2000c525  NwpPowerOff                           
2000c55d  PRCMPeripheralStatusGet               
2000c591  SPIFIFOLevelSet                       
2000c5c5  feraiseexcept                         
2000c5f9  UARTDisable                           
2000c629  _Feraise                              
2000c659  __aeabi_i2d                           
2000c687  raise                                 
2000c6b5  PRCMSysResetCauseGet                  
2000c70d  _SlDrvProtectionObjLockWaitForever    
2000c739  strspn                                
2000c763  _Dclass                               
2000c78d  PRCMPeripheralClkDisable              
2000c7b5  _SlDrvGlobalObjUnLock                 
2000c7dd  _SlDrvProtectionObjUnLock             
2000c805  _SlDrvSyncObjWaitForever              
2000c82d  sl_Provisioning_HttpServerEventHdl    
2000c83b  sl_Provisioning_NetAppEventHdl        
2000c847  sl_Provisioning_WlanEventHdl          
2000c855  DmaSpiSwIntHandler                    
2000c879  IntUnregister                         
2000c89d  UARTEnable                            
2000c8c1  _SlDrvObjLockWaitForever              
2000c8e5  memmove                               
2000c909  strcspn                               
2000c92d  SPIReset                              
2000c94f  SPIWordCountSet                       
2000c971  frexp                                 
2000c995  IntRegister                           
2000c9b5  NwpPowerOn                            
2000c9d5  _SlDrvObjUnLock                       
2000c9f5  _SlDrvSyncObjSignal                   
2000ca15  sl_WlanDisconnect                     
2000ca35  UARTCharPut                           
2000ca71  UARTCharGetNonBlocking                
2000ca8d  PinMuxConfig                          
2000caa9  memccpy                               
2000cac5  uDMAChannelDisable                    
2000cae1  uDMAChannelEnable                     
2000cafd  uDMAChannelRequest                    
2000cb19  PinTypeUART                           
2000cb33  SPIDmaDisable                         
2000cb4d  SPIDmaEnable                          
2000cb67  SPIFIFODisable                        
2000cb81  SPIFIFOEnable                         
2000cb9b  SPIIntUnregister                      
2000cbb5  SPICSDisable                          
2000cbcd  SPICSEnable                           
2000cbe5  SPIDisable                            
2000cbfd  SPIEnable                             
2000cc15  UARTCharsAvail                        
2000cc2d  _SlNonOsSemSet                        
2000cc5d  _args_main                            
2000cc75  PRCMHIBRegRead                        
2000cc8b  PRCMHIBRegWrite                       
2000cca1  UARTCharGet                           
2000ccb7  _SlDrvMemZero                         
2000cccd  strchr                                
2000cce3  uDMAIntRegister                       
2000ccf9  CPUcpsie                              
2000cd0d  IntVTableBaseSet                      
2000cd21  _register_unlock                      
2000cd27  _register_lock                        
2000cd2f  _nop                                  
2000cd35  strlen                                
2000cd49  uDMAControlBaseSet                    
2000cd5d  uDMAIntClear                          
2000cd71  uDMAIntUnregister                     
2000cd83  _SlDrvDispatchHttpServerEvents        
2000cd93  _SlDrvResetCmdExt                     
2000cda1  __TI_decompress_none                  
2000cdaf  ResetISR                              
2000cdbd  NwpMaskInterrupt                      
2000cdc9  NwpUnMaskInterrupt                    
2000cdd5  __TI_zero_init                        
2000cde1  uDMADisable                           
2000cded  uDMAEnable                            
2000cdf9  uDMAIntStatus                         
2000ce05  IntMasterEnable                       
2000ce0f  UtilsDelay                            
2000ce15  __TI_decompress_rle24                 
2000ce1b  _system_pre_init                      
2000ce20  _ctypes_                              
2000d220  OpcodeTranslateTable                  
2000d298  _SlActionLookupTable                  
2000d3b0  _SlNetAppSendTokenValueCmdCtrl        
2000d470  __TI_static_base__                    
2000d4d8  __TI_Handler_Table_Base               
2000d4e4  __TI_Handler_Table_Limit              
2000d4f0  __TI_CINIT_Base                       
2000d500  __TI_CINIT_Limit                      
20017000  g_cBsdBuf                             
200176e0  gfpAppCallbackHndl                    
200177e0  g_ucConnectionBSSID                   
200177ec  RxIrqCnt                              
200177ed  g_bDeviceRestartIsRequired            
200177ee  g_cDummy                              
200177ef  iDone                                 
20017800  gpCtlTbl                              
20017c00  g_ucDinDout                           
20017c50  g_ucConnectionSSID                    
20017c78  _sys_memory                           
20018528  _Denorm                               
20018538  _Eps                                  
20018548  _Hugeval                              
20018558  _Inf                                  
20018568  _Nan                                  
20018578  _Snan                                 
20018588  _Rteps                                
20018598  _Xbig                                 
200185a0  _Zero                                 
200185a8  g__SlNonOsCB                          
200185e4  g_ulStatus                            
200185e8  g_ulGatewayIP                         
200185ec  g_ulDestinationIp                     
200185f0  g_uiPortNum                           
200185f4  g_ulPacketCount                       
200185f8  g_ucConnectionStatus                  
200185f9  g_ucSimplelinkstarted                 
200185fc  g_ulIpAddr                            
20018604  g_pCB                                 
20018608  pPingCallBackFunc                     
2001861c  g_SpiFd                               
20018620  g_pHostIntHdl                         
20018624  g_ucDMAEnabled                        
20018628  _lock                                 
2001862c  _unlock                               
20018630  __TI_cleanup_ptr                      
20018634  __TI_dtors_ptr                        
20018638  _Fenv                                 
2001863c  _Tls_setup__Fenv                      
20018640  _Errno                                
20018644  main_func_sp                          
2002f800  __stack                               
20030000  __STACK_END                           
ffffffff  __binit__                             
ffffffff  __c_args__                            
ffffffff  binit                                 
UNDEFED   SHT$$INIT_ARRAY$$Base                 
UNDEFED   SHT$$INIT_ARRAY$$Limit                

[291 symbols]
