<?xml version="1.0"?>
<link_info>
   <banner>TI ARM Linker PC v5.1.8</banner>
   <copyright>Copyright (c) 1996-2014 Texas Instruments Incorporated</copyright>
   <link_time>0x56f041b5</link_time>
   <link_errors>0x0</link_errors>
   <output_file>uart_echo.out</output_file>
   <entry_point>
      <name>_c_int00</name>
      <address>0x2469</address>
   </entry_point>
   <input_file_list>
      <input_file id="fl-2">
         <path>.\</path>
         <kind>object</kind>
         <file>startup_ccs.obj</file>
         <name>startup_ccs.obj</name>
      </input_file>
      <input_file id="fl-3">
         <path>.\</path>
         <kind>object</kind>
         <file>uart_echo.obj</file>
         <name>uart_echo.obj</name>
      </input_file>
      <input_file id="fl-131">
         <path>C:\CCSv6.0.1\ccsv6\tools\compiler\arm_5.1.8\lib\</path>
         <kind>archive</kind>
         <file>rtsv7M4_T_le_v4SPD16_eabi.lib</file>
         <name>boot.obj</name>
      </input_file>
      <input_file id="fl-132">
         <path>C:\CCSv6.0.1\ccsv6\tools\compiler\arm_5.1.8\lib\</path>
         <kind>archive</kind>
         <file>rtsv7M4_T_le_v4SPD16_eabi.lib</file>
         <name>copy_decompress_none.obj</name>
      </input_file>
      <input_file id="fl-133">
         <path>C:\CCSv6.0.1\ccsv6\tools\compiler\arm_5.1.8\lib\</path>
         <kind>archive</kind>
         <file>rtsv7M4_T_le_v4SPD16_eabi.lib</file>
         <name>copy_decompress_rle.obj</name>
      </input_file>
      <input_file id="fl-134">
         <path>C:\CCSv6.0.1\ccsv6\tools\compiler\arm_5.1.8\lib\</path>
         <kind>archive</kind>
         <file>rtsv7M4_T_le_v4SPD16_eabi.lib</file>
         <name>copy_zero_init.obj</name>
      </input_file>
      <input_file id="fl-135">
         <path>C:\CCSv6.0.1\ccsv6\tools\compiler\arm_5.1.8\lib\</path>
         <kind>archive</kind>
         <file>rtsv7M4_T_le_v4SPD16_eabi.lib</file>
         <name>exit.obj</name>
      </input_file>
      <input_file id="fl-136">
         <path>C:\CCSv6.0.1\ccsv6\tools\compiler\arm_5.1.8\lib\</path>
         <kind>archive</kind>
         <file>rtsv7M4_T_le_v4SPD16_eabi.lib</file>
         <name>memcpy_t2.obj</name>
      </input_file>
      <input_file id="fl-137">
         <path>C:\CCSv6.0.1\ccsv6\tools\compiler\arm_5.1.8\lib\</path>
         <kind>archive</kind>
         <file>rtsv7M4_T_le_v4SPD16_eabi.lib</file>
         <name>sprintf.obj</name>
      </input_file>
      <input_file id="fl-138">
         <path>C:\CCSv6.0.1\ccsv6\tools\compiler\arm_5.1.8\lib\</path>
         <kind>archive</kind>
         <file>rtsv7M4_T_le_v4SPD16_eabi.lib</file>
         <name>stkdepth_vars.obj</name>
      </input_file>
      <input_file id="fl-139">
         <path>C:\CCSv6.0.1\ccsv6\tools\compiler\arm_5.1.8\lib\</path>
         <kind>archive</kind>
         <file>rtsv7M4_T_le_v4SPD16_eabi.lib</file>
         <name>strlen.obj</name>
      </input_file>
      <input_file id="fl-13a">
         <path>C:\CCSv6.0.1\ccsv6\tools\compiler\arm_5.1.8\lib\</path>
         <kind>archive</kind>
         <file>rtsv7M4_T_le_v4SPD16_eabi.lib</file>
         <name>strstr.obj</name>
      </input_file>
      <input_file id="fl-13b">
         <path>C:\CCSv6.0.1\ccsv6\tools\compiler\arm_5.1.8\lib\</path>
         <kind>archive</kind>
         <file>rtsv7M4_T_le_v4SPD16_eabi.lib</file>
         <name>_lock.obj</name>
      </input_file>
      <input_file id="fl-13c">
         <path>C:\CCSv6.0.1\ccsv6\tools\compiler\arm_5.1.8\lib\</path>
         <kind>archive</kind>
         <file>rtsv7M4_T_le_v4SPD16_eabi.lib</file>
         <name>_printfi.obj</name>
      </input_file>
      <input_file id="fl-13d">
         <path>C:\CCSv6.0.1\ccsv6\tools\compiler\arm_5.1.8\lib\</path>
         <kind>archive</kind>
         <file>rtsv7M4_T_le_v4SPD16_eabi.lib</file>
         <name>args_main.obj</name>
      </input_file>
      <input_file id="fl-13e">
         <path>C:\CCSv6.0.1\ccsv6\tools\compiler\arm_5.1.8\lib\</path>
         <kind>archive</kind>
         <file>rtsv7M4_T_le_v4SPD16_eabi.lib</file>
         <name>atoi.obj</name>
      </input_file>
      <input_file id="fl-13f">
         <path>C:\CCSv6.0.1\ccsv6\tools\compiler\arm_5.1.8\lib\</path>
         <kind>archive</kind>
         <file>rtsv7M4_T_le_v4SPD16_eabi.lib</file>
         <name>auto_init.obj</name>
      </input_file>
      <input_file id="fl-140">
         <path>C:\CCSv6.0.1\ccsv6\tools\compiler\arm_5.1.8\lib\</path>
         <kind>archive</kind>
         <file>rtsv7M4_T_le_v4SPD16_eabi.lib</file>
         <name>cpy_tbl.obj</name>
      </input_file>
      <input_file id="fl-141">
         <path>C:\CCSv6.0.1\ccsv6\tools\compiler\arm_5.1.8\lib\</path>
         <kind>archive</kind>
         <file>rtsv7M4_T_le_v4SPD16_eabi.lib</file>
         <name>ctype.obj</name>
      </input_file>
      <input_file id="fl-142">
         <path>C:\CCSv6.0.1\ccsv6\tools\compiler\arm_5.1.8\lib\</path>
         <kind>archive</kind>
         <file>rtsv7M4_T_le_v4SPD16_eabi.lib</file>
         <name>fd_add_t2.obj</name>
      </input_file>
      <input_file id="fl-143">
         <path>C:\CCSv6.0.1\ccsv6\tools\compiler\arm_5.1.8\lib\</path>
         <kind>archive</kind>
         <file>rtsv7M4_T_le_v4SPD16_eabi.lib</file>
         <name>fd_cmp_t2.obj</name>
      </input_file>
      <input_file id="fl-144">
         <path>C:\CCSv6.0.1\ccsv6\tools\compiler\arm_5.1.8\lib\</path>
         <kind>archive</kind>
         <file>rtsv7M4_T_le_v4SPD16_eabi.lib</file>
         <name>fd_div_t2.obj</name>
      </input_file>
      <input_file id="fl-145">
         <path>C:\CCSv6.0.1\ccsv6\tools\compiler\arm_5.1.8\lib\</path>
         <kind>archive</kind>
         <file>rtsv7M4_T_le_v4SPD16_eabi.lib</file>
         <name>fd_mul_t2.obj</name>
      </input_file>
      <input_file id="fl-146">
         <path>C:\CCSv6.0.1\ccsv6\tools\compiler\arm_5.1.8\lib\</path>
         <kind>archive</kind>
         <file>rtsv7M4_T_le_v4SPD16_eabi.lib</file>
         <name>fd_toi_t2.obj</name>
      </input_file>
      <input_file id="fl-147">
         <path>C:\CCSv6.0.1\ccsv6\tools\compiler\arm_5.1.8\lib\</path>
         <kind>archive</kind>
         <file>rtsv7M4_T_le_v4SPD16_eabi.lib</file>
         <name>i_tofd_t2.obj</name>
      </input_file>
      <input_file id="fl-148">
         <path>C:\CCSv6.0.1\ccsv6\tools\compiler\arm_5.1.8\lib\</path>
         <kind>archive</kind>
         <file>rtsv7M4_T_le_v4SPD16_eabi.lib</file>
         <name>ll_mul_t2.obj</name>
      </input_file>
      <input_file id="fl-149">
         <path>C:\CCSv6.0.1\ccsv6\tools\compiler\arm_5.1.8\lib\</path>
         <kind>archive</kind>
         <file>rtsv7M4_T_le_v4SPD16_eabi.lib</file>
         <name>ltoa.obj</name>
      </input_file>
      <input_file id="fl-14a">
         <path>C:\CCSv6.0.1\ccsv6\tools\compiler\arm_5.1.8\lib\</path>
         <kind>archive</kind>
         <file>rtsv7M4_T_le_v4SPD16_eabi.lib</file>
         <name>memccpy.obj</name>
      </input_file>
      <input_file id="fl-14b">
         <path>C:\CCSv6.0.1\ccsv6\tools\compiler\arm_5.1.8\lib\</path>
         <kind>archive</kind>
         <file>rtsv7M4_T_le_v4SPD16_eabi.lib</file>
         <name>memset_t2.obj</name>
      </input_file>
      <input_file id="fl-14c">
         <path>C:\CCSv6.0.1\ccsv6\tools\compiler\arm_5.1.8\lib\</path>
         <kind>archive</kind>
         <file>rtsv7M4_T_le_v4SPD16_eabi.lib</file>
         <name>ull_div_t2.obj</name>
      </input_file>
      <input_file id="fl-14d">
         <path>C:\CCSv6.0.1\ccsv6\tools\compiler\arm_5.1.8\lib\</path>
         <kind>archive</kind>
         <file>rtsv7M4_T_le_v4SPD16_eabi.lib</file>
         <name>xdclass.obj</name>
      </input_file>
      <input_file id="fl-14e">
         <path>C:\CCSv6.0.1\ccsv6\tools\compiler\arm_5.1.8\lib\</path>
         <kind>archive</kind>
         <file>rtsv7M4_T_le_v4SPD16_eabi.lib</file>
         <name>xdtest.obj</name>
      </input_file>
      <input_file id="fl-14f">
         <path>C:\TivaWare_C_Series-2.1.0.12573\examples\boards\ek-tm4c123gxl\uart_echo\ccs\..\..\..\..\..\driverlib\ccs\Debug\</path>
         <kind>archive</kind>
         <file>driverlib.lib</file>
         <name>fpu.obj</name>
      </input_file>
      <input_file id="fl-150">
         <path>C:\TivaWare_C_Series-2.1.0.12573\examples\boards\ek-tm4c123gxl\uart_echo\ccs\..\..\..\..\..\driverlib\ccs\Debug\</path>
         <kind>archive</kind>
         <file>driverlib.lib</file>
         <name>gpio.obj</name>
      </input_file>
      <input_file id="fl-151">
         <path>C:\TivaWare_C_Series-2.1.0.12573\examples\boards\ek-tm4c123gxl\uart_echo\ccs\..\..\..\..\..\driverlib\ccs\Debug\</path>
         <kind>archive</kind>
         <file>driverlib.lib</file>
         <name>i2c.obj</name>
      </input_file>
      <input_file id="fl-152">
         <path>C:\TivaWare_C_Series-2.1.0.12573\examples\boards\ek-tm4c123gxl\uart_echo\ccs\..\..\..\..\..\driverlib\ccs\Debug\</path>
         <kind>archive</kind>
         <file>driverlib.lib</file>
         <name>interrupt.obj</name>
      </input_file>
      <input_file id="fl-153">
         <path>C:\TivaWare_C_Series-2.1.0.12573\examples\boards\ek-tm4c123gxl\uart_echo\ccs\..\..\..\..\..\driverlib\ccs\Debug\</path>
         <kind>archive</kind>
         <file>driverlib.lib</file>
         <name>sysctl.obj</name>
      </input_file>
      <input_file id="fl-154">
         <path>C:\TivaWare_C_Series-2.1.0.12573\examples\boards\ek-tm4c123gxl\uart_echo\ccs\..\..\..\..\..\driverlib\ccs\Debug\</path>
         <kind>archive</kind>
         <file>driverlib.lib</file>
         <name>uart.obj</name>
      </input_file>
      <input_file id="fl-155">
         <path>C:\TivaWare_C_Series-2.1.0.12573\examples\boards\ek-tm4c123gxl\uart_echo\ccs\..\..\..\..\..\driverlib\ccs\Debug\</path>
         <kind>archive</kind>
         <file>driverlib.lib</file>
         <name>cpu.obj</name>
      </input_file>
   </input_file_list>
   <object_component_list>
      <object_component id="oc-e">
         <name>.intvecs</name>
         <load_address>0x0</load_address>
         <run_address>0x0</run_address>
         <size>0x26c</size>
         <input_file_ref idref="fl-2"/>
      </object_component>
      <object_component id="oc-223">
         <name>.text</name>
         <load_address>0x26c</load_address>
         <run_address>0x26c</run_address>
         <size>0xec0</size>
         <input_file_ref idref="fl-13c"/>
      </object_component>
      <object_component id="oc-da">
         <name>.text:main</name>
         <load_address>0x112c</load_address>
         <run_address>0x112c</run_address>
         <size>0x374</size>
         <input_file_ref idref="fl-3"/>
      </object_component>
      <object_component id="oc-24f">
         <name>.text</name>
         <load_address>0x14a0</load_address>
         <run_address>0x14a0</run_address>
         <size>0x1f4</size>
         <input_file_ref idref="fl-14c"/>
      </object_component>
      <object_component id="oc-27d">
         <name>.text</name>
         <load_address>0x1694</load_address>
         <run_address>0x1694</run_address>
         <size>0x1b6</size>
         <input_file_ref idref="fl-142"/>
      </object_component>
      <object_component id="oc-263">
         <name>.text</name>
         <load_address>0x184a</load_address>
         <run_address>0x184a</run_address>
         <size>0x136</size>
         <input_file_ref idref="fl-144"/>
      </object_component>
      <object_component id="oc-1de">
         <name>.text:GPIOPadConfigSet</name>
         <load_address>0x1980</load_address>
         <run_address>0x1980</run_address>
         <size>0x130</size>
         <input_file_ref idref="fl-150"/>
      </object_component>
      <object_component id="oc-a7">
         <name>.text:SysCtlClockGet</name>
         <load_address>0x1ab0</load_address>
         <run_address>0x1ab0</run_address>
         <size>0x118</size>
         <input_file_ref idref="fl-153"/>
      </object_component>
      <object_component id="oc-25e">
         <name>.text</name>
         <load_address>0x1bc8</load_address>
         <run_address>0x1bc8</run_address>
         <size>0xfc</size>
         <input_file_ref idref="fl-145"/>
      </object_component>
      <object_component id="oc-128">
         <name>.text:SysCtlClockSet</name>
         <load_address>0x1cc4</load_address>
         <run_address>0x1cc4</run_address>
         <size>0xf0</size>
         <input_file_ref idref="fl-153"/>
      </object_component>
      <object_component id="oc-10c">
         <name>.text:writedata</name>
         <load_address>0x1db4</load_address>
         <run_address>0x1db4</run_address>
         <size>0xd4</size>
         <input_file_ref idref="fl-3"/>
      </object_component>
      <object_component id="oc-65">
         <name>.text</name>
         <load_address>0x1e88</load_address>
         <run_address>0x1e88</run_address>
         <size>0x9c</size>
         <input_file_ref idref="fl-136"/>
      </object_component>
      <object_component id="oc-50">
         <name>.text</name>
         <load_address>0x1f24</load_address>
         <run_address>0x1f24</run_address>
         <size>0x94</size>
         <input_file_ref idref="fl-13f"/>
      </object_component>
      <object_component id="oc-259">
         <name>.text:__aeabi_cdcmple</name>
         <load_address>0x1fb8</load_address>
         <run_address>0x1fb8</run_address>
         <size>0x86</size>
         <input_file_ref idref="fl-143"/>
      </object_component>
      <object_component id="oc-268">
         <name>.text:__aeabi_cdrcmple</name>
         <load_address>0x203e</load_address>
         <run_address>0x203e</run_address>
         <size>0x86</size>
         <input_file_ref idref="fl-143"/>
      </object_component>
      <object_component id="oc-282">
         <name>.text</name>
         <load_address>0x20c4</load_address>
         <run_address>0x20c4</run_address>
         <size>0x7a</size>
         <input_file_ref idref="fl-14b"/>
      </object_component>
      <object_component id="oc-35">
         <name>.text:FaultISR</name>
         <load_address>0x213e</load_address>
         <run_address>0x213e</run_address>
         <size>0x2</size>
         <input_file_ref idref="fl-2"/>
      </object_component>
      <object_component id="oc-41">
         <name>.text:UART0IntHandler</name>
         <load_address>0x2140</load_address>
         <run_address>0x2140</run_address>
         <size>0x6c</size>
         <input_file_ref idref="fl-3"/>
      </object_component>
      <object_component id="oc-152">
         <name>.text:IntEnable</name>
         <load_address>0x21ac</load_address>
         <run_address>0x21ac</run_address>
         <size>0x68</size>
         <input_file_ref idref="fl-152"/>
      </object_component>
      <object_component id="oc-1a0">
         <name>.text</name>
         <load_address>0x2214</load_address>
         <run_address>0x2214</run_address>
         <size>0x60</size>
         <input_file_ref idref="fl-137"/>
      </object_component>
      <object_component id="oc-78">
         <name>.text</name>
         <load_address>0x2274</load_address>
         <run_address>0x2274</run_address>
         <size>0x5e</size>
         <input_file_ref idref="fl-133"/>
      </object_component>
      <object_component id="oc-3b">
         <name>.text:IntDefaultHandler</name>
         <load_address>0x22d2</load_address>
         <run_address>0x22d2</run_address>
         <size>0x2</size>
         <input_file_ref idref="fl-2"/>
      </object_component>
      <object_component id="oc-47">
         <name>.text:UART5IntHandler</name>
         <load_address>0x22d4</load_address>
         <run_address>0x22d4</run_address>
         <size>0x5c</size>
         <input_file_ref idref="fl-3"/>
      </object_component>
      <object_component id="oc-272">
         <name>.text</name>
         <load_address>0x2330</load_address>
         <run_address>0x2330</run_address>
         <size>0x5a</size>
         <input_file_ref idref="fl-149"/>
      </object_component>
      <object_component id="oc-2f">
         <name>.text:NmiSR</name>
         <load_address>0x238a</load_address>
         <run_address>0x238a</run_address>
         <size>0x2</size>
         <input_file_ref idref="fl-2"/>
      </object_component>
      <object_component id="oc-293">
         <name>.text</name>
         <load_address>0x238c</load_address>
         <run_address>0x238c</run_address>
         <size>0x4c</size>
         <input_file_ref idref="fl-13e"/>
      </object_component>
      <object_component id="oc-140">
         <name>.text:GPIOPinConfigure</name>
         <load_address>0x23d8</load_address>
         <run_address>0x23d8</run_address>
         <size>0x48</size>
         <input_file_ref idref="fl-150"/>
      </object_component>
      <object_component id="oc-16a">
         <name>.text:I2CMasterInitExpClk</name>
         <load_address>0x2420</load_address>
         <run_address>0x2420</run_address>
         <size>0x48</size>
         <input_file_ref idref="fl-151"/>
      </object_component>
      <object_component id="oc-11">
         <name>.text</name>
         <load_address>0x2468</load_address>
         <run_address>0x2468</run_address>
         <size>0x48</size>
         <input_file_ref idref="fl-131"/>
      </object_component>
      <object_component id="oc-26d">
         <name>.text</name>
         <load_address>0x24b0</load_address>
         <run_address>0x24b0</run_address>
         <size>0x48</size>
         <input_file_ref idref="fl-146"/>
      </object_component>
      <object_component id="oc-d3">
         <name>.text</name>
         <load_address>0x24f8</load_address>
         <run_address>0x24f8</run_address>
         <size>0x44</size>
         <input_file_ref idref="fl-140"/>
      </object_component>
      <object_component id="oc-5b">
         <name>.text</name>
         <load_address>0x253c</load_address>
         <run_address>0x253c</run_address>
         <size>0x44</size>
         <input_file_ref idref="fl-135"/>
      </object_component>
      <object_component id="oc-2ba">
         <name>.text</name>
         <load_address>0x2580</load_address>
         <run_address>0x2580</run_address>
         <size>0x44</size>
         <input_file_ref idref="fl-14e"/>
      </object_component>
      <object_component id="oc-14c">
         <name>.text:UARTConfigSetExpClk</name>
         <load_address>0x25c4</load_address>
         <run_address>0x25c4</run_address>
         <size>0x42</size>
         <input_file_ref idref="fl-154"/>
      </object_component>
      <object_component id="oc-c5">
         <name>.text:newchar</name>
         <load_address>0x2608</load_address>
         <run_address>0x2608</run_address>
         <size>0x40</size>
         <input_file_ref idref="fl-3"/>
      </object_component>
      <object_component id="oc-12e">
         <name>.text:SysCtlPeripheralEnable</name>
         <load_address>0x2648</load_address>
         <run_address>0x2648</run_address>
         <size>0x34</size>
         <input_file_ref idref="fl-153"/>
      </object_component>
      <object_component id="oc-1c6">
         <name>.text</name>
         <load_address>0x267c</load_address>
         <run_address>0x267c</run_address>
         <size>0x34</size>
         <input_file_ref idref="fl-13a"/>
      </object_component>
      <object_component id="oc-278">
         <name>.text</name>
         <load_address>0x26b0</load_address>
         <run_address>0x26b0</run_address>
         <size>0x2e</size>
         <input_file_ref idref="fl-147"/>
      </object_component>
      <object_component id="oc-18e">
         <name>.text:UARTSend</name>
         <load_address>0x26e0</load_address>
         <run_address>0x26e0</run_address>
         <size>0x2c</size>
         <input_file_ref idref="fl-3"/>
      </object_component>
      <object_component id="oc-1e4">
         <name>.text:GPIODirModeSet</name>
         <load_address>0x270c</load_address>
         <run_address>0x270c</run_address>
         <size>0x2a</size>
         <input_file_ref idref="fl-150"/>
      </object_component>
      <object_component id="oc-1f7">
         <name>.text:UARTDisable</name>
         <load_address>0x2738</load_address>
         <run_address>0x2738</run_address>
         <size>0x1c</size>
         <input_file_ref idref="fl-154"/>
      </object_component>
      <object_component id="oc-28d">
         <name>.text</name>
         <load_address>0x2754</load_address>
         <run_address>0x2754</run_address>
         <size>0x1c</size>
         <input_file_ref idref="fl-14a"/>
      </object_component>
      <object_component id="oc-134">
         <name>.text:GPIOPinTypeGPIOOutput</name>
         <load_address>0x2770</load_address>
         <run_address>0x2770</run_address>
         <size>0x18</size>
         <input_file_ref idref="fl-150"/>
      </object_component>
      <object_component id="oc-55">
         <name>.text</name>
         <load_address>0x2788</load_address>
         <run_address>0x2788</run_address>
         <size>0x18</size>
         <input_file_ref idref="fl-13d"/>
      </object_component>
      <object_component id="oc-254">
         <name>.text</name>
         <load_address>0x27a0</load_address>
         <run_address>0x27a0</run_address>
         <size>0x18</size>
         <input_file_ref idref="fl-148"/>
      </object_component>
      <object_component id="oc-1fd">
         <name>.text:UARTEnable</name>
         <load_address>0x27b8</load_address>
         <run_address>0x27b8</run_address>
         <size>0x14</size>
         <input_file_ref idref="fl-154"/>
      </object_component>
      <object_component id="oc-1b1">
         <name>.text</name>
         <load_address>0x27cc</load_address>
         <run_address>0x27cc</run_address>
         <size>0x14</size>
         <input_file_ref idref="fl-13b"/>
      </object_component>
      <object_component id="oc-188">
         <name>.text</name>
         <load_address>0x27e0</load_address>
         <run_address>0x27e0</run_address>
         <size>0x14</size>
         <input_file_ref idref="fl-139"/>
      </object_component>
      <object_component id="oc-164">
         <name>.text:GPIOPinTypeI2C</name>
         <load_address>0x27f4</load_address>
         <run_address>0x27f4</run_address>
         <size>0x12</size>
         <input_file_ref idref="fl-150"/>
      </object_component>
      <object_component id="oc-15e">
         <name>.text:GPIOPinTypeI2CSCL</name>
         <load_address>0x2806</load_address>
         <run_address>0x2806</run_address>
         <size>0x12</size>
         <input_file_ref idref="fl-150"/>
      </object_component>
      <object_component id="oc-146">
         <name>.text:GPIOPinTypeUART</name>
         <load_address>0x2818</load_address>
         <run_address>0x2818</run_address>
         <size>0x12</size>
         <input_file_ref idref="fl-150"/>
      </object_component>
      <object_component id="oc-1c">
         <name>.text:decompress:ZI</name>
         <load_address>0x282a</load_address>
         <run_address>0x282a</run_address>
         <size>0x12</size>
         <input_file_ref idref="fl-134"/>
      </object_component>
      <object_component id="oc-287">
         <name>.text</name>
         <load_address>0x283c</load_address>
         <run_address>0x283c</run_address>
         <size>0x12</size>
         <input_file_ref idref="fl-14d"/>
      </object_component>
      <object_component id="oc-11c">
         <name>.text:FPUEnable</name>
         <load_address>0x2850</load_address>
         <run_address>0x2850</run_address>
         <size>0x10</size>
         <input_file_ref idref="fl-14f"/>
      </object_component>
      <object_component id="oc-122">
         <name>.text:FPULazyStackingEnable</name>
         <load_address>0x2860</load_address>
         <run_address>0x2860</run_address>
         <size>0x10</size>
         <input_file_ref idref="fl-14f"/>
      </object_component>
      <object_component id="oc-13a">
         <name>.text:IntMasterEnable</name>
         <load_address>0x2870</load_address>
         <run_address>0x2870</run_address>
         <size>0x10</size>
         <input_file_ref idref="fl-152"/>
      </object_component>
      <object_component id="oc-95">
         <name>.text:UARTCharGetNonBlocking</name>
         <load_address>0x2880</load_address>
         <run_address>0x2880</run_address>
         <size>0xe</size>
         <input_file_ref idref="fl-154"/>
      </object_component>
      <object_component id="oc-9b">
         <name>.text:UARTCharPutNonBlocking</name>
         <load_address>0x288e</load_address>
         <run_address>0x288e</run_address>
         <size>0xe</size>
         <input_file_ref idref="fl-154"/>
      </object_component>
      <object_component id="oc-16">
         <name>.text:decompress:none</name>
         <load_address>0x289c</load_address>
         <run_address>0x289c</run_address>
         <size>0xe</size>
         <input_file_ref idref="fl-132"/>
      </object_component>
      <object_component id="oc-1eb">
         <name>.text:CPUcpsie</name>
         <load_address>0x28aa</load_address>
         <run_address>0x28aa</run_address>
         <size>0xc</size>
         <input_file_ref idref="fl-155"/>
      </object_component>
      <object_component id="oc-ae">
         <name>.text:UARTCharsAvail</name>
         <load_address>0x28b6</load_address>
         <run_address>0x28b6</run_address>
         <size>0xc</size>
         <input_file_ref idref="fl-154"/>
      </object_component>
      <object_component id="oc-21a">
         <name>.text:UARTSpaceAvail</name>
         <load_address>0x28c2</load_address>
         <run_address>0x28c2</run_address>
         <size>0xc</size>
         <input_file_ref idref="fl-154"/>
      </object_component>
      <object_component id="oc-20c">
         <name>.text:I2CMasterEnable</name>
         <load_address>0x28ce</load_address>
         <run_address>0x28ce</run_address>
         <size>0xa</size>
         <input_file_ref idref="fl-151"/>
      </object_component>
      <object_component id="oc-bf">
         <name>.text:UARTCharGet</name>
         <load_address>0x28d8</load_address>
         <run_address>0x28d8</run_address>
         <size>0xa</size>
         <input_file_ref idref="fl-154"/>
      </object_component>
      <object_component id="oc-194">
         <name>.text:UARTCharPut</name>
         <load_address>0x28e2</load_address>
         <run_address>0x28e2</run_address>
         <size>0xa</size>
         <input_file_ref idref="fl-154"/>
      </object_component>
      <object_component id="oc-89">
         <name>.text:UARTIntStatus</name>
         <load_address>0x28ec</load_address>
         <run_address>0x28ec</run_address>
         <size>0xa</size>
         <input_file_ref idref="fl-154"/>
      </object_component>
      <object_component id="oc-182">
         <name>.text:I2CMasterBusy</name>
         <load_address>0x28f6</load_address>
         <run_address>0x28f6</run_address>
         <size>0x8</size>
         <input_file_ref idref="fl-151"/>
      </object_component>
      <object_component id="oc-170">
         <name>.text:I2CMasterSlaveAddrSet</name>
         <load_address>0x28fe</load_address>
         <run_address>0x28fe</run_address>
         <size>0x8</size>
         <input_file_ref idref="fl-151"/>
      </object_component>
      <object_component id="oc-158">
         <name>.text:UARTIntEnable</name>
         <load_address>0x2906</load_address>
         <run_address>0x2906</run_address>
         <size>0x8</size>
         <input_file_ref idref="fl-154"/>
      </object_component>
      <object_component id="oc-a1">
         <name>.text:GPIOPinWrite</name>
         <load_address>0x290e</load_address>
         <run_address>0x290e</run_address>
         <size>0x6</size>
         <input_file_ref idref="fl-150"/>
      </object_component>
      <object_component id="oc-29">
         <name>.text:ResetISR</name>
         <load_address>0x2914</load_address>
         <run_address>0x2914</run_address>
         <size>0x6</size>
         <input_file_ref idref="fl-2"/>
      </object_component>
      <object_component id="oc-ad">
         <name>.text:SysCtlDelay</name>
         <load_address>0x291a</load_address>
         <run_address>0x291a</run_address>
         <size>0x6</size>
         <input_file_ref idref="fl-153"/>
      </object_component>
      <object_component id="oc-22">
         <name>.text:decompress:rle24</name>
         <load_address>0x2920</load_address>
         <run_address>0x2920</run_address>
         <size>0x6</size>
         <input_file_ref idref="fl-133"/>
      </object_component>
      <object_component id="oc-17c">
         <name>.text:I2CMasterControl</name>
         <load_address>0x2926</load_address>
         <run_address>0x2926</run_address>
         <size>0x4</size>
         <input_file_ref idref="fl-151"/>
      </object_component>
      <object_component id="oc-19a">
         <name>.text:I2CMasterDataGet</name>
         <load_address>0x292a</load_address>
         <run_address>0x292a</run_address>
         <size>0x4</size>
         <input_file_ref idref="fl-151"/>
      </object_component>
      <object_component id="oc-176">
         <name>.text:I2CMasterDataPut</name>
         <load_address>0x292e</load_address>
         <run_address>0x292e</run_address>
         <size>0x4</size>
         <input_file_ref idref="fl-151"/>
      </object_component>
      <object_component id="oc-8f">
         <name>.text:UARTIntClear</name>
         <load_address>0x2932</load_address>
         <run_address>0x2932</run_address>
         <size>0x4</size>
         <input_file_ref idref="fl-154"/>
      </object_component>
      <object_component id="oc-2c3">
         <name>.const:.string:_ctypes_</name>
         <load_address>0x2938</load_address>
         <run_address>0x2938</run_address>
         <size>0x102</size>
         <input_file_ref idref="fl-141"/>
      </object_component>
      <object_component id="oc-1f2">
         <name>.const:g_pui32GPIOBaseAddrs</name>
         <load_address>0x2a3c</load_address>
         <run_address>0x2a3c</run_address>
         <size>0x90</size>
         <input_file_ref idref="fl-150"/>
      </object_component>
      <object_component id="oc-204">
         <name>.const</name>
         <load_address>0x2acc</load_address>
         <run_address>0x2acc</run_address>
         <size>0x70</size>
         <input_file_ref idref="fl-152"/>
      </object_component>
      <object_component id="oc-106">
         <name>.const:g_pui32Xtals</name>
         <load_address>0x2b3c</load_address>
         <run_address>0x2b3c</run_address>
         <size>0x6c</size>
         <input_file_ref idref="fl-153"/>
      </object_component>
      <object_component id="oc-2fc">
         <name>.cinit..data.load</name>
         <load_address>0x2ba8</load_address>
         <run_address>0x2ba8</run_address>
         <size>0x12</size>
      </object_component>
      <object_component id="oc-2fa">
         <name>__TI_handler_table</name>
         <load_address>0x2bbc</load_address>
         <run_address>0x2bbc</run_address>
         <size>0xc</size>
      </object_component>
      <object_component id="oc-2fd">
         <name>.cinit..bss.load</name>
         <load_address>0x2bc8</load_address>
         <run_address>0x2bc8</run_address>
         <size>0x8</size>
      </object_component>
      <object_component id="oc-2fb">
         <name>__TI_cinit_table</name>
         <load_address>0x2bd0</load_address>
         <run_address>0x2bd0</run_address>
         <size>0x10</size>
      </object_component>
      <object_component id="oc-61">
         <name>.data</name>
         <load_address>0x200003d8</load_address>
         <run_address>0x200003d8</run_address>
         <size>0x4</size>
         <input_file_ref idref="fl-138"/>
      </object_component>
      <object_component id="oc-e2">
         <name>.data</name>
         <load_address>0x200003c8</load_address>
         <run_address>0x200003c8</run_address>
         <size>0x8</size>
         <input_file_ref idref="fl-13b"/>
      </object_component>
      <object_component id="oc-e5">
         <name>.data</name>
         <load_address>0x200003d0</load_address>
         <run_address>0x200003d0</run_address>
         <size>0x8</size>
         <input_file_ref idref="fl-135"/>
      </object_component>
      <object_component id="oc-112">
         <name>.data</name>
         <load_address>0x200003bc</load_address>
         <run_address>0x200003bc</run_address>
         <size>0xc</size>
         <input_file_ref idref="fl-3"/>
      </object_component>
      <object_component id="oc-115">
         <name>.bss:Buff</name>
         <uninitialized>true</uninitialized>
         <run_address>0x20000258</run_address>
         <size>0x64</size>
         <input_file_ref idref="fl-3"/>
      </object_component>
      <object_component id="oc-1a6">
         <name>.bss:Data</name>
         <uninitialized>true</uninitialized>
         <run_address>0x20000000</run_address>
         <size>0x258</size>
         <input_file_ref idref="fl-3"/>
      </object_component>
      <object_component id="oc-28">
         <name>.stack</name>
         <uninitialized>true</uninitialized>
         <run_address>0x200002bc</run_address>
         <size>0x0</size>
         <input_file_ref idref="fl-131"/>
      </object_component>
      <object_component id="oc-2fe">
         <name>.stack</name>
         <uninitialized>true</uninitialized>
         <run_address>0x200002bc</run_address>
         <size>0x0</size>
      </object_component>
      <object_component id="oc-f">
         <name>.debug_info</name>
         <load_address>0x0</load_address>
         <run_address>0x0</run_address>
         <size>0xe5</size>
         <input_file_ref idref="fl-2"/>
      </object_component>
      <object_component id="oc-12">
         <name>.debug_info</name>
         <load_address>0xe5</load_address>
         <run_address>0xe5</run_address>
         <size>0xf3</size>
         <input_file_ref idref="fl-131"/>
      </object_component>
      <object_component id="oc-17">
         <name>.debug_info</name>
         <load_address>0x1d8</load_address>
         <run_address>0x1d8</run_address>
         <size>0x194</size>
         <input_file_ref idref="fl-132"/>
      </object_component>
      <object_component id="oc-1d">
         <name>.debug_info</name>
         <load_address>0x36c</load_address>
         <run_address>0x36c</run_address>
         <size>0x16a</size>
         <input_file_ref idref="fl-134"/>
      </object_component>
      <object_component id="oc-23">
         <name>.debug_info</name>
         <load_address>0x4d6</load_address>
         <run_address>0x4d6</run_address>
         <size>0x18e</size>
         <input_file_ref idref="fl-133"/>
      </object_component>
      <object_component id="oc-2a">
         <name>.debug_info</name>
         <load_address>0x664</load_address>
         <run_address>0x664</run_address>
         <size>0x115</size>
         <input_file_ref idref="fl-2"/>
      </object_component>
      <object_component id="oc-30">
         <name>.debug_info</name>
         <load_address>0x779</load_address>
         <run_address>0x779</run_address>
         <size>0x106</size>
         <input_file_ref idref="fl-2"/>
      </object_component>
      <object_component id="oc-36">
         <name>.debug_info</name>
         <load_address>0x87f</load_address>
         <run_address>0x87f</run_address>
         <size>0x10c</size>
         <input_file_ref idref="fl-2"/>
      </object_component>
      <object_component id="oc-3c">
         <name>.debug_info</name>
         <load_address>0x98b</load_address>
         <run_address>0x98b</run_address>
         <size>0x11e</size>
         <input_file_ref idref="fl-2"/>
      </object_component>
      <object_component id="oc-42">
         <name>.debug_info</name>
         <load_address>0xaa9</load_address>
         <run_address>0xaa9</run_address>
         <size>0x225</size>
         <input_file_ref idref="fl-3"/>
      </object_component>
      <object_component id="oc-48">
         <name>.debug_info</name>
         <load_address>0xcce</load_address>
         <run_address>0xcce</run_address>
         <size>0x1ee</size>
         <input_file_ref idref="fl-3"/>
      </object_component>
      <object_component id="oc-4f">
         <name>.debug_info</name>
         <load_address>0xebc</load_address>
         <run_address>0xebc</run_address>
         <size>0x14c</size>
         <input_file_ref idref="fl-2"/>
      </object_component>
      <object_component id="oc-52">
         <name>.debug_info</name>
         <load_address>0x1008</load_address>
         <run_address>0x1008</run_address>
         <size>0x13d</size>
         <input_file_ref idref="fl-13f"/>
      </object_component>
      <object_component id="oc-56">
         <name>.debug_info</name>
         <load_address>0x1145</load_address>
         <run_address>0x1145</run_address>
         <size>0x11c</size>
         <input_file_ref idref="fl-13d"/>
      </object_component>
      <object_component id="oc-5c">
         <name>.debug_info</name>
         <load_address>0x1261</load_address>
         <run_address>0x1261</run_address>
         <size>0x1c2</size>
         <input_file_ref idref="fl-135"/>
      </object_component>
      <object_component id="oc-62">
         <name>.debug_info</name>
         <load_address>0x1423</load_address>
         <run_address>0x1423</run_address>
         <size>0xbe</size>
         <input_file_ref idref="fl-138"/>
      </object_component>
      <object_component id="oc-67">
         <name>.debug_info</name>
         <load_address>0x14e1</load_address>
         <run_address>0x14e1</run_address>
         <size>0xcc</size>
         <input_file_ref idref="fl-136"/>
      </object_component>
      <object_component id="oc-6b">
         <name>.debug_info</name>
         <load_address>0x15ad</load_address>
         <run_address>0x15ad</run_address>
         <size>0x46</size>
         <input_file_ref idref="fl-132"/>
      </object_component>
      <object_component id="oc-70">
         <name>.debug_info</name>
         <load_address>0x15f3</load_address>
         <run_address>0x15f3</run_address>
         <size>0xf2</size>
         <input_file_ref idref="fl-132"/>
      </object_component>
      <object_component id="oc-72">
         <name>.debug_info</name>
         <load_address>0x16e5</load_address>
         <run_address>0x16e5</run_address>
         <size>0x46</size>
         <input_file_ref idref="fl-134"/>
      </object_component>
      <object_component id="oc-77">
         <name>.debug_info</name>
         <load_address>0x172b</load_address>
         <run_address>0x172b</run_address>
         <size>0xad</size>
         <input_file_ref idref="fl-134"/>
      </object_component>
      <object_component id="oc-79">
         <name>.debug_info</name>
         <load_address>0x17d8</load_address>
         <run_address>0x17d8</run_address>
         <size>0x1ef</size>
         <input_file_ref idref="fl-133"/>
      </object_component>
      <object_component id="oc-7f">
         <name>.debug_info</name>
         <load_address>0x19c7</load_address>
         <run_address>0x19c7</run_address>
         <size>0xb7</size>
         <input_file_ref idref="fl-133"/>
      </object_component>
      <object_component id="oc-80">
         <name>.debug_info</name>
         <load_address>0x1a7e</load_address>
         <run_address>0x1a7e</run_address>
         <size>0x39</size>
         <input_file_ref idref="fl-133"/>
      </object_component>
      <object_component id="oc-8b">
         <name>.debug_info</name>
         <load_address>0x1ab7</load_address>
         <run_address>0x1ab7</run_address>
         <size>0x1df</size>
         <input_file_ref idref="fl-154"/>
      </object_component>
      <object_component id="oc-91">
         <name>.debug_info</name>
         <load_address>0x1c96</load_address>
         <run_address>0x1c96</run_address>
         <size>0x1ed</size>
         <input_file_ref idref="fl-154"/>
      </object_component>
      <object_component id="oc-96">
         <name>.debug_info</name>
         <load_address>0x1e83</load_address>
         <run_address>0x1e83</run_address>
         <size>0x1c3</size>
         <input_file_ref idref="fl-154"/>
      </object_component>
      <object_component id="oc-9c">
         <name>.debug_info</name>
         <load_address>0x2046</load_address>
         <run_address>0x2046</run_address>
         <size>0x1ed</size>
         <input_file_ref idref="fl-154"/>
      </object_component>
      <object_component id="oc-a2">
         <name>.debug_info</name>
         <load_address>0x2233</load_address>
         <run_address>0x2233</run_address>
         <size>0x203</size>
         <input_file_ref idref="fl-150"/>
      </object_component>
      <object_component id="oc-a8">
         <name>.debug_info</name>
         <load_address>0x2436</load_address>
         <run_address>0x2436</run_address>
         <size>0x215</size>
         <input_file_ref idref="fl-153"/>
      </object_component>
      <object_component id="oc-af">
         <name>.debug_info</name>
         <load_address>0x264b</load_address>
         <run_address>0x264b</run_address>
         <size>0x1b3</size>
         <input_file_ref idref="fl-154"/>
      </object_component>
      <object_component id="oc-b5">
         <name>.debug_info</name>
         <load_address>0x27fe</load_address>
         <run_address>0x27fe</run_address>
         <size>0x18b</size>
         <input_file_ref idref="fl-2"/>
      </object_component>
      <object_component id="oc-ba">
         <name>.debug_info</name>
         <load_address>0x2989</load_address>
         <run_address>0x2989</run_address>
         <size>0x8b</size>
         <input_file_ref idref="fl-3"/>
      </object_component>
      <object_component id="oc-c0">
         <name>.debug_info</name>
         <load_address>0x2a14</load_address>
         <run_address>0x2a14</run_address>
         <size>0x1ad</size>
         <input_file_ref idref="fl-154"/>
      </object_component>
      <object_component id="oc-c6">
         <name>.debug_info</name>
         <load_address>0x2bc1</load_address>
         <run_address>0x2bc1</run_address>
         <size>0x14e</size>
         <input_file_ref idref="fl-3"/>
      </object_component>
      <object_component id="oc-ce">
         <name>.debug_info</name>
         <load_address>0x2d0f</load_address>
         <run_address>0x2d0f</run_address>
         <size>0x84</size>
         <input_file_ref idref="fl-2"/>
      </object_component>
      <object_component id="oc-d4">
         <name>.debug_info</name>
         <load_address>0x2d93</load_address>
         <run_address>0x2d93</run_address>
         <size>0x14b</size>
         <input_file_ref idref="fl-140"/>
      </object_component>
      <object_component id="oc-db">
         <name>.debug_info</name>
         <load_address>0x2ede</load_address>
         <run_address>0x2ede</run_address>
         <size>0x8d1</size>
         <input_file_ref idref="fl-3"/>
      </object_component>
      <object_component id="oc-e1">
         <name>.debug_info</name>
         <load_address>0x37af</load_address>
         <run_address>0x37af</run_address>
         <size>0x11b</size>
         <input_file_ref idref="fl-13d"/>
      </object_component>
      <object_component id="oc-e3">
         <name>.debug_info</name>
         <load_address>0x38ca</load_address>
         <run_address>0x38ca</run_address>
         <size>0xc8</size>
         <input_file_ref idref="fl-13b"/>
      </object_component>
      <object_component id="oc-e6">
         <name>.debug_info</name>
         <load_address>0x3992</load_address>
         <run_address>0x3992</run_address>
         <size>0xeb</size>
         <input_file_ref idref="fl-135"/>
      </object_component>
      <object_component id="oc-e9">
         <name>.debug_info</name>
         <load_address>0x3a7d</load_address>
         <run_address>0x3a7d</run_address>
         <size>0x146</size>
         <input_file_ref idref="fl-135"/>
      </object_component>
      <object_component id="oc-ee">
         <name>.debug_info</name>
         <load_address>0x3bc3</load_address>
         <run_address>0x3bc3</run_address>
         <size>0x2c</size>
         <input_file_ref idref="fl-132"/>
      </object_component>
      <object_component id="oc-f5">
         <name>.debug_info</name>
         <load_address>0x3bef</load_address>
         <run_address>0x3bef</run_address>
         <size>0x2c</size>
         <input_file_ref idref="fl-3"/>
      </object_component>
      <object_component id="oc-100">
         <name>.debug_info</name>
         <load_address>0x3c1b</load_address>
         <run_address>0x3c1b</run_address>
         <size>0x1d7</size>
         <input_file_ref idref="fl-154"/>
      </object_component>
      <object_component id="oc-105">
         <name>.debug_info</name>
         <load_address>0x3df2</load_address>
         <run_address>0x3df2</run_address>
         <size>0x1e0</size>
         <input_file_ref idref="fl-150"/>
      </object_component>
      <object_component id="oc-107">
         <name>.debug_info</name>
         <load_address>0x3fd2</load_address>
         <run_address>0x3fd2</run_address>
         <size>0xfd</size>
         <input_file_ref idref="fl-153"/>
      </object_component>
      <object_component id="oc-10d">
         <name>.debug_info</name>
         <load_address>0x40cf</load_address>
         <run_address>0x40cf</run_address>
         <size>0x19a</size>
         <input_file_ref idref="fl-3"/>
      </object_component>
      <object_component id="oc-113">
         <name>.debug_info</name>
         <load_address>0x4269</load_address>
         <run_address>0x4269</run_address>
         <size>0x10e</size>
         <input_file_ref idref="fl-3"/>
      </object_component>
      <object_component id="oc-116">
         <name>.debug_info</name>
         <load_address>0x4377</load_address>
         <run_address>0x4377</run_address>
         <size>0xd3</size>
         <input_file_ref idref="fl-3"/>
      </object_component>
      <object_component id="oc-119">
         <name>.debug_info</name>
         <load_address>0x444a</load_address>
         <run_address>0x444a</run_address>
         <size>0x80e</size>
         <input_file_ref idref="fl-3"/>
      </object_component>
      <object_component id="oc-11b">
         <name>.debug_info</name>
         <load_address>0x4c58</load_address>
         <run_address>0x4c58</run_address>
         <size>0x148</size>
         <input_file_ref idref="fl-140"/>
      </object_component>
      <object_component id="oc-11d">
         <name>.debug_info</name>
         <load_address>0x4da0</load_address>
         <run_address>0x4da0</run_address>
         <size>0x16d</size>
         <input_file_ref idref="fl-14f"/>
      </object_component>
      <object_component id="oc-123">
         <name>.debug_info</name>
         <load_address>0x4f0d</load_address>
         <run_address>0x4f0d</run_address>
         <size>0x185</size>
         <input_file_ref idref="fl-14f"/>
      </object_component>
      <object_component id="oc-129">
         <name>.debug_info</name>
         <load_address>0x5092</load_address>
         <run_address>0x5092</run_address>
         <size>0x23b</size>
         <input_file_ref idref="fl-153"/>
      </object_component>
      <object_component id="oc-12f">
         <name>.debug_info</name>
         <load_address>0x52cd</load_address>
         <run_address>0x52cd</run_address>
         <size>0x1dd</size>
         <input_file_ref idref="fl-153"/>
      </object_component>
      <object_component id="oc-135">
         <name>.debug_info</name>
         <load_address>0x54aa</load_address>
         <run_address>0x54aa</run_address>
         <size>0x217</size>
         <input_file_ref idref="fl-150"/>
      </object_component>
      <object_component id="oc-13b">
         <name>.debug_info</name>
         <load_address>0x56c1</load_address>
         <run_address>0x56c1</run_address>
         <size>0x19e</size>
         <input_file_ref idref="fl-152"/>
      </object_component>
      <object_component id="oc-141">
         <name>.debug_info</name>
         <load_address>0x585f</load_address>
         <run_address>0x585f</run_address>
         <size>0x1e0</size>
         <input_file_ref idref="fl-150"/>
      </object_component>
      <object_component id="oc-147">
         <name>.debug_info</name>
         <load_address>0x5a3f</load_address>
         <run_address>0x5a3f</run_address>
         <size>0x20b</size>
         <input_file_ref idref="fl-150"/>
      </object_component>
      <object_component id="oc-14d">
         <name>.debug_info</name>
         <load_address>0x5c4a</load_address>
         <run_address>0x5c4a</run_address>
         <size>0x286</size>
         <input_file_ref idref="fl-154"/>
      </object_component>
      <object_component id="oc-153">
         <name>.debug_info</name>
         <load_address>0x5ed0</load_address>
         <run_address>0x5ed0</run_address>
         <size>0x1c8</size>
         <input_file_ref idref="fl-152"/>
      </object_component>
      <object_component id="oc-15a">
         <name>.debug_info</name>
         <load_address>0x6098</load_address>
         <run_address>0x6098</run_address>
         <size>0x1ef</size>
         <input_file_ref idref="fl-154"/>
      </object_component>
      <object_component id="oc-15f">
         <name>.debug_info</name>
         <load_address>0x6287</load_address>
         <run_address>0x6287</run_address>
         <size>0x20f</size>
         <input_file_ref idref="fl-150"/>
      </object_component>
      <object_component id="oc-165">
         <name>.debug_info</name>
         <load_address>0x6496</load_address>
         <run_address>0x6496</run_address>
         <size>0x209</size>
         <input_file_ref idref="fl-150"/>
      </object_component>
      <object_component id="oc-16b">
         <name>.debug_info</name>
         <load_address>0x669f</load_address>
         <run_address>0x669f</run_address>
         <size>0x248</size>
         <input_file_ref idref="fl-151"/>
      </object_component>
      <object_component id="oc-171">
         <name>.debug_info</name>
         <load_address>0x68e7</load_address>
         <run_address>0x68e7</run_address>
         <size>0x22e</size>
         <input_file_ref idref="fl-151"/>
      </object_component>
      <object_component id="oc-177">
         <name>.debug_info</name>
         <load_address>0x6b15</load_address>
         <run_address>0x6b15</run_address>
         <size>0x1de</size>
         <input_file_ref idref="fl-151"/>
      </object_component>
      <object_component id="oc-17d">
         <name>.debug_info</name>
         <load_address>0x6cf3</load_address>
         <run_address>0x6cf3</run_address>
         <size>0x1de</size>
         <input_file_ref idref="fl-151"/>
      </object_component>
      <object_component id="oc-183">
         <name>.debug_info</name>
         <load_address>0x6ed1</load_address>
         <run_address>0x6ed1</run_address>
         <size>0x1ae</size>
         <input_file_ref idref="fl-151"/>
      </object_component>
      <object_component id="oc-189">
         <name>.debug_info</name>
         <load_address>0x707f</load_address>
         <run_address>0x707f</run_address>
         <size>0x153</size>
         <input_file_ref idref="fl-139"/>
      </object_component>
      <object_component id="oc-18f">
         <name>.debug_info</name>
         <load_address>0x71d2</load_address>
         <run_address>0x71d2</run_address>
         <size>0x1a6</size>
         <input_file_ref idref="fl-3"/>
      </object_component>
      <object_component id="oc-195">
         <name>.debug_info</name>
         <load_address>0x7378</load_address>
         <run_address>0x7378</run_address>
         <size>0x1d3</size>
         <input_file_ref idref="fl-154"/>
      </object_component>
      <object_component id="oc-19b">
         <name>.debug_info</name>
         <load_address>0x754b</load_address>
         <run_address>0x754b</run_address>
         <size>0x1b4</size>
         <input_file_ref idref="fl-151"/>
      </object_component>
      <object_component id="oc-1a1">
         <name>.debug_info</name>
         <load_address>0x76ff</load_address>
         <run_address>0x76ff</run_address>
         <size>0x2b5</size>
         <input_file_ref idref="fl-137"/>
      </object_component>
      <object_component id="oc-1a7">
         <name>.debug_info</name>
         <load_address>0x79b4</load_address>
         <run_address>0x79b4</run_address>
         <size>0xd3</size>
         <input_file_ref idref="fl-3"/>
      </object_component>
      <object_component id="oc-1ac">
         <name>.debug_info</name>
         <load_address>0x7a87</load_address>
         <run_address>0x7a87</run_address>
         <size>0x5e</size>
         <input_file_ref idref="fl-13d"/>
      </object_component>
      <object_component id="oc-1b2">
         <name>.debug_info</name>
         <load_address>0x7ae5</load_address>
         <run_address>0x7ae5</run_address>
         <size>0x1d4</size>
         <input_file_ref idref="fl-13b"/>
      </object_component>
      <object_component id="oc-1b9">
         <name>.debug_info</name>
         <load_address>0x7cb9</load_address>
         <run_address>0x7cb9</run_address>
         <size>0xd9</size>
         <input_file_ref idref="fl-13b"/>
      </object_component>
      <object_component id="oc-1c5">
         <name>.debug_info</name>
         <load_address>0x7d92</load_address>
         <run_address>0x7d92</run_address>
         <size>0x22f</size>
         <input_file_ref idref="fl-153"/>
      </object_component>
      <object_component id="oc-1c7">
         <name>.debug_info</name>
         <load_address>0x7fc1</load_address>
         <run_address>0x7fc1</run_address>
         <size>0x17b</size>
         <input_file_ref idref="fl-13a"/>
      </object_component>
      <object_component id="oc-1d5">
         <name>.debug_info</name>
         <load_address>0x813c</load_address>
         <run_address>0x813c</run_address>
         <size>0xcd</size>
         <input_file_ref idref="fl-140"/>
      </object_component>
      <object_component id="oc-1df">
         <name>.debug_info</name>
         <load_address>0x8209</load_address>
         <run_address>0x8209</run_address>
         <size>0x276</size>
         <input_file_ref idref="fl-150"/>
      </object_component>
      <object_component id="oc-1e5">
         <name>.debug_info</name>
         <load_address>0x847f</load_address>
         <run_address>0x847f</run_address>
         <size>0x213</size>
         <input_file_ref idref="fl-150"/>
      </object_component>
      <object_component id="oc-1ec">
         <name>.debug_info</name>
         <load_address>0x8692</load_address>
         <run_address>0x8692</run_address>
         <size>0x172</size>
         <input_file_ref idref="fl-155"/>
      </object_component>
      <object_component id="oc-1f3">
         <name>.debug_info</name>
         <load_address>0x8804</load_address>
         <run_address>0x8804</run_address>
         <size>0x10b</size>
         <input_file_ref idref="fl-150"/>
      </object_component>
      <object_component id="oc-1f8">
         <name>.debug_info</name>
         <load_address>0x890f</load_address>
         <run_address>0x890f</run_address>
         <size>0x1a9</size>
         <input_file_ref idref="fl-154"/>
      </object_component>
      <object_component id="oc-1fe">
         <name>.debug_info</name>
         <load_address>0x8ab8</load_address>
         <run_address>0x8ab8</run_address>
         <size>0x1a7</size>
         <input_file_ref idref="fl-154"/>
      </object_component>
      <object_component id="oc-205">
         <name>.debug_info</name>
         <load_address>0x8c5f</load_address>
         <run_address>0x8c5f</run_address>
         <size>0x1c0</size>
         <input_file_ref idref="fl-152"/>
      </object_component>
      <object_component id="oc-208">
         <name>.debug_info</name>
         <load_address>0x8e1f</load_address>
         <run_address>0x8e1f</run_address>
         <size>0x1be</size>
         <input_file_ref idref="fl-152"/>
      </object_component>
      <object_component id="oc-20d">
         <name>.debug_info</name>
         <load_address>0x8fdd</load_address>
         <run_address>0x8fdd</run_address>
         <size>0x1ae</size>
         <input_file_ref idref="fl-151"/>
      </object_component>
      <object_component id="oc-213">
         <name>.debug_info</name>
         <load_address>0x918b</load_address>
         <run_address>0x918b</run_address>
         <size>0x1e1</size>
         <input_file_ref idref="fl-151"/>
      </object_component>
      <object_component id="oc-219">
         <name>.debug_info</name>
         <load_address>0x936c</load_address>
         <run_address>0x936c</run_address>
         <size>0x9f</size>
         <input_file_ref idref="fl-139"/>
      </object_component>
      <object_component id="oc-21c">
         <name>.debug_info</name>
         <load_address>0x940b</load_address>
         <run_address>0x940b</run_address>
         <size>0x1b3</size>
         <input_file_ref idref="fl-154"/>
      </object_component>
      <object_component id="oc-224">
         <name>.debug_info</name>
         <load_address>0x95be</load_address>
         <run_address>0x95be</run_address>
         <size>0x12c3</size>
         <input_file_ref idref="fl-13c"/>
      </object_component>
      <object_component id="oc-22a">
         <name>.debug_info</name>
         <load_address>0xa881</load_address>
         <run_address>0xa881</run_address>
         <size>0x170</size>
         <input_file_ref idref="fl-137"/>
      </object_component>
      <object_component id="oc-22b">
         <name>.debug_info</name>
         <load_address>0xa9f1</load_address>
         <run_address>0xa9f1</run_address>
         <size>0x4e</size>
         <input_file_ref idref="fl-3"/>
      </object_component>
      <object_component id="oc-237">
         <name>.debug_info</name>
         <load_address>0xaa3f</load_address>
         <run_address>0xaa3f</run_address>
         <size>0x5f</size>
         <input_file_ref idref="fl-153"/>
      </object_component>
      <object_component id="oc-23d">
         <name>.debug_info</name>
         <load_address>0xaa9e</load_address>
         <run_address>0xaa9e</run_address>
         <size>0xa5</size>
         <input_file_ref idref="fl-13a"/>
      </object_component>
      <object_component id="oc-250">
         <name>.debug_info</name>
         <load_address>0xab43</load_address>
         <run_address>0xab43</run_address>
         <size>0x13a</size>
         <input_file_ref idref="fl-14c"/>
      </object_component>
      <object_component id="oc-255">
         <name>.debug_info</name>
         <load_address>0xac7d</load_address>
         <run_address>0xac7d</run_address>
         <size>0xd5</size>
         <input_file_ref idref="fl-148"/>
      </object_component>
      <object_component id="oc-25a">
         <name>.debug_info</name>
         <load_address>0xad52</load_address>
         <run_address>0xad52</run_address>
         <size>0xdb</size>
         <input_file_ref idref="fl-143"/>
      </object_component>
      <object_component id="oc-25f">
         <name>.debug_info</name>
         <load_address>0xae2d</load_address>
         <run_address>0xae2d</run_address>
         <size>0xed</size>
         <input_file_ref idref="fl-145"/>
      </object_component>
      <object_component id="oc-264">
         <name>.debug_info</name>
         <load_address>0xaf1a</load_address>
         <run_address>0xaf1a</run_address>
         <size>0xed</size>
         <input_file_ref idref="fl-144"/>
      </object_component>
      <object_component id="oc-269">
         <name>.debug_info</name>
         <load_address>0xb007</load_address>
         <run_address>0xb007</run_address>
         <size>0xdd</size>
         <input_file_ref idref="fl-143"/>
      </object_component>
      <object_component id="oc-26e">
         <name>.debug_info</name>
         <load_address>0xb0e4</load_address>
         <run_address>0xb0e4</run_address>
         <size>0xe1</size>
         <input_file_ref idref="fl-146"/>
      </object_component>
      <object_component id="oc-273">
         <name>.debug_info</name>
         <load_address>0xb1c5</load_address>
         <run_address>0xb1c5</run_address>
         <size>0x177</size>
         <input_file_ref idref="fl-149"/>
      </object_component>
      <object_component id="oc-279">
         <name>.debug_info</name>
         <load_address>0xb33c</load_address>
         <run_address>0xb33c</run_address>
         <size>0xdf</size>
         <input_file_ref idref="fl-147"/>
      </object_component>
      <object_component id="oc-27f">
         <name>.debug_info</name>
         <load_address>0xb41b</load_address>
         <run_address>0xb41b</run_address>
         <size>0xff</size>
         <input_file_ref idref="fl-142"/>
      </object_component>
      <object_component id="oc-283">
         <name>.debug_info</name>
         <load_address>0xb51a</load_address>
         <run_address>0xb51a</run_address>
         <size>0xfc</size>
         <input_file_ref idref="fl-14b"/>
      </object_component>
      <object_component id="oc-288">
         <name>.debug_info</name>
         <load_address>0xb616</load_address>
         <run_address>0xb616</run_address>
         <size>0x111</size>
         <input_file_ref idref="fl-14d"/>
      </object_component>
      <object_component id="oc-28e">
         <name>.debug_info</name>
         <load_address>0xb727</load_address>
         <run_address>0xb727</run_address>
         <size>0x160</size>
         <input_file_ref idref="fl-14a"/>
      </object_component>
      <object_component id="oc-294">
         <name>.debug_info</name>
         <load_address>0xb887</load_address>
         <run_address>0xb887</run_address>
         <size>0x126</size>
         <input_file_ref idref="fl-13e"/>
      </object_component>
      <object_component id="oc-29a">
         <name>.debug_info</name>
         <load_address>0xb9ad</load_address>
         <run_address>0xb9ad</run_address>
         <size>0x26b</size>
         <input_file_ref idref="fl-13c"/>
      </object_component>
      <object_component id="oc-29b">
         <name>.debug_info</name>
         <load_address>0xbc18</load_address>
         <run_address>0xbc18</run_address>
         <size>0x86</size>
         <input_file_ref idref="fl-13c"/>
      </object_component>
      <object_component id="oc-2a0">
         <name>.debug_info</name>
         <load_address>0xbc9e</load_address>
         <run_address>0xbc9e</run_address>
         <size>0x39</size>
         <input_file_ref idref="fl-13c"/>
      </object_component>
      <object_component id="oc-2a7">
         <name>.debug_info</name>
         <load_address>0xbcd7</load_address>
         <run_address>0xbcd7</run_address>
         <size>0x2c</size>
         <input_file_ref idref="fl-137"/>
      </object_component>
      <object_component id="oc-2b6">
         <name>.debug_info</name>
         <load_address>0xbd03</load_address>
         <run_address>0xbd03</run_address>
         <size>0x101</size>
         <input_file_ref idref="fl-149"/>
      </object_component>
      <object_component id="oc-2bb">
         <name>.debug_info</name>
         <load_address>0xbe04</load_address>
         <run_address>0xbe04</run_address>
         <size>0x10f</size>
         <input_file_ref idref="fl-14e"/>
      </object_component>
      <object_component id="oc-2c2">
         <name>.debug_info</name>
         <load_address>0xbf13</load_address>
         <run_address>0xbf13</run_address>
         <size>0xa6</size>
         <input_file_ref idref="fl-14a"/>
      </object_component>
      <object_component id="oc-2c4">
         <name>.debug_info</name>
         <load_address>0xbfb9</load_address>
         <run_address>0xbfb9</run_address>
         <size>0xaf</size>
         <input_file_ref idref="fl-141"/>
      </object_component>
      <object_component id="oc-2c7">
         <name>.debug_info</name>
         <load_address>0xc068</load_address>
         <run_address>0xc068</run_address>
         <size>0xc5</size>
         <input_file_ref idref="fl-13e"/>
      </object_component>
      <object_component id="oc-2ca">
         <name>.debug_info</name>
         <load_address>0xc12d</load_address>
         <run_address>0xc12d</run_address>
         <size>0x46</size>
         <input_file_ref idref="fl-13c"/>
      </object_component>
      <object_component id="oc-2d2">
         <name>.debug_info</name>
         <load_address>0xc173</load_address>
         <run_address>0xc173</run_address>
         <size>0x9a</size>
         <input_file_ref idref="fl-14e"/>
      </object_component>
      <object_component id="oc-2d7">
         <name>.debug_info</name>
         <load_address>0xc20d</load_address>
         <run_address>0xc20d</run_address>
         <size>0xa3</size>
         <input_file_ref idref="fl-141"/>
      </object_component>
      <object_component id="oc-2ff">
         <name>.debug_info</name>
         <load_address>0xc2b0</load_address>
         <run_address>0xc2b0</run_address>
         <size>0xac</size>
      </object_component>
      <object_component id="oc-10">
         <name>.debug_pubnames</name>
         <load_address>0x0</load_address>
         <run_address>0x0</run_address>
         <size>0x23</size>
         <input_file_ref idref="fl-2"/>
      </object_component>
      <object_component id="oc-14">
         <name>.debug_pubnames</name>
         <load_address>0x23</load_address>
         <run_address>0x23</run_address>
         <size>0x1f</size>
         <input_file_ref idref="fl-131"/>
      </object_component>
      <object_component id="oc-19">
         <name>.debug_pubnames</name>
         <load_address>0x42</load_address>
         <run_address>0x42</run_address>
         <size>0x2b</size>
         <input_file_ref idref="fl-132"/>
      </object_component>
      <object_component id="oc-1f">
         <name>.debug_pubnames</name>
         <load_address>0x6d</load_address>
         <run_address>0x6d</run_address>
         <size>0x25</size>
         <input_file_ref idref="fl-134"/>
      </object_component>
      <object_component id="oc-25">
         <name>.debug_pubnames</name>
         <load_address>0x92</load_address>
         <run_address>0x92</run_address>
         <size>0x2c</size>
         <input_file_ref idref="fl-133"/>
      </object_component>
      <object_component id="oc-2c">
         <name>.debug_pubnames</name>
         <load_address>0xbe</load_address>
         <run_address>0xbe</run_address>
         <size>0x1f</size>
         <input_file_ref idref="fl-2"/>
      </object_component>
      <object_component id="oc-32">
         <name>.debug_pubnames</name>
         <load_address>0xdd</load_address>
         <run_address>0xdd</run_address>
         <size>0x1c</size>
         <input_file_ref idref="fl-2"/>
      </object_component>
      <object_component id="oc-38">
         <name>.debug_pubnames</name>
         <load_address>0xf9</load_address>
         <run_address>0xf9</run_address>
         <size>0x1f</size>
         <input_file_ref idref="fl-2"/>
      </object_component>
      <object_component id="oc-3e">
         <name>.debug_pubnames</name>
         <load_address>0x118</load_address>
         <run_address>0x118</run_address>
         <size>0x28</size>
         <input_file_ref idref="fl-2"/>
      </object_component>
      <object_component id="oc-44">
         <name>.debug_pubnames</name>
         <load_address>0x140</load_address>
         <run_address>0x140</run_address>
         <size>0x26</size>
         <input_file_ref idref="fl-3"/>
      </object_component>
      <object_component id="oc-4a">
         <name>.debug_pubnames</name>
         <load_address>0x166</load_address>
         <run_address>0x166</run_address>
         <size>0x26</size>
         <input_file_ref idref="fl-3"/>
      </object_component>
      <object_component id="oc-54">
         <name>.debug_pubnames</name>
         <load_address>0x18c</load_address>
         <run_address>0x18c</run_address>
         <size>0x37</size>
         <input_file_ref idref="fl-13f"/>
      </object_component>
      <object_component id="oc-58">
         <name>.debug_pubnames</name>
         <load_address>0x1c3</load_address>
         <run_address>0x1c3</run_address>
         <size>0x21</size>
         <input_file_ref idref="fl-13d"/>
      </object_component>
      <object_component id="oc-5e">
         <name>.debug_pubnames</name>
         <load_address>0x1e4</load_address>
         <run_address>0x1e4</run_address>
         <size>0x35</size>
         <input_file_ref idref="fl-135"/>
      </object_component>
      <object_component id="oc-63">
         <name>.debug_pubnames</name>
         <load_address>0x219</load_address>
         <run_address>0x219</run_address>
         <size>0x23</size>
         <input_file_ref idref="fl-138"/>
      </object_component>
      <object_component id="oc-68">
         <name>.debug_pubnames</name>
         <load_address>0x23c</load_address>
         <run_address>0x23c</run_address>
         <size>0x1d</size>
         <input_file_ref idref="fl-136"/>
      </object_component>
      <object_component id="oc-7b">
         <name>.debug_pubnames</name>
         <load_address>0x259</load_address>
         <run_address>0x259</run_address>
         <size>0x2f</size>
         <input_file_ref idref="fl-133"/>
      </object_component>
      <object_component id="oc-8c">
         <name>.debug_pubnames</name>
         <load_address>0x288</load_address>
         <run_address>0x288</run_address>
         <size>0x24</size>
         <input_file_ref idref="fl-154"/>
      </object_component>
      <object_component id="oc-92">
         <name>.debug_pubnames</name>
         <load_address>0x2ac</load_address>
         <run_address>0x2ac</run_address>
         <size>0x23</size>
         <input_file_ref idref="fl-154"/>
      </object_component>
      <object_component id="oc-98">
         <name>.debug_pubnames</name>
         <load_address>0x2cf</load_address>
         <run_address>0x2cf</run_address>
         <size>0x2d</size>
         <input_file_ref idref="fl-154"/>
      </object_component>
      <object_component id="oc-9e">
         <name>.debug_pubnames</name>
         <load_address>0x2fc</load_address>
         <run_address>0x2fc</run_address>
         <size>0x2d</size>
         <input_file_ref idref="fl-154"/>
      </object_component>
      <object_component id="oc-a4">
         <name>.debug_pubnames</name>
         <load_address>0x329</load_address>
         <run_address>0x329</run_address>
         <size>0x23</size>
         <input_file_ref idref="fl-150"/>
      </object_component>
      <object_component id="oc-aa">
         <name>.debug_pubnames</name>
         <load_address>0x34c</load_address>
         <run_address>0x34c</run_address>
         <size>0x25</size>
         <input_file_ref idref="fl-153"/>
      </object_component>
      <object_component id="oc-b1">
         <name>.debug_pubnames</name>
         <load_address>0x371</load_address>
         <run_address>0x371</run_address>
         <size>0x25</size>
         <input_file_ref idref="fl-154"/>
      </object_component>
      <object_component id="oc-c2">
         <name>.debug_pubnames</name>
         <load_address>0x396</load_address>
         <run_address>0x396</run_address>
         <size>0x22</size>
         <input_file_ref idref="fl-154"/>
      </object_component>
      <object_component id="oc-c8">
         <name>.debug_pubnames</name>
         <load_address>0x3b8</load_address>
         <run_address>0x3b8</run_address>
         <size>0x1e</size>
         <input_file_ref idref="fl-3"/>
      </object_component>
      <object_component id="oc-d6">
         <name>.debug_pubnames</name>
         <load_address>0x3d6</load_address>
         <run_address>0x3d6</run_address>
         <size>0x1e</size>
         <input_file_ref idref="fl-140"/>
      </object_component>
      <object_component id="oc-dd">
         <name>.debug_pubnames</name>
         <load_address>0x3f4</load_address>
         <run_address>0x3f4</run_address>
         <size>0x1b</size>
         <input_file_ref idref="fl-3"/>
      </object_component>
      <object_component id="oc-e4">
         <name>.debug_pubnames</name>
         <load_address>0x40f</load_address>
         <run_address>0x40f</run_address>
         <size>0x28</size>
         <input_file_ref idref="fl-13b"/>
      </object_component>
      <object_component id="oc-e7">
         <name>.debug_pubnames</name>
         <load_address>0x437</load_address>
         <run_address>0x437</run_address>
         <size>0x3a</size>
         <input_file_ref idref="fl-135"/>
      </object_component>
      <object_component id="oc-108">
         <name>.debug_pubnames</name>
         <load_address>0x471</load_address>
         <run_address>0x471</run_address>
         <size>0x23</size>
         <input_file_ref idref="fl-153"/>
      </object_component>
      <object_component id="oc-10f">
         <name>.debug_pubnames</name>
         <load_address>0x494</load_address>
         <run_address>0x494</run_address>
         <size>0x20</size>
         <input_file_ref idref="fl-3"/>
      </object_component>
      <object_component id="oc-114">
         <name>.debug_pubnames</name>
         <load_address>0x4b4</load_address>
         <run_address>0x4b4</run_address>
         <size>0x35</size>
         <input_file_ref idref="fl-3"/>
      </object_component>
      <object_component id="oc-117">
         <name>.debug_pubnames</name>
         <load_address>0x4e9</load_address>
         <run_address>0x4e9</run_address>
         <size>0x1b</size>
         <input_file_ref idref="fl-3"/>
      </object_component>
      <object_component id="oc-11f">
         <name>.debug_pubnames</name>
         <load_address>0x504</load_address>
         <run_address>0x504</run_address>
         <size>0x20</size>
         <input_file_ref idref="fl-14f"/>
      </object_component>
      <object_component id="oc-125">
         <name>.debug_pubnames</name>
         <load_address>0x524</load_address>
         <run_address>0x524</run_address>
         <size>0x2c</size>
         <input_file_ref idref="fl-14f"/>
      </object_component>
      <object_component id="oc-12b">
         <name>.debug_pubnames</name>
         <load_address>0x550</load_address>
         <run_address>0x550</run_address>
         <size>0x25</size>
         <input_file_ref idref="fl-153"/>
      </object_component>
      <object_component id="oc-131">
         <name>.debug_pubnames</name>
         <load_address>0x575</load_address>
         <run_address>0x575</run_address>
         <size>0x2d</size>
         <input_file_ref idref="fl-153"/>
      </object_component>
      <object_component id="oc-137">
         <name>.debug_pubnames</name>
         <load_address>0x5a2</load_address>
         <run_address>0x5a2</run_address>
         <size>0x2c</size>
         <input_file_ref idref="fl-150"/>
      </object_component>
      <object_component id="oc-13d">
         <name>.debug_pubnames</name>
         <load_address>0x5ce</load_address>
         <run_address>0x5ce</run_address>
         <size>0x26</size>
         <input_file_ref idref="fl-152"/>
      </object_component>
      <object_component id="oc-143">
         <name>.debug_pubnames</name>
         <load_address>0x5f4</load_address>
         <run_address>0x5f4</run_address>
         <size>0x27</size>
         <input_file_ref idref="fl-150"/>
      </object_component>
      <object_component id="oc-149">
         <name>.debug_pubnames</name>
         <load_address>0x61b</load_address>
         <run_address>0x61b</run_address>
         <size>0x26</size>
         <input_file_ref idref="fl-150"/>
      </object_component>
      <object_component id="oc-14f">
         <name>.debug_pubnames</name>
         <load_address>0x641</load_address>
         <run_address>0x641</run_address>
         <size>0x2a</size>
         <input_file_ref idref="fl-154"/>
      </object_component>
      <object_component id="oc-155">
         <name>.debug_pubnames</name>
         <load_address>0x66b</load_address>
         <run_address>0x66b</run_address>
         <size>0x20</size>
         <input_file_ref idref="fl-152"/>
      </object_component>
      <object_component id="oc-15b">
         <name>.debug_pubnames</name>
         <load_address>0x68b</load_address>
         <run_address>0x68b</run_address>
         <size>0x24</size>
         <input_file_ref idref="fl-154"/>
      </object_component>
      <object_component id="oc-161">
         <name>.debug_pubnames</name>
         <load_address>0x6af</load_address>
         <run_address>0x6af</run_address>
         <size>0x28</size>
         <input_file_ref idref="fl-150"/>
      </object_component>
      <object_component id="oc-167">
         <name>.debug_pubnames</name>
         <load_address>0x6d7</load_address>
         <run_address>0x6d7</run_address>
         <size>0x25</size>
         <input_file_ref idref="fl-150"/>
      </object_component>
      <object_component id="oc-16d">
         <name>.debug_pubnames</name>
         <load_address>0x6fc</load_address>
         <run_address>0x6fc</run_address>
         <size>0x2a</size>
         <input_file_ref idref="fl-151"/>
      </object_component>
      <object_component id="oc-173">
         <name>.debug_pubnames</name>
         <load_address>0x726</load_address>
         <run_address>0x726</run_address>
         <size>0x2c</size>
         <input_file_ref idref="fl-151"/>
      </object_component>
      <object_component id="oc-179">
         <name>.debug_pubnames</name>
         <load_address>0x752</load_address>
         <run_address>0x752</run_address>
         <size>0x27</size>
         <input_file_ref idref="fl-151"/>
      </object_component>
      <object_component id="oc-17f">
         <name>.debug_pubnames</name>
         <load_address>0x779</load_address>
         <run_address>0x779</run_address>
         <size>0x27</size>
         <input_file_ref idref="fl-151"/>
      </object_component>
      <object_component id="oc-185">
         <name>.debug_pubnames</name>
         <load_address>0x7a0</load_address>
         <run_address>0x7a0</run_address>
         <size>0x24</size>
         <input_file_ref idref="fl-151"/>
      </object_component>
      <object_component id="oc-18b">
         <name>.debug_pubnames</name>
         <load_address>0x7c4</load_address>
         <run_address>0x7c4</run_address>
         <size>0x1d</size>
         <input_file_ref idref="fl-139"/>
      </object_component>
      <object_component id="oc-191">
         <name>.debug_pubnames</name>
         <load_address>0x7e1</load_address>
         <run_address>0x7e1</run_address>
         <size>0x1f</size>
         <input_file_ref idref="fl-3"/>
      </object_component>
      <object_component id="oc-197">
         <name>.debug_pubnames</name>
         <load_address>0x800</load_address>
         <run_address>0x800</run_address>
         <size>0x22</size>
         <input_file_ref idref="fl-154"/>
      </object_component>
      <object_component id="oc-19d">
         <name>.debug_pubnames</name>
         <load_address>0x822</load_address>
         <run_address>0x822</run_address>
         <size>0x27</size>
         <input_file_ref idref="fl-151"/>
      </object_component>
      <object_component id="oc-1a3">
         <name>.debug_pubnames</name>
         <load_address>0x849</load_address>
         <run_address>0x849</run_address>
[...]
               <start_address>0x2938</start_address>
               <size>0x270</size>
               <logical_group_ref idref="lg-5"/>
            </allocated_space>
            <allocated_space>
               <start_address>0x2ba8</start_address>
               <size>0x38</size>
               <logical_group_ref idref="lg-6"/>
            </allocated_space>
            <available_space>
               <start_address>0x2be0</start_address>
               <size>0x3d420</size>
            </available_space>
         </usage_details>
      </memory_area>
      <memory_area display="yes" color="green">
         <name>SRAM</name>
         <page_id>0x0</page_id>
         <origin>0x20000000</origin>
         <length>0x8000</length>
         <used_space>0x3dc</used_space>
         <unused_space>0x7c24</unused_space>
         <attributes>RWX</attributes>
         <usage_details>
            <allocated_space>
               <start_address>0x20000000</start_address>
               <size>0x2bc</size>
               <logical_group_ref idref="lg-b"/>
            </allocated_space>
            <allocated_space>
               <start_address>0x200002bc</start_address>
               <size>0x100</size>
               <logical_group_ref idref="lg-d"/>
            </allocated_space>
            <allocated_space>
               <start_address>0x200003bc</start_address>
               <size>0x20</size>
               <logical_group_ref idref="lg-a"/>
            </allocated_space>
            <available_space>
               <start_address>0x200003dc</start_address>
               <size>0x7c24</size>
            </available_space>
         </usage_details>
      </memory_area>
   </placement_map>
   <cptbl_list>
      <cptbl>
         <name>__TI_cinit_table</name>
         <cprec>
            <name>.data</name>
            <load_address>0x2ba8</load_address>
            <load_size>0x12</load_size>
            <run_address>0x200003bc</run_address>
            <run_size>0x20</run_size>
            <compression>rle</compression>
         </cprec>
         <cprec>
            <name>.bss</name>
            <load_address>0x2bc8</load_address>
            <load_size>0x8</load_size>
            <run_address>0x20000000</run_address>
            <run_size>0x2bc</run_size>
            <compression>zero_init</compression>
         </cprec>
      </cptbl>
   </cptbl_list>
   <handler_table>
      <handler_table_name>__TI_handler_table</handler_table_name>
      <handler>
         <index>0x0</index>
         <name>__TI_decompress_rle24</name>
      </handler>
      <handler>
         <index>0x1</index>
         <name>__TI_decompress_none</name>
      </handler>
      <handler>
         <index>0x2</index>
         <name>__TI_zero_init</name>
      </handler>
   </handler_table>
   <symbol_table>
      <symbol id="sm-1">
         <name>__STACK_TOP</name>
         <value>0x200003bc</value>
      </symbol>
      <symbol id="sm-2">
         <name>__TI_CINIT_Base</name>
         <value>0x2bd0</value>
      </symbol>
      <symbol id="sm-3">
         <name>__TI_CINIT_Limit</name>
         <value>0x2be0</value>
      </symbol>
      <symbol id="sm-4">
         <name>__TI_Handler_Table_Base</name>
         <value>0x2bbc</value>
      </symbol>
      <symbol id="sm-5">
         <name>__TI_Handler_Table_Limit</name>
         <value>0x2bc8</value>
      </symbol>
      <symbol id="sm-6">
         <name>binit</name>
         <value>0xffffffff</value>
      </symbol>
      <symbol id="sm-7">
         <name>__binit__</name>
         <value>0xffffffff</value>
      </symbol>
      <symbol id="sm-8">
         <name>__STACK_SIZE</name>
         <value>0x100</value>
      </symbol>
      <symbol id="sm-9">
         <name>__STACK_END</name>
         <value>0x200003bc</value>
      </symbol>
      <symbol id="sm-a">
         <name>__c_args__</name>
         <value>0xffffffff</value>
      </symbol>
      <symbol id="sm-58">
         <name>ResetISR</name>
         <value>0x2915</value>
         <object_component_ref idref="oc-29"/>
      </symbol>
      <symbol id="sm-59">
         <name>g_pfnVectors</name>
         <value>0x0</value>
         <object_component_ref idref="oc-e"/>
      </symbol>
      <symbol id="sm-f9">
         <name>writedata</name>
         <value>0x1db5</value>
         <object_component_ref idref="oc-10c"/>
      </symbol>
      <symbol id="sm-fa">
         <name>UART5IntHandler</name>
         <value>0x22d5</value>
         <object_component_ref idref="oc-47"/>
      </symbol>
      <symbol id="sm-fb">
         <name>UART0IntHandler</name>
         <value>0x2141</value>
         <object_component_ref idref="oc-41"/>
      </symbol>
      <symbol id="sm-fc">
         <name>main</name>
         <value>0x112d</value>
         <object_component_ref idref="oc-da"/>
      </symbol>
      <symbol id="sm-fd">
         <name>flgSendAcc</name>
         <value>0x200003c0</value>
         <object_component_ref idref="oc-112"/>
      </symbol>
      <symbol id="sm-fe">
         <name>newchar</name>
         <value>0x2609</value>
         <object_component_ref idref="oc-c5"/>
      </symbol>
      <symbol id="sm-ff">
         <name>Data</name>
         <value>0x20000000</value>
         <object_component_ref idref="oc-1a6"/>
      </symbol>
      <symbol id="sm-100">
         <name>UARTSend</name>
         <value>0x26e1</value>
         <object_component_ref idref="oc-18e"/>
      </symbol>
      <symbol id="sm-101">
         <name>Buff</name>
         <value>0x20000258</value>
         <object_component_ref idref="oc-115"/>
      </symbol>
      <symbol id="sm-102">
         <name>flgNewGPSstring</name>
         <value>0x200003bc</value>
         <object_component_ref idref="oc-112"/>
      </symbol>
      <symbol id="sm-112">
         <name>_c_int00</name>
         <value>0x2469</value>
         <object_component_ref idref="oc-11"/>
      </symbol>
      <symbol id="sm-113">
         <name>__stack</name>
         <value>0x200002bc</value>
         <object_component_ref idref="oc-28"/>
      </symbol>
      <symbol id="sm-12a">
         <name>__TI_decompress_none</name>
         <value>0x289d</value>
         <object_component_ref idref="oc-16"/>
      </symbol>
      <symbol id="sm-14e">
         <name>__TI_decompress_rle24</name>
         <value>0x2921</value>
         <object_component_ref idref="oc-22"/>
      </symbol>
      <symbol id="sm-162">
         <name>__TI_zero_init</name>
         <value>0x282b</value>
         <object_component_ref idref="oc-1c"/>
      </symbol>
      <symbol id="sm-181">
         <name>C$$EXIT</name>
         <value>0x253d</value>
         <object_component_ref idref="oc-5b"/>
      </symbol>
      <symbol id="sm-182">
         <name>abort</name>
         <value>0x2541</value>
         <object_component_ref idref="oc-5b"/>
      </symbol>
      <symbol id="sm-183">
         <name>exit</name>
         <value>0x2549</value>
         <object_component_ref idref="oc-5b"/>
      </symbol>
      <symbol id="sm-184">
         <name>__TI_dtors_ptr</name>
         <value>0x200003d4</value>
         <object_component_ref idref="oc-e5"/>
      </symbol>
      <symbol id="sm-185">
         <name>__TI_cleanup_ptr</name>
         <value>0x200003d0</value>
         <object_component_ref idref="oc-e5"/>
      </symbol>
      <symbol id="sm-1a0">
         <name>memcpy</name>
         <value>0x1e89</value>
         <object_component_ref idref="oc-65"/>
      </symbol>
      <symbol id="sm-1a1">
         <name>__aeabi_memcpy</name>
         <value>0x1e89</value>
         <object_component_ref idref="oc-65"/>
      </symbol>
      <symbol id="sm-1a2">
         <name>__aeabi_memcpy8</name>
         <value>0x1e89</value>
         <object_component_ref idref="oc-65"/>
      </symbol>
      <symbol id="sm-1a3">
         <name>__aeabi_memcpy4</name>
         <value>0x1e89</value>
         <object_component_ref idref="oc-65"/>
      </symbol>
      <symbol id="sm-1bc">
         <name>sprintf</name>
         <value>0x2215</value>
         <object_component_ref idref="oc-1a0"/>
      </symbol>
      <symbol id="sm-1c4">
         <name>main_func_sp</name>
         <value>0x200003d8</value>
         <object_component_ref idref="oc-61"/>
      </symbol>
      <symbol id="sm-1d2">
         <name>strlen</name>
         <value>0x27e1</value>
         <object_component_ref idref="oc-188"/>
      </symbol>
      <symbol id="sm-1e5">
         <name>strstr</name>
         <value>0x267d</value>
         <object_component_ref idref="oc-1c6"/>
      </symbol>
      <symbol id="sm-1fe">
         <name>_nop</name>
         <value>0x27db</value>
         <object_component_ref idref="oc-1b1"/>
      </symbol>
      <symbol id="sm-1ff">
         <name>_lock</name>
         <value>0x200003c8</value>
         <object_component_ref idref="oc-e2"/>
      </symbol>
      <symbol id="sm-200">
         <name>_unlock</name>
         <value>0x200003cc</value>
         <object_component_ref idref="oc-e2"/>
      </symbol>
      <symbol id="sm-201">
         <name>_register_lock</name>
         <value>0x27d3</value>
         <object_component_ref idref="oc-1b1"/>
      </symbol>
      <symbol id="sm-202">
         <name>_register_unlock</name>
         <value>0x27cd</value>
         <object_component_ref idref="oc-1b1"/>
      </symbol>
      <symbol id="sm-2ee">
         <name>__TI_printfi</name>
         <value>0xe23</value>
         <object_component_ref idref="oc-223"/>
      </symbol>
      <symbol id="sm-302">
         <name>_args_main</name>
         <value>0x2789</value>
         <object_component_ref idref="oc-55"/>
      </symbol>
      <symbol id="sm-318">
         <name>atoi</name>
         <value>0x238d</value>
         <object_component_ref idref="oc-293"/>
      </symbol>
      <symbol id="sm-335">
         <name>__TI_auto_init</name>
         <value>0x1f25</value>
         <object_component_ref idref="oc-50"/>
      </symbol>
      <symbol id="sm-34e">
         <name>copy_in</name>
         <value>0x24f9</value>
         <object_component_ref idref="oc-d3"/>
      </symbol>
      <symbol id="sm-359">
         <name>_ctypes_</name>
         <value>0x2938</value>
         <object_component_ref idref="oc-2c3"/>
      </symbol>
      <symbol id="sm-370">
         <name>__aeabi_dsub</name>
         <value>0x1695</value>
         <object_component_ref idref="oc-27d"/>
      </symbol>
      <symbol id="sm-371">
         <name>__aeabi_dadd</name>
         <value>0x169f</value>
         <object_component_ref idref="oc-27d"/>
      </symbol>
      <symbol id="sm-393">
         <name>__aeabi_cdcmpeq</name>
         <value>0x1fb9</value>
         <object_component_ref idref="oc-259"/>
      </symbol>
      <symbol id="sm-394">
         <name>__aeabi_cdcmple</name>
         <value>0x1fb9</value>
         <object_component_ref idref="oc-259"/>
      </symbol>
      <symbol id="sm-395">
         <name>__aeabi_cdrcmple</name>
         <value>0x203f</value>
         <object_component_ref idref="oc-268"/>
      </symbol>
      <symbol id="sm-3a9">
         <name>__aeabi_ddiv</name>
         <value>0x184b</value>
         <object_component_ref idref="oc-263"/>
      </symbol>
      <symbol id="sm-3b4">
         <name>__aeabi_dmul</name>
         <value>0x1bc9</value>
         <object_component_ref idref="oc-25e"/>
      </symbol>
      <symbol id="sm-3be">
         <name>__aeabi_d2iz</name>
         <value>0x24b1</value>
         <object_component_ref idref="oc-26d"/>
      </symbol>
      <symbol id="sm-3c8">
         <name>__aeabi_i2d</name>
         <value>0x26b1</value>
         <object_component_ref idref="oc-278"/>
      </symbol>
      <symbol id="sm-3d1">
         <name>__aeabi_lmul</name>
         <value>0x27a1</value>
         <object_component_ref idref="oc-254"/>
      </symbol>
      <symbol id="sm-3e0">
         <name>ltoa</name>
         <value>0x2331</value>
         <object_component_ref idref="oc-272"/>
      </symbol>
      <symbol id="sm-3f0">
         <name>memccpy</name>
         <value>0x2755</value>
         <object_component_ref idref="oc-28d"/>
      </symbol>
      <symbol id="sm-3ff">
         <name>__aeabi_memset</name>
         <value>0x20c7</value>
         <object_component_ref idref="oc-282"/>
      </symbol>
      <symbol id="sm-400">
         <name>memset</name>
         <value>0x20cd</value>
         <object_component_ref idref="oc-282"/>
      </symbol>
      <symbol id="sm-401">
         <name>__aeabi_memset8</name>
         <value>0x20c7</value>
         <object_component_ref idref="oc-282"/>
      </symbol>
      <symbol id="sm-402">
         <name>__aeabi_memset4</name>
         <value>0x20c7</value>
         <object_component_ref idref="oc-282"/>
      </symbol>
      <symbol id="sm-403">
         <name>__aeabi_memclr8</name>
         <value>0x20c5</value>
         <object_component_ref idref="oc-282"/>
      </symbol>
      <symbol id="sm-404">
         <name>__aeabi_memclr4</name>
         <value>0x20c5</value>
         <object_component_ref idref="oc-282"/>
      </symbol>
      <symbol id="sm-405">
         <name>__aeabi_memclr</name>
         <value>0x20c5</value>
         <object_component_ref idref="oc-282"/>
      </symbol>
      <symbol id="sm-421">
         <name>__aeabi_uldivmod</name>
         <value>0x14a1</value>
         <object_component_ref idref="oc-24f"/>
      </symbol>
      <symbol id="sm-42b">
         <name>_Dclass</name>
         <value>0x283d</value>
         <object_component_ref idref="oc-287"/>
      </symbol>
      <symbol id="sm-43d">
         <name>_Dtest</name>
         <value>0x2581</value>
         <object_component_ref idref="oc-2ba"/>
      </symbol>
      <symbol id="sm-453">
         <name>FPULazyStackingEnable</name>
         <value>0x2861</value>
         <object_component_ref idref="oc-122"/>
      </symbol>
      <symbol id="sm-454">
         <name>FPUEnable</name>
         <value>0x2851</value>
         <object_component_ref idref="oc-11c"/>
      </symbol>
      <symbol id="sm-4a6">
         <name>GPIOPinConfigure</name>
         <value>0x23d9</value>
         <object_component_ref idref="oc-140"/>
      </symbol>
      <symbol id="sm-4a7">
         <name>GPIOPinTypeI2CSCL</name>
         <value>0x2807</value>
         <object_component_ref idref="oc-15e"/>
      </symbol>
      <symbol id="sm-4a8">
         <name>GPIOPinTypeI2C</name>
         <value>0x27f5</value>
         <object_component_ref idref="oc-164"/>
      </symbol>
      <symbol id="sm-4a9">
         <name>GPIOPinTypeUART</name>
         <value>0x2819</value>
         <object_component_ref idref="oc-146"/>
      </symbol>
      <symbol id="sm-4aa">
         <name>GPIOPinTypeGPIOOutput</name>
         <value>0x2771</value>
         <object_component_ref idref="oc-134"/>
      </symbol>
      <symbol id="sm-4ab">
         <name>GPIODirModeSet</name>
         <value>0x270d</value>
         <object_component_ref idref="oc-1e4"/>
      </symbol>
      <symbol id="sm-4ac">
         <name>GPIOPinWrite</name>
         <value>0x290f</value>
         <object_component_ref idref="oc-a1"/>
      </symbol>
      <symbol id="sm-4ad">
         <name>GPIOPadConfigSet</name>
         <value>0x1981</value>
         <object_component_ref idref="oc-1de"/>
      </symbol>
      <symbol id="sm-4ef">
         <name>I2CMasterDataPut</name>
         <value>0x292f</value>
         <object_component_ref idref="oc-176"/>
      </symbol>
      <symbol id="sm-4f0">
         <name>I2CMasterInitExpClk</name>
         <value>0x2421</value>
         <object_component_ref idref="oc-16a"/>
      </symbol>
      <symbol id="sm-4f1">
         <name>I2CMasterSlaveAddrSet</name>
         <value>0x28ff</value>
         <object_component_ref idref="oc-170"/>
      </symbol>
      <symbol id="sm-4f2">
         <name>I2CMasterDataGet</name>
         <value>0x292b</value>
         <object_component_ref idref="oc-19a"/>
      </symbol>
      <symbol id="sm-4f3">
         <name>I2CMasterControl</name>
         <value>0x2927</value>
         <object_component_ref idref="oc-17c"/>
      </symbol>
      <symbol id="sm-4f4">
         <name>I2CMasterBusy</name>
         <value>0x28f7</value>
         <object_component_ref idref="oc-182"/>
      </symbol>
      <symbol id="sm-4f5">
         <name>I2CMasterEnable</name>
         <value>0x28cf</value>
         <object_component_ref idref="oc-20c"/>
      </symbol>
      <symbol id="sm-525">
         <name>IntEnable</name>
         <value>0x21ad</value>
         <object_component_ref idref="oc-152"/>
      </symbol>
      <symbol id="sm-526">
         <name>IntMasterEnable</name>
         <value>0x2871</value>
         <object_component_ref idref="oc-13a"/>
      </symbol>
      <symbol id="sm-579">
         <name>SysCtlClockSet</name>
         <value>0x1cc5</value>
         <object_component_ref idref="oc-128"/>
      </symbol>
      <symbol id="sm-57a">
         <name>SysCtlDelay</name>
         <value>0x291b</value>
         <object_component_ref idref="oc-ad"/>
      </symbol>
      <symbol id="sm-57b">
         <name>SysCtlPeripheralEnable</name>
         <value>0x2649</value>
         <object_component_ref idref="oc-12e"/>
      </symbol>
      <symbol id="sm-57c">
         <name>SysCtlClockGet</name>
         <value>0x1ab1</value>
         <object_component_ref idref="oc-a7"/>
      </symbol>
      <symbol id="sm-5e7">
         <name>UARTCharPutNonBlocking</name>
         <value>0x288f</value>
         <object_component_ref idref="oc-9b"/>
      </symbol>
      <symbol id="sm-5e8">
         <name>UARTConfigSetExpClk</name>
         <value>0x25c5</value>
         <object_component_ref idref="oc-14c"/>
      </symbol>
      <symbol id="sm-5e9">
         <name>UARTDisable</name>
         <value>0x2739</value>
         <object_component_ref idref="oc-1f7"/>
      </symbol>
      <symbol id="sm-5ea">
         <name>UARTIntEnable</name>
         <value>0x2907</value>
         <object_component_ref idref="oc-158"/>
      </symbol>
      <symbol id="sm-5eb">
         <name>UARTCharsAvail</name>
         <value>0x28b7</value>
         <object_component_ref idref="oc-ae"/>
      </symbol>
      <symbol id="sm-5ec">
         <name>UARTCharGetNonBlocking</name>
         <value>0x2881</value>
         <object_component_ref idref="oc-95"/>
      </symbol>
      <symbol id="sm-5ed">
         <name>UARTCharPut</name>
         <value>0x28e3</value>
         <object_component_ref idref="oc-194"/>
      </symbol>
      <symbol id="sm-5ee">
         <name>UARTEnable</name>
         <value>0x27b9</value>
         <object_component_ref idref="oc-1fd"/>
      </symbol>
      <symbol id="sm-5ef">
         <name>UARTIntClear</name>
         <value>0x2933</value>
         <object_component_ref idref="oc-8f"/>
      </symbol>
      <symbol id="sm-5f0">
         <name>UARTIntStatus</name>
         <value>0x28ed</value>
         <object_component_ref idref="oc-89"/>
      </symbol>
      <symbol id="sm-5f1">
         <name>UARTSpaceAvail</name>
         <value>0x28c3</value>
         <object_component_ref idref="oc-21a"/>
      </symbol>
      <symbol id="sm-5f2">
         <name>UARTCharGet</name>
         <value>0x28d9</value>
         <object_component_ref idref="oc-bf"/>
      </symbol>
      <symbol id="sm-5fc">
         <name>CPUcpsie</name>
         <value>0x28ab</value>
         <object_component_ref idref="oc-1eb"/>
      </symbol>
      <symbol id="sm-5fd">
         <name>__TI_static_base__</name>
         <value>0x0</value>
      </symbol>
      <symbol id="sm-5fe">
         <name>__TI_args_main</name>
         <value>0x1</value>
      </symbol>
      <symbol id="sm-5ff">
         <name>SHT$$INIT_ARRAY$$Limit</name>
         <value>0x0</value>
      </symbol>
      <symbol id="sm-600">
         <name>SHT$$INIT_ARRAY$$Base</name>
         <value>0x0</value>
      </symbol>
   </symbol_table>
   <title>Link successful</title>
</link_info>
