******************************************************************************
                  TI ARM Linker PC v5.1.8                      
******************************************************************************
>> Linked Sun Mar 20 22:22:34 2016

OUTPUT FILE NAME:   <uart_echo.out>
ENTRY POINT SYMBOL: "_c_int00"  address: 00000ad5


MEMORY CONFIGURATION

         name            origin    length      used     unused   attr    fill
----------------------  --------  ---------  --------  --------  ----  --------
  FLASH                 00000000   00040000  00000fcc  0003f034  R  X
  SRAM                  20000000   00008000  000003d8  00007c28  RW X


SEGMENT ALLOCATION MAP

run origin  load origin   length   init length attrs members
----------  ----------- ---------- ----------- ----- -------
00000000    00000000    00000fcc   00000fcc    r-x
  00000000    00000000    0000026c   0000026c    r-- .intvecs
  0000026c    0000026c    00000bd0   00000bd0    r-x .text
  00000e3c    00000e3c    0000016c   0000016c    r-- .const
  00000fa8    00000fa8    00000024   00000024    r-- .cinit
20000000    20000000    000003d8   00000000    rw-
  20000000    20000000    000002d8   00000000    rw- .data
  200002d8    200002d8    00000100   00000000    rw- .stack


SECTION ALLOCATION MAP

 output                                  attributes/
section   page    origin      length       input sections
--------  ----  ----------  ----------   ----------------
.intvecs   0    00000000    0000026c     
                  00000000    0000026c     startup_ccs.obj (.intvecs)

.init_array 
*          0    00000000    00000000     UNINITIALIZED

.text      0    0000026c    00000bd0     
                  0000026c    00000144     uart_echo.obj (.text:main)
                  000003b0    00000130     driverlib.lib : gpio.obj (.text:GPIOPadConfigSet)
                  000004e0    00000118                   : sysctl.obj (.text:SysCtlClockGet)
                  000005f8    000000f0                   : sysctl.obj (.text:SysCtlClockSet)
                  000006e8    000000e4     uart_echo.obj (.text:writedata)
                  000007cc    0000009c     rtsv7M4_T_le_v4SPD16_eabi.lib : memcpy_t2.obj (.text)
                  00000868    00000094                                   : auto_init.obj (.text)
                  000008fc    0000006c     uart_echo.obj (.text:UART0IntHandler)
                  00000968    00000068     driverlib.lib : interrupt.obj (.text:IntEnable)
                  000009d0    0000005e     rtsv7M4_T_le_v4SPD16_eabi.lib : copy_decompress_rle.obj (.text)
                  00000a2e    00000002     startup_ccs.obj (.text:FaultISR)
                  00000a30    0000005c     uart_echo.obj (.text:UART5IntHandler)
                  00000a8c    00000048     driverlib.lib : gpio.obj (.text:GPIOPinConfigure)
                  00000ad4    00000048     rtsv7M4_T_le_v4SPD16_eabi.lib : boot.obj (.text)
                  00000b1c    00000044                                   : cpy_tbl.obj (.text)
                  00000b60    00000044                                   : exit.obj (.text)
                  00000ba4    00000042     driverlib.lib : uart.obj (.text:UARTConfigSetExpClk)
                  00000be6    00000002     startup_ccs.obj (.text:IntDefaultHandler)
                  00000be8    0000003c     uart_echo.obj (.text:newchar)
                  00000c24    00000034     driverlib.lib : sysctl.obj (.text:SysCtlPeripheralEnable)
                  00000c58    00000034     rtsv7M4_T_le_v4SPD16_eabi.lib : strstr.obj (.text)
                  00000c8c    0000002a     driverlib.lib : gpio.obj (.text:GPIODirModeSet)
                  00000cb6    00000002     startup_ccs.obj (.text:NmiSR)
                  00000cb8    00000028     uart_echo.obj (.text:UARTSend)
                  00000ce0    0000001c     driverlib.lib : uart.obj (.text:UARTDisable)
                  00000cfc    00000018                   : gpio.obj (.text:GPIOPinTypeGPIOOutput)
                  00000d14    00000018     rtsv7M4_T_le_v4SPD16_eabi.lib : args_main.obj (.text)
                  00000d2c    00000014     driverlib.lib : uart.obj (.text:UARTEnable)
                  00000d40    00000014     rtsv7M4_T_le_v4SPD16_eabi.lib : _lock.obj (.text)
                  00000d54    00000014                                   : strlen.obj (.text)
                  00000d68    00000012     driverlib.lib : gpio.obj (.text:GPIOPinTypeUART)
                  00000d7a    00000002     --HOLE-- [fill = 0]
                  00000d7c    00000010                   : fpu.obj (.text:FPUEnable)
                  00000d8c    00000010                   : fpu.obj (.text:FPULazyStackingEnable)
                  00000d9c    00000010                   : interrupt.obj (.text:IntMasterEnable)
                  00000dac    0000000e                   : uart.obj (.text:UARTCharGetNonBlocking)
                  00000dba    0000000e                   : uart.obj (.text:UARTCharPutNonBlocking)
                  00000dc8    0000000e     rtsv7M4_T_le_v4SPD16_eabi.lib : copy_decompress_none.obj (.text:decompress:none)
                  00000dd6    0000000c     driverlib.lib : cpu.obj (.text:CPUcpsie)
                  00000de2    0000000c                   : uart.obj (.text:UARTCharsAvail)
                  00000dee    0000000c                   : uart.obj (.text:UARTSpaceAvail)
                  00000dfa    0000000a                   : uart.obj (.text:UARTCharGet)
                  00000e04    0000000a                   : uart.obj (.text:UARTCharPut)
                  00000e0e    0000000a                   : uart.obj (.text:UARTIntStatus)
                  00000e18    00000008                   : uart.obj (.text:UARTIntEnable)
                  00000e20    00000006                   : gpio.obj (.text:GPIOPinWrite)
                  00000e26    00000006     startup_ccs.obj (.text:ResetISR)
                  00000e2c    00000006     driverlib.lib : sysctl.obj (.text:SysCtlDelay)
                  00000e32    00000006     rtsv7M4_T_le_v4SPD16_eabi.lib : copy_decompress_rle.obj (.text:decompress:rle24)
                  00000e38    00000004     driverlib.lib : uart.obj (.text:UARTIntClear)

.const     0    00000e3c    0000016c     
                  00000e3c    00000090     driverlib.lib : gpio.obj (.const:g_pui32GPIOBaseAddrs)
                  00000ecc    00000070                   : interrupt.obj (.const)
                  00000f3c    0000006c                   : sysctl.obj (.const:g_pui32Xtals)

.cinit     0    00000fa8    00000024     
                  00000fa8    00000014     (.cinit..data.load) [load image, compression = rle]
                  00000fbc    00000008     (__TI_handler_table)
                  00000fc4    00000008     (__TI_cinit_table)

.data      0    20000000    000002d8     UNINITIALIZED
                  20000000    000002c4     uart_echo.obj (.data)
                  200002c4    00000008     rtsv7M4_T_le_v4SPD16_eabi.lib : _lock.obj (.data)
                  200002cc    00000008                                   : exit.obj (.data)
                  200002d4    00000004                                   : stkdepth_vars.obj (.data)

.stack     0    200002d8    00000100     UNINITIALIZED
                  200002d8    00000100     --HOLE--


LINKER GENERATED COPY TABLES

__TI_cinit_table @ 00000fc4 records: 1, size/record: 8, table size: 8
	.data: load addr=00000fa8, load size=00000014 bytes, run addr=20000000, run size=000002d8 bytes, compression=rle


LINKER GENERATED HANDLER TABLE

__TI_handler_table @ 00000fbc records: 2, size/record: 4, table size: 8
	index: 0, handler: __TI_decompress_rle24
	index: 1, handler: __TI_decompress_none


GLOBAL SYMBOLS: SORTED ALPHABETICALLY BY Name 

address    name
--------   ----
20000008   Buff
00000b61   C$$EXIT
00000dd7   CPUcpsie
2000006c   Data
00000d7d   FPUEnable
00000d8d   FPULazyStackingEnable
00000c8d   GPIODirModeSet
000003b1   GPIOPadConfigSet
00000a8d   GPIOPinConfigure
00000cfd   GPIOPinTypeGPIOOutput
00000d69   GPIOPinTypeUART
00000e21   GPIOPinWrite
00000969   IntEnable
00000d9d   IntMasterEnable
00000e27   ResetISR
UNDEFED    SHT$$INIT_ARRAY$$Base
UNDEFED    SHT$$INIT_ARRAY$$Limit
000004e1   SysCtlClockGet
000005f9   SysCtlClockSet
00000e2d   SysCtlDelay
00000c25   SysCtlPeripheralEnable
000008fd   UART0IntHandler
00000a31   UART5IntHandler
00000dfb   UARTCharGet
00000dad   UARTCharGetNonBlocking
00000e05   UARTCharPut
00000dbb   UARTCharPutNonBlocking
00000de3   UARTCharsAvail
00000ba5   UARTConfigSetExpClk
00000ce1   UARTDisable
00000d2d   UARTEnable
00000e39   UARTIntClear
00000e19   UARTIntEnable
00000e0f   UARTIntStatus
00000cb9   UARTSend
00000def   UARTSpaceAvail
200003d8   __STACK_END
00000100   __STACK_SIZE
200003d8   __STACK_TOP
00000fc4   __TI_CINIT_Base
00000fcc   __TI_CINIT_Limit
00000fbc   __TI_Handler_Table_Base
00000fc4   __TI_Handler_Table_Limit
00000001   __TI_args_main
00000869   __TI_auto_init
200002cc   __TI_cleanup_ptr
00000dc9   __TI_decompress_none
00000e33   __TI_decompress_rle24
200002d0   __TI_dtors_ptr
00000000   __TI_static_base__
000007cd   __aeabi_memcpy
000007cd   __aeabi_memcpy4
000007cd   __aeabi_memcpy8
ffffffff   __binit__
ffffffff   __c_args__
200002d8   __stack
00000d15   _args_main
00000ad5   _c_int00
200002c4   _lock
00000d4f   _nop
00000d47   _register_lock
00000d41   _register_unlock
200002c8   _unlock
00000b65   abort
ffffffff   binit
00000b1d   copy_in
00000b6d   exit
20000000   flgNewGPSstring
00000000   g_pfnVectors
0000026d   main
200002d4   main_func_sp
000007cd   memcpy
00000be9   newchar
00000d55   strlen
00000c59   strstr
000006e9   writedata
20000004   wrtptr


GLOBAL SYMBOLS: SORTED BY Symbol Address 

address    name
--------   ----
00000000   __TI_static_base__
00000000   g_pfnVectors
00000001   __TI_args_main
00000100   __STACK_SIZE
0000026d   main
000003b1   GPIOPadConfigSet
000004e1   SysCtlClockGet
000005f9   SysCtlClockSet
000006e9   writedata
000007cd   __aeabi_memcpy
000007cd   __aeabi_memcpy4
000007cd   __aeabi_memcpy8
000007cd   memcpy
00000869   __TI_auto_init
000008fd   UART0IntHandler
00000969   IntEnable
00000a31   UART5IntHandler
00000a8d   GPIOPinConfigure
00000ad5   _c_int00
00000b1d   copy_in
00000b61   C$$EXIT
00000b65   abort
00000b6d   exit
00000ba5   UARTConfigSetExpClk
00000be9   newchar
00000c25   SysCtlPeripheralEnable
00000c59   strstr
00000c8d   GPIODirModeSet
00000cb9   UARTSend
00000ce1   UARTDisable
00000cfd   GPIOPinTypeGPIOOutput
00000d15   _args_main
00000d2d   UARTEnable
00000d41   _register_unlock
00000d47   _register_lock
00000d4f   _nop
00000d55   strlen
00000d69   GPIOPinTypeUART
00000d7d   FPUEnable
00000d8d   FPULazyStackingEnable
00000d9d   IntMasterEnable
00000dad   UARTCharGetNonBlocking
00000dbb   UARTCharPutNonBlocking
00000dc9   __TI_decompress_none
00000dd7   CPUcpsie
00000de3   UARTCharsAvail
00000def   UARTSpaceAvail
00000dfb   UARTCharGet
00000e05   UARTCharPut
00000e0f   UARTIntStatus
00000e19   UARTIntEnable
00000e21   GPIOPinWrite
00000e27   ResetISR
00000e2d   SysCtlDelay
00000e33   __TI_decompress_rle24
00000e39   UARTIntClear
00000fbc   __TI_Handler_Table_Base
00000fc4   __TI_CINIT_Base
00000fc4   __TI_Handler_Table_Limit
00000fcc   __TI_CINIT_Limit
20000000   flgNewGPSstring
20000004   wrtptr
20000008   Buff
2000006c   Data
200002c4   _lock
200002c8   _unlock
200002cc   __TI_cleanup_ptr
200002d0   __TI_dtors_ptr
200002d4   main_func_sp
200002d8   __stack
200003d8   __STACK_END
200003d8   __STACK_TOP
ffffffff   __binit__
ffffffff   __c_args__
ffffffff   binit
UNDEFED    SHT$$INIT_ARRAY$$Base
UNDEFED    SHT$$INIT_ARRAY$$Limit

[77 symbols]
