******************************************************************************
                  TI ARM Linker PC v5.2.5                      
******************************************************************************
>> Linked Mon May 23 22:29:05 2016

OUTPUT FILE NAME:   <http_client_demo.out>
ENTRY POINT SYMBOL: "_c_int00"  address: 2000da45


MEMORY CONFIGURATION

         name            origin    length      used     unused   attr    fill
----------------------  --------  ---------  --------  --------  ----  --------
  SRAM_CODE             20004000   00013000  0000ab36  000084ca  RW X
  SRAM_DATA             20017000   00019000  000019e2  0001761e  RW X


SEGMENT ALLOCATION MAP

run origin  load origin   length   init length attrs members
----------  ----------- ---------- ----------- ----- -------
20004000    20004000    0000ab38   0000ab38    r-x
  20004000    20004000    00000308   00000308    r-- .intvecs
  20004308    20004308    0000a102   0000a102    r-x .text
  2000e40c    2000e40c    0000069c   0000069c    r-- .const
  2000eaa8    2000eaa8    00000090   00000090    r-- .cinit
20017000    20017000    000011e8   00000000    rw-
  20017000    20017000    00000800   00000000    rw- .sysmem
  20017800    20017800    000007aa   00000000    rw- .bss
  20017fb0    20017fb0    00000238   00000000    rw- .data
2002f800    2002f800    00000800   00000000    rw-
  2002f800    2002f800    00000800   00000000    rw- .stack


SECTION ALLOCATION MAP

 output                                  attributes/
section   page    origin      length       input sections
--------  ----  ----------  ----------   ----------------
.intvecs   0    20004000    00000308     
                  20004000    00000308     startup_ccs.obj (.intvecs)

.init_array 
*          0    20004000    00000000     UNINITIALIZED

.text      0    20004308    0000a102     
                  20004308    000010a6     rtsv7M4_T_le_eabi.lib : _printfi.obj (.text)
                  200053ae    00000002     driverlib.a : interrupt.obj (.text:IntDefaultHandler)
                  200053b0    00000fc4     webclient.a : httpcli.obj (.text)
                  20006374    00000d88     main.obj (.text)
                  200070fc    000005f0     json.a : jsmn.obj (.text)
                  200076ec    00000590     simplelink.a : driver.obj (.text:_SlDrvMsgRead)
                  20007c7c    000004b4     SimpleLinkFunctions.obj (.text)
                  20008130    000003dc     rtsv7M4_T_le_eabi.lib : memory.obj (.text)
                  2000850c    0000039c     gpio_if.obj (.text)
                  200088a8    000002ea     webclient.a : ssock.obj (.text)
                  20008b92    00000002     --HOLE-- [fill = 0]
                  20008b94    00000280     uart_if.obj (.text)
                  20008e14    00000260     simplelink.a : wlan.obj (.text:sl_WlanConnect)
                  20009074    000001fc                  : driver.obj (.text:_SlDrvRxHdrRead)
                  20009270    000001f4     rtsv7M4_T_le_eabi.lib : ull_div_t2.obj (.text)
                  20009464    000001e4     simplelink.a : driver.obj (.text:_SlDrvDataReadOp)
                  20009648    000001d0                  : driver.obj (.text:_SlDrvReleasePoolObj)
                  20009818    000001b6     rtsv7M4_T_le_eabi.lib : fd_add_t2.obj (.text)
                  200099ce    00000002     --HOLE-- [fill = 0]
                  200099d0    000001b4     simplelink.a : driver.obj (.text:_SlDrvDriverCBInit)
                  20009b84    0000019c                  : driver.obj (.text:_SlDrvMsgWrite)
                  20009d20    00000190                  : driver.obj (.text:_SlDrvWaitForPoolObj)
                  20009eb0    00000178     driverlib.a : prcm.obj (.text:PRCMCC3200MCUInit)
                  2000a028    00000170     simplelink.a : driver.obj (.text:_SlFindAndSetActiveObj)
                  2000a198    0000016c                  : socket.obj (.text:sl_Connect)
                  2000a304    00000150                  : driver.obj (.text:_SlDrvDataWriteOp)
                  2000a454    00000148                  : cc_pal.obj (.text:spi_Open)
                  2000a59c    00000136     rtsv7M4_T_le_eabi.lib : fd_div_t2.obj (.text)
                  2000a6d2    00000002     --HOLE-- [fill = 0]
                  2000a6d4    0000012c     simplelink.a : netapp.obj (.text:sl_NetAppDnsGetHostByName)
                  2000a800    00000128                  : driver.obj (.text:_SlDrvMsgReadCmdCtx)
                  2000a928    00000124                  : driver.obj (.text:_SlDrvDriverCBDeinit)
                  2000aa4c    00000118                  : socket.obj (.text:sl_Send)
                  2000ab64    00000114     rtsv7M4_T_le_eabi.lib : strtoul.obj (.text)
                  2000ac78    00000110                           : xdscale.obj (.text)
                  2000ad88    00000104     simplelink.a : netapp.obj (.text:_SlDrvNetAppEventHandler)
                  2000ae8c    000000fc     rtsv7M4_T_le_eabi.lib : fd_mul_t2.obj (.text)
                  2000af88    000000f0     simplelink.a : cc_pal.obj (.text:spi_Read)
                  2000b078    000000f0     driverlib.a : udma.obj (.text:uDMAChannelTransferSet)
                  2000b168    000000e8     simplelink.a : driver.obj (.text:_SlAsyncEventGenericHandler)
                  2000b250    000000e4                  : device.obj (.text:sl_Stop)
                  2000b334    000000e0                  : device.obj (.text:sl_Start)
                  2000b414    000000dc                  : driver.obj (.text:_SlDrvClassifyRxMsg)
                  2000b4f0    000000d4                  : driver.obj (.text:_SlDrvMsgReadSpawnCtx)
                  2000b5c4    000000cc                  : netapp.obj (.text:_sl_HandleAsync_DnsGetHostByService)
                  2000b690    000000c8                  : netapp.obj (.text:sl_NetAppMDNSRegisterUnregisterService)
                  2000b758    000000c4                  : driver.obj (.text:_SlRemoveFromList)
                  2000b81c    000000c0                  : driver.obj (.text:_SlDrvCmdOp)
                  2000b8dc    000000be     rtsv7M4_T_le_eabi.lib : xdnorm.obj (.text)
                  2000b99a    00000002     --HOLE-- [fill = 0]
                  2000b99c    000000b4     simplelink.a : device.obj (.text:sl_DevGet)
                  2000ba50    000000a8     driverlib.a : interrupt.obj (.text:IntDisable)
                  2000baf8    000000a8                 : interrupt.obj (.text:IntEnable)
                  2000bba0    000000a4     simplelink.a : driver.obj (.text:_SlDriverHandleError)
                  2000bc44    000000a0     driverlib.a : spi.obj (.text:SPIConfigSetExpClk)
                  2000bce4    0000009c     rtsv7M4_T_le_eabi.lib : memcpy_t2.obj (.text)
                  2000bd80    0000009a     simplelink.a : device.obj (.text:_SlDrvDeviceEventHandler)
                  2000be1a    00000002     --HOLE-- [fill = 0]
                  2000be1c    00000098                  : cc_pal.obj (.text:spi_Write)
                  2000beb4    00000094     driverlib.a : prcm.obj (.text:PRCMPeripheralClockGet)
                  2000bf48    00000090     simplelink.a : netapp.obj (.text:_sl_HandleAsync_DnsGetHostByName)
                  2000bfd8    00000090                  : netapp.obj (.text:_sl_HandleAsync_PingResponse)
                  2000c068    0000008c                  : cc_pal.obj (.text:SetupDMAReceive)
                  2000c0f4    0000008c                  : cc_pal.obj (.text:SetupDMASend)
                  2000c180    00000088     driverlib.a : pin.obj (.text:PinConfigSet)
                  2000c208    00000088     rtsv7M4_T_le_eabi.lib : vsnprintf.obj (.text)
                  2000c290    00000088     simplelink.a : socket.obj (.text:sl_Recv)
                  2000c318    00000086     rtsv7M4_T_le_eabi.lib : fd_cmp_t2.obj (.text:__aeabi_cdcmple)
                  2000c39e    00000086                           : fd_cmp_t2.obj (.text:__aeabi_cdrcmple)
                  2000c424    00000082     driverlib.a : gpio.obj (.text:GPIOIntTypeSet)
                  2000c4a6    00000002     --HOLE-- [fill = 0]
                  2000c4a8    00000080     simplelink.a : socket.obj (.text:_sl_HandleAsync_Connect)
                  2000c528    00000080                  : device.obj (.text:_sl_HandleAsync_InitComplete)
                  2000c5a8    00000080                  : cc_pal.obj (.text:spi_Read_CPU)
                  2000c628    00000080                  : cc_pal.obj (.text:spi_Write_CPU)
                  2000c6a8    0000007c                  : netcfg.obj (.text:sl_NetCfgSet)
                  2000c724    0000007c                  : socket.obj (.text:sl_SetSockOpt)
                  2000c7a0    0000007c                  : wlan.obj (.text:sl_WlanSet)
                  2000c81c    0000007a     rtsv7M4_T_le_eabi.lib : memset_t2.obj (.text)
                  2000c896    00000002     --HOLE-- [fill = 0]
                  2000c898    00000078     simplelink.a : nonos.obj (.text:_SlNonOsSemGet)
                  2000c910    00000078                  : wlan.obj (.text:sl_WlanPolicySet)
                  2000c988    00000078                  : cc_pal.obj (.text:spi_Close)
                  2000ca00    00000076     driverlib.a : uart.obj (.text:UARTConfigSetExpClk)
                  2000ca76    00000002     --HOLE-- [fill = 0]
                  2000ca78    00000074     simplelink.a : nonos.obj (.text:_SlNonOsMainLoopTask)
                  2000caec    00000070                  : socket.obj (.text:sl_Socket)
                  2000cb5c    0000006c                  : driver.obj (.text:_SlDrvCmdSend)
                  2000cbc8    0000006c                  : netapp.obj (.text:_sl_NetAppSendTokenValue)
                  2000cc34    0000006c     rtsv7M4_T_le_eabi.lib : autoinit.obj (.text)
                  2000cca0    0000006c     simplelink.a : wlan.obj (.text:sl_WlanRxFilterSet)
                  2000cd0c    0000006a     rtsv7M4_T_le_eabi.lib : copy_decompress_rle.obj (.text)
                  2000cd76    00000066                           : xdunscal.obj (.text)
                  2000cddc    00000064     simplelink.a : nonos.obj (.text:_SlNonOsSpawn)
                  2000ce40    00000064                  : socket.obj (.text:_sl_HandleAsync_Accept)
                  2000cea4    00000064     pinmux.obj (.text)
                  2000cf08    00000064     driverlib.a : udma.obj (.text:uDMAChannelAttributeDisable)
                  2000cf6c    00000064                 : udma.obj (.text:uDMAChannelAttributeEnable)
                  2000cfd0    00000058                 : interrupt.obj (.text:IntPendClear)
                  2000d028    00000058                 : prcm.obj (.text:PRCMPeripheralReset)
                  2000d080    00000056     rtsv7M4_T_le_eabi.lib : ltoa.obj (.text)
                  2000d0d6    00000002     --HOLE-- [fill = 0]
                  2000d0d8    00000054     driverlib.a : interrupt.obj (.text:IntPrioritySet)
                  2000d12c    00000054     simplelink.a : driver.obj (.text:_SlDrvRxIrqHandler)
                  2000d180    00000054                  : socket.obj (.text:_sl_HandleAsync_Select)
                  2000d1d4    00000050                  : device.obj (.text:_sl_HandleAsync_Stop)
                  2000d224    0000004c     driverlib.a : spi.obj (.text:SPIIntEnable)
                  2000d270    0000004c                 : spi.obj (.text:SPIIntNumberGet)
                  2000d2bc    0000004c     simplelink.a : driver.obj (.text:_SlDrvProtectAsyncRespSetting)
                  2000d308    0000004c                  : socket.obj (.text:_sl_BuildAddress)
                  2000d354    0000004c     rtsv7M4_T_le_eabi.lib : atoi.obj (.text)
                  2000d3a0    0000004c                           : cpy_tbl.obj (.text)
                  2000d3ec    0000004c     driverlib.a : udma.obj (.text:uDMAChannelAssign)
                  2000d438    00000048                 : gpio.obj (.text:GPIOGetIntNumber)
                  2000d480    00000048                 : spi.obj (.text:SPIIntClear)
                  2000d4c8    00000048     simplelink.a : driver.obj (.text:_SlDrvBasicCmd)
                  2000d510    00000048     rtsv7M4_T_le_eabi.lib : fd_toi_t2.obj (.text)
                  2000d558    00000048     simplelink.a : netapp.obj (.text:sl_NetAppMDNSUnRegisterService)
                  2000d5a0    00000046     rtsv7M4_T_le_eabi.lib : ldexp.obj (.text)
                  2000d5e6    00000002     --HOLE-- [fill = 0]
                  2000d5e8    00000044     driverlib.a : spi.obj (.text:SPIDmaMaskGet)
                  2000d62c    00000044     simplelink.a : driver.obj (.text:_SlDrvHandleHttpServerEvents)
                  2000d670    00000044                  : driver.obj (.text:_SlDrvSyncObjWaitTimeout)
                  2000d6b4    00000044                  : cc_pal.obj (.text:cc_SetupTransfer)
                  2000d6f8    00000044     rtsv7M4_T_le_eabi.lib : exit.obj (.text)
                  2000d73c    00000044     simplelink.a : socket.obj (.text:sl_Close)
                  2000d780    00000044                  : wlan.obj (.text:sl_WlanProfileDel)
                  2000d7c4    00000044                  : wlan.obj (.text:sl_WlanSetMode)
                  2000d808    00000042                  : socket.obj (.text:sl_Htonl)
                  2000d84a    00000002     --HOLE-- [fill = 0]
                  2000d84c    00000040     driverlib.a : pin.obj (.text:PinModeSet)
                  2000d88c    00000040     simplelink.a : driver.obj (.text:_SlDrvHandleNetAppEvents)
                  2000d8cc    00000040                  : driver.obj (.text:_SlDrvHandleWlanEvents)
                  2000d90c    00000040                  : socket.obj (.text:_sl_TruncatePayloadByProtocol)
                  2000d94c    00000040     rtsv7M4_T_le_eabi.lib : signal.obj (.text)
                  2000d98c    0000003e     simplelink.a : cc_pal.obj (.text:NwpRegisterInterruptHandler)
                  2000d9ca    0000003c                  : netapp.obj (.text:CopyPingResultsToReport)
                  2000da06    00000002     --HOLE-- [fill = 0]
                  2000da08    0000003c     driverlib.a : prcm.obj (.text:PRCMPeripheralClkEnable)
                  2000da44    0000003c     rtsv7M4_T_le_eabi.lib : boot.obj (.text)
                  2000da80    0000003c     simplelink.a : socket.obj (.text:sl_Htons)
                  2000dabc    0000003c     driverlib.a : udma.obj (.text:uDMAChannelControlSet)
                  2000daf8    00000038     simplelink.a : cc_pal.obj (.text:NwpPowerOff)
                  2000db30    00000036     driverlib.a : gpio.obj (.text:GPIODirModeSet)
                  2000db66    00000002     --HOLE-- [fill = 0]
                  2000db68    00000034                 : prcm.obj (.text:PRCMPeripheralStatusGet)
                  2000db9c    00000034                 : spi.obj (.text:SPIFIFOLevelSet)
                  2000dbd0    00000034     rtsv7M4_T_le_eabi.lib : feraiseexcept.obj (.text)
                  2000dc04    00000030     driverlib.a : pin.obj (.text:PinTypeGPIO)
                  2000dc34    00000030                 : uart.obj (.text:UARTDisable)
                  2000dc64    00000030     rtsv7M4_T_le_eabi.lib : xferaise.obj (.text)
                  2000dc94    0000002e                           : i_tofd_t2.obj (.text)
                  2000dcc2    0000002e                           : raise.obj (.text)
                  2000dcf0    0000002c     driverlib.a : prcm.obj (.text:PRCMSysResetCauseGet)
                  2000dd1c    0000002c     simplelink.a : driver.obj (.text:_SlDrvObjGlobalLockWaitForever)
                  2000dd48    0000002c                  : driver.obj (.text:_SlDrvProtectionObjLockWaitForever)
                  2000dd74    0000002a     rtsv7M4_T_le_eabi.lib : xdclass.obj (.text)
                  2000dd9e    00000002     --HOLE-- [fill = 0]
                  2000dda0    00000028     driverlib.a : prcm.obj (.text:PRCMPeripheralClkDisable)
                  2000ddc8    00000028     simplelink.a : driver.obj (.text:_SlDrvGlobalObjUnLock)
                  2000ddf0    00000028                  : driver.obj (.text:_SlDrvProtectionObjUnLock)
                  2000de18    00000028                  : driver.obj (.text:_SlDrvSyncObjWaitForever)
                  2000de40    00000026     network_common.obj (.text)
                  2000de66    00000026     rtsv7M4_T_le_eabi.lib : strncmp.obj (.text)
                  2000de8c    00000024     simplelink.a : cc_pal.obj (.text:DmaSpiSwIntHandler)
                  2000deb0    00000024     driverlib.a : interrupt.obj (.text:IntUnregister)
                  2000ded4    00000024                 : uart.obj (.text:UARTEnable)
                  2000def8    00000024     simplelink.a : driver.obj (.text:_SlDrvObjLockWaitForever)
                  2000df1c    00000024     rtsv7M4_T_le_eabi.lib : memmov.obj (.text)
                  2000df40    00000022     driverlib.a : spi.obj (.text:SPIReset)
                  2000df62    00000022                 : spi.obj (.text:SPIWordCountSet)
                  2000df84    00000022     rtsv7M4_T_le_eabi.lib : frexp.obj (.text)
                  2000dfa6    00000020     driverlib.a : gpio.obj (.text:GPIOPinWrite)
                  2000dfc6    00000002     --HOLE-- [fill = 0]
                  2000dfc8    00000020                 : interrupt.obj (.text:IntRegister)
                  2000dfe8    00000020     simplelink.a : cc_pal.obj (.text:NwpPowerOn)
                  2000e008    00000020                  : driver.obj (.text:_SlDrvObjUnLock)
                  2000e028    00000020                  : driver.obj (.text:_SlDrvSyncObjSignal)
                  2000e048    00000020                  : wlan.obj (.text:sl_WlanDisconnect)
                  2000e068    0000001e     driverlib.a : gpio.obj (.text:GPIOIntRegister)
                  2000e086    0000001e                 : uart.obj (.text:UARTCharPut)
                  2000e0a4    0000001e     simplelink.a : cc_pal.obj (.text:cc_UDMAChannelSelect)
                  2000e0c2    0000001c     driverlib.a : uart.obj (.text:UARTCharGetNonBlocking)
                  2000e0de    0000001c     rtsv7M4_T_le_eabi.lib : memccpy.obj (.text)
                  2000e0fa    00000002     --HOLE-- [fill = 0]
                  2000e0fc    0000001c     driverlib.a : udma.obj (.text:uDMAChannelEnable)
                  2000e118    0000001a                 : gpio.obj (.text:GPIOIntEnable)
                  2000e132    0000001a                 : pin.obj (.text:PinTypeUART)
                  2000e14c    0000001a                 : spi.obj (.text:SPIDmaDisable)
                  2000e166    0000001a                 : spi.obj (.text:SPIDmaEnable)
                  2000e180    0000001a                 : spi.obj (.text:SPIFIFODisable)
                  2000e19a    0000001a                 : spi.obj (.text:SPIFIFOEnable)
                  2000e1b4    0000001a                 : spi.obj (.text:SPIIntUnregister)
                  2000e1ce    00000018                 : gpio.obj (.text:GPIOPinRead)
                  2000e1e6    00000018                 : spi.obj (.text:SPICSDisable)
                  2000e1fe    00000018                 : spi.obj (.text:SPICSEnable)
                  2000e216    00000018                 : spi.obj (.text:SPIDisable)
                  2000e22e    00000018                 : spi.obj (.text:SPIEnable)
                  2000e246    00000018                 : uart.obj (.text:UARTCharsAvail)
                  2000e25e    00000018     simplelink.a : nonos.obj (.text:_SlNonOsSemSet)
                  2000e276    00000002     --HOLE-- [fill = 0]
                  2000e278    00000018                  : device.obj (.text:_sl_GetStartResponseConvert)
                  2000e290    00000018     rtsv7M4_T_le_eabi.lib : args_main.obj (.text)
                  2000e2a8    00000018                           : strcmp.obj (.text)
                  2000e2c0    00000016     driverlib.a : prcm.obj (.text:PRCMHIBRegRead)
                  2000e2d6    00000016                 : prcm.obj (.text:PRCMHIBRegWrite)
                  2000e2ec    00000016     simplelink.a : driver.obj (.text:_SlDrvMemZero)
                  2000e302    00000016     rtsv7M4_T_le_eabi.lib : strchr.obj (.text)
                  2000e318    00000014     driverlib.a : cpu.obj (.text:CPUcpsie)
                  2000e32c    00000014                 : gpio.obj (.text:GPIOIntClear)
                  2000e340    00000014                 : interrupt.obj (.text:IntVTableBaseSet)
                  2000e354    00000014     rtsv7M4_T_le_eabi.lib : _lock.obj (.text)
                  2000e368    00000014                           : strcpy.obj (.text)
                  2000e37c    00000014                           : strlen.obj (.text)
                  2000e390    00000010     simplelink.a : driver.obj (.text:_SlDrvDispatchHttpServerEvents)
                  2000e3a0    0000000e                  : driver.obj (.text:_SlDrvResetCmdExt)
                  2000e3ae    0000000e     rtsv7M4_T_le_eabi.lib : copy_decompress_none.obj (.text:decompress:none)
                  2000e3bc    0000000e     startup_ccs.obj (.text)
                  2000e3ca    00000002     --HOLE-- [fill = 0]
                  2000e3cc    0000000c     simplelink.a : cc_pal.obj (.text:NwpMaskInterrupt)
                  2000e3d8    0000000c                  : cc_pal.obj (.text:NwpUnMaskInterrupt)
                  2000e3e4    0000000c     rtsv7M4_T_le_eabi.lib : copy_zero_init.obj (.text:decompress:ZI)
                  2000e3f0    0000000a     driverlib.a : interrupt.obj (.text:IntMasterEnable)
                  2000e3fa    00000006                 : utils.obj (.text:UtilsDelay)
                  2000e400    00000006     rtsv7M4_T_le_eabi.lib : copy_decompress_rle.obj (.text:decompress:rle24)
                  2000e406    00000004                           : pre_init.obj (.text)

.const     0    2000e40c    0000069c     
                  2000e40c    00000101     rtsv7M4_T_le_eabi.lib : ctype.obj (.const:.string:_ctypes_)
                  2000e50d    00000003     --HOLE-- [fill = 0]
                  2000e510    00000100     driverlib.a : pin.obj (.const:g_ulPinToPadMap)
                  2000e610    000000d4                 : interrupt.obj (.const:g_pulRegs)
                  2000e6e4    000000a8                 : prcm.obj (.const:PRCM_PeriphRegsList)
                  2000e78c    00000080                 : interrupt.obj (.const)
                  2000e80c    00000040     main.obj (.const)
                  2000e84c    0000003e     main.obj (.const:.string)
                  2000e88a    0000003c     simplelink.a : driver.obj (.const:OpcodeTranslateTable)
                  2000e8c6    0000003c                  : wlan.obj (.const)
                  2000e902    00000002     --HOLE-- [fill = 0]
                  2000e904    00000038                  : driver.obj (.const:_SlActionLookupTable)
                  2000e93c    00000038                  : driver.obj (.const)
                  2000e974    00000034                  : socket.obj (.const)
                  2000e9a8    0000002c     main.obj (.const:$P$T1$2)
                  2000e9d4    00000028     simplelink.a : netapp.obj (.const)
                  2000e9fc    00000024     driverlib.a : spi.obj (.const:g_ppulSPIIntMap)
                  2000ea20    00000022     main.obj (.const:.string:$P$T0$1)
                  2000ea42    0000001c     simplelink.a : device.obj (.const)
                  2000ea5e    00000002     --HOLE-- [fill = 0]
                  2000ea60    00000018     driverlib.a : spi.obj (.const)
                  2000ea78    00000010     simplelink.a : socket.obj (.const:.string)
                  2000ea88    00000010     webclient.a : httpcli.obj (.const)
                  2000ea98    00000008                 : httpcli.obj (.const:.string)
                  2000eaa0    00000008     simplelink.a : netcfg.obj (.const)

.cinit     0    2000eaa8    00000090     
                  2000eaa8    0000006b     (.cinit..data.load) [load image, compression = rle]
                  2000eb13    00000001     --HOLE-- [fill = 0]
                  2000eb14    0000000c     (__TI_handler_table)
                  2000eb20    00000008     (.cinit..bss.load) [load image, compression = zero_init]
                  2000eb28    00000010     (__TI_cinit_table)

.sysmem    0    20017000    00000800     UNINITIALIZED
                  20017000    00000008     rtsv7M4_T_le_eabi.lib : memory.obj (.sysmem)
                  20017008    000007f8     --HOLE--

.bss       0    20017800    000007aa     UNINITIALIZED
                  20017800    000005b8     main.obj (.bss:g_buff)
                  20017db8    00000168     simplelink.a : driver.obj (.bss:g_StatMem)
                  20017f20    00000050                  : cc_pal.obj (.bss:g_ucDinDout)
                  20017f70    00000024     main.obj (.bss:g_ucConnectionSSID)
                  20017f94    00000008     (.common:g_ucConnectionBSSID)
                  20017f9c    00000004     (.common:__Errorlog)
                  20017fa0    00000004     (.common:g_ulDestinationIP)
                  20017fa4    00000001     (.common:RxIrqCnt)
                  20017fa5    00000001     (.common:g_bDeviceRestartIsRequired)
                  20017fa6    00000001     (.common:g_cDummy)
                  20017fa7    00000001     (.common:g_ucLED1Pin)
                  20017fa8    00000001     (.common:g_ucLED2Pin)
                  20017fa9    00000001     (.common:g_ucLED3Pin)

.TI.noinit 
*          0    20017800    00000000     UNINITIALIZED

.data      0    20017fb0    00000238     UNINITIALIZED
                  20017fb0    000000b0     rtsv7M4_T_le_eabi.lib : signal.obj (.data:sigtable)
                  20018060    00000080                           : xvalues.obj (.data)
                  200180e0    00000048     webclient.a : httpcli.obj (.data:tlsParams)
                  20018128    0000003c     simplelink.a : nonos.obj (.data:g__SlNonOsCB)
                  20018164    00000020     gpio_if.obj (.data)
                  20018184    00000010     webclient.a : httpcli.obj (.data)
                  20018194    0000000d     simplelink.a : driver.obj (.data)
                  200181a1    00000003     --HOLE--
                  200181a4    0000000c     main.obj (.data)
                  200181b0    0000000c     rtsv7M4_T_le_eabi.lib : memory.obj (.data)
                  200181bc    00000009     simplelink.a : cc_pal.obj (.data)
                  200181c5    00000003     --HOLE--
                  200181c8    00000008     rtsv7M4_T_le_eabi.lib : _lock.obj (.data)
                  200181d0    00000008                           : exit.obj (.data)
                  200181d8    00000008                           : feraiseexcept.obj (.data)
                  200181e0    00000004                           : errno.obj (.data)
                  200181e4    00000004                           : stkdepth_vars.obj (.data)

.TI.persistent 
*          0    20017fb0    00000000     UNINITIALIZED

.stack     0    2002f800    00000800     UNINITIALIZED
                  2002f800    00000800     --HOLE--


LINKER GENERATED COPY TABLES

__TI_cinit_table @ 2000eb28 records: 2, size/record: 8, table size: 16
	.data: load addr=2000eaa8, load size=0000006b bytes, run addr=20017fb0, run size=00000238 bytes, compression=rle
	.bss: load addr=2000eb20, load size=00000008 bytes, run addr=20017800, run size=000007aa bytes, compression=zero_init


LINKER GENERATED HANDLER TABLE

__TI_handler_table @ 2000eb14 records: 3, size/record: 4, table size: 12
	index: 0, handler: __TI_decompress_rle24
	index: 1, handler: __TI_decompress_none
	index: 2, handler: __TI_zero_init


GLOBAL SYMBOLS: SORTED ALPHABETICALLY BY Name 

address   name                                  
-------   ----                                  
2000d6f9  C$$EXIT                               
2000e319  CPUcpsie                              
20008bd5  ClearTerm                             
2000de8d  DmaSpiSwIntHandler                    
20008bdf  Error                                 
2000db31  GPIODirModeSet                        
2000e32d  GPIOIntClear                          
2000e119  GPIOIntEnable                         
2000e069  GPIOIntRegister                       
2000c425  GPIOIntTypeSet                        
2000e1cf  GPIOPinRead                           
2000dfa7  GPIOPinWrite                          
200087cd  GPIO_IF_ConfigureNIntEnable           
20008859  GPIO_IF_Get                           
20008787  GPIO_IF_GetPortNPin                   
20008549  GPIO_IF_LedConfigure                  
2000863b  GPIO_IF_LedOff                        
20008587  GPIO_IF_LedOn                         
200086ef  GPIO_IF_LedStatus                     
20008759  GPIO_IF_LedToggle                     
20008815  GPIO_IF_Set                           
20008c17  GetCmd                                
20005cdb  HTTPCli_connect                       
20005dfd  HTTPCli_construct                     
20005e45  HTTPCli_create                        
20005e5d  HTTPCli_delete                        
20005e93  HTTPCli_destruct                      
20005edb  HTTPCli_disconnect                    
20006111  HTTPCli_getResponseField              
200060db  HTTPCli_getResponseStatus             
20005bcd  HTTPCli_initSockAddr                  
20006321  HTTPCli_readRawResponseBody           
20006295  HTTPCli_readResponseBody              
2000604b  HTTPCli_sendField                     
20005f7d  HTTPCli_sendRequest                   
200060a3  HTTPCli_sendRequestBody               
20006361  HTTPCli_setProxy                      
20005f11  HTTPCli_setRequestFields              
20005f37  HTTPCli_setResponseFields             
20005f5d  HTTPCli_setSecureParams               
20008b95  InitTerm                              
2000ba51  IntDisable                            
2000baf9  IntEnable                             
2000e3f1  IntMasterEnable                       
2000cfd1  IntPendClear                          
2000d0d9  IntPrioritySet                        
2000dfc9  IntRegister                           
2000deb1  IntUnregister                         
2000e341  IntVTableBaseSet                      
20008bb3  Message                               
2000e3cd  NwpMaskInterrupt                      
2000daf9  NwpPowerOff                           
2000dfe9  NwpPowerOn                            
2000d98d  NwpRegisterInterruptHandler           
2000e3d9  NwpUnMaskInterrupt                    
2000e88a  OpcodeTranslateTable                  
20009eb1  PRCMCC3200MCUInit                     
2000e2c1  PRCMHIBRegRead                        
2000e2d7  PRCMHIBRegWrite                       
2000dda1  PRCMPeripheralClkDisable              
2000da09  PRCMPeripheralClkEnable               
2000beb5  PRCMPeripheralClockGet                
2000d029  PRCMPeripheralReset                   
2000db69  PRCMPeripheralStatusGet               
2000dcf1  PRCMSysResetCauseGet                  
2000682b  ParseJSONData                         
2000c181  PinConfigSet                          
2000d84d  PinModeSet                            
2000cea5  PinMuxConfig                          
2000dc05  PinTypeGPIO                           
2000e133  PinTypeUART                           
20008d55  Report                                
2000e3bd  ResetISR                              
20017fa4  RxIrqCnt                              
UNDEFED   SHT$$INIT_ARRAY$$Base                 
UNDEFED   SHT$$INIT_ARRAY$$Limit                
2000e1e7  SPICSDisable                          
2000e1ff  SPICSEnable                           
2000bc45  SPIConfigSetExpClk                    
2000e217  SPIDisable                            
2000e14d  SPIDmaDisable                         
2000e167  SPIDmaEnable                          
2000e22f  SPIEnable                             
2000e181  SPIFIFODisable                        
2000e19b  SPIFIFOEnable                         
2000db9d  SPIFIFOLevelSet                       
2000d481  SPIIntClear                           
2000d225  SPIIntEnable                          
2000e1b5  SPIIntUnregister                      
2000df41  SPIReset                              
2000df63  SPIWordCountSet                       
20007e45  SimpleLinkGeneralEventHandler         
20007e1d  SimpleLinkHttpServerCallback          
20007d85  SimpleLinkNetAppEventHandler          
20007e5b  SimpleLinkSockEventHandler            
20007c7d  SimpleLinkWlanEventHandler            
200088c1  Ssock_construct                       
20008901  Ssock_create                          
2000891b  Ssock_delete                          
20008943  Ssock_destruct                        
20008995  Ssock_getSocket                       
200089a3  Ssock_recv                            
200089fd  Ssock_recvall                         
20008a41  Ssock_send                            
20008b5b  Ssock_startSecure                     
20008cbd  TrimSpace                             
2000e0c3  UARTCharGetNonBlocking                
2000e087  UARTCharPut                           
2000e247  UARTCharsAvail                        
2000ca01  UARTConfigSetExpClk                   
2000dc35  UARTDisable                           
2000ded5  UARTEnable                            
2000e3fb  UtilsDelay                            
2000dd75  _Dclass                               
20018060  _Denorm                               
2000b8dd  _Dnorm                                
2000ac79  _Dscale                               
2000cd77  _Dunscale                             
20018070  _Eps                                  
200181e0  _Errno                                
200181d8  _Fenv                                 
2000dc65  _Feraise                              
20018080  _Hugeval                              
20018090  _Inf                                  
200180a0  _Nan                                  
200180c0  _Rteps                                
2000e904  _SlActionLookupTable                  
2000bba1  _SlDriverHandleError                  
2000d4c9  _SlDrvBasicCmd                        
2000b81d  _SlDrvCmdOp                           
2000cb5d  _SlDrvCmdSend                         
20009465  _SlDrvDataReadOp                      
2000a305  _SlDrvDataWriteOp                     
2000bd81  _SlDrvDeviceEventHandler              
2000e391  _SlDrvDispatchHttpServerEvents        
2000a929  _SlDrvDriverCBDeinit                  
200099d1  _SlDrvDriverCBInit                    
2000ddc9  _SlDrvGlobalObjUnLock                 
2000d62d  _SlDrvHandleHttpServerEvents          
2000d88d  _SlDrvHandleNetAppEvents              
2000d8cd  _SlDrvHandleWlanEvents                
2000e2ed  _SlDrvMemZero                         
2000b4f1  _SlDrvMsgReadSpawnCtx                 
2000ad89  _SlDrvNetAppEventHandler              
2000def9  _SlDrvObjLockWaitForever              
2000e009  _SlDrvObjUnLock                       
2000d2bd  _SlDrvProtectAsyncRespSetting         
2000dd49  _SlDrvProtectionObjLockWaitForever    
2000ddf1  _SlDrvProtectionObjUnLock             
20009649  _SlDrvReleasePoolObj                  
2000e3a1  _SlDrvResetCmdExt                     
2000d12d  _SlDrvRxIrqHandler                    
2000e029  _SlDrvSyncObjSignal                   
2000de19  _SlDrvSyncObjWaitForever              
2000d671  _SlDrvSyncObjWaitTimeout              
20009d21  _SlDrvWaitForPoolObj                  
2000e9f0  _SlNetAppSendTokenValueCmdCtrl        
2000ca79  _SlNonOsMainLoopTask                  
2000c899  _SlNonOsSemGet                        
2000e25f  _SlNonOsSemSet                        
2000cddd  _SlNonOsSpawn                         
200180b0  _Snan                                 
200181dc  _Tls_setup__Fenv                      
200180d0  _Xbig                                 
200180d8  _Zero                                 
20030000  __STACK_END                           
00000800  __STACK_SIZE                          
00000800  __SYSMEM_SIZE                         
2000eb28  __TI_CINIT_Base                       
2000eb38  __TI_CINIT_Limit                      
2000eb14  __TI_Handler_Table_Base               
2000eb20  __TI_Handler_Table_Limit              
2000cc35  __TI_auto_init                        
200181d0  __TI_cleanup_ptr                      
2000e3af  __TI_decompress_none                  
2000e401  __TI_decompress_rle24                 
200181d4  __TI_dtors_ptr                        
200050a9  __TI_printfi                          
2000eaa8  __TI_static_base__                    
2000e3e5  __TI_zero_init                        
2000c319  __aeabi_cdcmpeq                       
2000c319  __aeabi_cdcmple                       
2000c39f  __aeabi_cdrcmple                      
2000d511  __aeabi_d2iz                          
20009823  __aeabi_dadd                          
2000a59d  __aeabi_ddiv                          
2000ae8d  __aeabi_dmul                          
20009819  __aeabi_dsub                          
2000dc95  __aeabi_i2d                           
2000c81d  __aeabi_memclr                        
2000c81d  __aeabi_memclr4                       
2000c81d  __aeabi_memclr8                       
2000bce5  __aeabi_memcpy                        
2000bce5  __aeabi_memcpy4                       
2000bce5  __aeabi_memcpy8                       
2000c81f  __aeabi_memset                        
2000c81f  __aeabi_memset4                       
2000c81f  __aeabi_memset8                       
20009271  __aeabi_uldivmod                      
ffffffff  __binit__                             
ffffffff  __c_args__                            
2002f800  __stack                               
2000e291  _args_main                            
2000da45  _c_int00                              
2000e40c  _ctypes_                              
200181c8  _lock                                 
2000e363  _nop                                  
2000e35b  _register_lock                        
2000e355  _register_unlock                      
2000ce41  _sl_HandleAsync_Accept                
2000c4a9  _sl_HandleAsync_Connect               
2000bf49  _sl_HandleAsync_DnsGetHostByName      
2000b5c5  _sl_HandleAsync_DnsGetHostByService   
2000c529  _sl_HandleAsync_InitComplete          
2000bfd9  _sl_HandleAsync_PingResponse          
2000d181  _sl_HandleAsync_Select                
2000d1d5  _sl_HandleAsync_Stop                  
2000cbc9  _sl_NetAppSendTokenValue              
20017000  _sys_memory                           
2000e407  _system_pre_init                      
200181cc  _unlock                               
2000d6fd  abort                                 
2000d355  atoi                                  
ffffffff  binit                                 
200053f7  bufferedRecv                          
200181ac  bytesReceived                         
200084d9  calloc                                
2000d3a1  copy_in                               
2000d705  exit                                  
2000dbd1  feraiseexcept                         
20008227  free                                  
2000df85  frexp                                 
200181bc  g_SpiFd                               
20018128  g__SlNonOsCB                          
20017fa5  g_bDeviceRestartIsRequired            
20017800  g_buff                                
20017fa6  g_cDummy                              
20018198  g_pCB                                 
200181c0  g_pHostIntHdl                         
20004000  g_pfnVectors                          
20017f94  g_ucConnectionBSSID                   
20017f70  g_ucConnectionSSID                    
200181c4  g_ucDMAEnabled                        
20017f20  g_ucDinDout                           
20017fa7  g_ucLED1Pin                           
20017fa8  g_ucLED2Pin                           
20017fa9  g_ucLED3Pin                           
20018178  g_uiLED1Port                          
2001817c  g_uiLED2Port                          
20018180  g_uiLED3Port                          
20017fa0  g_ulDestinationIP                     
200181a8  g_ulGatewayIP                         
200181a4  g_ulStatus                            
200076cf  jsmn_init                             
200073bd  jsmn_parse                            
2000d5a1  ldexp                                 
2000d081  ltoa                                  
20006e91  main                                  
200181e4  main_func_sp                          
200081bf  malloc                                
200083f5  memalign                              
2000e0df  memccpy                               
2000bce5  memcpy                                
2000df1d  memmove                               
2000c825  memset                                
20008131  minit                                 
2001819c  pPingCallBackFunc                     
2000dcc3  raise                                 
200082e9  realloc                               
2000d94d  signal                                
2000d73d  sl_Close                              
2000a199  sl_Connect                            
2000b99d  sl_DevGet                             
2000d809  sl_Htonl                              
2000da81  sl_Htons                              
2000a6d5  sl_NetAppDnsGetHostByName             
2000b691  sl_NetAppMDNSRegisterUnregisterService
2000d559  sl_NetAppMDNSUnRegisterService        
2000c6a9  sl_NetCfgSet                          
2000de41  sl_Provisioning_HttpServerEventHdl    
2000de4f  sl_Provisioning_NetAppEventHdl        
2000de5b  sl_Provisioning_WlanEventHdl          
2000c291  sl_Recv                               
2000aa4d  sl_Send                               
2000c725  sl_SetSockOpt                         
2000caed  sl_Socket                             
2000b335  sl_Start                              
2000b251  sl_Stop                               
20008e15  sl_WlanConnect                        
2000e049  sl_WlanDisconnect                     
2000c911  sl_WlanPolicySet                      
2000d781  sl_WlanProfileDel                     
2000cca1  sl_WlanRxFilterSet                    
2000c7a1  sl_WlanSet                            
2000d7c5  sl_WlanSetMode                        
2000c989  spi_Close                             
2000a455  spi_Open                              
2000af89  spi_Read                              
2000be1d  spi_Write                             
2000e303  strchr                                
2000e2a9  strcmp                                
2000e369  strcpy                                
2000e37d  strlen                                
2000de67  strncmp                               
2000ab65  strtoul                               
2000d3ed  uDMAChannelAssign                     
2000cf09  uDMAChannelAttributeDisable           
2000cf6d  uDMAChannelAttributeEnable            
2000dabd  uDMAChannelControlSet                 
2000e0fd  uDMAChannelEnable                     
2000b079  uDMAChannelTransferSet                
2000c209  vsnprintf                             


GLOBAL SYMBOLS: SORTED BY Symbol Address 

address   name                                  
-------   ----                                  
00000800  __STACK_SIZE                          
00000800  __SYSMEM_SIZE                         
20004000  g_pfnVectors                          
200050a9  __TI_printfi                          
200053f7  bufferedRecv                          
20005bcd  HTTPCli_initSockAddr                  
20005cdb  HTTPCli_connect                       
20005dfd  HTTPCli_construct                     
20005e45  HTTPCli_create                        
20005e5d  HTTPCli_delete                        
20005e93  HTTPCli_destruct                      
20005edb  HTTPCli_disconnect                    
20005f11  HTTPCli_setRequestFields              
20005f37  HTTPCli_setResponseFields             
20005f5d  HTTPCli_setSecureParams               
20005f7d  HTTPCli_sendRequest                   
2000604b  HTTPCli_sendField                     
200060a3  HTTPCli_sendRequestBody               
200060db  HTTPCli_getResponseStatus             
20006111  HTTPCli_getResponseField              
20006295  HTTPCli_readResponseBody              
20006321  HTTPCli_readRawResponseBody           
20006361  HTTPCli_setProxy                      
2000682b  ParseJSONData                         
20006e91  main                                  
200073bd  jsmn_parse                            
200076cf  jsmn_init                             
20007c7d  SimpleLinkWlanEventHandler            
20007d85  SimpleLinkNetAppEventHandler          
20007e1d  SimpleLinkHttpServerCallback          
20007e45  SimpleLinkGeneralEventHandler         
20007e5b  SimpleLinkSockEventHandler            
20008131  minit                                 
200081bf  malloc                                
20008227  free                                  
200082e9  realloc                               
200083f5  memalign                              
200084d9  calloc                                
20008549  GPIO_IF_LedConfigure                  
20008587  GPIO_IF_LedOn                         
2000863b  GPIO_IF_LedOff                        
200086ef  GPIO_IF_LedStatus                     
20008759  GPIO_IF_LedToggle                     
20008787  GPIO_IF_GetPortNPin                   
200087cd  GPIO_IF_ConfigureNIntEnable           
20008815  GPIO_IF_Set                           
20008859  GPIO_IF_Get                           
200088c1  Ssock_construct                       
20008901  Ssock_create                          
2000891b  Ssock_delete                          
20008943  Ssock_destruct                        
20008995  Ssock_getSocket                       
200089a3  Ssock_recv                            
200089fd  Ssock_recvall                         
20008a41  Ssock_send                            
20008b5b  Ssock_startSecure                     
20008b95  InitTerm                              
20008bb3  Message                               
20008bd5  ClearTerm                             
20008bdf  Error                                 
20008c17  GetCmd                                
20008cbd  TrimSpace                             
20008d55  Report                                
20008e15  sl_WlanConnect                        
20009271  __aeabi_uldivmod                      
20009465  _SlDrvDataReadOp                      
20009649  _SlDrvReleasePoolObj                  
20009819  __aeabi_dsub                          
20009823  __aeabi_dadd                          
200099d1  _SlDrvDriverCBInit                    
20009d21  _SlDrvWaitForPoolObj                  
20009eb1  PRCMCC3200MCUInit                     
2000a199  sl_Connect                            
2000a305  _SlDrvDataWriteOp                     
2000a455  spi_Open                              
2000a59d  __aeabi_ddiv                          
2000a6d5  sl_NetAppDnsGetHostByName             
2000a929  _SlDrvDriverCBDeinit                  
2000aa4d  sl_Send                               
2000ab65  strtoul                               
2000ac79  _Dscale                               
2000ad89  _SlDrvNetAppEventHandler              
2000ae8d  __aeabi_dmul                          
2000af89  spi_Read                              
2000b079  uDMAChannelTransferSet                
2000b251  sl_Stop                               
2000b335  sl_Start                              
2000b4f1  _SlDrvMsgReadSpawnCtx                 
2000b5c5  _sl_HandleAsync_DnsGetHostByService   
2000b691  sl_NetAppMDNSRegisterUnregisterService
2000b81d  _SlDrvCmdOp                           
2000b8dd  _Dnorm                                
2000b99d  sl_DevGet                             
2000ba51  IntDisable                            
2000baf9  IntEnable                             
2000bba1  _SlDriverHandleError                  
2000bc45  SPIConfigSetExpClk                    
2000bce5  __aeabi_memcpy                        
2000bce5  __aeabi_memcpy4                       
2000bce5  __aeabi_memcpy8                       
2000bce5  memcpy                                
2000bd81  _SlDrvDeviceEventHandler              
2000be1d  spi_Write                             
2000beb5  PRCMPeripheralClockGet                
2000bf49  _sl_HandleAsync_DnsGetHostByName      
2000bfd9  _sl_HandleAsync_PingResponse          
2000c181  PinConfigSet                          
2000c209  vsnprintf                             
2000c291  sl_Recv                               
2000c319  __aeabi_cdcmpeq                       
2000c319  __aeabi_cdcmple                       
2000c39f  __aeabi_cdrcmple                      
2000c425  GPIOIntTypeSet                        
2000c4a9  _sl_HandleAsync_Connect               
2000c529  _sl_HandleAsync_InitComplete          
2000c6a9  sl_NetCfgSet                          
2000c725  sl_SetSockOpt                         
2000c7a1  sl_WlanSet                            
2000c81d  __aeabi_memclr                        
2000c81d  __aeabi_memclr4                       
2000c81d  __aeabi_memclr8                       
2000c81f  __aeabi_memset                        
2000c81f  __aeabi_memset4                       
2000c81f  __aeabi_memset8                       
2000c825  memset                                
2000c899  _SlNonOsSemGet                        
2000c911  sl_WlanPolicySet                      
2000c989  spi_Close                             
2000ca01  UARTConfigSetExpClk                   
2000ca79  _SlNonOsMainLoopTask                  
2000caed  sl_Socket                             
2000cb5d  _SlDrvCmdSend                         
2000cbc9  _sl_NetAppSendTokenValue              
2000cc35  __TI_auto_init                        
2000cca1  sl_WlanRxFilterSet                    
2000cd77  _Dunscale                             
2000cddd  _SlNonOsSpawn                         
2000ce41  _sl_HandleAsync_Accept                
2000cea5  PinMuxConfig                          
2000cf09  uDMAChannelAttributeDisable           
2000cf6d  uDMAChannelAttributeEnable            
2000cfd1  IntPendClear                          
2000d029  PRCMPeripheralReset                   
2000d081  ltoa                                  
2000d0d9  IntPrioritySet                        
2000d12d  _SlDrvRxIrqHandler                    
2000d181  _sl_HandleAsync_Select                
2000d1d5  _sl_HandleAsync_Stop                  
2000d225  SPIIntEnable                          
2000d2bd  _SlDrvProtectAsyncRespSetting         
2000d355  atoi                                  
2000d3a1  copy_in                               
2000d3ed  uDMAChannelAssign                     
2000d481  SPIIntClear                           
2000d4c9  _SlDrvBasicCmd                        
2000d511  __aeabi_d2iz                          
2000d559  sl_NetAppMDNSUnRegisterService        
2000d5a1  ldexp                                 
2000d62d  _SlDrvHandleHttpServerEvents          
2000d671  _SlDrvSyncObjWaitTimeout              
2000d6f9  C$$EXIT                               
2000d6fd  abort                                 
2000d705  exit                                  
2000d73d  sl_Close                              
2000d781  sl_WlanProfileDel                     
2000d7c5  sl_WlanSetMode                        
2000d809  sl_Htonl                              
2000d84d  PinModeSet                            
2000d88d  _SlDrvHandleNetAppEvents              
2000d8cd  _SlDrvHandleWlanEvents                
2000d94d  signal                                
2000d98d  NwpRegisterInterruptHandler           
2000da09  PRCMPeripheralClkEnable               
2000da45  _c_int00                              
2000da81  sl_Htons                              
2000dabd  uDMAChannelControlSet                 
2000daf9  NwpPowerOff                           
2000db31  GPIODirModeSet                        
2000db69  PRCMPeripheralStatusGet               
2000db9d  SPIFIFOLevelSet                       
2000dbd1  feraiseexcept                         
2000dc05  PinTypeGPIO                           
2000dc35  UARTDisable                           
2000dc65  _Feraise                              
2000dc95  __aeabi_i2d                           
2000dcc3  raise                                 
2000dcf1  PRCMSysResetCauseGet                  
2000dd49  _SlDrvProtectionObjLockWaitForever    
2000dd75  _Dclass                               
2000dda1  PRCMPeripheralClkDisable              
2000ddc9  _SlDrvGlobalObjUnLock                 
2000ddf1  _SlDrvProtectionObjUnLock             
2000de19  _SlDrvSyncObjWaitForever              
2000de41  sl_Provisioning_HttpServerEventHdl    
2000de4f  sl_Provisioning_NetAppEventHdl        
2000de5b  sl_Provisioning_WlanEventHdl          
2000de67  strncmp                               
2000de8d  DmaSpiSwIntHandler                    
2000deb1  IntUnregister                         
2000ded5  UARTEnable                            
2000def9  _SlDrvObjLockWaitForever              
2000df1d  memmove                               
2000df41  SPIReset                              
2000df63  SPIWordCountSet                       
2000df85  frexp                                 
2000dfa7  GPIOPinWrite                          
2000dfc9  IntRegister                           
2000dfe9  NwpPowerOn                            
2000e009  _SlDrvObjUnLock                       
2000e029  _SlDrvSyncObjSignal                   
2000e049  sl_WlanDisconnect                     
2000e069  GPIOIntRegister                       
2000e087  UARTCharPut                           
2000e0c3  UARTCharGetNonBlocking                
2000e0df  memccpy                               
2000e0fd  uDMAChannelEnable                     
2000e119  GPIOIntEnable                         
2000e133  PinTypeUART                           
2000e14d  SPIDmaDisable                         
2000e167  SPIDmaEnable                          
2000e181  SPIFIFODisable                        
2000e19b  SPIFIFOEnable                         
2000e1b5  SPIIntUnregister                      
2000e1cf  GPIOPinRead                           
2000e1e7  SPICSDisable                          
2000e1ff  SPICSEnable                           
2000e217  SPIDisable                            
2000e22f  SPIEnable                             
2000e247  UARTCharsAvail                        
2000e25f  _SlNonOsSemSet                        
2000e291  _args_main                            
2000e2a9  strcmp                                
2000e2c1  PRCMHIBRegRead                        
2000e2d7  PRCMHIBRegWrite                       
2000e2ed  _SlDrvMemZero                         
2000e303  strchr                                
2000e319  CPUcpsie                              
2000e32d  GPIOIntClear                          
2000e341  IntVTableBaseSet                      
2000e355  _register_unlock                      
2000e35b  _register_lock                        
2000e363  _nop                                  
2000e369  strcpy                                
2000e37d  strlen                                
2000e391  _SlDrvDispatchHttpServerEvents        
2000e3a1  _SlDrvResetCmdExt                     
2000e3af  __TI_decompress_none                  
2000e3bd  ResetISR                              
2000e3cd  NwpMaskInterrupt                      
2000e3d9  NwpUnMaskInterrupt                    
2000e3e5  __TI_zero_init                        
2000e3f1  IntMasterEnable                       
2000e3fb  UtilsDelay                            
2000e401  __TI_decompress_rle24                 
2000e407  _system_pre_init                      
2000e40c  _ctypes_                              
2000e88a  OpcodeTranslateTable                  
2000e904  _SlActionLookupTable                  
2000e9f0  _SlNetAppSendTokenValueCmdCtrl        
2000eaa8  __TI_static_base__                    
2000eb14  __TI_Handler_Table_Base               
2000eb20  __TI_Handler_Table_Limit              
2000eb28  __TI_CINIT_Base                       
2000eb38  __TI_CINIT_Limit                      
20017000  _sys_memory                           
20017800  g_buff                                
20017f20  g_ucDinDout                           
20017f70  g_ucConnectionSSID                    
20017f94  g_ucConnectionBSSID                   
20017fa0  g_ulDestinationIP                     
20017fa4  RxIrqCnt                              
20017fa5  g_bDeviceRestartIsRequired            
20017fa6  g_cDummy                              
20017fa7  g_ucLED1Pin                           
20017fa8  g_ucLED2Pin                           
20017fa9  g_ucLED3Pin                           
20018060  _Denorm                               
20018070  _Eps                                  
20018080  _Hugeval                              
20018090  _Inf                                  
200180a0  _Nan                                  
200180b0  _Snan                                 
200180c0  _Rteps                                
200180d0  _Xbig                                 
200180d8  _Zero                                 
20018128  g__SlNonOsCB                          
20018178  g_uiLED1Port                          
2001817c  g_uiLED2Port                          
20018180  g_uiLED3Port                          
20018198  g_pCB                                 
2001819c  pPingCallBackFunc                     
200181a4  g_ulStatus                            
200181a8  g_ulGatewayIP                         
200181ac  bytesReceived                         
200181bc  g_SpiFd                               
200181c0  g_pHostIntHdl                         
200181c4  g_ucDMAEnabled                        
200181c8  _lock                                 
200181cc  _unlock                               
200181d0  __TI_cleanup_ptr                      
200181d4  __TI_dtors_ptr                        
200181d8  _Fenv                                 
200181dc  _Tls_setup__Fenv                      
200181e0  _Errno                                
200181e4  main_func_sp                          
2002f800  __stack                               
20030000  __STACK_END                           
ffffffff  __binit__                             
ffffffff  __c_args__                            
ffffffff  binit                                 
UNDEFED   SHT$$INIT_ARRAY$$Base                 
UNDEFED   SHT$$INIT_ARRAY$$Limit                

[312 symbols]
