******************************************************************************
                  TI ARM Linker PC v5.2.5                      
******************************************************************************
>> Linked Thu Apr 07 04:28:39 2016

OUTPUT FILE NAME:   <httpserver.out>
ENTRY POINT SYMBOL: "_c_int00"  address: 20007eed


MEMORY CONFIGURATION

         name            origin    length      used     unused   attr    fill
----------------------  --------  ---------  --------  --------  ----  --------
  SRAM_CODE             20004000   00013000  000047cd  0000e833  RW X
  SRAM_DATA             20017000   00019000  00008a0f  000105f1  RW X


SEGMENT ALLOCATION MAP

run origin  load origin   length   init length attrs members
----------  ----------- ---------- ----------- ----- -------
20004000    20004000    000047d0   000047d0    r-x
  20004000    20004000    0000435c   0000435c    r-x .text
  2000835c    2000835c    000003d1   000003d1    r-- .const
  20008730    20008730    000000a0   000000a0    r-- .cinit
20017000    20017000    0000820f   00000000    rw-
  20017000    20017000    00008000   00000000    rw- .sysmem
  2001f000    2001f000    000001b8   00000000    rw- .data
  2001f1b8    2001f1b8    00000057   00000000    rw- .bss
2002f800    2002f800    00000800   00000000    rw-
  2002f800    2002f800    00000800   00000000    rw- .stack


SECTION ALLOCATION MAP

 output                                  attributes/
section   page    origin      length       input sections
--------  ----  ----------  ----------   ----------------
.init_array 
*          0    20004000    00000000     UNINITIALIZED

.text      0    20004000    0000435c     
                  20004000    000010a6     rtsv7M4_T_le_eabi.lib : _printfi.obj (.text)
                  200050a6    00000002     --HOLE-- [fill = 0]
                  200050a8    00001034     main.obj (.text)
                  200060dc    000003dc     rtsv7M4_T_le_eabi.lib : memory.obj (.text)
                  200064b8    00000394     gpio_if.obj (.text)
                  2000684c    00000290     uart_if.obj (.text)
                  20006adc    000001f4     rtsv7M4_T_le_eabi.lib : ull_div_t2.obj (.text)
                  20006cd0    000001b6                           : fd_add_t2.obj (.text)
                  20006e86    00000002     --HOLE-- [fill = 0]
                  20006e88    00000178     driverlib.a : prcm.obj (.text:PRCMCC3200MCUInit)
                  20007000    00000136     rtsv7M4_T_le_eabi.lib : fd_div_t2.obj (.text)
                  20007136    00000002     --HOLE-- [fill = 0]
                  20007138    00000110                           : xdscale.obj (.text)
                  20007248    000000fc                           : fd_mul_t2.obj (.text)
                  20007344    000000e8     smartconfig.obj (.text)
                  2000742c    000000be     rtsv7M4_T_le_eabi.lib : xdnorm.obj (.text)
                  200074ea    00000002     --HOLE-- [fill = 0]
                  200074ec    000000a8     driverlib.a : interrupt.obj (.text:IntEnable)
                  20007594    0000009c     rtsv7M4_T_le_eabi.lib : memcpy_t2.obj (.text)
                  20007630    00000094     driverlib.a : prcm.obj (.text:PRCMPeripheralClockGet)
                  200076c4    00000088                 : pin.obj (.text:PinConfigSet)
                  2000774c    00000088     rtsv7M4_T_le_eabi.lib : vsnprintf.obj (.text)
                  200077d4    00000086                           : fd_cmp_t2.obj (.text:__aeabi_cdcmple)
                  2000785a    00000086                           : fd_cmp_t2.obj (.text:__aeabi_cdrcmple)
                  200078e0    00000084     pinmux.obj (.text)
                  20007964    00000082     driverlib.a : gpio.obj (.text:GPIOIntTypeSet)
                  200079e6    0000007a     rtsv7M4_T_le_eabi.lib : memset_t2.obj (.text)
                  20007a60    00000076     driverlib.a : uart.obj (.text:UARTConfigSetExpClk)
                  20007ad6    00000002     --HOLE-- [fill = 0]
                  20007ad8    0000006c     rtsv7M4_T_le_eabi.lib : autoinit.obj (.text)
                  20007b44    0000006a                           : copy_decompress_rle.obj (.text)
                  20007bae    00000066                           : xdunscal.obj (.text)
                  20007c14    00000058     driverlib.a : prcm.obj (.text:PRCMPeripheralReset)
                  20007c6c    00000056     rtsv7M4_T_le_eabi.lib : ltoa.obj (.text)
                  20007cc2    00000002     --HOLE-- [fill = 0]
                  20007cc4    0000004c                           : atoi.obj (.text)
                  20007d10    0000004c                           : cpy_tbl.obj (.text)
                  20007d5c    00000048                           : fd_toi_t2.obj (.text)
                  20007da4    00000046                           : ldexp.obj (.text)
                  20007dea    00000002     --HOLE-- [fill = 0]
                  20007dec    00000044                           : exit.obj (.text)
                  20007e30    00000040     driverlib.a : pin.obj (.text:PinModeSet)
                  20007e70    00000040     rtsv7M4_T_le_eabi.lib : signal.obj (.text)
                  20007eb0    0000003c     driverlib.a : prcm.obj (.text:PRCMPeripheralClkEnable)
                  20007eec    0000003c     rtsv7M4_T_le_eabi.lib : boot.obj (.text)
                  20007f28    00000036     driverlib.a : gpio.obj (.text:GPIODirModeSet)
                  20007f5e    00000002     --HOLE-- [fill = 0]
                  20007f60    00000034     rtsv7M4_T_le_eabi.lib : feraiseexcept.obj (.text)
                  20007f94    00000030     driverlib.a : pin.obj (.text:PinTypeGPIO)
                  20007fc4    00000030                 : uart.obj (.text:UARTDisable)
                  20007ff4    00000030     rtsv7M4_T_le_eabi.lib : xferaise.obj (.text)
                  20008024    0000002e                           : i_tofd_t2.obj (.text)
                  20008052    0000002e                           : raise.obj (.text)
                  20008080    0000002c     driverlib.a : prcm.obj (.text:PRCMSysResetCauseGet)
                  200080ac    0000002a     rtsv7M4_T_le_eabi.lib : xdclass.obj (.text)
                  200080d6    00000002     --HOLE-- [fill = 0]
                  200080d8    00000028     driverlib.a : prcm.obj (.text:PRCMPeripheralClkDisable)
                  20008100    00000024                 : uart.obj (.text:UARTEnable)
                  20008124    00000024     rtsv7M4_T_le_eabi.lib : memmov.obj (.text)
                  20008148    00000022                           : frexp.obj (.text)
                  2000816a    00000022                           : memcmp.obj (.text)
                  2000818c    00000020     driverlib.a : gpio.obj (.text:GPIOPinWrite)
                  200081ac    0000001e                 : uart.obj (.text:UARTCharPut)
                  200081ca    0000001c                 : uart.obj (.text:UARTCharGetNonBlocking)
                  200081e6    0000001c     rtsv7M4_T_le_eabi.lib : memccpy.obj (.text)
                  20008202    0000001a     driverlib.a : gpio.obj (.text:GPIOIntEnable)
                  2000821c    0000001a                 : pin.obj (.text:PinTypeUART)
                  20008236    00000018                 : gpio.obj (.text:GPIOPinRead)
                  2000824e    00000018                 : uart.obj (.text:UARTCharsAvail)
                  20008266    00000002     --HOLE-- [fill = 0]
                  20008268    00000018     rtsv7M4_T_le_eabi.lib : args_main.obj (.text)
                  20008280    00000016     driverlib.a : prcm.obj (.text:PRCMHIBRegRead)
                  20008296    00000016                 : prcm.obj (.text:PRCMHIBRegWrite)
                  200082ac    00000016     rtsv7M4_T_le_eabi.lib : strchr.obj (.text)
                  200082c2    00000014     driverlib.a : cpu.obj (.text:CPUcpsie)
                  200082d6    00000014                 : gpio.obj (.text:GPIOIntClear)
                  200082ea    00000002     --HOLE-- [fill = 0]
                  200082ec    00000014                 : interrupt.obj (.text:IntVTableBaseSet)
                  20008300    00000014     rtsv7M4_T_le_eabi.lib : _lock.obj (.text)
                  20008314    00000014                           : strlen.obj (.text)
                  20008328    0000000e                           : copy_decompress_none.obj (.text:decompress:none)
                  20008336    0000000c                           : copy_zero_init.obj (.text:decompress:ZI)
                  20008342    0000000a     driverlib.a : interrupt.obj (.text:IntMasterEnable)
                  2000834c    00000006                 : utils.obj (.text:UtilsDelay)
                  20008352    00000006     rtsv7M4_T_le_eabi.lib : copy_decompress_rle.obj (.text:decompress:rle24)
                  20008358    00000004                           : pre_init.obj (.text)

.const     0    2000835c    000003d1     
                  2000835c    00000101     rtsv7M4_T_le_eabi.lib : ctype.obj (.const:.string:_ctypes_)
                  2000845d    00000003     --HOLE-- [fill = 0]
                  20008460    00000100     driverlib.a : pin.obj (.const:g_ulPinToPadMap)
                  20008560    000000a8                 : prcm.obj (.const:PRCM_PeriphRegsList)
                  20008608    00000080                 : interrupt.obj (.const)
                  20008688    0000002c     main.obj (.const:$P$T1$2)
                  200086b4    00000023     smartconfig.obj (.const:.string)
                  200086d7    00000022     main.obj (.const:.string:$P$T0$1)
                  200086f9    00000020     main.obj (.const:.string)
                  20008719    00000014     main.obj (.const)

.cinit     0    20008730    000000a0     
                  20008730    0000007a     (.cinit..data.load) [load image, compression = rle]
                  200087aa    00000002     --HOLE-- [fill = 0]
                  200087ac    0000000c     (__TI_handler_table)
                  200087b8    00000008     (.cinit..bss.load) [load image, compression = zero_init]
                  200087c0    00000010     (__TI_cinit_table)

.sysmem    0    20017000    00008000     UNINITIALIZED
                  20017000    00000008     rtsv7M4_T_le_eabi.lib : memory.obj (.sysmem)
                  20017008    00007ff8     --HOLE--

.data      0    2001f000    000001b8     UNINITIALIZED
                  2001f000    000000b0     rtsv7M4_T_le_eabi.lib : signal.obj (.data:sigtable)
                  2001f0b0    00000080                           : xvalues.obj (.data)
                  2001f130    00000039     main.obj (.data)
                  2001f169    00000003     --HOLE--
                  2001f16c    00000020     gpio_if.obj (.data)
                  2001f18c    0000000c     rtsv7M4_T_le_eabi.lib : memory.obj (.data)
                  2001f198    00000008                           : _lock.obj (.data)
                  2001f1a0    00000008                           : exit.obj (.data)
                  2001f1a8    00000008                           : feraiseexcept.obj (.data)
                  2001f1b0    00000004                           : errno.obj (.data)
                  2001f1b4    00000004                           : stkdepth_vars.obj (.data)

.TI.persistent 
*          0    2001f000    00000000     UNINITIALIZED

.bss       0    2001f1b8    00000057     UNINITIALIZED
                  2001f1b8    00000024     main.obj (.bss:g_ucConnectionSSID)
                  2001f1dc    00000024     main.obj (.bss:g_ucSSID)
                  2001f200    00000008     (.common:g_ucConnectionBSSID)
                  2001f208    00000004     (.common:__Errorlog)
                  2001f20c    00000001     (.common:g_ucLED1Pin)
                  2001f20d    00000001     (.common:g_ucLED2Pin)
                  2001f20e    00000001     (.common:g_ucLED3Pin)

.TI.noinit 
*          0    2001f1b8    00000000     UNINITIALIZED

.stack     0    2002f800    00000800     UNINITIALIZED
                  2002f800    00000800     --HOLE--


LINKER GENERATED COPY TABLES

__TI_cinit_table @ 200087c0 records: 2, size/record: 8, table size: 16
	.data: load addr=20008730, load size=0000007a bytes, run addr=2001f000, run size=000001b8 bytes, compression=rle
	.bss: load addr=200087b8, load size=00000008 bytes, run addr=2001f1b8, run size=00000057 bytes, compression=zero_init


LINKER GENERATED HANDLER TABLE

__TI_handler_table @ 200087ac records: 3, size/record: 4, table size: 12
	index: 0, handler: __TI_decompress_rle24
	index: 1, handler: __TI_decompress_none
	index: 2, handler: __TI_zero_init


GLOBAL SYMBOLS: SORTED ALPHABETICALLY BY Name 

address   name                          
-------   ----                          
20007ded  C$$EXIT                       
200082c3  CPUcpsie                      
2000688d  ClearTerm                     
20005a79  ConnectToNetwork              
20006897  Error                         
2001f147  GET_token                     
20007f29  GPIODirModeSet                
200082d7  GPIOIntClear                  
20008203  GPIOIntEnable                 
20007965  GPIOIntTypeSet                
20008237  GPIOPinRead                   
2000818d  GPIOPinWrite                  
20006779  GPIO_IF_ConfigureNIntEnable   
200067f5  GPIO_IF_Get                   
20006733  GPIO_IF_GetPortNPin           
200064f5  GPIO_IF_LedConfigure          
200065e7  GPIO_IF_LedOff                
20006533  GPIO_IF_LedOn                 
2000669b  GPIO_IF_LedStatus             
20006705  GPIO_IF_LedToggle             
200067bb  GPIO_IF_Set                   
200068cf  GetCmd                        
2000684d  InitTerm                      
200074ed  IntEnable                     
20008343  IntMasterEnable               
200082ed  IntVTableBaseSet              
2000686b  Message                       
2001f13c  POST_token                    
20006e89  PRCMCC3200MCUInit             
20008281  PRCMHIBRegRead                
20008297  PRCMHIBRegWrite               
200080d9  PRCMPeripheralClkDisable      
20007eb1  PRCMPeripheralClkEnable       
20007631  PRCMPeripheralClockGet        
20007c15  PRCMPeripheralReset           
20008081  PRCMSysResetCauseGet          
200076c5  PinConfigSet                  
20007e31  PinModeSet                    
200078e1  PinMuxConfig                  
20007f95  PinTypeGPIO                   
2000821d  PinTypeUART                   
20006a1d  Report                        
UNDEFED   SHT$$INIT_ARRAY$$Base         
UNDEFED   SHT$$INIT_ARRAY$$Limit        
200052ed  SimpleLinkGeneralEventHandler 
200054a5  SimpleLinkHttpServerCallback  
20005279  SimpleLinkNetAppEventHandler  
20005307  SimpleLinkSockEventHandler    
200050c1  SimpleLinkWlanEventHandler    
20007345  SmartConfigConnect            
200073cd  SmartConfigStop               
20006985  TrimSpace                     
200081cb  UARTCharGetNonBlocking        
200081ad  UARTCharPut                   
2000824f  UARTCharsAvail                
20007a61  UARTConfigSetExpClk           
20007fc5  UARTDisable                   
20008101  UARTEnable                    
2000834d  UtilsDelay                    
UNDEFED   VStartSimpleLinkSpawnTask     
200080ad  _Dclass                       
2001f0b0  _Denorm                       
2000742d  _Dnorm                        
20007139  _Dscale                       
20007baf  _Dunscale                     
2001f0c0  _Eps                          
2001f1b0  _Errno                        
2001f1a8  _Fenv                         
20007ff5  _Feraise                      
2001f0d0  _Hugeval                      
2001f0e0  _Inf                          
2001f0f0  _Nan                          
2001f110  _Rteps                        
2001f100  _Snan                         
2001f1ac  _Tls_setup__Fenv              
2001f120  _Xbig                         
2001f128  _Zero                         
20030000  __STACK_END                   
00000800  __STACK_SIZE                  
00008000  __SYSMEM_SIZE                 
200087c0  __TI_CINIT_Base               
200087d0  __TI_CINIT_Limit              
200087ac  __TI_Handler_Table_Base       
200087b8  __TI_Handler_Table_Limit      
20007ad9  __TI_auto_init                
2001f1a0  __TI_cleanup_ptr              
20008329  __TI_decompress_none          
20008353  __TI_decompress_rle24         
2001f1a4  __TI_dtors_ptr                
20004da1  __TI_printfi                  
20008730  __TI_static_base__            
20008337  __TI_zero_init                
200077d5  __aeabi_cdcmpeq               
200077d5  __aeabi_cdcmple               
2000785b  __aeabi_cdrcmple              
20007d5d  __aeabi_d2iz                  
20006cdb  __aeabi_dadd                  
20007001  __aeabi_ddiv                  
20007249  __aeabi_dmul                  
20006cd1  __aeabi_dsub                  
20008025  __aeabi_i2d                   
200079e7  __aeabi_memclr                
200079e7  __aeabi_memclr4               
200079e7  __aeabi_memclr8               
20007595  __aeabi_memcpy                
20007595  __aeabi_memcpy4               
20007595  __aeabi_memcpy8               
200079e9  __aeabi_memset                
200079e9  __aeabi_memset4               
200079e9  __aeabi_memset8               
20006add  __aeabi_uldivmod              
ffffffff  __binit__                     
ffffffff  __c_args__                    
2002f800  __stack                       
20008269  _args_main                    
20007eed  _c_int00                      
2000835c  _ctypes_                      
2001f198  _lock                         
2000830f  _nop                          
20008307  _register_lock                
20008301  _register_unlock              
20017000  _sys_memory                   
20008359  _system_pre_init              
2001f19c  _unlock                       
20007df1  abort                         
20007cc5  atoi                          
ffffffff  binit                         
20006485  calloc                        
20007d11  copy_in                       
20007df9  exit                          
20007f61  feraiseexcept                 
200061d3  free                          
20008149  frexp                         
2001f154  g_iSimplelinkRole             
UNDEFED   g_pfnVectors                  
2001f168  g_ucConnectTimeout            
2001f200  g_ucConnectionBSSID           
2001f1b8  g_ucConnectionSSID            
2001f20c  g_ucLED1Pin                   
2001f20d  g_ucLED2Pin                   
2001f20e  g_ucLED3Pin                   
2001f1dc  g_ucSSID                      
2001f164  g_uiDeviceModeConfig          
2001f158  g_uiIpAddress                 
2001f180  g_uiLED1Port                  
2001f184  g_uiLED2Port                  
2001f188  g_uiLED3Port                  
2001f160  g_uiSimplelinkRole            
2001f138  g_ulGatewayIP                 
2001f134  g_ulPingPacketsRecv           
2001f130  g_ulStatus                    
2001f15c  g_usMCNetworkUstate           
20007da5  ldexp                         
20007c6d  ltoa                          
20005e11  main                          
2001f1b4  main_func_sp                  
2000616b  malloc                        
200063a1  memalign                      
200081e7  memccpy                       
2000816b  memcmp                        
20007595  memcpy                        
20008125  memmove                       
200079ef  memset                        
200060dd  minit                         
UNDEFED   osi_InterruptRegister         
UNDEFED   osi_Sleep                     
UNDEFED   osi_TaskCreate                
UNDEFED   osi_start                     
20008053  raise                         
20006295  realloc                       
20007e71  signal                        
UNDEFED   sl_DevGet                     
UNDEFED   sl_NetAppMDNSUnRegisterService
UNDEFED   sl_NetAppStart                
UNDEFED   sl_NetAppStop                 
UNDEFED   sl_NetCfgSet                  
UNDEFED   sl_Start                      
UNDEFED   sl_Stop                       
UNDEFED   sl_WlanDisconnect             
UNDEFED   sl_WlanGet                    
UNDEFED   sl_WlanPolicySet              
UNDEFED   sl_WlanProfileDel             
UNDEFED   sl_WlanRxFilterSet            
UNDEFED   sl_WlanSet                    
UNDEFED   sl_WlanSetMode                
UNDEFED   sl_WlanSmartConfigStart       
UNDEFED   sl_WlanSmartConfigStop        
200082ad  strchr                        
20008315  strlen                        
200050b3  vApplicationIdleHook          
200050b5  vApplicationMallocFailedHook  
200050b7  vApplicationStackOverflowHook 
200050a9  vAssertCalled                 
2000774d  vsnprintf                     


GLOBAL SYMBOLS: SORTED BY Symbol Address 

address   name                          
-------   ----                          
00000800  __STACK_SIZE                  
00008000  __SYSMEM_SIZE                 
20004da1  __TI_printfi                  
200050a9  vAssertCalled                 
200050b3  vApplicationIdleHook          
200050b5  vApplicationMallocFailedHook  
200050b7  vApplicationStackOverflowHook 
200050c1  SimpleLinkWlanEventHandler    
20005279  SimpleLinkNetAppEventHandler  
200052ed  SimpleLinkGeneralEventHandler 
20005307  SimpleLinkSockEventHandler    
200054a5  SimpleLinkHttpServerCallback  
20005a79  ConnectToNetwork              
20005e11  main                          
200060dd  minit                         
2000616b  malloc                        
200061d3  free                          
20006295  realloc                       
200063a1  memalign                      
20006485  calloc                        
200064f5  GPIO_IF_LedConfigure          
20006533  GPIO_IF_LedOn                 
200065e7  GPIO_IF_LedOff                
2000669b  GPIO_IF_LedStatus             
20006705  GPIO_IF_LedToggle             
20006733  GPIO_IF_GetPortNPin           
20006779  GPIO_IF_ConfigureNIntEnable   
200067bb  GPIO_IF_Set                   
200067f5  GPIO_IF_Get                   
2000684d  InitTerm                      
2000686b  Message                       
2000688d  ClearTerm                     
20006897  Error                         
200068cf  GetCmd                        
20006985  TrimSpace                     
20006a1d  Report                        
20006add  __aeabi_uldivmod              
20006cd1  __aeabi_dsub                  
20006cdb  __aeabi_dadd                  
20006e89  PRCMCC3200MCUInit             
20007001  __aeabi_ddiv                  
20007139  _Dscale                       
20007249  __aeabi_dmul                  
20007345  SmartConfigConnect            
200073cd  SmartConfigStop               
2000742d  _Dnorm                        
200074ed  IntEnable                     
20007595  __aeabi_memcpy                
20007595  __aeabi_memcpy4               
20007595  __aeabi_memcpy8               
20007595  memcpy                        
20007631  PRCMPeripheralClockGet        
200076c5  PinConfigSet                  
2000774d  vsnprintf                     
200077d5  __aeabi_cdcmpeq               
200077d5  __aeabi_cdcmple               
2000785b  __aeabi_cdrcmple              
200078e1  PinMuxConfig                  
20007965  GPIOIntTypeSet                
200079e7  __aeabi_memclr                
200079e7  __aeabi_memclr4               
200079e7  __aeabi_memclr8               
200079e9  __aeabi_memset                
200079e9  __aeabi_memset4               
200079e9  __aeabi_memset8               
200079ef  memset                        
20007a61  UARTConfigSetExpClk           
20007ad9  __TI_auto_init                
20007baf  _Dunscale                     
20007c15  PRCMPeripheralReset           
20007c6d  ltoa                          
20007cc5  atoi                          
20007d11  copy_in                       
20007d5d  __aeabi_d2iz                  
20007da5  ldexp                         
20007ded  C$$EXIT                       
20007df1  abort                         
20007df9  exit                          
20007e31  PinModeSet                    
20007e71  signal                        
20007eb1  PRCMPeripheralClkEnable       
20007eed  _c_int00                      
20007f29  GPIODirModeSet                
20007f61  feraiseexcept                 
20007f95  PinTypeGPIO                   
20007fc5  UARTDisable                   
20007ff5  _Feraise                      
20008025  __aeabi_i2d                   
20008053  raise                         
20008081  PRCMSysResetCauseGet          
200080ad  _Dclass                       
200080d9  PRCMPeripheralClkDisable      
20008101  UARTEnable                    
20008125  memmove                       
20008149  frexp                         
2000816b  memcmp                        
2000818d  GPIOPinWrite                  
200081ad  UARTCharPut                   
200081cb  UARTCharGetNonBlocking        
200081e7  memccpy                       
20008203  GPIOIntEnable                 
2000821d  PinTypeUART                   
20008237  GPIOPinRead                   
2000824f  UARTCharsAvail                
20008269  _args_main                    
20008281  PRCMHIBRegRead                
20008297  PRCMHIBRegWrite               
200082ad  strchr                        
200082c3  CPUcpsie                      
200082d7  GPIOIntClear                  
200082ed  IntVTableBaseSet              
20008301  _register_unlock              
20008307  _register_lock                
2000830f  _nop                          
20008315  strlen                        
20008329  __TI_decompress_none          
20008337  __TI_zero_init                
20008343  IntMasterEnable               
2000834d  UtilsDelay                    
20008353  __TI_decompress_rle24         
20008359  _system_pre_init              
2000835c  _ctypes_                      
20008730  __TI_static_base__            
200087ac  __TI_Handler_Table_Base       
200087b8  __TI_Handler_Table_Limit      
200087c0  __TI_CINIT_Base               
200087d0  __TI_CINIT_Limit              
20017000  _sys_memory                   
2001f0b0  _Denorm                       
2001f0c0  _Eps                          
2001f0d0  _Hugeval                      
2001f0e0  _Inf                          
2001f0f0  _Nan                          
2001f100  _Snan                         
2001f110  _Rteps                        
2001f120  _Xbig                         
2001f128  _Zero                         
2001f130  g_ulStatus                    
2001f134  g_ulPingPacketsRecv           
2001f138  g_ulGatewayIP                 
2001f13c  POST_token                    
2001f147  GET_token                     
2001f154  g_iSimplelinkRole             
2001f158  g_uiIpAddress                 
2001f15c  g_usMCNetworkUstate           
2001f160  g_uiSimplelinkRole            
2001f164  g_uiDeviceModeConfig          
2001f168  g_ucConnectTimeout            
2001f180  g_uiLED1Port                  
2001f184  g_uiLED2Port                  
2001f188  g_uiLED3Port                  
2001f198  _lock                         
2001f19c  _unlock                       
2001f1a0  __TI_cleanup_ptr              
2001f1a4  __TI_dtors_ptr                
2001f1a8  _Fenv                         
2001f1ac  _Tls_setup__Fenv              
2001f1b0  _Errno                        
2001f1b4  main_func_sp                  
2001f1b8  g_ucConnectionSSID            
2001f1dc  g_ucSSID                      
2001f200  g_ucConnectionBSSID           
2001f20c  g_ucLED1Pin                   
2001f20d  g_ucLED2Pin                   
2001f20e  g_ucLED3Pin                   
2002f800  __stack                       
20030000  __STACK_END                   
ffffffff  __binit__                     
ffffffff  __c_args__                    
ffffffff  binit                         
UNDEFED   SHT$$INIT_ARRAY$$Base         
UNDEFED   SHT$$INIT_ARRAY$$Limit        
UNDEFED   VStartSimpleLinkSpawnTask     
UNDEFED   g_pfnVectors                  
UNDEFED   osi_InterruptRegister         
UNDEFED   osi_Sleep                     
UNDEFED   osi_TaskCreate                
UNDEFED   osi_start                     
UNDEFED   sl_DevGet                     
UNDEFED   sl_NetAppMDNSUnRegisterService
UNDEFED   sl_NetAppStart                
UNDEFED   sl_NetAppStop                 
UNDEFED   sl_NetCfgSet                  
UNDEFED   sl_Start                      
UNDEFED   sl_Stop                       
UNDEFED   sl_WlanDisconnect             
UNDEFED   sl_WlanGet                    
UNDEFED   sl_WlanPolicySet              
UNDEFED   sl_WlanProfileDel             
UNDEFED   sl_WlanRxFilterSet            
UNDEFED   sl_WlanSet                    
UNDEFED   sl_WlanSetMode                
UNDEFED   sl_WlanSmartConfigStart       
UNDEFED   sl_WlanSmartConfigStop        

[194 symbols]
