******************************************************************************
                  TI ARM Linker PC v5.2.5                      
******************************************************************************
>> Linked Thu Apr 07 03:14:21 2016

OUTPUT FILE NAME:   <adc.out>
ENTRY POINT SYMBOL: "_c_int00"  address: 2000719d


MEMORY CONFIGURATION

         name            origin    length      used     unused   attr    fill
----------------------  --------  ---------  --------  --------  ----  --------
  SRAM_CODE             20004000   00013000  00003aaa  0000f556  RW X
  SRAM_DATA             20017000   00019000  0000d164  0000be9c  RW X


SEGMENT ALLOCATION MAP

run origin  load origin   length   init length attrs members
----------  ----------- ---------- ----------- ----- -------
20004000    20004000    00003ab0   00003ab0    r-x
  20004000    20004000    00000400   00000400    r-- .intvecs
  20004400    20004400    00003306   00003306    r-x .text
  20007708    20007708    0000032c   0000032c    r-- .const
  20007a38    20007a38    00000078   00000078    r-- .cinit
20017000    20017000    0000c168   00000000    rw-
  20017000    20017000    00008000   00000000    rw- .sysmem
  2001f000    2001f000    00004004   00000000    rw- .bss
  20023008    20023008    00000160   00000000    rw- .data
2002f000    2002f000    00001000   00000000    rw-
  2002f000    2002f000    00001000   00000000    rw- .stack


SECTION ALLOCATION MAP

 output                                  attributes/
section   page    origin      length       input sections
--------  ----  ----------  ----------   ----------------
.intvecs   0    20004000    00000400     
                  20004000    00000400     startup_ccs.obj (.intvecs)

.init_array 
*          0    20004000    00000000     UNINITIALIZED

.text      0    20004400    00003306     
                  20004400    000010a6     rtsv7M4_T_le_eabi.lib : _printfi.obj (.text)
                  200054a6    00000002     --HOLE-- [fill = 0]
                  200054a8    000003dc                           : memory.obj (.text)
                  20005884    00000280     uart_if.obj (.text)
                  20005b04    00000226     adc_userinput.obj (.text)
                  20005d2a    00000002     --HOLE-- [fill = 0]
                  20005d2c    00000210     main.obj (.text)
                  20005f3c    000001f4     rtsv7M4_T_le_eabi.lib : ull_div_t2.obj (.text)
                  20006130    000001b6                           : fd_add_t2.obj (.text)
                  200062e6    00000002     --HOLE-- [fill = 0]
                  200062e8    00000178     driverlib.a : prcm.obj (.text:PRCMCC3200MCUInit)
                  20006460    00000136     rtsv7M4_T_le_eabi.lib : fd_div_t2.obj (.text)
                  20006596    00000002     --HOLE-- [fill = 0]
                  20006598    00000110                           : xdscale.obj (.text)
                  200066a8    000000fc                           : fd_mul_t2.obj (.text)
                  200067a4    000000be                           : xdnorm.obj (.text)
                  20006862    00000002     --HOLE-- [fill = 0]
                  20006864    000000a8     driverlib.a : interrupt.obj (.text:IntEnable)
                  2000690c    0000009c     rtsv7M4_T_le_eabi.lib : memcpy_t2.obj (.text)
                  200069a8    00000094     driverlib.a : prcm.obj (.text:PRCMPeripheralClockGet)
                  20006a3c    00000088                 : pin.obj (.text:PinConfigSet)
                  20006ac4    00000088     rtsv7M4_T_le_eabi.lib : vsnprintf.obj (.text)
                  20006b4c    00000086                           : fd_cmp_t2.obj (.text:__aeabi_cdcmple)
                  20006bd2    00000086                           : fd_cmp_t2.obj (.text:__aeabi_cdrcmple)
                  20006c58    0000007a                           : memset_t2.obj (.text)
                  20006cd2    00000076     driverlib.a : uart.obj (.text:UARTConfigSetExpClk)
                  20006d48    0000006c     rtsv7M4_T_le_eabi.lib : autoinit.obj (.text)
                  20006db4    0000006a                           : copy_decompress_rle.obj (.text)
                  20006e1e    00000066                           : xdunscal.obj (.text)
                  20006e84    00000058     driverlib.a : prcm.obj (.text:PRCMPeripheralReset)
                  20006edc    00000056     rtsv7M4_T_le_eabi.lib : ltoa.obj (.text)
                  20006f32    00000002     --HOLE-- [fill = 0]
                  20006f34    0000004c                           : atoi.obj (.text)
                  20006f80    0000004c                           : cpy_tbl.obj (.text)
                  20006fcc    00000048                           : fd_toi_t2.obj (.text)
                  20007014    00000046                           : ldexp.obj (.text)
                  2000705a    00000002     --HOLE-- [fill = 0]
                  2000705c    00000044                           : exit.obj (.text)
                  200070a0    00000040     driverlib.a : pin.obj (.text:PinModeSet)
                  200070e0    00000040     rtsv7M4_T_le_eabi.lib : signal.obj (.text)
                  20007120    00000040                           : strtok.obj (.text)
                  20007160    0000003c     driverlib.a : prcm.obj (.text:PRCMPeripheralClkEnable)
                  2000719c    0000003c     rtsv7M4_T_le_eabi.lib : boot.obj (.text)
                  200071d8    00000038     driverlib.a : adc.obj (.text:ADCChannelDisable)
                  20007210    00000038                 : adc.obj (.text:ADCChannelEnable)
                  20007248    00000038     rtsv7M4_T_le_eabi.lib : fs_tod_t2.obj (.text)
                  20007280    00000034                           : feraiseexcept.obj (.text)
                  200072b4    00000030     driverlib.a : uart.obj (.text:UARTDisable)
                  200072e4    00000030     rtsv7M4_T_le_eabi.lib : xferaise.obj (.text)
                  20007314    0000002e                           : i_tofd_t2.obj (.text)
                  20007342    0000002e                           : raise.obj (.text)
                  20007370    0000002c     driverlib.a : prcm.obj (.text:PRCMSysResetCauseGet)
                  2000739c    0000002a     rtsv7M4_T_le_eabi.lib : strspn.obj (.text)
                  200073c6    0000002a                           : xdclass.obj (.text)
                  200073f0    00000028     driverlib.a : prcm.obj (.text:PRCMPeripheralClkDisable)
                  20007418    00000024                 : uart.obj (.text:UARTEnable)
                  2000743c    00000024     rtsv7M4_T_le_eabi.lib : memmov.obj (.text)
                  20007460    00000024                           : strcspn.obj (.text)
                  20007484    00000024                           : u_tofs_t2.obj (.text)
                  200074a8    00000022     driverlib.a : adc.obj (.text:ADCTimerConfig)
                  200074ca    00000022     rtsv7M4_T_le_eabi.lib : frexp.obj (.text)
                  200074ec    0000001e     driverlib.a : uart.obj (.text:UARTCharPut)
                  2000750a    0000001c                 : adc.obj (.text:ADCFIFOLvlGet)
                  20007526    0000001c                 : uart.obj (.text:UARTCharGetNonBlocking)
                  20007542    0000001c     pinmux.obj (.text)
                  2000755e    0000001c     rtsv7M4_T_le_eabi.lib : memccpy.obj (.text)
                  2000757a    0000001a     driverlib.a : pin.obj (.text:PinTypeUART)
                  20007594    00000018                 : adc.obj (.text:ADCFIFORead)
                  200075ac    00000018                 : uart.obj (.text:UARTCharsAvail)
                  200075c4    00000018     rtsv7M4_T_le_eabi.lib : args_main.obj (.text)
                  200075dc    00000018                           : strcmp.obj (.text)
                  200075f4    00000016     driverlib.a : adc.obj (.text:ADCTimerEnable)
                  2000760a    00000016                 : prcm.obj (.text:PRCMHIBRegRead)
                  20007620    00000016                 : prcm.obj (.text:PRCMHIBRegWrite)
                  20007636    00000016     rtsv7M4_T_le_eabi.lib : strchr.obj (.text)
                  2000764c    00000014     driverlib.a : adc.obj (.text:ADCEnable)
                  20007660    00000014                 : cpu.obj (.text:CPUcpsie)
                  20007674    00000014                 : interrupt.obj (.text:IntVTableBaseSet)
                  20007688    00000014                 : pin.obj (.text:PinTypeADC)
                  2000769c    00000014     rtsv7M4_T_le_eabi.lib : _lock.obj (.text)
                  200076b0    00000014                           : strlen.obj (.text)
                  200076c4    0000000e                           : copy_decompress_none.obj (.text:decompress:none)
                  200076d2    0000000e     startup_ccs.obj (.text)
                  200076e0    0000000c     rtsv7M4_T_le_eabi.lib : copy_zero_init.obj (.text:decompress:ZI)
                  200076ec    0000000a     driverlib.a : interrupt.obj (.text:IntMasterEnable)
                  200076f6    00000006                 : utils.obj (.text:UtilsDelay)
                  200076fc    00000006     rtsv7M4_T_le_eabi.lib : copy_decompress_rle.obj (.text:decompress:rle24)
                  20007702    00000004                           : pre_init.obj (.text)

.const     0    20007708    0000032c     
                  20007708    00000101     rtsv7M4_T_le_eabi.lib : ctype.obj (.const:.string:_ctypes_)
                  20007809    00000003     --HOLE-- [fill = 0]
                  2000780c    00000100     driverlib.a : pin.obj (.const:g_ulPinToPadMap)
                  2000790c    000000a8                 : prcm.obj (.const:PRCM_PeriphRegsList)
                  200079b4    00000080                 : interrupt.obj (.const)

.cinit     0    20007a38    00000078     
                  20007a38    0000004e     (.cinit..data.load) [load image, compression = rle]
                  20007a86    00000002     --HOLE-- [fill = 0]
                  20007a88    0000000c     (__TI_handler_table)
                  20007a94    00000004     --HOLE-- [fill = 0]
                  20007a98    00000008     (.cinit..bss.load) [load image, compression = zero_init]
                  20007aa0    00000010     (__TI_cinit_table)

.sysmem    0    20017000    00008000     UNINITIALIZED
                  20017000    00000008     rtsv7M4_T_le_eabi.lib : memory.obj (.sysmem)
                  20017008    00007ff8     --HOLE--

.bss       0    2001f000    00004004     UNINITIALIZED
                  2001f000    00004000     main.obj (.bss:pulAdcSamples)
                  20023000    00000004     (.common:__Errorlog)

.TI.noinit 
*          0    2001f000    00000000     UNINITIALIZED

.data      0    20023008    00000160     UNINITIALIZED
                  20023008    000000b0     rtsv7M4_T_le_eabi.lib : signal.obj (.data:sigtable)
                  200230b8    00000080                           : xvalues.obj (.data)
                  20023138    0000000c                           : memory.obj (.data)
                  20023144    00000008                           : _lock.obj (.data)
                  2002314c    00000008                           : exit.obj (.data)
                  20023154    00000008                           : feraiseexcept.obj (.data)
                  2002315c    00000004                           : errno.obj (.data)
                  20023160    00000004                           : stkdepth_vars.obj (.data)
                  20023164    00000004                           : strtok.obj (.data)

.TI.persistent 
*          0    20023008    00000000     UNINITIALIZED

.stack     0    2002f000    00001000     UNINITIALIZED
                  2002f000    00001000     --HOLE--


LINKER GENERATED COPY TABLES

__TI_cinit_table @ 20007aa0 records: 2, size/record: 8, table size: 16
	.data: load addr=20007a38, load size=0000004e bytes, run addr=20023008, run size=00000160 bytes, compression=rle
	.bss: load addr=20007a98, load size=00000008 bytes, run addr=2001f000, run size=00004004 bytes, compression=zero_init


LINKER GENERATED HANDLER TABLE

__TI_handler_table @ 20007a88 records: 3, size/record: 4, table size: 12
	index: 0, handler: __TI_decompress_rle24
	index: 1, handler: __TI_decompress_none
	index: 2, handler: __TI_zero_init


GLOBAL SYMBOLS: SORTED ALPHABETICALLY BY Name 

address   name                    
-------   ----                    
200071d9  ADCChannelDisable       
20007211  ADCChannelEnable        
2000764d  ADCEnable               
2000750b  ADCFIFOLvlGet           
20007595  ADCFIFORead             
20005b05  ADCParser               
200074a9  ADCTimerConfig          
200075f5  ADCTimerEnable          
2000705d  C$$EXIT                 
20007661  CPUcpsie                
200058c5  ClearTerm               
200058cf  Error                   
20005907  GetCmd                  
20005885  InitTerm                
20006865  IntEnable               
200076ed  IntMasterEnable         
20007675  IntVTableBaseSet        
200058a3  Message                 
200062e9  PRCMCC3200MCUInit       
2000760b  PRCMHIBRegRead          
20007621  PRCMHIBRegWrite         
200073f1  PRCMPeripheralClkDisable
20007161  PRCMPeripheralClkEnable 
200069a9  PRCMPeripheralClockGet  
20006e85  PRCMPeripheralReset     
20007371  PRCMSysResetCauseGet    
20006a3d  PinConfigSet            
200070a1  PinModeSet              
20007543  PinMuxConfig            
20007689  PinTypeADC              
2000757b  PinTypeUART             
20005bb9  ReadFromUser            
20005a45  Report                  
200076d3  ResetISR                
UNDEFED   SHT$$INIT_ARRAY$$Base   
UNDEFED   SHT$$INIT_ARRAY$$Limit  
200059ad  TrimSpace               
20007527  UARTCharGetNonBlocking  
200074ed  UARTCharPut             
200075ad  UARTCharsAvail          
20006cd3  UARTConfigSetExpClk     
200072b5  UARTDisable             
20007419  UARTEnable              
20005b7f  UsageDisplay            
200076f7  UtilsDelay              
200073c7  _Dclass                 
200230b8  _Denorm                 
200067a5  _Dnorm                  
20006599  _Dscale                 
20006e1f  _Dunscale               
200230c8  _Eps                    
2002315c  _Errno                  
20023154  _Fenv                   
200072e5  _Feraise                
200230d8  _Hugeval                
200230e8  _Inf                    
200230f8  _Nan                    
20023118  _Rteps                  
20023108  _Snan                   
20023158  _Tls_setup__Fenv        
20023128  _Xbig                   
20023130  _Zero                   
20030000  __STACK_END             
00001000  __STACK_SIZE            
00008000  __SYSMEM_SIZE           
20007aa0  __TI_CINIT_Base         
20007ab0  __TI_CINIT_Limit        
20007a88  __TI_Handler_Table_Base 
20007a94  __TI_Handler_Table_Limit
20006d49  __TI_auto_init          
2002314c  __TI_cleanup_ptr        
200076c5  __TI_decompress_none    
200076fd  __TI_decompress_rle24   
20023150  __TI_dtors_ptr          
200051a1  __TI_printfi            
20007a38  __TI_static_base__      
200076e1  __TI_zero_init          
20006b4d  __aeabi_cdcmpeq         
20006b4d  __aeabi_cdcmple         
20006bd3  __aeabi_cdrcmple        
20006fcd  __aeabi_d2iz            
2000613b  __aeabi_dadd            
20006461  __aeabi_ddiv            
200066a9  __aeabi_dmul            
20006131  __aeabi_dsub            
20007249  __aeabi_f2d             
20007315  __aeabi_i2d             
20006c59  __aeabi_memclr          
20006c59  __aeabi_memclr4         
20006c59  __aeabi_memclr8         
2000690d  __aeabi_memcpy          
2000690d  __aeabi_memcpy4         
2000690d  __aeabi_memcpy8         
20006c5b  __aeabi_memset          
20006c5b  __aeabi_memset4         
20006c5b  __aeabi_memset8         
20007485  __aeabi_ui2f            
20005f3d  __aeabi_uldivmod        
ffffffff  __binit__               
ffffffff  __c_args__              
2002f000  __stack                 
200075c5  _args_main              
2000719d  _c_int00                
20007708  _ctypes_                
20023144  _lock                   
200076ab  _nop                    
200076a3  _register_lock          
2000769d  _register_unlock        
20017000  _sys_memory             
20007703  _system_pre_init        
20023148  _unlock                 
20007061  abort                   
20006f35  atoi                    
ffffffff  binit                   
20005851  calloc                  
20006f81  copy_in                 
20007069  exit                    
20007281  feraiseexcept           
2000559f  free                    
200074cb  frexp                   
20004000  g_pfnVectors            
20007015  ldexp                   
20006edd  ltoa                    
20005d6b  main                    
20023160  main_func_sp            
20005537  malloc                  
2000576d  memalign                
2000755f  memccpy                 
2000690d  memcpy                  
2000743d  memmove                 
20006c61  memset                  
200054a9  minit                   
2001f000  pulAdcSamples           
20007343  raise                   
20005661  realloc                 
200070e1  signal                  
20007637  strchr                  
200075dd  strcmp                  
20007461  strcspn                 
200076b1  strlen                  
2000739d  strspn                  
20007121  strtok                  
20006ac5  vsnprintf               


GLOBAL SYMBOLS: SORTED BY Symbol Address 

address   name                    
-------   ----                    
00001000  __STACK_SIZE            
00008000  __SYSMEM_SIZE           
20004000  g_pfnVectors            
200051a1  __TI_printfi            
200054a9  minit                   
20005537  malloc                  
2000559f  free                    
20005661  realloc                 
2000576d  memalign                
20005851  calloc                  
20005885  InitTerm                
200058a3  Message                 
200058c5  ClearTerm               
200058cf  Error                   
20005907  GetCmd                  
200059ad  TrimSpace               
20005a45  Report                  
20005b05  ADCParser               
20005b7f  UsageDisplay            
20005bb9  ReadFromUser            
20005d6b  main                    
20005f3d  __aeabi_uldivmod        
20006131  __aeabi_dsub            
2000613b  __aeabi_dadd            
200062e9  PRCMCC3200MCUInit       
20006461  __aeabi_ddiv            
20006599  _Dscale                 
200066a9  __aeabi_dmul            
200067a5  _Dnorm                  
20006865  IntEnable               
2000690d  __aeabi_memcpy          
2000690d  __aeabi_memcpy4         
2000690d  __aeabi_memcpy8         
2000690d  memcpy                  
200069a9  PRCMPeripheralClockGet  
20006a3d  PinConfigSet            
20006ac5  vsnprintf               
20006b4d  __aeabi_cdcmpeq         
20006b4d  __aeabi_cdcmple         
20006bd3  __aeabi_cdrcmple        
20006c59  __aeabi_memclr          
20006c59  __aeabi_memclr4         
20006c59  __aeabi_memclr8         
20006c5b  __aeabi_memset          
20006c5b  __aeabi_memset4         
20006c5b  __aeabi_memset8         
20006c61  memset                  
20006cd3  UARTConfigSetExpClk     
20006d49  __TI_auto_init          
20006e1f  _Dunscale               
20006e85  PRCMPeripheralReset     
20006edd  ltoa                    
20006f35  atoi                    
20006f81  copy_in                 
20006fcd  __aeabi_d2iz            
20007015  ldexp                   
2000705d  C$$EXIT                 
20007061  abort                   
20007069  exit                    
200070a1  PinModeSet              
200070e1  signal                  
20007121  strtok                  
20007161  PRCMPeripheralClkEnable 
2000719d  _c_int00                
200071d9  ADCChannelDisable       
20007211  ADCChannelEnable        
20007249  __aeabi_f2d             
20007281  feraiseexcept           
200072b5  UARTDisable             
200072e5  _Feraise                
20007315  __aeabi_i2d             
20007343  raise                   
20007371  PRCMSysResetCauseGet    
2000739d  strspn                  
200073c7  _Dclass                 
200073f1  PRCMPeripheralClkDisable
20007419  UARTEnable              
2000743d  memmove                 
20007461  strcspn                 
20007485  __aeabi_ui2f            
200074a9  ADCTimerConfig          
200074cb  frexp                   
200074ed  UARTCharPut             
2000750b  ADCFIFOLvlGet           
20007527  UARTCharGetNonBlocking  
20007543  PinMuxConfig            
2000755f  memccpy                 
2000757b  PinTypeUART             
20007595  ADCFIFORead             
200075ad  UARTCharsAvail          
200075c5  _args_main              
200075dd  strcmp                  
200075f5  ADCTimerEnable          
2000760b  PRCMHIBRegRead          
20007621  PRCMHIBRegWrite         
20007637  strchr                  
2000764d  ADCEnable               
20007661  CPUcpsie                
20007675  IntVTableBaseSet        
20007689  PinTypeADC              
2000769d  _register_unlock        
200076a3  _register_lock          
200076ab  _nop                    
200076b1  strlen                  
200076c5  __TI_decompress_none    
200076d3  ResetISR                
200076e1  __TI_zero_init          
200076ed  IntMasterEnable         
200076f7  UtilsDelay              
200076fd  __TI_decompress_rle24   
20007703  _system_pre_init        
20007708  _ctypes_                
20007a38  __TI_static_base__      
20007a88  __TI_Handler_Table_Base 
20007a94  __TI_Handler_Table_Limit
20007aa0  __TI_CINIT_Base         
20007ab0  __TI_CINIT_Limit        
20017000  _sys_memory             
2001f000  pulAdcSamples           
200230b8  _Denorm                 
200230c8  _Eps                    
200230d8  _Hugeval                
200230e8  _Inf                    
200230f8  _Nan                    
20023108  _Snan                   
20023118  _Rteps                  
20023128  _Xbig                   
20023130  _Zero                   
20023144  _lock                   
20023148  _unlock                 
2002314c  __TI_cleanup_ptr        
20023150  __TI_dtors_ptr          
20023154  _Fenv                   
20023158  _Tls_setup__Fenv        
2002315c  _Errno                  
20023160  main_func_sp            
2002f000  __stack                 
20030000  __STACK_END             
ffffffff  __binit__               
ffffffff  __c_args__              
ffffffff  binit                   
UNDEFED   SHT$$INIT_ARRAY$$Base   
UNDEFED   SHT$$INIT_ARRAY$$Limit  

[143 symbols]
