<?xml version="1.0"?>
<link_info>
   <banner>TI ARM Linker PC v5.2.5</banner>
   <copyright>Copyright (c) 1996-2015 Texas Instruments Incorporated</copyright>
   <link_time>0x570714b4</link_time>
   <link_errors>0x3</link_errors>
   <output_file>get_time.out</output_file>
   <entry_point>
      <name>_c_int00</name>
      <address>0x20009035</address>
   </entry_point>
   <input_file_list>
      <input_file id="fl-2">
         <path>.\</path>
         <kind>object</kind>
         <file>gpio_if.obj</file>
         <name>gpio_if.obj</name>
      </input_file>
      <input_file id="fl-3">
         <path>.\</path>
         <kind>object</kind>
         <file>main.obj</file>
         <name>main.obj</name>
      </input_file>
      <input_file id="fl-4">
         <path>.\</path>
         <kind>object</kind>
         <file>network_common.obj</file>
         <name>network_common.obj</name>
      </input_file>
      <input_file id="fl-5">
         <path>.\</path>
         <kind>object</kind>
         <file>network_if.obj</file>
         <name>network_if.obj</name>
      </input_file>
      <input_file id="fl-6">
         <path>.\</path>
         <kind>object</kind>
         <file>pinmux.obj</file>
         <name>pinmux.obj</name>
      </input_file>
      <input_file id="fl-7">
         <path>.\</path>
         <kind>object</kind>
         <file>startup_ccs.obj</file>
         <name>startup_ccs.obj</name>
      </input_file>
      <input_file id="fl-8">
         <path>.\</path>
         <kind>object</kind>
         <file>timer_if.obj</file>
         <name>timer_if.obj</name>
      </input_file>
      <input_file id="fl-9">
         <path>.\</path>
         <kind>object</kind>
         <file>uart_if.obj</file>
         <name>uart_if.obj</name>
      </input_file>
      <input_file id="fl-a">
         <path>.\</path>
         <kind>object</kind>
         <file>udma_if.obj</file>
         <name>udma_if.obj</name>
      </input_file>
      <input_file id="fl-131">
         <path>C:\ti\ccsv6\tools\compiler\ti-cgt-arm_5.2.5\lib\</path>
         <kind>archive</kind>
         <file>rtsv7M4_T_le_eabi.lib</file>
         <name>boot.obj</name>
      </input_file>
      <input_file id="fl-132">
         <path>C:\ti\ccsv6\tools\compiler\ti-cgt-arm_5.2.5\lib\</path>
         <kind>archive</kind>
         <file>rtsv7M4_T_le_eabi.lib</file>
         <name>copy_decompress_none.obj</name>
      </input_file>
      <input_file id="fl-133">
         <path>C:\ti\ccsv6\tools\compiler\ti-cgt-arm_5.2.5\lib\</path>
         <kind>archive</kind>
         <file>rtsv7M4_T_le_eabi.lib</file>
         <name>copy_decompress_rle.obj</name>
      </input_file>
      <input_file id="fl-134">
         <path>C:\ti\ccsv6\tools\compiler\ti-cgt-arm_5.2.5\lib\</path>
         <kind>archive</kind>
         <file>rtsv7M4_T_le_eabi.lib</file>
         <name>copy_zero_init.obj</name>
      </input_file>
      <input_file id="fl-135">
         <path>C:\ti\ccsv6\tools\compiler\ti-cgt-arm_5.2.5\lib\</path>
         <kind>archive</kind>
         <file>rtsv7M4_T_le_eabi.lib</file>
         <name>exit.obj</name>
      </input_file>
      <input_file id="fl-136">
         <path>C:\ti\ccsv6\tools\compiler\ti-cgt-arm_5.2.5\lib\</path>
         <kind>archive</kind>
         <file>rtsv7M4_T_le_eabi.lib</file>
         <name>memcpy_t2.obj</name>
      </input_file>
      <input_file id="fl-137">
         <path>C:\ti\ccsv6\tools\compiler\ti-cgt-arm_5.2.5\lib\</path>
         <kind>archive</kind>
         <file>rtsv7M4_T_le_eabi.lib</file>
         <name>memmov.obj</name>
      </input_file>
      <input_file id="fl-138">
         <path>C:\ti\ccsv6\tools\compiler\ti-cgt-arm_5.2.5\lib\</path>
         <kind>archive</kind>
         <file>rtsv7M4_T_le_eabi.lib</file>
         <name>memory.obj</name>
      </input_file>
      <input_file id="fl-139">
         <path>C:\ti\ccsv6\tools\compiler\ti-cgt-arm_5.2.5\lib\</path>
         <kind>archive</kind>
         <file>rtsv7M4_T_le_eabi.lib</file>
         <name>memset_t2.obj</name>
      </input_file>
      <input_file id="fl-13a">
         <path>C:\ti\ccsv6\tools\compiler\ti-cgt-arm_5.2.5\lib\</path>
         <kind>archive</kind>
         <file>rtsv7M4_T_le_eabi.lib</file>
         <name>pre_init.obj</name>
      </input_file>
      <input_file id="fl-13b">
         <path>C:\ti\ccsv6\tools\compiler\ti-cgt-arm_5.2.5\lib\</path>
         <kind>archive</kind>
         <file>rtsv7M4_T_le_eabi.lib</file>
         <name>stkdepth_vars.obj</name>
      </input_file>
      <input_file id="fl-13c">
         <path>C:\ti\ccsv6\tools\compiler\ti-cgt-arm_5.2.5\lib\</path>
         <kind>archive</kind>
         <file>rtsv7M4_T_le_eabi.lib</file>
         <name>strlen.obj</name>
      </input_file>
      <input_file id="fl-13d">
         <path>C:\ti\ccsv6\tools\compiler\ti-cgt-arm_5.2.5\lib\</path>
         <kind>archive</kind>
         <file>rtsv7M4_T_le_eabi.lib</file>
         <name>strncpy.obj</name>
      </input_file>
      <input_file id="fl-13e">
         <path>C:\ti\ccsv6\tools\compiler\ti-cgt-arm_5.2.5\lib\</path>
         <kind>archive</kind>
         <file>rtsv7M4_T_le_eabi.lib</file>
         <name>vsnprintf.obj</name>
      </input_file>
      <input_file id="fl-13f">
         <path>C:\ti\ccsv6\tools\compiler\ti-cgt-arm_5.2.5\lib\</path>
         <kind>archive</kind>
         <file>rtsv7M4_T_le_eabi.lib</file>
         <name>_lock.obj</name>
      </input_file>
      <input_file id="fl-140">
         <path>C:\ti\ccsv6\tools\compiler\ti-cgt-arm_5.2.5\lib\</path>
         <kind>archive</kind>
         <file>rtsv7M4_T_le_eabi.lib</file>
         <name>_printfi.obj</name>
      </input_file>
      <input_file id="fl-141">
         <path>C:\ti\ccsv6\tools\compiler\ti-cgt-arm_5.2.5\lib\</path>
         <kind>archive</kind>
         <file>rtsv7M4_T_le_eabi.lib</file>
         <name>args_main.obj</name>
      </input_file>
      <input_file id="fl-142">
         <path>C:\ti\ccsv6\tools\compiler\ti-cgt-arm_5.2.5\lib\</path>
         <kind>archive</kind>
         <file>rtsv7M4_T_le_eabi.lib</file>
         <name>atoi.obj</name>
      </input_file>
      <input_file id="fl-143">
         <path>C:\ti\ccsv6\tools\compiler\ti-cgt-arm_5.2.5\lib\</path>
         <kind>archive</kind>
         <file>rtsv7M4_T_le_eabi.lib</file>
         <name>autoinit.obj</name>
      </input_file>
      <input_file id="fl-144">
         <path>C:\ti\ccsv6\tools\compiler\ti-cgt-arm_5.2.5\lib\</path>
         <kind>archive</kind>
         <file>rtsv7M4_T_le_eabi.lib</file>
         <name>cpy_tbl.obj</name>
      </input_file>
      <input_file id="fl-145">
         <path>C:\ti\ccsv6\tools\compiler\ti-cgt-arm_5.2.5\lib\</path>
         <kind>archive</kind>
         <file>rtsv7M4_T_le_eabi.lib</file>
         <name>ctype.obj</name>
      </input_file>
      <input_file id="fl-146">
         <path>C:\ti\ccsv6\tools\compiler\ti-cgt-arm_5.2.5\lib\</path>
         <kind>archive</kind>
         <file>rtsv7M4_T_le_eabi.lib</file>
         <name>fd_add_t2.obj</name>
      </input_file>
      <input_file id="fl-147">
         <path>C:\ti\ccsv6\tools\compiler\ti-cgt-arm_5.2.5\lib\</path>
         <kind>archive</kind>
         <file>rtsv7M4_T_le_eabi.lib</file>
         <name>fd_cmp_t2.obj</name>
      </input_file>
      <input_file id="fl-148">
         <path>C:\ti\ccsv6\tools\compiler\ti-cgt-arm_5.2.5\lib\</path>
         <kind>archive</kind>
         <file>rtsv7M4_T_le_eabi.lib</file>
         <name>fd_div_t2.obj</name>
      </input_file>
      <input_file id="fl-149">
         <path>C:\ti\ccsv6\tools\compiler\ti-cgt-arm_5.2.5\lib\</path>
         <kind>archive</kind>
         <file>rtsv7M4_T_le_eabi.lib</file>
         <name>fd_mul_t2.obj</name>
      </input_file>
      <input_file id="fl-14a">
         <path>C:\ti\ccsv6\tools\compiler\ti-cgt-arm_5.2.5\lib\</path>
         <kind>archive</kind>
         <file>rtsv7M4_T_le_eabi.lib</file>
         <name>fd_toi_t2.obj</name>
      </input_file>
      <input_file id="fl-14b">
         <path>C:\ti\ccsv6\tools\compiler\ti-cgt-arm_5.2.5\lib\</path>
         <kind>archive</kind>
         <file>rtsv7M4_T_le_eabi.lib</file>
         <name>frexp.obj</name>
      </input_file>
      <input_file id="fl-14c">
         <path>C:\ti\ccsv6\tools\compiler\ti-cgt-arm_5.2.5\lib\</path>
         <kind>archive</kind>
         <file>rtsv7M4_T_le_eabi.lib</file>
         <name>i_tofd_t2.obj</name>
      </input_file>
      <input_file id="fl-14d">
         <path>C:\ti\ccsv6\tools\compiler\ti-cgt-arm_5.2.5\lib\</path>
         <kind>archive</kind>
         <file>rtsv7M4_T_le_eabi.lib</file>
         <name>ldexp.obj</name>
      </input_file>
      <input_file id="fl-14e">
         <path>C:\ti\ccsv6\tools\compiler\ti-cgt-arm_5.2.5\lib\</path>
         <kind>archive</kind>
         <file>rtsv7M4_T_le_eabi.lib</file>
         <name>ltoa.obj</name>
      </input_file>
      <input_file id="fl-14f">
         <path>C:\ti\ccsv6\tools\compiler\ti-cgt-arm_5.2.5\lib\</path>
         <kind>archive</kind>
         <file>rtsv7M4_T_le_eabi.lib</file>
         <name>memccpy.obj</name>
      </input_file>
      <input_file id="fl-150">
         <path>C:\ti\ccsv6\tools\compiler\ti-cgt-arm_5.2.5\lib\</path>
         <kind>archive</kind>
         <file>rtsv7M4_T_le_eabi.lib</file>
         <name>strchr.obj</name>
      </input_file>
      <input_file id="fl-151">
         <path>C:\ti\ccsv6\tools\compiler\ti-cgt-arm_5.2.5\lib\</path>
         <kind>archive</kind>
         <file>rtsv7M4_T_le_eabi.lib</file>
         <name>ull_div_t2.obj</name>
      </input_file>
      <input_file id="fl-152">
         <path>C:\ti\ccsv6\tools\compiler\ti-cgt-arm_5.2.5\lib\</path>
         <kind>archive</kind>
         <file>rtsv7M4_T_le_eabi.lib</file>
         <name>xdclass.obj</name>
      </input_file>
      <input_file id="fl-153">
         <path>C:\ti\ccsv6\tools\compiler\ti-cgt-arm_5.2.5\lib\</path>
         <kind>archive</kind>
         <file>rtsv7M4_T_le_eabi.lib</file>
         <name>xdscale.obj</name>
      </input_file>
      <input_file id="fl-154">
         <path>C:\ti\ccsv6\tools\compiler\ti-cgt-arm_5.2.5\lib\</path>
         <kind>archive</kind>
         <file>rtsv7M4_T_le_eabi.lib</file>
         <name>xdunscal.obj</name>
      </input_file>
      <input_file id="fl-155">
         <path>C:\ti\ccsv6\tools\compiler\ti-cgt-arm_5.2.5\lib\</path>
         <kind>archive</kind>
         <file>rtsv7M4_T_le_eabi.lib</file>
         <name>xferaise.obj</name>
      </input_file>
      <input_file id="fl-156">
         <path>C:\ti\ccsv6\tools\compiler\ti-cgt-arm_5.2.5\lib\</path>
         <kind>archive</kind>
         <file>rtsv7M4_T_le_eabi.lib</file>
         <name>xvalues.obj</name>
      </input_file>
      <input_file id="fl-157">
         <path>C:\ti\ccsv6\tools\compiler\ti-cgt-arm_5.2.5\lib\</path>
         <kind>archive</kind>
         <file>rtsv7M4_T_le_eabi.lib</file>
         <name>errno.obj</name>
      </input_file>
      <input_file id="fl-158">
         <path>C:\ti\ccsv6\tools\compiler\ti-cgt-arm_5.2.5\lib\</path>
         <kind>archive</kind>
         <file>rtsv7M4_T_le_eabi.lib</file>
         <name>feraiseexcept.obj</name>
      </input_file>
      <input_file id="fl-159">
         <path>C:\ti\ccsv6\tools\compiler\ti-cgt-arm_5.2.5\lib\</path>
         <kind>archive</kind>
         <file>rtsv7M4_T_le_eabi.lib</file>
         <name>raise.obj</name>
      </input_file>
      <input_file id="fl-15a">
         <path>C:\ti\ccsv6\tools\compiler\ti-cgt-arm_5.2.5\lib\</path>
         <kind>archive</kind>
         <file>rtsv7M4_T_le_eabi.lib</file>
         <name>signal.obj</name>
      </input_file>
      <input_file id="fl-15b">
         <path>C:\ti\ccsv6\tools\compiler\ti-cgt-arm_5.2.5\lib\</path>
         <kind>archive</kind>
         <file>rtsv7M4_T_le_eabi.lib</file>
         <name>xdnorm.obj</name>
      </input_file>
      <input_file id="fl-15c">
         <path>C:\ti\CC3200SDK_1.2.0\cc3200-sdk\driverlib\ccs\Release\</path>
         <kind>archive</kind>
         <file>driverlib.a</file>
         <name>gpio.obj</name>
      </input_file>
      <input_file id="fl-15d">
         <path>C:\ti\CC3200SDK_1.2.0\cc3200-sdk\driverlib\ccs\Release\</path>
         <kind>archive</kind>
         <file>driverlib.a</file>
         <name>interrupt.obj</name>
      </input_file>
      <input_file id="fl-15e">
         <path>C:\ti\CC3200SDK_1.2.0\cc3200-sdk\driverlib\ccs\Release\</path>
         <kind>archive</kind>
         <file>driverlib.a</file>
         <name>pin.obj</name>
      </input_file>
      <input_file id="fl-15f">
         <path>C:\ti\CC3200SDK_1.2.0\cc3200-sdk\driverlib\ccs\Release\</path>
         <kind>archive</kind>
         <file>driverlib.a</file>
         <name>prcm.obj</name>
      </input_file>
      <input_file id="fl-160">
         <path>C:\ti\CC3200SDK_1.2.0\cc3200-sdk\driverlib\ccs\Release\</path>
         <kind>archive</kind>
         <file>driverlib.a</file>
         <name>timer.obj</name>
      </input_file>
      <input_file id="fl-161">
         <path>C:\ti\CC3200SDK_1.2.0\cc3200-sdk\driverlib\ccs\Release\</path>
         <kind>archive</kind>
         <file>driverlib.a</file>
         <name>uart.obj</name>
      </input_file>
      <input_file id="fl-162">
         <path>C:\ti\CC3200SDK_1.2.0\cc3200-sdk\driverlib\ccs\Release\</path>
         <kind>archive</kind>
         <file>driverlib.a</file>
         <name>udma.obj</name>
      </input_file>
      <input_file id="fl-163">
         <path>C:\ti\CC3200SDK_1.2.0\cc3200-sdk\driverlib\ccs\Release\</path>
         <kind>archive</kind>
         <file>driverlib.a</file>
         <name>utils.obj</name>
      </input_file>
      <input_file id="fl-164">
         <path>C:\ti\CC3200SDK_1.2.0\cc3200-sdk\driverlib\ccs\Release\</path>
         <kind>archive</kind>
         <file>driverlib.a</file>
         <name>cpu.obj</name>
      </input_file>
      <input_file id="fl-165">
         <path>C:\ti\CC3200SDK_1.2.0\cc3200-sdk\driverlib\ccs\Release\</path>
         <kind>archive</kind>
         <file>driverlib.a</file>
         <name>flash.obj</name>
      </input_file>
   </input_file_list>
   <object_component_list>
      <object_component id="oc-cd">
         <name>.text</name>
         <load_address>0x20004000</load_address>
         <run_address>0x20004000</run_address>
         <size>0x12e0</size>
         <input_file_ref idref="fl-5"/>
      </object_component>
      <object_component id="oc-2e9">
         <name>.text</name>
         <load_address>0x200052e0</load_address>
         <run_address>0x200052e0</run_address>
         <size>0x10a6</size>
         <input_file_ref idref="fl-140"/>
      </object_component>
      <object_component id="oc-3e5">
         <name>.text:IntDefaultHandler</name>
         <load_address>0x20006386</load_address>
         <run_address>0x20006386</run_address>
         <size>0x2</size>
         <input_file_ref idref="fl-15d"/>
      </object_component>
      <object_component id="oc-90">
         <name>.text</name>
         <load_address>0x20006388</load_address>
         <run_address>0x20006388</run_address>
         <size>0x8dc</size>
         <input_file_ref idref="fl-3"/>
      </object_component>
      <object_component id="oc-16c">
         <name>.text</name>
         <load_address>0x20006c64</load_address>
         <run_address>0x20006c64</run_address>
         <size>0x3dc</size>
         <input_file_ref idref="fl-138"/>
      </object_component>
      <object_component id="oc-df">
         <name>.text</name>
         <load_address>0x20007040</load_address>
         <run_address>0x20007040</run_address>
         <size>0x394</size>
         <input_file_ref idref="fl-2"/>
      </object_component>
      <object_component id="oc-bd">
         <name>.text</name>
         <load_address>0x200073d4</load_address>
         <run_address>0x200073d4</run_address>
         <size>0x290</size>
         <input_file_ref idref="fl-9"/>
      </object_component>
      <object_component id="oc-373">
         <name>.text</name>
         <load_address>0x20007664</load_address>
         <run_address>0x20007664</run_address>
         <size>0x1f4</size>
         <input_file_ref idref="fl-151"/>
      </object_component>
      <object_component id="oc-e5">
         <name>.text</name>
         <load_address>0x20007858</load_address>
         <run_address>0x20007858</run_address>
         <size>0x1c0</size>
         <input_file_ref idref="fl-8"/>
      </object_component>
      <object_component id="oc-10e">
         <name>.text</name>
         <load_address>0x20007a18</load_address>
         <run_address>0x20007a18</run_address>
         <size>0x1c0</size>
         <input_file_ref idref="fl-a"/>
      </object_component>
      <object_component id="oc-39c">
         <name>.text</name>
         <load_address>0x20007bd8</load_address>
         <run_address>0x20007bd8</run_address>
         <size>0x1b6</size>
         <input_file_ref idref="fl-146"/>
      </object_component>
      <object_component id="oc-105">
         <name>.text:PRCMCC3200MCUInit</name>
         <load_address>0x20007d90</load_address>
         <run_address>0x20007d90</run_address>
         <size>0x178</size>
         <input_file_ref idref="fl-15f"/>
      </object_component>
      <object_component id="oc-382">
         <name>.text</name>
         <load_address>0x20007f08</load_address>
         <run_address>0x20007f08</run_address>
         <size>0x136</size>
         <input_file_ref idref="fl-148"/>
      </object_component>
      <object_component id="oc-407">
         <name>.text</name>
         <load_address>0x20008040</load_address>
         <run_address>0x20008040</run_address>
         <size>0x110</size>
         <input_file_ref idref="fl-153"/>
      </object_component>
      <object_component id="oc-37d">
         <name>.text</name>
         <load_address>0x20008150</load_address>
         <run_address>0x20008150</run_address>
         <size>0xfc</size>
         <input_file_ref idref="fl-149"/>
      </object_component>
      <object_component id="oc-2a9">
         <name>.text:uDMAChannelTransferSet</name>
         <load_address>0x2000824c</load_address>
         <run_address>0x2000824c</run_address>
         <size>0xf0</size>
         <input_file_ref idref="fl-162"/>
      </object_component>
      <object_component id="oc-42d">
         <name>.text</name>
         <load_address>0x2000833c</load_address>
         <run_address>0x2000833c</run_address>
         <size>0xbe</size>
         <input_file_ref idref="fl-15b"/>
      </object_component>
      <object_component id="oc-32b">
         <name>.text:IntDisable</name>
         <load_address>0x200083fc</load_address>
         <run_address>0x200083fc</run_address>
         <size>0xa8</size>
         <input_file_ref idref="fl-15d"/>
      </object_component>
      <object_component id="oc-ff">
         <name>.text:IntEnable</name>
         <load_address>0x200084a4</load_address>
         <run_address>0x200084a4</run_address>
         <size>0xa8</size>
         <input_file_ref idref="fl-15d"/>
      </object_component>
      <object_component id="oc-2a">
         <name>.text</name>
         <load_address>0x2000854c</load_address>
         <run_address>0x2000854c</run_address>
         <size>0x9c</size>
         <input_file_ref idref="fl-136"/>
      </object_component>
      <object_component id="oc-13c">
         <name>.text:PRCMPeripheralClockGet</name>
         <load_address>0x200085e8</load_address>
         <run_address>0x200085e8</run_address>
         <size>0x94</size>
         <input_file_ref idref="fl-15f"/>
      </object_component>
      <object_component id="oc-368">
         <name>.text:PinConfigSet</name>
         <load_address>0x2000867c</load_address>
         <run_address>0x2000867c</run_address>
         <size>0x88</size>
         <input_file_ref idref="fl-15e"/>
      </object_component>
      <object_component id="oc-14e">
         <name>.text</name>
         <load_address>0x20008704</load_address>
         <run_address>0x20008704</run_address>
         <size>0x88</size>
         <input_file_ref idref="fl-13e"/>
      </object_component>
      <object_component id="oc-378">
         <name>.text:__aeabi_cdcmple</name>
         <load_address>0x2000878c</load_address>
         <run_address>0x2000878c</run_address>
         <size>0x86</size>
         <input_file_ref idref="fl-147"/>
      </object_component>
      <object_component id="oc-387">
         <name>.text:__aeabi_cdrcmple</name>
         <load_address>0x20008812</load_address>
         <run_address>0x20008812</run_address>
         <size>0x86</size>
         <input_file_ref idref="fl-147"/>
      </object_component>
      <object_component id="oc-1cb">
         <name>.text:GPIOIntTypeSet</name>
         <load_address>0x20008898</load_address>
         <run_address>0x20008898</run_address>
         <size>0x82</size>
         <input_file_ref idref="fl-15c"/>
      </object_component>
      <object_component id="oc-43">
         <name>.text</name>
         <load_address>0x2000891a</load_address>
         <run_address>0x2000891a</run_address>
         <size>0x7a</size>
         <input_file_ref idref="fl-139"/>
      </object_component>
      <object_component id="oc-142">
         <name>.text:UARTConfigSetExpClk</name>
         <load_address>0x20008994</load_address>
         <run_address>0x20008994</run_address>
         <size>0x76</size>
         <input_file_ref idref="fl-161"/>
      </object_component>
      <object_component id="oc-55">
         <name>.text</name>
         <load_address>0x20008a0c</load_address>
         <run_address>0x20008a0c</run_address>
         <size>0x6c</size>
         <input_file_ref idref="fl-143"/>
      </object_component>
      <object_component id="oc-36">
         <name>.text</name>
         <load_address>0x20008a78</load_address>
         <run_address>0x20008a78</run_address>
         <size>0x6a</size>
         <input_file_ref idref="fl-133"/>
      </object_component>
      <object_component id="oc-228">
         <name>.text:TimerIntUnregister</name>
         <load_address>0x20008ae4</load_address>
         <run_address>0x20008ae4</run_address>
         <size>0x68</size>
         <input_file_ref idref="fl-160"/>
      </object_component>
      <object_component id="oc-3ff">
         <name>.text</name>
         <load_address>0x20008b4c</load_address>
         <run_address>0x20008b4c</run_address>
         <size>0x66</size>
         <input_file_ref idref="fl-154"/>
      </object_component>
      <object_component id="oc-27f">
         <name>.text:uDMAChannelAttributeDisable</name>
         <load_address>0x20008bb4</load_address>
         <run_address>0x20008bb4</run_address>
         <size>0x64</size>
         <input_file_ref idref="fl-162"/>
      </object_component>
      <object_component id="oc-2a3">
         <name>.text:uDMAChannelAttributeEnable</name>
         <load_address>0x20008c18</load_address>
         <run_address>0x20008c18</run_address>
         <size>0x64</size>
         <input_file_ref idref="fl-162"/>
      </object_component>
      <object_component id="oc-1f8">
         <name>.text:PRCMPeripheralReset</name>
         <load_address>0x20008c7c</load_address>
         <run_address>0x20008c7c</run_address>
         <size>0x58</size>
         <input_file_ref idref="fl-15f"/>
      </object_component>
      <object_component id="oc-391">
         <name>.text</name>
         <load_address>0x20008cd4</load_address>
         <run_address>0x20008cd4</run_address>
         <size>0x56</size>
         <input_file_ref idref="fl-14e"/>
      </object_component>
      <object_component id="oc-114">
         <name>.text</name>
         <load_address>0x20008d2c</load_address>
         <run_address>0x20008d2c</run_address>
         <size>0x50</size>
         <input_file_ref idref="fl-6"/>
      </object_component>
      <object_component id="oc-3bf">
         <name>.text</name>
         <load_address>0x20008d7c</load_address>
         <run_address>0x20008d7c</run_address>
         <size>0x4c</size>
         <input_file_ref idref="fl-142"/>
      </object_component>
      <object_component id="oc-88">
         <name>.text</name>
         <load_address>0x20008dc8</load_address>
         <run_address>0x20008dc8</run_address>
         <size>0x4c</size>
         <input_file_ref idref="fl-144"/>
      </object_component>
      <object_component id="oc-279">
         <name>.text:uDMAChannelAssign</name>
         <load_address>0x20008e14</load_address>
         <run_address>0x20008e14</run_address>
         <size>0x4c</size>
         <input_file_ref idref="fl-162"/>
      </object_component>
      <object_component id="oc-38c">
         <name>.text</name>
         <load_address>0x20008e60</load_address>
         <run_address>0x20008e60</run_address>
         <size>0x48</size>
         <input_file_ref idref="fl-14a"/>
      </object_component>
      <object_component id="oc-3a7">
         <name>.text</name>
         <load_address>0x20008ea8</load_address>
         <run_address>0x20008ea8</run_address>
         <size>0x46</size>
         <input_file_ref idref="fl-14d"/>
      </object_component>
      <object_component id="oc-1fe">
         <name>.text:TimerConfigure</name>
         <load_address>0x20008ef0</load_address>
         <run_address>0x20008ef0</run_address>
         <size>0x44</size>
         <input_file_ref idref="fl-160"/>
      </object_component>
      <object_component id="oc-61">
         <name>.text</name>
         <load_address>0x20008f34</load_address>
         <run_address>0x20008f34</run_address>
         <size>0x44</size>
         <input_file_ref idref="fl-135"/>
      </object_component>
      <object_component id="oc-362">
         <name>.text:PinModeSet</name>
         <load_address>0x20008f78</load_address>
         <run_address>0x20008f78</run_address>
         <size>0x40</size>
         <input_file_ref idref="fl-15e"/>
      </object_component>
      <object_component id="oc-472">
         <name>.text</name>
         <load_address>0x20008fb8</load_address>
         <run_address>0x20008fb8</run_address>
         <size>0x40</size>
         <input_file_ref idref="fl-15a"/>
      </object_component>
      <object_component id="oc-1f2">
         <name>.text:PRCMPeripheralClkEnable</name>
         <load_address>0x20008ff8</load_address>
         <run_address>0x20008ff8</run_address>
         <size>0x3c</size>
         <input_file_ref idref="fl-15f"/>
      </object_component>
      <object_component id="oc-21">
         <name>.text</name>
         <load_address>0x20009034</load_address>
         <run_address>0x20009034</run_address>
         <size>0x3c</size>
         <input_file_ref idref="fl-131"/>
      </object_component>
      <object_component id="oc-29d">
         <name>.text:uDMAChannelControlSet</name>
         <load_address>0x20009070</load_address>
         <run_address>0x20009070</run_address>
         <size>0x3c</size>
         <input_file_ref idref="fl-162"/>
      </object_component>
      <object_component id="oc-2d0">
         <name>.text:GPIODirModeSet</name>
         <load_address>0x200090ac</load_address>
         <run_address>0x200090ac</run_address>
         <size>0x36</size>
         <input_file_ref idref="fl-15c"/>
      </object_component>
      <object_component id="oc-43c">
         <name>.text</name>
         <load_address>0x200090e4</load_address>
         <run_address>0x200090e4</run_address>
         <size>0x34</size>
         <input_file_ref idref="fl-158"/>
      </object_component>
      <object_component id="oc-2ca">
         <name>.text:PinTypeGPIO</name>
         <load_address>0x20009118</load_address>
         <run_address>0x20009118</run_address>
         <size>0x30</size>
         <input_file_ref idref="fl-15e"/>
      </object_component>
      <object_component id="oc-2db">
         <name>.text:UARTDisable</name>
         <load_address>0x20009148</load_address>
         <run_address>0x20009148</run_address>
         <size>0x30</size>
         <input_file_ref idref="fl-161"/>
      </object_component>
      <object_component id="oc-1b7">
         <name>.text</name>
         <load_address>0x20009178</load_address>
         <run_address>0x20009178</run_address>
         <size>0x30</size>
         <input_file_ref idref="fl-13d"/>
      </object_component>
      <object_component id="oc-40d">
         <name>.text</name>
         <load_address>0x200091a8</load_address>
         <run_address>0x200091a8</run_address>
         <size>0x30</size>
         <input_file_ref idref="fl-155"/>
      </object_component>
      <object_component id="oc-397">
         <name>.text</name>
         <load_address>0x200091d8</load_address>
         <run_address>0x200091d8</run_address>
         <size>0x2e</size>
         <input_file_ref idref="fl-14c"/>
      </object_component>
      <object_component id="oc-462">
         <name>.text</name>
         <load_address>0x20009206</load_address>
         <run_address>0x20009206</run_address>
         <size>0x2e</size>
         <input_file_ref idref="fl-159"/>
      </object_component>
      <object_component id="oc-246">
         <name>.text:PRCMSysResetCauseGet</name>
         <load_address>0x20009234</load_address>
         <run_address>0x20009234</run_address>
         <size>0x2c</size>
         <input_file_ref idref="fl-15f"/>
      </object_component>
      <object_component id="oc-210">
         <name>.text:TimerLoadSet</name>
         <load_address>0x20009260</load_address>
         <run_address>0x20009260</run_address>
         <size>0x2a</size>
         <input_file_ref idref="fl-160"/>
      </object_component>
      <object_component id="oc-204">
         <name>.text:TimerPrescaleSet</name>
         <load_address>0x2000928a</load_address>
         <run_address>0x2000928a</run_address>
         <size>0x2a</size>
         <input_file_ref idref="fl-160"/>
      </object_component>
      <object_component id="oc-3b3">
         <name>.text</name>
         <load_address>0x200092b4</load_address>
         <run_address>0x200092b4</run_address>
         <size>0x2a</size>
         <input_file_ref idref="fl-152"/>
      </object_component>
      <object_component id="oc-258">
         <name>.text:PRCMPeripheralClkDisable</name>
         <load_address>0x200092e0</load_address>
         <run_address>0x200092e0</run_address>
         <size>0x28</size>
         <input_file_ref idref="fl-15f"/>
      </object_component>
      <object_component id="oc-331">
         <name>.text:IntUnregister</name>
         <load_address>0x20009308</load_address>
         <run_address>0x20009308</run_address>
         <size>0x24</size>
         <input_file_ref idref="fl-15d"/>
      </object_component>
      <object_component id="oc-2e1">
         <name>.text:UARTEnable</name>
         <load_address>0x2000932c</load_address>
         <run_address>0x2000932c</run_address>
         <size>0x24</size>
         <input_file_ref idref="fl-161"/>
      </object_component>
      <object_component id="oc-166">
         <name>.text</name>
         <load_address>0x20009350</load_address>
         <run_address>0x20009350</run_address>
         <size>0x24</size>
         <input_file_ref idref="fl-137"/>
      </object_component>
      <object_component id="oc-3a1">
         <name>.text</name>
         <load_address>0x20009374</load_address>
         <run_address>0x20009374</run_address>
         <size>0x22</size>
         <input_file_ref idref="fl-14b"/>
      </object_component>
      <object_component id="oc-1dd">
         <name>.text:GPIOPinWrite</name>
         <load_address>0x20009396</load_address>
         <run_address>0x20009396</run_address>
         <size>0x20</size>
         <input_file_ref idref="fl-15c"/>
      </object_component>
      <object_component id="oc-21c">
         <name>.text:TimerDisable</name>
         <load_address>0x200093b6</load_address>
         <run_address>0x200093b6</run_address>
         <size>0x1e</size>
         <input_file_ref idref="fl-160"/>
      </object_component>
      <object_component id="oc-216">
         <name>.text:TimerEnable</name>
         <load_address>0x200093d4</load_address>
         <run_address>0x200093d4</run_address>
         <size>0x1e</size>
         <input_file_ref idref="fl-160"/>
      </object_component>
      <object_component id="oc-d3">
         <name>.text:TimerIntStatus</name>
         <load_address>0x200093f2</load_address>
         <run_address>0x200093f2</run_address>
         <size>0x1e</size>
         <input_file_ref idref="fl-160"/>
      </object_component>
      <object_component id="oc-148">
         <name>.text:UARTCharPut</name>
         <load_address>0x20009410</load_address>
         <run_address>0x20009410</run_address>
         <size>0x1e</size>
         <input_file_ref idref="fl-161"/>
      </object_component>
      <object_component id="oc-22e">
         <name>.text:TimerValueGet</name>
         <load_address>0x2000942e</load_address>
         <run_address>0x2000942e</run_address>
         <size>0x1c</size>
         <input_file_ref idref="fl-160"/>
      </object_component>
      <object_component id="oc-15a">
         <name>.text:UARTCharGetNonBlocking</name>
         <load_address>0x2000944a</load_address>
         <run_address>0x2000944a</run_address>
         <size>0x1c</size>
         <input_file_ref idref="fl-161"/>
      </object_component>
      <object_component id="oc-3b9">
         <name>.text</name>
         <load_address>0x20009466</load_address>
         <run_address>0x20009466</run_address>
         <size>0x1c</size>
         <input_file_ref idref="fl-14f"/>
      </object_component>
      <object_component id="oc-28b">
         <name>.text:uDMAChannelDisable</name>
         <load_address>0x20009484</load_address>
         <run_address>0x20009484</run_address>
         <size>0x1c</size>
         <input_file_ref idref="fl-162"/>
      </object_component>
      <object_component id="oc-2af">
         <name>.text:uDMAChannelEnable</name>
         <load_address>0x200094a0</load_address>
         <run_address>0x200094a0</run_address>
         <size>0x1c</size>
         <input_file_ref idref="fl-162"/>
      </object_component>
      <object_component id="oc-285">
         <name>.text:uDMAChannelRequest</name>
         <load_address>0x200094bc</load_address>
         <run_address>0x200094bc</run_address>
         <size>0x1c</size>
         <input_file_ref idref="fl-162"/>
      </object_component>
      <object_component id="oc-1d7">
         <name>.text:GPIOIntEnable</name>
         <load_address>0x200094d8</load_address>
         <run_address>0x200094d8</run_address>
         <size>0x1a</size>
         <input_file_ref idref="fl-15c"/>
      </object_component>
      <object_component id="oc-2c4">
         <name>.text:PinTypeUART</name>
         <load_address>0x200094f2</load_address>
         <run_address>0x200094f2</run_address>
         <size>0x1a</size>
         <input_file_ref idref="fl-15e"/>
      </object_component>
      <object_component id="oc-1e3">
         <name>.text:GPIOPinRead</name>
         <load_address>0x2000950c</load_address>
         <run_address>0x2000950c</run_address>
         <size>0x18</size>
         <input_file_ref idref="fl-15c"/>
      </object_component>
      <object_component id="oc-222">
         <name>.text:TimerIntDisable</name>
         <load_address>0x20009524</load_address>
         <run_address>0x20009524</run_address>
         <size>0x18</size>
         <input_file_ref idref="fl-160"/>
      </object_component>
      <object_component id="oc-20a">
         <name>.text:TimerIntEnable</name>
         <load_address>0x2000953c</load_address>
         <run_address>0x2000953c</run_address>
         <size>0x18</size>
         <input_file_ref idref="fl-160"/>
      </object_component>
      <object_component id="oc-154">
         <name>.text:UARTCharsAvail</name>
         <load_address>0x20009554</load_address>
         <run_address>0x20009554</run_address>
         <size>0x18</size>
         <input_file_ref idref="fl-161"/>
      </object_component>
      <object_component id="oc-5b">
         <name>.text</name>
         <load_address>0x2000956c</load_address>
         <run_address>0x2000956c</run_address>
         <size>0x18</size>
         <input_file_ref idref="fl-141"/>
      </object_component>
      <object_component id="oc-24c">
         <name>.text:PRCMHIBRegRead</name>
         <load_address>0x20009584</load_address>
         <run_address>0x20009584</run_address>
         <size>0x16</size>
         <input_file_ref idref="fl-15f"/>
      </object_component>
      <object_component id="oc-252">
         <name>.text:PRCMHIBRegWrite</name>
         <load_address>0x2000959a</load_address>
         <run_address>0x2000959a</run_address>
         <size>0x16</size>
         <input_file_ref idref="fl-15f"/>
      </object_component>
      <object_component id="oc-3ad">
         <name>.text</name>
         <load_address>0x200095b0</load_address>
         <run_address>0x200095b0</run_address>
         <size>0x16</size>
         <input_file_ref idref="fl-150"/>
      </object_component>
      <object_component id="oc-23b">
         <name>.text:CPUcpsie</name>
         <load_address>0x200095c6</load_address>
         <run_address>0x200095c6</run_address>
         <size>0x14</size>
         <input_file_ref idref="fl-164"/>
      </object_component>
      <object_component id="oc-1d1">
         <name>.text:GPIOIntClear</name>
         <load_address>0x200095da</load_address>
         <run_address>0x200095da</run_address>
         <size>0x14</size>
         <input_file_ref idref="fl-15c"/>
      </object_component>
      <object_component id="oc-f3">
         <name>.text:IntVTableBaseSet</name>
         <load_address>0x200095f0</load_address>
         <run_address>0x200095f0</run_address>
         <size>0x14</size>
         <input_file_ref idref="fl-15d"/>
      </object_component>
      <object_component id="oc-127">
         <name>.text</name>
         <load_address>0x20009604</load_address>
         <run_address>0x20009604</run_address>
         <size>0x14</size>
         <input_file_ref idref="fl-13f"/>
      </object_component>
      <object_component id="oc-160">
         <name>.text</name>
         <load_address>0x20009618</load_address>
         <run_address>0x20009618</run_address>
         <size>0x14</size>
         <input_file_ref idref="fl-13c"/>
      </object_component>
      <object_component id="oc-273">
         <name>.text:uDMAControlBaseSet</name>
         <load_address>0x2000962c</load_address>
         <run_address>0x2000962c</run_address>
         <size>0x14</size>
         <input_file_ref idref="fl-162"/>
      </object_component>
      <object_component id="oc-267">
         <name>.text:uDMAIntClear</name>
         <load_address>0x20009640</load_address>
         <run_address>0x20009640</run_address>
         <size>0x14</size>
         <input_file_ref idref="fl-162"/>
      </object_component>
      <object_component id="oc-d9">
         <name>.text:TimerIntClear</name>
         <load_address>0x20009654</load_address>
         <run_address>0x20009654</run_address>
         <size>0x12</size>
         <input_file_ref idref="fl-160"/>
      </object_component>
      <object_component id="oc-291">
         <name>.text:uDMAIntUnregister</name>
         <load_address>0x20009666</load_address>
         <run_address>0x20009666</run_address>
         <size>0x12</size>
         <input_file_ref idref="fl-162"/>
      </object_component>
      <object_component id="oc-f">
         <name>.text:decompress:none</name>
         <load_address>0x20009678</load_address>
         <run_address>0x20009678</run_address>
         <size>0xe</size>
         <input_file_ref idref="fl-132"/>
      </object_component>
      <object_component id="oc-1b">
         <name>.text:decompress:ZI</name>
         <load_address>0x20009686</load_address>
         <run_address>0x20009686</run_address>
         <size>0xc</size>
         <input_file_ref idref="fl-134"/>
      </object_component>
      <object_component id="oc-297">
         <name>.text:uDMADisable</name>
         <load_address>0x20009694</load_address>
         <run_address>0x20009694</run_address>
         <size>0xc</size>
         <input_file_ref idref="fl-162"/>
      </object_component>
      <object_component id="oc-26d">
         <name>.text:uDMAEnable</name>
         <load_address>0x200096a0</load_address>
         <run_address>0x200096a0</run_address>
         <size>0xc</size>
         <input_file_ref idref="fl-162"/>
      </object_component>
      <object_component id="oc-261">
         <name>.text:uDMAIntStatus</name>
         <load_address>0x200096ac</load_address>
         <run_address>0x200096ac</run_address>
         <size>0xc</size>
         <input_file_ref idref="fl-162"/>
      </object_component>
      <object_component id="oc-f9">
         <name>.text:IntMasterEnable</name>
         <load_address>0x200096b8</load_address>
         <run_address>0x200096b8</run_address>
         <size>0xa</size>
         <input_file_ref idref="fl-15d"/>
      </object_component>
      <object_component id="oc-f1">
         <name>.text:UtilsDelay</name>
         <load_address>0x200096c2</load_address>
         <run_address>0x200096c2</run_address>
         <size>0x6</size>
         <input_file_ref idref="fl-163"/>
      </object_component>
      <object_component id="oc-15">
         <name>.text:decompress:rle24</name>
         <load_address>0x200096c8</load_address>
         <run_address>0x200096c8</run_address>
         <size>0x6</size>
         <input_file_ref idref="fl-133"/>
      </object_component>
      <object_component id="oc-4f">
         <name>.text</name>
         <load_address>0x200096ce</load_address>
         <run_address>0x200096ce</run_address>
         <size>0x4</size>
         <input_file_ref idref="fl-13a"/>
      </object_component>
      <object_component id="oc-41b">
         <name>.const:.string:_ctypes_</name>
         <load_address>0x200096d4</load_address>
         <run_address>0x200096d4</run_address>
         <size>0x101</size>
         <input_file_ref idref="fl-145"/>
      </object_component>
      <object_component id="oc-3f0">
         <name>.const:g_ulPinToPadMap</name>
         <load_address>0x200097d8</load_address>
         <run_address>0x200097d8</run_address>
         <size>0x100</size>
         <input_file_ref idref="fl-15e"/>
      </object_component>
      <object_component id="oc-31e">
         <name>.const:PRCM_PeriphRegsList</name>
         <load_address>0x200098d8</load_address>
         <run_address>0x200098d8</run_address>
         <size>0xa8</size>
         <input_file_ref idref="fl-15f"/>
      </object_component>
      <object_component id="oc-242">
         <name>.const</name>
         <load_address>0x20009980</load_address>
         <run_address>0x20009980</run_address>
         <size>0x80</size>
         <input_file_ref idref="fl-15d"/>
      </object_component>
      <object_component id="oc-1b4">
         <name>.const:.string</name>
         <load_address>0x20009a00</load_address>
         <run_address>0x20009a00</run_address>
         <size>0x62</size>
         <input_file_ref idref="fl-5"/>
      </object_component>
      <object_component id="oc-c9">
         <name>.const:.string</name>
         <load_address>0x20009a62</load_address>
         <run_address>0x20009a62</run_address>
         <size>0x55</size>
         <input_file_ref idref="fl-3"/>
      </object_component>
      <object_component id="oc-1ad">
         <name>.const:$P$T1$2</name>
         <load_address>0x20009ab8</load_address>
         <run_address>0x20009ab8</run_address>
         <size>0x2c</size>
         <input_file_ref idref="fl-5"/>
      </object_component>
      <object_component id="oc-ee">
         <name>.const:g_acMonthOfYear</name>
         <load_address>0x20009ae4</load_address>
         <run_address>0x20009ae4</run_address>
         <size>0x24</size>
         <input_file_ref idref="fl-3"/>
      </object_component>
      <object_component id="oc-1b0">
         <name>.const</name>
         <load_address>0x20009b08</load_address>
         <run_address>0x20009b08</run_address>
         <size>0x24</size>
         <input_file_ref idref="fl-5"/>
      </object_component>
      <object_component id="oc-1b3">
         <name>.const:.string:$P$T0$1</name>
         <load_address>0x20009b2c</load_address>
         <run_address>0x20009b2c</run_address>
         <size>0x22</size>
         <input_file_ref idref="fl-5"/>
      </object_component>
      <object_component id="oc-eb">
         <name>.const</name>
         <load_address>0x20009b4e</load_address>
         <run_address>0x20009b4e</run_address>
         <size>0x15</size>
         <input_file_ref idref="fl-3"/>
      </object_component>
      <object_component id="oc-4b8">
         <name>.cinit..data.load</name>
         <load_address>0x20009b68</load_address>
         <run_address>0x20009b68</run_address>
         <size>0x52</size>
      </object_component>
      <object_component id="oc-4b6">
         <name>__TI_handler_table</name>
         <load_address>0x20009bbc</load_address>
         <run_address>0x20009bbc</run_address>
         <size>0xc</size>
      </object_component>
      <object_component id="oc-4b9">
         <name>.cinit..bss.load</name>
         <load_address>0x20009bc8</load_address>
         <run_address>0x20009bc8</run_address>
         <size>0x8</size>
      </object_component>
      <object_component id="oc-4b7">
         <name>__TI_cinit_table</name>
         <load_address>0x20009bd0</load_address>
         <run_address>0x20009bd0</run_address>
         <size>0x10</size>
      </object_component>
      <object_component id="oc-27">
         <name>.sysmem</name>
         <uninitialized>true</uninitialized>
         <run_address>0x20017000</run_address>
         <size>0x8</size>
         <input_file_ref idref="fl-138"/>
      </object_component>
      <object_component id="oc-4bb">
         <name>.sysmem</name>
         <uninitialized>true</uninitialized>
         <run_address>0x20017000</run_address>
         <size>0x0</size>
      </object_component>
      <object_component id="oc-26">
         <name>.stack</name>
         <uninitialized>true</uninitialized>
         <run_address>0x2002f800</run_address>
         <size>0x0</size>
         <input_file_ref idref="fl-131"/>
      </object_component>
      <object_component id="oc-4ba">
         <name>.stack</name>
         <uninitialized>true</uninitialized>
         <run_address>0x2002f800</run_address>
         <size>0x0</size>
      </object_component>
      <object_component id="oc-c6">
         <name>.bss:g_sAppData</name>
         <uninitialized>true</uninitialized>
         <run_address>0x2001f500</run_address>
         <size>0x40</size>
         <input_file_ref idref="fl-3"/>
      </object_component>
      <object_component id="oc-1a4">
         <name>.bss:g_ucConnectionSSID</name>
         <uninitialized>true</uninitialized>
         <run_address>0x2001f540</run_address>
         <size>0x24</size>
         <input_file_ref idref="fl-5"/>
      </object_component>
      <object_component id="oc-2bb">
         <name>.bss:gfpAppCallbackHndl</name>
         <uninitialized>true</uninitialized>
         <run_address>0x2001f400</run_address>
         <size>0x100</size>
         <input_file_ref idref="fl-a"/>
      </object_component>
      <object_component id="oc-2b8">
         <name>.bss:gpCtlTbl</name>
         <uninitialized>true</uninitialized>
         <run_address>0x2001f000</run_address>
         <size>0x400</size>
         <input_file_ref idref="fl-a"/>
      </object_component>
      <object_component id="oc-1ec">
         <name>.common:g_ucLED1Pin</name>
         <uninitialized>true</uninitialized>
         <run_address>0x2001f594</run_address>
         <size>0x1</size>
      </object_component>
      <object_component id="oc-1ef">
         <name>.common:g_ucLED2Pin</name>
         <uninitialized>true</uninitialized>
         <run_address>0x2001f595</run_address>
         <size>0x1</size>
      </object_component>
      <object_component id="oc-1f0">
         <name>.common:g_ucLED3Pin</name>
         <uninitialized>true</uninitialized>
         <run_address>0x2001f596</run_address>
         <size>0x1</size>
      </object_component>
      <object_component id="oc-f2">
         <name>.common:g_usTimerInts</name>
         <uninitialized>true</uninitialized>
         <run_address>0x2001f592</run_address>
         <size>0x2</size>
      </object_component>
      <object_component id="oc-c3">
         <name>.common:sAddr</name>
         <uninitialized>true</uninitialized>
         <run_address>0x2001f564</run_address>
         <size>0x10</size>
      </object_component>
      <object_component id="oc-cc">
         <name>.common:sLocalAddr</name>
         <uninitialized>true</uninitialized>
         <run_address>0x2001f574</run_address>
         <size>0x10</size>
      </object_component>
      <object_component id="oc-1a7">
         <name>.common:g_ucConnectionBSSID</name>
         <uninitialized>true</uninitialized>
         <run_address>0x2001f584</run_address>
         <size>0x8</size>
      </object_component>
      <object_component id="oc-1bd">
         <name>.common:g_usConnectIndex</name>
         <uninitialized>true</uninitialized>
         <run_address>0x2001f590</run_address>
         <size>0x2</size>
      </object_component>
      <object_component id="oc-172">
         <name>.common:__Errorlog</name>
         <uninitialized>true</uninitialized>
         <run_address>0x2001f58c</run_address>
         <size>0x4</size>
      </object_component>
      <object_component id="oc-2b5">
         <name>.common:iDone</name>
         <uninitialized>true</uninitialized>
         <run_address>0x2001f597</run_address>
         <size>0x1</size>
      </object_component>
      <object_component id="oc-1e9">
         <name>.data</name>
         <load_address>0x2001f6c8</load_address>
         <run_address>0x2001f6c8</run_address>
         <size>0x20</size>
         <input_file_ref idref="fl-2"/>
      </object_component>
      <object_component id="oc-10b">
         <name>.data</name>
         <load_address>0x2001f6e8</load_address>
         <run_address>0x2001f6e8</run_address>
         <size>0xc</size>
         <input_file_ref idref="fl-3"/>
      </object_component>
      <object_component id="oc-1aa">
         <name>.data</name>
         <load_address>0x2001f6f4</load_address>
         <run_address>0x2001f6f4</run_address>
         <size>0xc</size>
         <input_file_ref idref="fl-5"/>
      </object_component>
      <object_component id="oc-9b">
         <name>.data</name>
         <load_address>0x2001f714</load_address>
         <run_address>0x2001f714</run_address>
         <size>0x8</size>
         <input_file_ref idref="fl-135"/>
      </object_component>
      <object_component id="oc-301">
         <name>.data</name>
         <load_address>0x2001f700</load_address>
         <run_address>0x2001f700</run_address>
         <size>0xc</size>
         <input_file_ref idref="fl-138"/>
      </object_component>
      <object_component id="oc-67">
         <name>.data</name>
         <load_address>0x2001f728</load_address>
         <run_address>0x2001f728</run_address>
         <size>0x4</size>
         <input_file_ref idref="fl-13b"/>
      </object_component>
      <object_component id="oc-98">
         <name>.data</name>
         <load_address>0x2001f70c</load_address>
         <run_address>0x2001f70c</run_address>
         <size>0x8</size>
         <input_file_ref idref="fl-13f"/>
      </object_component>
      <object_component id="oc-437">
         <name>.data</name>
         <load_address>0x2001f648</load_address>
         <run_address>0x2001f648</run_address>
         <size>0x80</size>
         <input_file_ref idref="fl-156"/>
      </object_component>
      <object_component id="oc-442">
         <name>.data</name>
         <load_address>0x2001f724</load_address>
         <run_address>0x2001f724</run_address>
         <size>0x4</size>
         <input_file_ref idref="fl-157"/>
      </object_component>
      <object_component id="oc-468">
         <name>.data</name>
         <load_address>0x2001f71c</load_address>
         <run_address>0x2001f71c</run_address>
         <size>0x8</size>
         <input_file_ref idref="fl-158"/>
      </object_component>
      <object_component id="oc-483">
         <name>.data:sigtable</name>
         <load_address>0x2001f598</load_address>
         <run_address>0x2001f598</run_address>
         <size>0xb0</size>
         <input_file_ref idref="fl-15a"/>
      </object_component>
      <object_component id="oc-1ed">
         <name>.debug_info</name>
         <load_address>0x0</load_address>
         <run_address>0x0</run_address>
         <size>0x346</size>
         <input_file_ref idref="fl-2"/>
      </object_component>
      <object_component id="oc-1ea">
         <name>.debug_info</name>
         <load_address>0x346</load_address>
         <run_address>0x346</run_address>
         <size>0x1a3</size>
         <input_file_ref idref="fl-2"/>
      </object_component>
      <object_component id="oc-e0">
         <name>.debug_info</name>
         <load_address>0x4e9</load_address>
         <run_address>0x4e9</run_address>
         <size>0xf1e</size>
         <input_file_ref idref="fl-2"/>
      </object_component>
      <object_component id="oc-187">
         <name>.debug_info</name>
         <load_address>0x1407</load_address>
         <run_address>0x1407</run_address>
         <size>0x13f</size>
         <input_file_ref idref="fl-2"/>
      </object_component>
      <object_component id="oc-359">
         <name>.debug_info</name>
         <load_address>0x1546</load_address>
         <run_address>0x1546</run_address>
         <size>0xc8</size>
         <input_file_ref idref="fl-2"/>
      </object_component>
      <object_component id="oc-3df">
         <name>.debug_info</name>
         <load_address>0x160e</load_address>
         <run_address>0x160e</run_address>
         <size>0x62</size>
         <input_file_ref idref="fl-2"/>
      </object_component>
      <object_component id="oc-77">
         <name>.debug_info</name>
         <load_address>0x1670</load_address>
         <run_address>0x1670</run_address>
         <size>0x84</size>
         <input_file_ref idref="fl-2"/>
      </object_component>
      <object_component id="oc-191">
         <name>.debug_info</name>
         <load_address>0x16f4</load_address>
         <run_address>0x16f4</run_address>
         <size>0x2c</size>
         <input_file_ref idref="fl-2"/>
      </object_component>
      <object_component id="oc-176">
         <name>.debug_info</name>
         <load_address>0x1720</load_address>
         <run_address>0x1720</run_address>
         <size>0x4e</size>
         <input_file_ref idref="fl-2"/>
      </object_component>
      <object_component id="oc-c4">
         <name>.debug_info</name>
         <load_address>0x176e</load_address>
         <run_address>0x176e</run_address>
         <size>0xc52</size>
         <input_file_ref idref="fl-3"/>
      </object_component>
      <object_component id="oc-10c">
         <name>.debug_info</name>
         <load_address>0x23c0</load_address>
         <run_address>0x23c0</run_address>
         <size>0x10b</size>
         <input_file_ref idref="fl-3"/>
      </object_component>
      <object_component id="oc-ca">
         <name>.debug_info</name>
         <load_address>0x24cb</load_address>
         <run_address>0x24cb</run_address>
         <size>0x16b</size>
         <input_file_ref idref="fl-3"/>
      </object_component>
      <object_component id="oc-ec">
         <name>.debug_info</name>
         <load_address>0x2636</load_address>
         <run_address>0x2636</run_address>
         <size>0x113</size>
         <input_file_ref idref="fl-3"/>
      </object_component>
      <object_component id="oc-ef">
         <name>.debug_info</name>
         <load_address>0x2749</load_address>
         <run_address>0x2749</run_address>
         <size>0x10d</size>
         <input_file_ref idref="fl-3"/>
      </object_component>
      <object_component id="oc-c7">
         <name>.debug_info</name>
         <load_address>0x2856</load_address>
         <run_address>0x2856</run_address>
         <size>0x103</size>
         <input_file_ref idref="fl-3"/>
      </object_component>
      <object_component id="oc-91">
         <name>.debug_info</name>
         <load_address>0x2959</load_address>
         <run_address>0x2959</run_address>
         <size>0xaee</size>
         <input_file_ref idref="fl-3"/>
      </object_component>
      <object_component id="oc-1bf">
         <name>.debug_info</name>
         <load_address>0x3447</load_address>
         <run_address>0x3447</run_address>
         <size>0x46a</size>
         <input_file_ref idref="fl-3"/>
      </object_component>
      <object_component id="oc-11b">
         <name>.debug_info</name>
         <load_address>0x38b1</load_address>
         <run_address>0x38b1</run_address>
         <size>0x87f</size>
         <input_file_ref idref="fl-3"/>
      </object_component>
      <object_component id="oc-182">
         <name>.debug_info</name>
         <load_address>0x4130</load_address>
         <run_address>0x4130</run_address>
         <size>0x611</size>
         <input_file_ref idref="fl-3"/>
      </object_component>
      <object_component id="oc-196">
         <name>.debug_info</name>
         <load_address>0x4741</load_address>
         <run_address>0x4741</run_address>
         <size>0x93f</size>
         <input_file_ref idref="fl-3"/>
      </object_component>
      <object_component id="oc-1c4">
         <name>.debug_info</name>
         <load_address>0x5080</load_address>
         <run_address>0x5080</run_address>
         <size>0x24c</size>
         <input_file_ref idref="fl-3"/>
      </object_component>
      <object_component id="oc-19d">
         <name>.debug_info</name>
         <load_address>0x52cc</load_address>
         <run_address>0x52cc</run_address>
         <size>0x120</size>
         <input_file_ref idref="fl-3"/>
      </object_component>
      <object_component id="oc-17b">
         <name>.debug_info</name>
         <load_address>0x53ec</load_address>
         <run_address>0x53ec</run_address>
         <size>0x110</size>
         <input_file_ref idref="fl-3"/>
      </object_component>
      <object_component id="oc-18c">
         <name>.debug_info</name>
         <load_address>0x54fc</load_address>
         <run_address>0x54fc</run_address>
         <size>0x6c8</size>
         <input_file_ref idref="fl-3"/>
      </object_component>
      <object_component id="oc-2bf">
         <name>.debug_info</name>
         <load_address>0x5bc4</load_address>
         <run_address>0x5bc4</run_address>
         <size>0x2c</size>
         <input_file_ref idref="fl-3"/>
      </object_component>
      <object_component id="oc-1a8">
         <name>.debug_info</name>
         <load_address>0x5bf0</load_address>
         <run_address>0x5bf0</run_address>
         <size>0xa07</size>
         <input_file_ref idref="fl-5"/>
      </object_component>
      <object_component id="oc-1ab">
         <name>.debug_info</name>
         <load_address>0x65f7</load_address>
         <run_address>0x65f7</run_address>
         <size>0x184</size>
         <input_file_ref idref="fl-5"/>
      </object_component>
      <object_component id="oc-1a5">
         <name>.debug_info</name>
         <load_address>0x677b</load_address>
         <run_address>0x677b</run_address>
         <size>0x146</size>
         <input_file_ref idref="fl-5"/>
      </object_component>
      <object_component id="oc-1b5">
         <name>.debug_info</name>
         <load_address>0x68c1</load_address>
         <run_address>0x68c1</run_address>
         <size>0x132</size>
         <input_file_ref idref="fl-5"/>
      </object_component>
      <object_component id="oc-1ae">
         <name>.debug_info</name>
         <load_address>0x69f3</load_address>
         <run_address>0x69f3</run_address>
         <size>0x130</size>
         <input_file_ref idref="fl-5"/>
      </object_component>
      <object_component id="oc-1b1">
         <name>.debug_info</name>
         <load_address>0x6b23</load_address>
         <run_address>0x6b23</run_address>
         <size>0x14f</size>
         <input_file_ref idref="fl-5"/>
      </object_component>
      <object_component id="oc-ce">
         <name>.debug_info</name>
         <load_address>0x6c72</load_address>
         <run_address>0x6c72</run_address>
         <size>0x22af</size>
         <input_file_ref idref="fl-5"/>
      </object_component>
      <object_component id="oc-7f">
         <name>.debug_info</name>
         <load_address>0x8f21</load_address>
         <run_address>0x8f21</run_address>
         <size>0x2c</size>
         <input_file_ref idref="fl-5"/>
      </object_component>
      <object_component id="oc-115">
         <name>.debug_info</name>
         <load_address>0x8f4d</load_address>
         <run_address>0x8f4d</run_address>
         <size>0x1e5</size>
         <input_file_ref idref="fl-6"/>
      </object_component>
      <object_component id="oc-235">
         <name>.debug_info</name>
         <load_address>0x9132</load_address>
         <run_address>0x9132</run_address>
         <size>0x477</size>
         <input_file_ref idref="fl-8"/>
      </object_component>
      <object_component id="oc-e6">
         <name>.debug_info</name>
         <load_address>0x95a9</load_address>
         <run_address>0x95a9</run_address>
         <size>0xde4</size>
         <input_file_ref idref="fl-8"/>
      </object_component>
      <object_component id="oc-173">
         <name>.debug_info</name>
         <load_address>0xa38d</load_address>
         <run_address>0xa38d</run_address>
         <size>0x423</size>
         <input_file_ref idref="fl-9"/>
      </object_component>
      <object_component id="oc-be">
         <name>.debug_info</name>
         <load_address>0xa7b0</load_address>
         <run_address>0xa7b0</run_address>
         <size>0x92f</size>
         <input_file_ref idref="fl-9"/>
      </object_component>
      <object_component id="oc-2b6">
         <name>.debug_info</name>
         <load_address>0xb0df</load_address>
         <run_address>0xb0df</run_address>
         <size>0x5b8</size>
         <input_file_ref idref="fl-a"/>
      </object_component>
      <object_component id="oc-2bc">
         <name>.debug_info</name>
         <load_address>0xb697</load_address>
         <run_address>0xb697</run_address>
         <size>0x143</size>
         <input_file_ref idref="fl-a"/>
      </object_component>
      <object_component id="oc-2b9">
         <name>.debug_info</name>
         <load_address>0xb7da</load_address>
         <run_address>0xb7da</run_address>
         <size>0x12f</size>
         <input_file_ref idref="fl-a"/>
      </object_component>
      <object_component id="oc-10f">
         <name>.debug_info</name>
         <load_address>0xb909</load_address>
         <run_address>0xb909</run_address>
         <size>0xeca</size>
         <input_file_ref idref="fl-a"/>
      </object_component>
      <object_component id="oc-354">
         <name>.debug_info</name>
         <load_address>0xc7d3</load_address>
         <run_address>0xc7d3</run_address>
         <size>0x86</size>
         <input_file_ref idref="fl-a"/>
      </object_component>
      <object_component id="oc-24">
         <name>.debug_info</name>
         <load_address>0xc859</load_address>
         <run_address>0xc859</run_address>
         <size>0x11c</size>
         <input_file_ref idref="fl-131"/>
      </object_component>
      <object_component id="oc-35">
         <name>.debug_info</name>
         <load_address>0xc975</load_address>
         <run_address>0xc975</run_address>
         <size>0x109</size>
         <input_file_ref idref="fl-132"/>
      </object_component>
      <object_component id="oc-10">
         <name>.debug_info</name>
         <load_address>0xca7e</load_address>
         <run_address>0xca7e</run_address>
         <size>0x1a8</size>
         <input_file_ref idref="fl-132"/>
      </object_component>
      <object_component id="oc-30">
         <name>.debug_info</name>
         <load_address>0xcc26</load_address>
         <run_address>0xcc26</run_address>
         <size>0x46</size>
         <input_file_ref idref="fl-132"/>
      </object_component>
      <object_component id="oc-70">
         <name>.debug_info</name>
         <load_address>0xcc6c</load_address>
         <run_address>0xcc6c</run_address>
         <size>0x2c</size>
         <input_file_ref idref="fl-132"/>
      </object_component>
      <object_component id="oc-3d">
         <name>.debug_info</name>
         <load_address>0xcc98</load_address>
         <run_address>0xcc98</run_address>
         <size>0xfd</size>
         <input_file_ref idref="fl-133"/>
      </object_component>
      <object_component id="oc-38">
         <name>.debug_info</name>
         <load_address>0xcd95</load_address>
         <run_address>0xcd95</run_address>
         <size>0x210</size>
         <input_file_ref idref="fl-133"/>
      </object_component>
      <object_component id="oc-19">
         <name>.debug_info</name>
         <load_address>0xcfa5</load_address>
         <run_address>0xcfa5</run_address>
         <size>0x17a</size>
         <input_file_ref idref="fl-133"/>
      </object_component>
      <object_component id="oc-3e">
         <name>.debug_info</name>
         <load_address>0xd11f</load_address>
         <run_address>0xd11f</run_address>
         <size>0x39</size>
         <input_file_ref idref="fl-133"/>
      </object_component>
      <object_component id="oc-4e">
         <name>.debug_info</name>
         <load_address>0xd158</load_address>
         <run_address>0xd158</run_address>
         <size>0xf8</size>
         <input_file_ref idref="fl-134"/>
      </object_component>
      <object_component id="oc-1e">
         <name>.debug_info</name>
         <load_address>0xd250</load_address>
         <run_address>0xd250</run_address>
         <size>0x173</size>
         <input_file_ref idref="fl-134"/>
      </object_component>
      <object_component id="oc-49">
         <name>.debug_info</name>
         <load_address>0xd3c3</load_address>
         <run_address>0xd3c3</run_address>
         <size>0x46</size>
         <input_file_ref idref="fl-134"/>
      </object_component>
      <object_component id="oc-9f">
         <name>.debug_info</name>
         <load_address>0xd409</load_address>
         <run_address>0xd409</run_address>
         <size>0x15a</size>
         <input_file_ref idref="fl-135"/>
      </object_component>
      <object_component id="oc-9c">
         <name>.debug_info</name>
         <load_address>0xd563</load_address>
         <run_address>0xd563</run_address>
         <size>0xff</size>
         <input_file_ref idref="fl-135"/>
      </object_component>
      <object_component id="oc-64">
         <name>.debug_info</name>
         <load_address>0xd662</load_address>
         <run_address>0xd662</run_address>
         <size>0x1d6</size>
         <input_file_ref idref="fl-135"/>
      </object_component>
      <object_component id="oc-2d">
         <name>.debug_info</name>
         <load_address>0xd838</load_address>
         <run_address>0xd838</run_address>
         <size>0xde</size>
         <input_file_ref idref="fl-136"/>
      </object_component>
      <object_component id="oc-300">
         <name>.debug_info</name>
         <load_address>0xd916</load_address>
         <run_address>0xd916</run_address>
         <size>0xf5</size>
         <input_file_ref idref="fl-137"/>
      </object_component>
      <object_component id="oc-167">
         <name>.debug_info</name>
         <load_address>0xda0b</load_address>
         <run_address>0xda0b</run_address>
         <size>0x174</size>
         <input_file_ref idref="fl-137"/>
      </object_component>
      <object_component id="oc-6d">
         <name>.debug_info</name>
         <load_address>0xdb7f</load_address>
         <run_address>0xdb7f</run_address>
         <size>0x1eb</size>
         <input_file_ref idref="fl-138"/>
      </object_component>
      <object_component id="oc-28">
         <name>.debug_info</name>
         <load_address>0xdd6a</load_address>
         <run_address>0xdd6a</run_address>
         <size>0xca</size>
         <input_file_ref idref="fl-138"/>
      </object_component>
      <object_component id="oc-302">
         <name>.debug_info</name>
         <load_address>0xde34</load_address>
         <run_address>0xde34</run_address>
         <size>0x115</size>
         <input_file_ref idref="fl-138"/>
      </object_component>
      <object_component id="oc-16e">
         <name>.debug_info</name>
         <load_address>0xdf49</load_address>
         <run_address>0xdf49</run_address>
         <size>0x854</size>
         <input_file_ref idref="fl-138"/>
      </object_component>
      <object_component id="oc-a5">
         <name>.debug_info</name>
         <load_address>0xe79d</load_address>
         <run_address>0xe79d</run_address>
         <size>0x2c</size>
         <input_file_ref idref="fl-138"/>
      </object_component>
      <object_component id="oc-aa">
         <name>.debug_info</name>
         <load_address>0xe7c9</load_address>
         <run_address>0xe7c9</run_address>
         <size>0x62</size>
         <input_file_ref idref="fl-138"/>
      </object_component>
      <object_component id="oc-46">
         <name>.debug_info</name>
         <load_address>0xe82b</load_address>
         <run_address>0xe82b</run_address>
         <size>0x10c</size>
         <input_file_ref idref="fl-139"/>
      </object_component>
      <object_component id="oc-53">
         <name>.debug_info</name>
         <load_address>0xe937</load_address>
         <run_address>0xe937</run_address>
         <size>0x111</size>
         <input_file_ref idref="fl-13a"/>
      </object_component>
      <object_component id="oc-68">
         <name>.debug_info</name>
         <load_address>0xea48</load_address>
         <run_address>0xea48</run_address>
         <size>0xd2</size>
         <input_file_ref idref="fl-13b"/>
      </object_component>
      <object_component id="oc-2fe">
         <name>.debug_info</name>
         <load_address>0xeb1a</load_address>
         <run_address>0xeb1a</run_address>
         <size>0xb3</size>
         <input_file_ref idref="fl-13c"/>
      </object_component>
      <object_component id="oc-164">
         <name>.debug_info</name>
         <load_address>0xebcd</load_address>
         <run_address>0xebcd</run_address>
         <size>0x193</size>
         <input_file_ref idref="fl-13c"/>
      </object_component>
      <object_component id="oc-314">
         <name>.debug_info</name>
         <load_address>0xed60</load_address>
         <run_address>0xed60</run_address>
         <size>0xbf</size>
         <input_file_ref idref="fl-13d"/>
      </object_component>
      <object_component id="oc-1ba">
         <name>.debug_info</name>
         <load_address>0xee1f</load_address>
         <run_address>0xee1f</run_address>
         <size>0x1c2</size>
         <input_file_ref idref="fl-13d"/>
      </object_component>
      <object_component id="oc-2f0">
         <name>.debug_info</name>
         <load_address>0xefe1</load_address>
         <run_address>0xefe1</run_address>
         <size>0x191</size>
         <input_file_ref idref="fl-13e"/>
      </object_component>
      <object_component id="oc-152">
         <name>.debug_info</name>
         <load_address>0xf172</load_address>
         <run_address>0xf172</run_address>
         <size>0x325</size>
         <input_file_ref idref="fl-13e"/>
      </object_component>
      <object_component id="oc-2f1">
         <name>.debug_info</name>
         <load_address>0xf497</load_address>
         <run_address>0xf497</run_address>
         <size>0x2c</size>
         <input_file_ref idref="fl-13e"/>
      </object_component>
      <object_component id="oc-2f6">
         <name>.debug_info</name>
         <load_address>0xf4c3</load_address>
         <run_address>0xf4c3</run_address>
         <size>0x69</size>
         <input_file_ref idref="fl-13e"/>
      </object_component>
      <object_component id="oc-12f">
         <name>.debug_info</name>
         <load_address>0xf52c</load_address>
         <run_address>0xf52c</run_address>
         <size>0xed</size>
         <input_file_ref idref="fl-13f"/>
      </object_component>
      <object_component id="oc-99">
         <name>.debug_info</name>
         <load_address>0xf619</load_address>
         <run_address>0xf619</run_address>
         <size>0xdc</size>
         <input_file_ref idref="fl-13f"/>
      </object_component>
      <object_component id="oc-129">
         <name>.debug_info</name>
         <load_address>0xf6f5</load_address>
         <run_address>0xf6f5</run_address>
         <size>0x1e8</size>
         <input_file_ref idref="fl-13f"/>
      </object_component>
      <object_component id="oc-3c6">
         <name>.debug_info</name>
         <load_address>0xf8dd</load_address>
         <run_address>0xf8dd</run_address>
         <size>0x320</size>
         <input_file_ref idref="fl-140"/>
      </object_component>
      <object_component id="oc-2ea">
         <name>.debug_info</name>
         <load_address>0xfbfd</load_address>
         <run_address>0xfbfd</run_address>
         <size>0x17d0</size>
         <input_file_ref idref="fl-140"/>
      </object_component>
      <object_component id="oc-3c7">
         <name>.debug_info</name>
         <load_address>0x113cd</load_address>
         <run_address>0x113cd</run_address>
         <size>0x86</size>
         <input_file_ref idref="fl-140"/>
      </object_component>
      <object_component id="oc-422">
         <name>.debug_info</name>
         <load_address>0x11453</load_address>
         <run_address>0x11453</run_address>
         <size>0x46</size>
         <input_file_ref idref="fl-140"/>
      </object_component>
      <object_component id="oc-3cc">
         <name>.debug_info</name>
         <load_address>0x11499</load_address>
         <run_address>0x11499</run_address>
         <size>0x39</size>
         <input_file_ref idref="fl-140"/>
      </object_component>
      <object_component id="oc-97">
         <name>.debug_info</name>
         <load_address>0x114d2</load_address>
         <run_address>0x114d2</run_address>
         <size>0x12f</size>
         <input_file_ref idref="fl-141"/>
      </object_component>
      <object_component id="oc-5d">
         <name>.debug_info</name>
         <load_address>0x11601</load_address>
         <run_address>0x11601</run_address>
         <size>0x130</size>
         <input_file_ref idref="fl-141"/>
      </object_component>
      <object_component id="oc-122">
         <name>.debug_info</name>
         <load_address>0x11731</load_address>
         <run_address>0x11731</run_address>
         <size>0x5e</size>
         <input_file_ref idref="fl-141"/>
      </object_component>
      <object_component id="oc-41f">
         <name>.debug_info</name>
         <load_address>0x1178f</load_address>
         <run_address>0x1178f</run_address>
         <size>0xdd</size>
         <input_file_ref idref="fl-142"/>
      </object_component>
      <object_component id="oc-3c0">
         <name>.debug_info</name>
         <load_address>0x1186c</load_address>
         <run_address>0x1186c</run_address>
         <size>0x13a</size>
         <input_file_ref idref="fl-142"/>
      </object_component>
      <object_component id="oc-8f">
         <name>.debug_info</name>
         <load_address>0x119a6</load_address>
         <run_address>0x119a6</run_address>
         <size>0x286</size>
         <input_file_ref idref="fl-143"/>
      </object_component>
      <object_component id="oc-56">
         <name>.debug_info</name>
         <load_address>0x11c2c</load_address>
         <run_address>0x11c2c</run_address>
         <size>0x140</size>
         <input_file_ref idref="fl-143"/>
      </object_component>
      <object_component id="oc-b3">
         <name>.debug_info</name>
         <load_address>0x11d6c</load_address>
         <run_address>0x11d6c</run_address>
         <size>0x39</size>
         <input_file_ref idref="fl-143"/>
      </object_component>
      <object_component id="oc-b8">
         <name>.debug_info</name>
         <load_address>0x11da5</load_address>
         <run_address>0x11da5</run_address>
         <size>0xcd</size>
         <input_file_ref idref="fl-143"/>
      </object_component>
      <object_component id="oc-b0">
         <name>.debug_info</name>
         <load_address>0x11e72</load_address>
         <run_address>0x11e72</run_address>
         <size>0x1a9</size>
         <input_file_ref idref="fl-144"/>
      </object_component>
      <object_component id="oc-89">
         <name>.debug_info</name>
         <load_address>0x1201b</load_address>
         <run_address>0x1201b</run_address>
         <size>0x14c</size>
         <input_file_ref idref="fl-144"/>
      </object_component>
      <object_component id="oc-137">
         <name>.debug_info</name>
         <load_address>0x12167</load_address>
         <run_address>0x12167</run_address>
         <size>0x2c</size>
         <input_file_ref idref="fl-144"/>
      </object_component>
      <object_component id="oc-450">
         <name>.debug_info</name>
         <load_address>0x12193</load_address>
         <run_address>0x12193</run_address>
         <size>0xb7</size>
         <input_file_ref idref="fl-145"/>
      </object_component>
      <object_component id="oc-41c">
         <name>.debug_info</name>
         <load_address>0x1224a</load_address>
         <run_address>0x1224a</run_address>
         <size>0xc3</size>
         <input_file_ref idref="fl-145"/>
      </object_component>
      <object_component id="oc-39d">
         <name>.debug_info</name>
         <load_address>0x1230d</load_address>
         <run_address>0x1230d</run_address>
         <size>0x111</size>
         <input_file_ref idref="fl-146"/>
      </object_component>
      <object_component id="oc-379">
         <name>.debug_info</name>
         <load_address>0x1241e</load_address>
         <run_address>0x1241e</run_address>
         <size>0xed</size>
         <input_file_ref idref="fl-147"/>
      </object_component>
      <object_component id="oc-388">
         <name>.debug_info</name>
         <load_address>0x1250b</load_address>
         <run_address>0x1250b</run_address>
         <size>0xef</size>
         <input_file_ref idref="fl-147"/>
      </object_component>
      <object_component id="oc-383">
         <name>.debug_info</name>
         <load_address>0x125fa</load_address>
         <run_address>0x125fa</run_address>
         <size>0xff</size>
         <input_file_ref idref="fl-148"/>
      </object_component>
      <object_component id="oc-37e">
         <name>.debug_info</name>
         <load_address>0x126f9</load_address>
         <run_address>0x126f9</run_address>
         <size>0xff</size>
         <input_file_ref idref="fl-149"/>
      </object_component>
      <object_component id="oc-38d">
         <name>.debug_info</name>
         <load_address>0x127f8</load_address>
         <run_address>0x127f8</run_address>
         <size>0xf3</size>
         <input_file_ref idref="fl-14a"/>
      </object_component>
      <object_component id="oc-406">
         <name>.debug_info</name>
         <load_address>0x128eb</load_address>
         <run_address>0x128eb</run_address>
         <size>0xe6</size>
         <input_file_ref idref="fl-14b"/>
[...]
      </symbol>
      <symbol id="sm-4e2">
         <name>strncpy</name>
         <value>0x20009179</value>
         <object_component_ref idref="oc-1b7"/>
      </symbol>
      <symbol id="sm-503">
         <name>vsnprintf</name>
         <value>0x20008705</value>
         <object_component_ref idref="oc-14e"/>
      </symbol>
      <symbol id="sm-51c">
         <name>_nop</name>
         <value>0x20009613</value>
         <object_component_ref idref="oc-127"/>
      </symbol>
      <symbol id="sm-51d">
         <name>_lock</name>
         <value>0x2001f70c</value>
         <object_component_ref idref="oc-98"/>
      </symbol>
      <symbol id="sm-51e">
         <name>_unlock</name>
         <value>0x2001f710</value>
         <object_component_ref idref="oc-98"/>
      </symbol>
      <symbol id="sm-51f">
         <name>_register_lock</name>
         <value>0x2000960b</value>
         <object_component_ref idref="oc-127"/>
      </symbol>
      <symbol id="sm-520">
         <name>_register_unlock</name>
         <value>0x20009605</value>
         <object_component_ref idref="oc-127"/>
      </symbol>
      <symbol id="sm-625">
         <name>__TI_printfi</name>
         <value>0x20006081</value>
         <object_component_ref idref="oc-2e9"/>
      </symbol>
      <symbol id="sm-63a">
         <name>_args_main</name>
         <value>0x2000956d</value>
         <object_component_ref idref="oc-5b"/>
      </symbol>
      <symbol id="sm-650">
         <name>atoi</name>
         <value>0x20008d7d</value>
         <object_component_ref idref="oc-3bf"/>
      </symbol>
      <symbol id="sm-676">
         <name>__TI_auto_init</name>
         <value>0x20008a0d</value>
         <object_component_ref idref="oc-55"/>
      </symbol>
      <symbol id="sm-690">
         <name>copy_in</name>
         <value>0x20008dc9</value>
         <object_component_ref idref="oc-88"/>
      </symbol>
      <symbol id="sm-69b">
         <name>_ctypes_</name>
         <value>0x200096d4</value>
         <object_component_ref idref="oc-41b"/>
      </symbol>
      <symbol id="sm-6bf">
         <name>__aeabi_dsub</name>
         <value>0x20007bd9</value>
         <object_component_ref idref="oc-39c"/>
      </symbol>
      <symbol id="sm-6c0">
         <name>__aeabi_dadd</name>
         <value>0x20007be3</value>
         <object_component_ref idref="oc-39c"/>
      </symbol>
      <symbol id="sm-6e7">
         <name>__aeabi_cdcmpeq</name>
         <value>0x2000878d</value>
         <object_component_ref idref="oc-378"/>
      </symbol>
      <symbol id="sm-6e8">
         <name>__aeabi_cdcmple</name>
         <value>0x2000878d</value>
         <object_component_ref idref="oc-378"/>
      </symbol>
      <symbol id="sm-6e9">
         <name>__aeabi_cdrcmple</name>
         <value>0x20008813</value>
         <object_component_ref idref="oc-387"/>
      </symbol>
      <symbol id="sm-709">
         <name>__aeabi_ddiv</name>
         <value>0x20007f09</value>
         <object_component_ref idref="oc-382"/>
      </symbol>
      <symbol id="sm-720">
         <name>__aeabi_dmul</name>
         <value>0x20008151</value>
         <object_component_ref idref="oc-37d"/>
      </symbol>
      <symbol id="sm-72e">
         <name>__aeabi_d2iz</name>
         <value>0x20008e61</value>
         <object_component_ref idref="oc-38c"/>
      </symbol>
      <symbol id="sm-73b">
         <name>frexp</name>
         <value>0x20009375</value>
         <object_component_ref idref="oc-3a1"/>
      </symbol>
      <symbol id="sm-747">
         <name>__aeabi_i2d</name>
         <value>0x200091d9</value>
         <object_component_ref idref="oc-397"/>
      </symbol>
      <symbol id="sm-758">
         <name>ldexp</name>
         <value>0x20008ea9</value>
         <object_component_ref idref="oc-3a7"/>
      </symbol>
      <symbol id="sm-767">
         <name>ltoa</name>
         <value>0x20008cd5</value>
         <object_component_ref idref="oc-391"/>
      </symbol>
      <symbol id="sm-777">
         <name>memccpy</name>
         <value>0x20009467</value>
         <object_component_ref idref="oc-3b9"/>
      </symbol>
      <symbol id="sm-787">
         <name>strchr</name>
         <value>0x200095b1</value>
         <object_component_ref idref="oc-3ad"/>
      </symbol>
      <symbol id="sm-7b1">
         <name>__aeabi_uldivmod</name>
         <value>0x20007665</value>
         <object_component_ref idref="oc-373"/>
      </symbol>
      <symbol id="sm-7bf">
         <name>_Dclass</name>
         <value>0x200092b5</value>
         <object_component_ref idref="oc-3b3"/>
      </symbol>
      <symbol id="sm-7e0">
         <name>_Dscale</name>
         <value>0x20008041</value>
         <object_component_ref idref="oc-407"/>
      </symbol>
      <symbol id="sm-7f4">
         <name>_Dunscale</name>
         <value>0x20008b4d</value>
         <object_component_ref idref="oc-3ff"/>
      </symbol>
      <symbol id="sm-803">
         <name>_Feraise</name>
         <value>0x200091a9</value>
         <object_component_ref idref="oc-40d"/>
      </symbol>
      <symbol id="sm-813">
         <name>_Rteps</name>
         <value>0x2001f6a8</value>
         <object_component_ref idref="oc-437"/>
      </symbol>
      <symbol id="sm-814">
         <name>_Zero</name>
         <value>0x2001f6c0</value>
         <object_component_ref idref="oc-437"/>
      </symbol>
      <symbol id="sm-815">
         <name>_Hugeval</name>
         <value>0x2001f668</value>
         <object_component_ref idref="oc-437"/>
      </symbol>
      <symbol id="sm-816">
         <name>_Snan</name>
         <value>0x2001f698</value>
         <object_component_ref idref="oc-437"/>
      </symbol>
      <symbol id="sm-817">
         <name>_Nan</name>
         <value>0x2001f688</value>
         <object_component_ref idref="oc-437"/>
      </symbol>
      <symbol id="sm-818">
         <name>_Inf</name>
         <value>0x2001f678</value>
         <object_component_ref idref="oc-437"/>
      </symbol>
      <symbol id="sm-819">
         <name>_Xbig</name>
         <value>0x2001f6b8</value>
         <object_component_ref idref="oc-437"/>
      </symbol>
      <symbol id="sm-81a">
         <name>_Eps</name>
         <value>0x2001f658</value>
         <object_component_ref idref="oc-437"/>
      </symbol>
      <symbol id="sm-81b">
         <name>_Denorm</name>
         <value>0x2001f648</value>
         <object_component_ref idref="oc-437"/>
      </symbol>
      <symbol id="sm-823">
         <name>_Errno</name>
         <value>0x2001f724</value>
         <object_component_ref idref="oc-442"/>
      </symbol>
      <symbol id="sm-841">
         <name>feraiseexcept</name>
         <value>0x200090e5</value>
         <object_component_ref idref="oc-43c"/>
      </symbol>
      <symbol id="sm-842">
         <name>_Tls_setup__Fenv</name>
         <value>0x2001f720</value>
         <object_component_ref idref="oc-468"/>
      </symbol>
      <symbol id="sm-843">
         <name>_Fenv</name>
         <value>0x2001f71c</value>
         <object_component_ref idref="oc-468"/>
      </symbol>
      <symbol id="sm-857">
         <name>raise</name>
         <value>0x20009207</value>
         <object_component_ref idref="oc-462"/>
      </symbol>
      <symbol id="sm-871">
         <name>signal</name>
         <value>0x20008fb9</value>
         <object_component_ref idref="oc-472"/>
      </symbol>
      <symbol id="sm-886">
         <name>_Dnorm</name>
         <value>0x2000833d</value>
         <object_component_ref idref="oc-42d"/>
      </symbol>
      <symbol id="sm-8c0">
         <name>GPIOIntEnable</name>
         <value>0x200094d9</value>
         <object_component_ref idref="oc-1d7"/>
      </symbol>
      <symbol id="sm-8c1">
         <name>GPIOIntTypeSet</name>
         <value>0x20008899</value>
         <object_component_ref idref="oc-1cb"/>
      </symbol>
      <symbol id="sm-8c2">
         <name>GPIOIntClear</name>
         <value>0x200095db</value>
         <object_component_ref idref="oc-1d1"/>
      </symbol>
      <symbol id="sm-8c3">
         <name>GPIOPinRead</name>
         <value>0x2000950d</value>
         <object_component_ref idref="oc-1e3"/>
      </symbol>
      <symbol id="sm-8c4">
         <name>GPIODirModeSet</name>
         <value>0x200090ad</value>
         <object_component_ref idref="oc-2d0"/>
      </symbol>
      <symbol id="sm-8c5">
         <name>GPIOPinWrite</name>
         <value>0x20009397</value>
         <object_component_ref idref="oc-1dd"/>
      </symbol>
      <symbol id="sm-922">
         <name>IntVTableBaseSet</name>
         <value>0x200095f1</value>
         <object_component_ref idref="oc-f3"/>
      </symbol>
      <symbol id="sm-923">
         <name>IntEnable</name>
         <value>0x200084a5</value>
         <object_component_ref idref="oc-ff"/>
      </symbol>
      <symbol id="sm-924">
         <name>IntDisable</name>
         <value>0x200083fd</value>
         <object_component_ref idref="oc-32b"/>
      </symbol>
      <symbol id="sm-925">
         <name>IntUnregister</name>
         <value>0x20009309</value>
         <object_component_ref idref="oc-331"/>
      </symbol>
      <symbol id="sm-926">
         <name>IntMasterEnable</name>
         <value>0x200096b9</value>
         <object_component_ref idref="oc-f9"/>
      </symbol>
      <symbol id="sm-95d">
         <name>PinTypeUART</name>
         <value>0x200094f3</value>
         <object_component_ref idref="oc-2c4"/>
      </symbol>
      <symbol id="sm-95e">
         <name>PinTypeGPIO</name>
         <value>0x20009119</value>
         <object_component_ref idref="oc-2ca"/>
      </symbol>
      <symbol id="sm-95f">
         <name>PinConfigSet</name>
         <value>0x2000867d</value>
         <object_component_ref idref="oc-368"/>
      </symbol>
      <symbol id="sm-960">
         <name>PinModeSet</name>
         <value>0x20008f79</value>
         <object_component_ref idref="oc-362"/>
      </symbol>
      <symbol id="sm-9e6">
         <name>PRCMPeripheralReset</name>
         <value>0x20008c7d</value>
         <object_component_ref idref="oc-1f8"/>
      </symbol>
      <symbol id="sm-9e7">
         <name>PRCMPeripheralClkEnable</name>
         <value>0x20008ff9</value>
         <object_component_ref idref="oc-1f2"/>
      </symbol>
      <symbol id="sm-9e8">
         <name>PRCMPeripheralClockGet</name>
         <value>0x200085e9</value>
         <object_component_ref idref="oc-13c"/>
      </symbol>
      <symbol id="sm-9e9">
         <name>PRCMCC3200MCUInit</name>
         <value>0x20007d91</value>
         <object_component_ref idref="oc-105"/>
      </symbol>
      <symbol id="sm-9ea">
         <name>PRCMHIBRegWrite</name>
         <value>0x2000959b</value>
         <object_component_ref idref="oc-252"/>
      </symbol>
      <symbol id="sm-9eb">
         <name>PRCMSysResetCauseGet</name>
         <value>0x20009235</value>
         <object_component_ref idref="oc-246"/>
      </symbol>
      <symbol id="sm-9ec">
         <name>PRCMPeripheralClkDisable</name>
         <value>0x200092e1</value>
         <object_component_ref idref="oc-258"/>
      </symbol>
      <symbol id="sm-9ed">
         <name>PRCMHIBRegRead</name>
         <value>0x20009585</value>
         <object_component_ref idref="oc-24c"/>
      </symbol>
      <symbol id="sm-a5c">
         <name>TimerLoadSet</name>
         <value>0x20009261</value>
         <object_component_ref idref="oc-210"/>
      </symbol>
      <symbol id="sm-a5d">
         <name>TimerDisable</name>
         <value>0x200093b7</value>
         <object_component_ref idref="oc-21c"/>
      </symbol>
      <symbol id="sm-a5e">
         <name>TimerEnable</name>
         <value>0x200093d5</value>
         <object_component_ref idref="oc-216"/>
      </symbol>
      <symbol id="sm-a5f">
         <name>TimerIntUnregister</name>
         <value>0x20008ae5</value>
         <object_component_ref idref="oc-228"/>
      </symbol>
      <symbol id="sm-a60">
         <name>TimerIntStatus</name>
         <value>0x200093f3</value>
         <object_component_ref idref="oc-d3"/>
      </symbol>
      <symbol id="sm-a61">
         <name>TimerIntDisable</name>
         <value>0x20009525</value>
         <object_component_ref idref="oc-222"/>
      </symbol>
      <symbol id="sm-a62">
         <name>TimerValueGet</name>
         <value>0x2000942f</value>
         <object_component_ref idref="oc-22e"/>
      </symbol>
      <symbol id="sm-a63">
         <name>TimerPrescaleSet</name>
         <value>0x2000928b</value>
         <object_component_ref idref="oc-204"/>
      </symbol>
      <symbol id="sm-a64">
         <name>TimerIntEnable</name>
         <value>0x2000953d</value>
         <object_component_ref idref="oc-20a"/>
      </symbol>
      <symbol id="sm-a65">
         <name>TimerConfigure</name>
         <value>0x20008ef1</value>
         <object_component_ref idref="oc-1fe"/>
      </symbol>
      <symbol id="sm-a66">
         <name>TimerIntClear</name>
         <value>0x20009655</value>
         <object_component_ref idref="oc-d9"/>
      </symbol>
      <symbol id="sm-aa2">
         <name>UARTConfigSetExpClk</name>
         <value>0x20008995</value>
         <object_component_ref idref="oc-142"/>
      </symbol>
      <symbol id="sm-aa3">
         <name>UARTDisable</name>
         <value>0x20009149</value>
         <object_component_ref idref="oc-2db"/>
      </symbol>
      <symbol id="sm-aa4">
         <name>UARTCharsAvail</name>
         <value>0x20009555</value>
         <object_component_ref idref="oc-154"/>
      </symbol>
      <symbol id="sm-aa5">
         <name>UARTCharGetNonBlocking</name>
         <value>0x2000944b</value>
         <object_component_ref idref="oc-15a"/>
      </symbol>
      <symbol id="sm-aa6">
         <name>UARTCharPut</name>
         <value>0x20009411</value>
         <object_component_ref idref="oc-148"/>
      </symbol>
      <symbol id="sm-aa7">
         <name>UARTEnable</name>
         <value>0x2000932d</value>
         <object_component_ref idref="oc-2e1"/>
      </symbol>
      <symbol id="sm-b4c">
         <name>uDMAChannelControlSet</name>
         <value>0x20009071</value>
         <object_component_ref idref="oc-29d"/>
      </symbol>
      <symbol id="sm-b4d">
         <name>uDMAIntClear</name>
         <value>0x20009641</value>
         <object_component_ref idref="oc-267"/>
      </symbol>
      <symbol id="sm-b4e">
         <name>uDMAChannelDisable</name>
         <value>0x20009485</value>
         <object_component_ref idref="oc-28b"/>
      </symbol>
      <symbol id="sm-b4f">
         <name>uDMAIntUnregister</name>
         <value>0x20009667</value>
         <object_component_ref idref="oc-291"/>
      </symbol>
      <symbol id="sm-b50">
         <name>uDMAChannelAttributeEnable</name>
         <value>0x20008c19</value>
         <object_component_ref idref="oc-2a3"/>
      </symbol>
      <symbol id="sm-b51">
         <name>uDMADisable</name>
         <value>0x20009695</value>
         <object_component_ref idref="oc-297"/>
      </symbol>
      <symbol id="sm-b52">
         <name>uDMAChannelTransferSet</name>
         <value>0x2000824d</value>
         <object_component_ref idref="oc-2a9"/>
      </symbol>
      <symbol id="sm-b53">
         <name>uDMAIntStatus</name>
         <value>0x200096ad</value>
         <object_component_ref idref="oc-261"/>
      </symbol>
      <symbol id="sm-b54">
         <name>uDMAChannelAssign</name>
         <value>0x20008e15</value>
         <object_component_ref idref="oc-279"/>
      </symbol>
      <symbol id="sm-b55">
         <name>uDMAEnable</name>
         <value>0x200096a1</value>
         <object_component_ref idref="oc-26d"/>
      </symbol>
      <symbol id="sm-b56">
         <name>uDMAControlBaseSet</name>
         <value>0x2000962d</value>
         <object_component_ref idref="oc-273"/>
      </symbol>
      <symbol id="sm-b57">
         <name>uDMAChannelAttributeDisable</name>
         <value>0x20008bb5</value>
         <object_component_ref idref="oc-27f"/>
      </symbol>
      <symbol id="sm-b58">
         <name>uDMAChannelEnable</name>
         <value>0x200094a1</value>
         <object_component_ref idref="oc-2af"/>
      </symbol>
      <symbol id="sm-b59">
         <name>uDMAChannelRequest</name>
         <value>0x200094bd</value>
         <object_component_ref idref="oc-285"/>
      </symbol>
      <symbol id="sm-b5d">
         <name>UtilsDelay</name>
         <value>0x200096c3</value>
         <object_component_ref idref="oc-f1"/>
      </symbol>
      <symbol id="sm-b67">
         <name>CPUcpsie</name>
         <value>0x200095c7</value>
         <object_component_ref idref="oc-23b"/>
      </symbol>
      <symbol id="sm-b69">
         <name>__TI_static_base__</name>
         <value>0x20009b68</value>
      </symbol>
      <symbol id="sm-b6c">
         <name>osi_InterruptRegister</name>
         <value>0x0</value>
      </symbol>
      <symbol id="sm-b6d">
         <name>sl_SendTo</name>
         <value>0x0</value>
      </symbol>
      <symbol id="sm-b6e">
         <name>sl_Bind</name>
         <value>0x0</value>
      </symbol>
      <symbol id="sm-b6f">
         <name>sl_RecvFrom</name>
         <value>0x0</value>
      </symbol>
      <symbol id="sm-b70">
         <name>sl_Socket</name>
         <value>0x0</value>
      </symbol>
      <symbol id="sm-b71">
         <name>sl_SetSockOpt</name>
         <value>0x0</value>
      </symbol>
      <symbol id="sm-b72">
         <name>sl_Close</name>
         <value>0x0</value>
      </symbol>
      <symbol id="sm-b73">
         <name>VStartSimpleLinkSpawnTask</name>
         <value>0x0</value>
      </symbol>
      <symbol id="sm-b74">
         <name>osi_TaskCreate</name>
         <value>0x0</value>
      </symbol>
      <symbol id="sm-b75">
         <name>osi_start</name>
         <value>0x0</value>
      </symbol>
      <symbol id="sm-b76">
         <name>g_pfnVectors</name>
         <value>0x0</value>
      </symbol>
      <symbol id="sm-b77">
         <name>sl_Start</name>
         <value>0x0</value>
      </symbol>
      <symbol id="sm-b78">
         <name>osi_Sleep</name>
         <value>0x0</value>
      </symbol>
      <symbol id="sm-b79">
         <name>sl_WlanSetMode</name>
         <value>0x0</value>
      </symbol>
      <symbol id="sm-b7a">
         <name>sl_Stop</name>
         <value>0x0</value>
      </symbol>
      <symbol id="sm-b7b">
         <name>sl_DevGet</name>
         <value>0x0</value>
      </symbol>
      <symbol id="sm-b7c">
         <name>sl_WlanPolicySet</name>
         <value>0x0</value>
      </symbol>
      <symbol id="sm-b7d">
         <name>sl_WlanProfileDel</name>
         <value>0x0</value>
      </symbol>
      <symbol id="sm-b7e">
         <name>sl_WlanDisconnect</name>
         <value>0x0</value>
      </symbol>
      <symbol id="sm-b7f">
         <name>sl_NetCfgSet</name>
         <value>0x0</value>
      </symbol>
      <symbol id="sm-b80">
         <name>sl_WlanSet</name>
         <value>0x0</value>
      </symbol>
      <symbol id="sm-b81">
         <name>sl_NetAppMDNSUnRegisterService</name>
         <value>0x0</value>
      </symbol>
      <symbol id="sm-b82">
         <name>sl_WlanRxFilterSet</name>
         <value>0x0</value>
      </symbol>
      <symbol id="sm-b83">
         <name>sl_WlanConnect</name>
         <value>0x0</value>
      </symbol>
      <symbol id="sm-b84">
         <name>sl_NetCfgGet</name>
         <value>0x0</value>
      </symbol>
      <symbol id="sm-b85">
         <name>sl_NetAppDnsGetHostByName</name>
         <value>0x0</value>
      </symbol>
      <symbol id="sm-b86">
         <name>SHT$$INIT_ARRAY$$Limit</name>
         <value>0x0</value>
      </symbol>
      <symbol id="sm-b87">
         <name>SHT$$INIT_ARRAY$$Base</name>
         <value>0x0</value>
      </symbol>
   </symbol_table>
   <title>Link errors: red sections failed placement</title>
</link_info>
