******************************************************************************
                  TI ARM Linker PC v5.1.8                      
******************************************************************************
>> Linked Sun Mar 20 22:22:37 2016

OUTPUT FILE NAME:   <uart_echo.out>
ENTRY POINT SYMBOL: "_c_int00"  address: 00000afd


MEMORY CONFIGURATION

         name            origin    length      used     unused   attr    fill
----------------------  --------  ---------  --------  --------  ----  --------
  FLASH                 00000000   00040000  00000f90  0003f070  R  X
  SRAM                  20000000   00008000  000003d8  00007c28  RW X


SEGMENT ALLOCATION MAP

run origin  load origin   length   init length attrs members
----------  ----------- ---------- ----------- ----- -------
00000000    00000000    00000f94   00000f94    r-x
  00000000    00000000    0000026c   0000026c    r-- .intvecs
  0000026c    0000026c    00000b94   00000b94    r-x .text
  00000e00    00000e00    0000016c   0000016c    r-- .const
  00000f70    00000f70    00000024   00000024    r-- .cinit
20000000    20000000    000003d8   00000000    rw-
  20000000    20000000    000002d8   00000000    rw- .data
  200002d8    200002d8    00000100   00000000    rw- .stack


SECTION ALLOCATION MAP

 output                                  attributes/
section   page    origin      length       input sections
--------  ----  ----------  ----------   ----------------
.intvecs   0    00000000    0000026c     
                  00000000    0000026c     startup_ccs.obj (.intvecs)

.init_array 
*          0    00000000    00000000     UNINITIALIZED

.text      0    0000026c    00000b94     
                  0000026c    00000160     uart_echo.obj (.text:UART5IntHandler)
                  000003cc    0000014c     uart_echo.obj (.text:main)
                  00000518    00000130     driverlib.lib : gpio.obj (.text:GPIOPadConfigSet)
                  00000648    00000118                   : sysctl.obj (.text:SysCtlClockGet)
                  00000760    000000f0                   : sysctl.obj (.text:SysCtlClockSet)
                  00000850    0000009c     rtsv7M4_T_le_v4SPD16_eabi.lib : memcpy_t2.obj (.text)
                  000008ec    00000094                                   : auto_init.obj (.text)
                  00000980    0000006c     uart_echo.obj (.text:UART0IntHandler)
                  000009ec    00000068     driverlib.lib : interrupt.obj (.text:IntEnable)
                  00000a54    0000005e     rtsv7M4_T_le_v4SPD16_eabi.lib : copy_decompress_rle.obj (.text)
                  00000ab2    00000002     startup_ccs.obj (.text:FaultISR)
                  00000ab4    00000048     driverlib.lib : gpio.obj (.text:GPIOPinConfigure)
                  00000afc    00000048     rtsv7M4_T_le_v4SPD16_eabi.lib : boot.obj (.text)
                  00000b44    00000044                                   : cpy_tbl.obj (.text)
                  00000b88    00000044                                   : exit.obj (.text)
                  00000bcc    00000042     driverlib.lib : uart.obj (.text:UARTConfigSetExpClk)
                  00000c0e    00000002     startup_ccs.obj (.text:IntDefaultHandler)
                  00000c10    00000034     driverlib.lib : sysctl.obj (.text:SysCtlPeripheralEnable)
                  00000c44    00000034     rtsv7M4_T_le_v4SPD16_eabi.lib : strstr.obj (.text)
                  00000c78    0000002a     driverlib.lib : gpio.obj (.text:GPIODirModeSet)
                  00000ca2    00000002     startup_ccs.obj (.text:NmiSR)
                  00000ca4    00000028     uart_echo.obj (.text:UARTSend)
                  00000ccc    0000001c     driverlib.lib : uart.obj (.text:UARTDisable)
                  00000ce8    00000018                   : gpio.obj (.text:GPIOPinTypeGPIOOutput)
                  00000d00    00000018     rtsv7M4_T_le_v4SPD16_eabi.lib : args_main.obj (.text)
                  00000d18    00000014     driverlib.lib : uart.obj (.text:UARTEnable)
                  00000d2c    00000012                   : gpio.obj (.text:GPIOPinTypeUART)
                  00000d3e    00000002     rtsv7M4_T_le_v4SPD16_eabi.lib : _lock.obj (.text)
                  00000d40    00000010     driverlib.lib : fpu.obj (.text:FPUEnable)
                  00000d50    00000010                   : fpu.obj (.text:FPULazyStackingEnable)
                  00000d60    00000010                   : interrupt.obj (.text:IntMasterEnable)
                  00000d70    0000000e                   : uart.obj (.text:UARTCharGetNonBlocking)
                  00000d7e    0000000e                   : uart.obj (.text:UARTCharPutNonBlocking)
                  00000d8c    0000000e     rtsv7M4_T_le_v4SPD16_eabi.lib : copy_decompress_none.obj (.text:decompress:none)
                  00000d9a    0000000c     driverlib.lib : cpu.obj (.text:CPUcpsie)
                  00000da6    0000000c                   : uart.obj (.text:UARTCharsAvail)
                  00000db2    0000000c                   : uart.obj (.text:UARTSpaceAvail)
                  00000dbe    0000000a                   : uart.obj (.text:UARTCharGet)
                  00000dc8    0000000a                   : uart.obj (.text:UARTCharPut)
                  00000dd2    0000000a                   : uart.obj (.text:UARTIntStatus)
                  00000ddc    00000008                   : uart.obj (.text:UARTIntEnable)
                  00000de4    00000006                   : gpio.obj (.text:GPIOPinWrite)
                  00000dea    00000006     startup_ccs.obj (.text:ResetISR)
                  00000df0    00000006     driverlib.lib : sysctl.obj (.text:SysCtlDelay)
                  00000df6    00000006     rtsv7M4_T_le_v4SPD16_eabi.lib : copy_decompress_rle.obj (.text:decompress:rle24)
                  00000dfc    00000004     driverlib.lib : uart.obj (.text:UARTIntClear)

.const     0    00000e00    0000016c     
                  00000e00    00000090     driverlib.lib : gpio.obj (.const:g_pui32GPIOBaseAddrs)
                  00000e90    00000070                   : interrupt.obj (.const)
                  00000f00    0000006c                   : sysctl.obj (.const:g_pui32Xtals)

.cinit     0    00000f70    00000024     
                  00000f70    00000014     (.cinit..data.load) [load image, compression = rle]
                  00000f84    00000008     (__TI_handler_table)
                  00000f8c    00000008     (__TI_cinit_table)

.data      0    20000000    000002d8     UNINITIALIZED
                  20000000    000002c4     uart_echo.obj (.data)
                  200002c4    00000008     rtsv7M4_T_le_v4SPD16_eabi.lib : _lock.obj (.data)
                  200002cc    00000008                                   : exit.obj (.data)
                  200002d4    00000004                                   : stkdepth_vars.obj (.data)

.stack     0    200002d8    00000100     UNINITIALIZED
                  200002d8    00000100     --HOLE--


LINKER GENERATED COPY TABLES

__TI_cinit_table @ 00000f8c records: 1, size/record: 8, table size: 8
	.data: load addr=00000f70, load size=00000014 bytes, run addr=20000000, run size=000002d8 bytes, compression=rle


LINKER GENERATED HANDLER TABLE

__TI_handler_table @ 00000f84 records: 2, size/record: 4, table size: 8
	index: 0, handler: __TI_decompress_rle24
	index: 1, handler: __TI_decompress_none


GLOBAL SYMBOLS: SORTED ALPHABETICALLY BY Name 

address    name
--------   ----
20000008   Buff
00000b89   C$$EXIT
00000d9b   CPUcpsie
2000006c   Data
00000d41   FPUEnable
00000d51   FPULazyStackingEnable
00000c79   GPIODirModeSet
00000519   GPIOPadConfigSet
00000ab5   GPIOPinConfigure
00000ce9   GPIOPinTypeGPIOOutput
00000d2d   GPIOPinTypeUART
00000de5   GPIOPinWrite
000009ed   IntEnable
00000d61   IntMasterEnable
00000deb   ResetISR
UNDEFED    SHT$$INIT_ARRAY$$Base
UNDEFED    SHT$$INIT_ARRAY$$Limit
00000649   SysCtlClockGet
00000761   SysCtlClockSet
00000df1   SysCtlDelay
00000c11   SysCtlPeripheralEnable
00000981   UART0IntHandler
0000026d   UART5IntHandler
00000dbf   UARTCharGet
00000d71   UARTCharGetNonBlocking
00000dc9   UARTCharPut
00000d7f   UARTCharPutNonBlocking
00000da7   UARTCharsAvail
00000bcd   UARTConfigSetExpClk
00000ccd   UARTDisable
00000d19   UARTEnable
00000dfd   UARTIntClear
00000ddd   UARTIntEnable
00000dd3   UARTIntStatus
00000ca5   UARTSend
00000db3   UARTSpaceAvail
200003d8   __STACK_END
00000100   __STACK_SIZE
200003d8   __STACK_TOP
00000f8c   __TI_CINIT_Base
00000f94   __TI_CINIT_Limit
00000f84   __TI_Handler_Table_Base
00000f8c   __TI_Handler_Table_Limit
00000001   __TI_args_main
000008ed   __TI_auto_init
200002cc   __TI_cleanup_ptr
00000d8d   __TI_decompress_none
00000df7   __TI_decompress_rle24
200002d0   __TI_dtors_ptr
00000000   __TI_static_base__
00000851   __aeabi_memcpy
00000851   __aeabi_memcpy4
00000851   __aeabi_memcpy8
ffffffff   __binit__
ffffffff   __c_args__
200002d8   __stack
00000d01   _args_main
00000afd   _c_int00
200002c4   _lock
00000d3f   _nop
200002c8   _unlock
00000b8d   abort
ffffffff   binit
00000b45   copy_in
00000b95   exit
20000000   flgNewGPSstring
00000000   g_pfnVectors
000003cd   main
200002d4   main_func_sp
00000851   memcpy
00000c45   strstr
20000004   wrtptr


GLOBAL SYMBOLS: SORTED BY Symbol Address 

address    name
--------   ----
00000000   __TI_static_base__
00000000   g_pfnVectors
00000001   __TI_args_main
00000100   __STACK_SIZE
0000026d   UART5IntHandler
000003cd   main
00000519   GPIOPadConfigSet
00000649   SysCtlClockGet
00000761   SysCtlClockSet
00000851   __aeabi_memcpy
00000851   __aeabi_memcpy4
00000851   __aeabi_memcpy8
00000851   memcpy
000008ed   __TI_auto_init
00000981   UART0IntHandler
000009ed   IntEnable
00000ab5   GPIOPinConfigure
00000afd   _c_int00
00000b45   copy_in
00000b89   C$$EXIT
00000b8d   abort
00000b95   exit
00000bcd   UARTConfigSetExpClk
00000c11   SysCtlPeripheralEnable
00000c45   strstr
00000c79   GPIODirModeSet
00000ca5   UARTSend
00000ccd   UARTDisable
00000ce9   GPIOPinTypeGPIOOutput
00000d01   _args_main
00000d19   UARTEnable
00000d2d   GPIOPinTypeUART
00000d3f   _nop
00000d41   FPUEnable
00000d51   FPULazyStackingEnable
00000d61   IntMasterEnable
00000d71   UARTCharGetNonBlocking
00000d7f   UARTCharPutNonBlocking
00000d8d   __TI_decompress_none
00000d9b   CPUcpsie
00000da7   UARTCharsAvail
00000db3   UARTSpaceAvail
00000dbf   UARTCharGet
00000dc9   UARTCharPut
00000dd3   UARTIntStatus
00000ddd   UARTIntEnable
00000de5   GPIOPinWrite
00000deb   ResetISR
00000df1   SysCtlDelay
00000df7   __TI_decompress_rle24
00000dfd   UARTIntClear
00000f84   __TI_Handler_Table_Base
00000f8c   __TI_CINIT_Base
00000f8c   __TI_Handler_Table_Limit
00000f94   __TI_CINIT_Limit
20000000   flgNewGPSstring
20000004   wrtptr
20000008   Buff
2000006c   Data
200002c4   _lock
200002c8   _unlock
200002cc   __TI_cleanup_ptr
200002d0   __TI_dtors_ptr
200002d4   main_func_sp
200002d8   __stack
200003d8   __STACK_END
200003d8   __STACK_TOP
ffffffff   __binit__
ffffffff   __c_args__
ffffffff   binit
UNDEFED    SHT$$INIT_ARRAY$$Base
UNDEFED    SHT$$INIT_ARRAY$$Limit

[72 symbols]
