******************************************************************************
                  TI ARM Linker PC v5.2.5                      
******************************************************************************
>> Linked Thu Jun 02 00:12:42 2016

OUTPUT FILE NAME:   <Blinkenlightsv2.out>
ENTRY POINT SYMBOL: "_c_int00"  address: 20004d71


MEMORY CONFIGURATION

         name            origin    length      used     unused   attr    fill
----------------------  --------  ---------  --------  --------  ----  --------
  SRAM_CODE             20004000   00012fff  0000146e  00011b91  RW X
  SRAM_DATA             20017000   00019000  00000549  00018ab7  RW X


SEGMENT ALLOCATION MAP

run origin  load origin   length   init length attrs members
----------  ----------- ---------- ----------- ----- -------
20004000    20004000    00001470   00001470    r-x
  20004000    20004000    00000308   00000308    r-- .intvecs
  20004308    20004308    00000e1a   00000e1a    r-x .text
  20005124    20005124    000002fc   000002fc    r-- .const
  20005420    20005420    00000050   00000050    r-- .cinit
20017000    20017000    00000037   00000000    rw-
  20017000    20017000    00000034   00000000    rw- .data
  20017034    20017034    00000003   00000000    rw- .bss
2002faec    2002faec    00000512   00000000    rw-
  2002faec    2002faec    00000512   00000000    rw- .stack


SECTION ALLOCATION MAP

 output                                  attributes/
section   page    origin      length       input sections
--------  ----  ----------  ----------   ----------------
.intvecs   0    20004000    00000308     
                  20004000    00000308     startup_ccs.obj (.intvecs)

.init_array 
*          0    20004000    00000000     UNINITIALIZED

.text      0    20004308    00000e1a     
                  20004308    0000039c     gpio_if.obj (.text)
                  200046a4    00000178     driverlib.a : prcm.obj (.text:PRCMCC3200MCUInit)
                  2000481c    000000a8                 : interrupt.obj (.text:IntEnable)
                  200048c4    0000009c     rtsv7M4_T_le_v4SPD16_eabi.lib : memcpy_t2.obj (.text)
                  20004960    00000088     driverlib.a : pin.obj (.text:PinConfigSet)
                  200049e8    00000088     pinmux.obj (.text)
                  20004a70    00000082     driverlib.a : gpio.obj (.text:GPIOIntTypeSet)
                  20004af2    00000002     --HOLE-- [fill = 0]
                  20004af4    0000007c     main.obj (.text)
                  20004b70    0000007a     rtsv7M4_T_le_v4SPD16_eabi.lib : memset_t2.obj (.text)
                  20004bea    00000002     --HOLE-- [fill = 0]
                  20004bec    0000006c                                   : autoinit.obj (.text)
                  20004c58    0000006a                                   : copy_decompress_rle.obj (.text)
                  20004cc2    00000002     --HOLE-- [fill = 0]
                  20004cc4    00000058     driverlib.a : prcm.obj (.text:PRCMPeripheralReset)
                  20004d1c    00000054                 : interrupt.obj (.text:IntPrioritySet)
                  20004d70    00000050     rtsv7M4_T_le_v4SPD16_eabi.lib : boot.obj (.text)
                  20004dc0    0000004c                                   : cpy_tbl.obj (.text)
                  20004e0c    00000048     driverlib.a : gpio.obj (.text:GPIOGetIntNumber)
                  20004e54    00000044     rtsv7M4_T_le_v4SPD16_eabi.lib : exit.obj (.text)
                  20004e98    00000040     driverlib.a : pin.obj (.text:PinModeSet)
                  20004ed8    0000003c                 : prcm.obj (.text:PRCMPeripheralClkEnable)
                  20004f14    00000036                 : gpio.obj (.text:GPIODirModeSet)
                  20004f4a    00000030                 : pin.obj (.text:PinTypeGPIO)
                  20004f7a    00000002     --HOLE-- [fill = 0]
                  20004f7c    0000002c                 : prcm.obj (.text:PRCMSysResetCauseGet)
                  20004fa8    00000028                 : prcm.obj (.text:PRCMPeripheralClkDisable)
                  20004fd0    00000020                 : gpio.obj (.text:GPIOPinWrite)
                  20004ff0    00000020                 : interrupt.obj (.text:IntRegister)
                  20005010    0000001e                 : gpio.obj (.text:GPIOIntRegister)
                  2000502e    0000001a                 : gpio.obj (.text:GPIOIntEnable)
                  20005048    00000018                 : gpio.obj (.text:GPIOPinRead)
                  20005060    00000018     rtsv7M4_T_le_v4SPD16_eabi.lib : args_main.obj (.text)
                  20005078    00000016     driverlib.a : prcm.obj (.text:PRCMHIBRegRead)
                  2000508e    00000016                 : prcm.obj (.text:PRCMHIBRegWrite)
                  200050a4    00000014                 : cpu.obj (.text:CPUcpsie)
                  200050b8    00000014                 : gpio.obj (.text:GPIOIntClear)
                  200050cc    00000014     rtsv7M4_T_le_v4SPD16_eabi.lib : _lock.obj (.text)
                  200050e0    0000000e                                   : copy_decompress_none.obj (.text:decompress:none)
                  200050ee    0000000e     startup_ccs.obj (.text)
                  200050fc    0000000c     rtsv7M4_T_le_v4SPD16_eabi.lib : copy_zero_init.obj (.text:decompress:ZI)
                  20005108    0000000a     driverlib.a : interrupt.obj (.text:IntMasterEnable)
                  20005112    00000006                 : utils.obj (.text:UtilsDelay)
                  20005118    00000006     rtsv7M4_T_le_v4SPD16_eabi.lib : copy_decompress_rle.obj (.text:decompress:rle24)
                  2000511e    00000004                                   : pre_init.obj (.text)

.const     0    20005124    000002fc     
                  20005124    00000100     driverlib.a : pin.obj (.const:g_ulPinToPadMap)
                  20005224    000000d4                 : interrupt.obj (.const:g_pulRegs)
                  200052f8    000000a8                 : prcm.obj (.const:PRCM_PeriphRegsList)
                  200053a0    00000080                 : interrupt.obj (.const)

.cinit     0    20005420    00000050     
                  20005420    00000028     (.cinit..data.load) [load image, compression = rle]
                  20005448    0000000c     (__TI_handler_table)
                  20005454    00000004     --HOLE-- [fill = 0]
                  20005458    00000008     (.cinit..bss.load) [load image, compression = zero_init]
                  20005460    00000010     (__TI_cinit_table)

.data      0    20017000    00000034     UNINITIALIZED
                  20017000    00000020     gpio_if.obj (.data)
                  20017020    00000008     rtsv7M4_T_le_v4SPD16_eabi.lib : _lock.obj (.data)
                  20017028    00000008                                   : exit.obj (.data)
                  20017030    00000004                                   : stkdepth_vars.obj (.data)

.bss       0    20017034    00000003     UNINITIALIZED
                  20017034    00000001     (.common:g_ucLED1Pin)
                  20017035    00000001     (.common:g_ucLED2Pin)
                  20017036    00000001     (.common:g_ucLED3Pin)

.TI.persistent 
*          0    20017000    00000000     UNINITIALIZED

.TI.noinit 
*          0    20017034    00000000     UNINITIALIZED

.stack     0    2002faec    00000512     UNINITIALIZED
                  2002faec    00000512     --HOLE--


LINKER GENERATED COPY TABLES

__TI_cinit_table @ 20005460 records: 2, size/record: 8, table size: 16
	.data: load addr=20005420, load size=00000028 bytes, run addr=20017000, run size=00000034 bytes, compression=rle
	.bss: load addr=20005458, load size=00000008 bytes, run addr=20017034, run size=00000003 bytes, compression=zero_init


LINKER GENERATED HANDLER TABLE

__TI_handler_table @ 20005448 records: 3, size/record: 4, table size: 12
	index: 0, handler: __TI_decompress_rle24
	index: 1, handler: __TI_decompress_none
	index: 2, handler: __TI_zero_init


GLOBAL SYMBOLS: SORTED ALPHABETICALLY BY Name 

address   name                       
-------   ----                       
20004e55  C$$EXIT                    
200050a5  CPUcpsie                   
20004f15  GPIODirModeSet             
200050b9  GPIOIntClear               
2000502f  GPIOIntEnable              
20005011  GPIOIntRegister            
20004a71  GPIOIntTypeSet             
20005049  GPIOPinRead                
20004fd1  GPIOPinWrite               
200045c9  GPIO_IF_ConfigureNIntEnable
20004655  GPIO_IF_Get                
20004583  GPIO_IF_GetPortNPin        
20004345  GPIO_IF_LedConfigure       
20004437  GPIO_IF_LedOff             
20004383  GPIO_IF_LedOn              
200044eb  GPIO_IF_LedStatus          
20004555  GPIO_IF_LedToggle          
20004611  GPIO_IF_Set                
2000481d  IntEnable                  
20005109  IntMasterEnable            
20004d1d  IntPrioritySet             
20004ff1  IntRegister                
20004af5  LEDBlinkyRoutine           
200046a5  PRCMCC3200MCUInit          
20005079  PRCMHIBRegRead             
2000508f  PRCMHIBRegWrite            
20004fa9  PRCMPeripheralClkDisable   
20004ed9  PRCMPeripheralClkEnable    
20004cc5  PRCMPeripheralReset        
20004f7d  PRCMSysResetCauseGet       
20004961  PinConfigSet               
20004e99  PinModeSet                 
200049e9  PinMuxConfig               
20004f4b  PinTypeGPIO                
200050ef  ResetISR                   
UNDEFED   SHT$$INIT_ARRAY$$Base      
UNDEFED   SHT$$INIT_ARRAY$$Limit     
20005113  UtilsDelay                 
2002fffe  __STACK_END                
00000512  __STACK_SIZE               
20005460  __TI_CINIT_Base            
20005470  __TI_CINIT_Limit           
20005448  __TI_Handler_Table_Base    
20005454  __TI_Handler_Table_Limit   
20004bed  __TI_auto_init             
20017028  __TI_cleanup_ptr           
200050e1  __TI_decompress_none       
20005119  __TI_decompress_rle24      
2001702c  __TI_dtors_ptr             
20005420  __TI_static_base__         
200050fd  __TI_zero_init             
20004b71  __aeabi_memclr             
20004b71  __aeabi_memclr4            
20004b71  __aeabi_memclr8            
200048c5  __aeabi_memcpy             
200048c5  __aeabi_memcpy4            
200048c5  __aeabi_memcpy8            
20004b73  __aeabi_memset             
20004b73  __aeabi_memset4            
20004b73  __aeabi_memset8            
ffffffff  __binit__                  
ffffffff  __c_args__                 
2002faec  __stack                    
20005061  _args_main                 
20004d71  _c_int00                   
20017020  _lock                      
200050db  _nop                       
200050d3  _register_lock             
200050cd  _register_unlock           
2000511f  _system_pre_init           
20017024  _unlock                    
20004e59  abort                      
ffffffff  binit                      
20004dc1  copy_in                    
20004e61  exit                       
20004000  g_pfnVectors               
20017034  g_ucLED1Pin                
20017035  g_ucLED2Pin                
20017036  g_ucLED3Pin                
20017014  g_uiLED1Port               
20017018  g_uiLED2Port               
2001701c  g_uiLED3Port               
20004b49  main                       
20017030  main_func_sp               
200048c5  memcpy                     
20004b79  memset                     


GLOBAL SYMBOLS: SORTED BY Symbol Address 

address   name                       
-------   ----                       
00000512  __STACK_SIZE               
20004000  g_pfnVectors               
20004345  GPIO_IF_LedConfigure       
20004383  GPIO_IF_LedOn              
20004437  GPIO_IF_LedOff             
200044eb  GPIO_IF_LedStatus          
20004555  GPIO_IF_LedToggle          
20004583  GPIO_IF_GetPortNPin        
200045c9  GPIO_IF_ConfigureNIntEnable
20004611  GPIO_IF_Set                
20004655  GPIO_IF_Get                
200046a5  PRCMCC3200MCUInit          
2000481d  IntEnable                  
200048c5  __aeabi_memcpy             
200048c5  __aeabi_memcpy4            
200048c5  __aeabi_memcpy8            
200048c5  memcpy                     
20004961  PinConfigSet               
200049e9  PinMuxConfig               
20004a71  GPIOIntTypeSet             
20004af5  LEDBlinkyRoutine           
20004b49  main                       
20004b71  __aeabi_memclr             
20004b71  __aeabi_memclr4            
20004b71  __aeabi_memclr8            
20004b73  __aeabi_memset             
20004b73  __aeabi_memset4            
20004b73  __aeabi_memset8            
20004b79  memset                     
20004bed  __TI_auto_init             
20004cc5  PRCMPeripheralReset        
20004d1d  IntPrioritySet             
20004d71  _c_int00                   
20004dc1  copy_in                    
20004e55  C$$EXIT                    
20004e59  abort                      
20004e61  exit                       
20004e99  PinModeSet                 
20004ed9  PRCMPeripheralClkEnable    
20004f15  GPIODirModeSet             
20004f4b  PinTypeGPIO                
20004f7d  PRCMSysResetCauseGet       
20004fa9  PRCMPeripheralClkDisable   
20004fd1  GPIOPinWrite               
20004ff1  IntRegister                
20005011  GPIOIntRegister            
2000502f  GPIOIntEnable              
20005049  GPIOPinRead                
20005061  _args_main                 
20005079  PRCMHIBRegRead             
2000508f  PRCMHIBRegWrite            
200050a5  CPUcpsie                   
200050b9  GPIOIntClear               
200050cd  _register_unlock           
200050d3  _register_lock             
200050db  _nop                       
200050e1  __TI_decompress_none       
200050ef  ResetISR                   
200050fd  __TI_zero_init             
20005109  IntMasterEnable            
20005113  UtilsDelay                 
20005119  __TI_decompress_rle24      
2000511f  _system_pre_init           
20005420  __TI_static_base__         
20005448  __TI_Handler_Table_Base    
20005454  __TI_Handler_Table_Limit   
20005460  __TI_CINIT_Base            
20005470  __TI_CINIT_Limit           
20017014  g_uiLED1Port               
20017018  g_uiLED2Port               
2001701c  g_uiLED3Port               
20017020  _lock                      
20017024  _unlock                    
20017028  __TI_cleanup_ptr           
2001702c  __TI_dtors_ptr             
20017030  main_func_sp               
20017034  g_ucLED1Pin                
20017035  g_ucLED2Pin                
20017036  g_ucLED3Pin                
2002faec  __stack                    
2002fffe  __STACK_END                
ffffffff  __binit__                  
ffffffff  __c_args__                 
ffffffff  binit                      
UNDEFED   SHT$$INIT_ARRAY$$Base      
UNDEFED   SHT$$INIT_ARRAY$$Limit     

[86 symbols]
