******************************************************************************
                  TI ARM Linker PC v5.2.5                      
******************************************************************************
>> Linked Fri Apr 08 06:03:54 2016

OUTPUT FILE NAME:   <Blinkenlightsv2.out>
ENTRY POINT SYMBOL: "_c_int00"  address: 20004cd9


MEMORY CONFIGURATION

         name            origin    length      used     unused   attr    fill
----------------------  --------  ---------  --------  --------  ----  --------
  SRAM_CODE             20004000   00012fff  00001422  00011bdd  RW X
  SRAM_DATA             20017000   00019000  00000549  00018ab7  RW X


SEGMENT ALLOCATION MAP

run origin  load origin   length   init length attrs members
----------  ----------- ---------- ----------- ----- -------
20004000    20004000    00001428   00001428    r-x
  20004000    20004000    00000308   00000308    r-- .intvecs
  20004308    20004308    00000dce   00000dce    r-x .text
  200050d8    200050d8    000002fc   000002fc    r-- .const
  200053d8    200053d8    00000050   00000050    r-- .cinit
20017000    20017000    00000037   00000000    rw-
  20017000    20017000    00000034   00000000    rw- .data
  20017034    20017034    00000003   00000000    rw- .bss
2002faec    2002faec    00000512   00000000    rw-
  2002faec    2002faec    00000512   00000000    rw- .stack


SECTION ALLOCATION MAP

 output                                  attributes/
section   page    origin      length       input sections
--------  ----  ----------  ----------   ----------------
.intvecs   0    20004000    00000308     
                  20004000    00000308     startup_ccs.obj (.intvecs)

.init_array 
*          0    20004000    00000000     UNINITIALIZED

.text      0    20004308    00000dce     
                  20004308    0000039c     gpio_if.obj (.text)
                  200046a4    00000178     driverlib.a : prcm.obj (.text:PRCMCC3200MCUInit)
                  2000481c    000000a8                 : interrupt.obj (.text:IntEnable)
                  200048c4    0000009c     rtsv7M4_T_le_v4SPD16_eabi.lib : memcpy_t2.obj (.text)
                  20004960    00000088     driverlib.a : pin.obj (.text:PinConfigSet)
                  200049e8    00000082                 : gpio.obj (.text:GPIOIntTypeSet)
                  20004a6a    0000007a     rtsv7M4_T_le_v4SPD16_eabi.lib : memset_t2.obj (.text)
                  20004ae4    00000070     main.obj (.text)
                  20004b54    0000006c     rtsv7M4_T_le_v4SPD16_eabi.lib : autoinit.obj (.text)
                  20004bc0    0000006a                                   : copy_decompress_rle.obj (.text)
                  20004c2a    00000002     --HOLE-- [fill = 0]
                  20004c2c    00000058     driverlib.a : prcm.obj (.text:PRCMPeripheralReset)
                  20004c84    00000054                 : interrupt.obj (.text:IntPrioritySet)
                  20004cd8    00000050     rtsv7M4_T_le_v4SPD16_eabi.lib : boot.obj (.text)
                  20004d28    0000004c     pinmux.obj (.text)
                  20004d74    0000004c     rtsv7M4_T_le_v4SPD16_eabi.lib : cpy_tbl.obj (.text)
                  20004dc0    00000048     driverlib.a : gpio.obj (.text:GPIOGetIntNumber)
                  20004e08    00000044     rtsv7M4_T_le_v4SPD16_eabi.lib : exit.obj (.text)
                  20004e4c    00000040     driverlib.a : pin.obj (.text:PinModeSet)
                  20004e8c    0000003c                 : prcm.obj (.text:PRCMPeripheralClkEnable)
                  20004ec8    00000036                 : gpio.obj (.text:GPIODirModeSet)
                  20004efe    00000030                 : pin.obj (.text:PinTypeGPIO)
                  20004f2e    00000002     --HOLE-- [fill = 0]
                  20004f30    0000002c                 : prcm.obj (.text:PRCMSysResetCauseGet)
                  20004f5c    00000028                 : prcm.obj (.text:PRCMPeripheralClkDisable)
                  20004f84    00000020                 : gpio.obj (.text:GPIOPinWrite)
                  20004fa4    00000020                 : interrupt.obj (.text:IntRegister)
                  20004fc4    0000001e                 : gpio.obj (.text:GPIOIntRegister)
                  20004fe2    0000001a                 : gpio.obj (.text:GPIOIntEnable)
                  20004ffc    00000018                 : gpio.obj (.text:GPIOPinRead)
                  20005014    00000018     rtsv7M4_T_le_v4SPD16_eabi.lib : args_main.obj (.text)
                  2000502c    00000016     driverlib.a : prcm.obj (.text:PRCMHIBRegRead)
                  20005042    00000016                 : prcm.obj (.text:PRCMHIBRegWrite)
                  20005058    00000014                 : cpu.obj (.text:CPUcpsie)
                  2000506c    00000014                 : gpio.obj (.text:GPIOIntClear)
                  20005080    00000014     rtsv7M4_T_le_v4SPD16_eabi.lib : _lock.obj (.text)
                  20005094    0000000e                                   : copy_decompress_none.obj (.text:decompress:none)
                  200050a2    0000000e     startup_ccs.obj (.text)
                  200050b0    0000000c     rtsv7M4_T_le_v4SPD16_eabi.lib : copy_zero_init.obj (.text:decompress:ZI)
                  200050bc    0000000a     driverlib.a : interrupt.obj (.text:IntMasterEnable)
                  200050c6    00000006                 : utils.obj (.text:UtilsDelay)
                  200050cc    00000006     rtsv7M4_T_le_v4SPD16_eabi.lib : copy_decompress_rle.obj (.text:decompress:rle24)
                  200050d2    00000004                                   : pre_init.obj (.text)

.const     0    200050d8    000002fc     
                  200050d8    00000100     driverlib.a : pin.obj (.const:g_ulPinToPadMap)
                  200051d8    000000d4                 : interrupt.obj (.const:g_pulRegs)
                  200052ac    000000a8                 : prcm.obj (.const:PRCM_PeriphRegsList)
                  20005354    00000080                 : interrupt.obj (.const)

.cinit     0    200053d8    00000050     
                  200053d8    00000028     (.cinit..data.load) [load image, compression = rle]
                  20005400    0000000c     (__TI_handler_table)
                  2000540c    00000004     --HOLE-- [fill = 0]
                  20005410    00000008     (.cinit..bss.load) [load image, compression = zero_init]
                  20005418    00000010     (__TI_cinit_table)

.data      0    20017000    00000034     UNINITIALIZED
                  20017000    00000020     gpio_if.obj (.data)
                  20017020    00000008     rtsv7M4_T_le_v4SPD16_eabi.lib : _lock.obj (.data)
                  20017028    00000008                                   : exit.obj (.data)
                  20017030    00000004                                   : stkdepth_vars.obj (.data)

.bss       0    20017034    00000003     UNINITIALIZED
                  20017034    00000001     (.common:g_ucLED1Pin)
                  20017035    00000001     (.common:g_ucLED2Pin)
                  20017036    00000001     (.common:g_ucLED3Pin)

.TI.persistent 
*          0    20017000    00000000     UNINITIALIZED

.TI.noinit 
*          0    20017034    00000000     UNINITIALIZED

.stack     0    2002faec    00000512     UNINITIALIZED
                  2002faec    00000512     --HOLE--


LINKER GENERATED COPY TABLES

__TI_cinit_table @ 20005418 records: 2, size/record: 8, table size: 16
	.data: load addr=200053d8, load size=00000028 bytes, run addr=20017000, run size=00000034 bytes, compression=rle
	.bss: load addr=20005410, load size=00000008 bytes, run addr=20017034, run size=00000003 bytes, compression=zero_init


LINKER GENERATED HANDLER TABLE

__TI_handler_table @ 20005400 records: 3, size/record: 4, table size: 12
	index: 0, handler: __TI_decompress_rle24
	index: 1, handler: __TI_decompress_none
	index: 2, handler: __TI_zero_init


GLOBAL SYMBOLS: SORTED ALPHABETICALLY BY Name 

address   name                       
-------   ----                       
20004e09  C$$EXIT                    
20005059  CPUcpsie                   
20004ec9  GPIODirModeSet             
2000506d  GPIOIntClear               
20004fe3  GPIOIntEnable              
20004fc5  GPIOIntRegister            
200049e9  GPIOIntTypeSet             
20004ffd  GPIOPinRead                
20004f85  GPIOPinWrite               
200045c9  GPIO_IF_ConfigureNIntEnable
20004655  GPIO_IF_Get                
20004583  GPIO_IF_GetPortNPin        
20004345  GPIO_IF_LedConfigure       
20004437  GPIO_IF_LedOff             
20004383  GPIO_IF_LedOn              
200044eb  GPIO_IF_LedStatus          
20004555  GPIO_IF_LedToggle          
20004611  GPIO_IF_Set                
2000481d  IntEnable                  
200050bd  IntMasterEnable            
20004c85  IntPrioritySet             
20004fa5  IntRegister                
20004ae5  LEDBlinkyRoutine           
200046a5  PRCMCC3200MCUInit          
2000502d  PRCMHIBRegRead             
20005043  PRCMHIBRegWrite            
20004f5d  PRCMPeripheralClkDisable   
20004e8d  PRCMPeripheralClkEnable    
20004c2d  PRCMPeripheralReset        
20004f31  PRCMSysResetCauseGet       
20004961  PinConfigSet               
20004e4d  PinModeSet                 
20004d29  PinMuxConfig               
20004eff  PinTypeGPIO                
200050a3  ResetISR                   
UNDEFED   SHT$$INIT_ARRAY$$Base      
UNDEFED   SHT$$INIT_ARRAY$$Limit     
200050c7  UtilsDelay                 
2002fffe  __STACK_END                
00000512  __STACK_SIZE               
20005418  __TI_CINIT_Base            
20005428  __TI_CINIT_Limit           
20005400  __TI_Handler_Table_Base    
2000540c  __TI_Handler_Table_Limit   
20004b55  __TI_auto_init             
20017028  __TI_cleanup_ptr           
20005095  __TI_decompress_none       
200050cd  __TI_decompress_rle24      
2001702c  __TI_dtors_ptr             
200053d8  __TI_static_base__         
200050b1  __TI_zero_init             
20004a6b  __aeabi_memclr             
20004a6b  __aeabi_memclr4            
20004a6b  __aeabi_memclr8            
200048c5  __aeabi_memcpy             
200048c5  __aeabi_memcpy4            
200048c5  __aeabi_memcpy8            
20004a6d  __aeabi_memset             
20004a6d  __aeabi_memset4            
20004a6d  __aeabi_memset8            
ffffffff  __binit__                  
ffffffff  __c_args__                 
2002faec  __stack                    
20005015  _args_main                 
20004cd9  _c_int00                   
20017020  _lock                      
2000508f  _nop                       
20005087  _register_lock             
20005081  _register_unlock           
200050d3  _system_pre_init           
20017024  _unlock                    
20004e0d  abort                      
ffffffff  binit                      
20004d75  copy_in                    
20004e15  exit                       
20004000  g_pfnVectors               
20017034  g_ucLED1Pin                
20017035  g_ucLED2Pin                
20017036  g_ucLED3Pin                
20017014  g_uiLED1Port               
20017018  g_uiLED2Port               
2001701c  g_uiLED3Port               
20004b31  main                       
20017030  main_func_sp               
200048c5  memcpy                     
20004a73  memset                     


GLOBAL SYMBOLS: SORTED BY Symbol Address 

address   name                       
-------   ----                       
00000512  __STACK_SIZE               
20004000  g_pfnVectors               
20004345  GPIO_IF_LedConfigure       
20004383  GPIO_IF_LedOn              
20004437  GPIO_IF_LedOff             
200044eb  GPIO_IF_LedStatus          
20004555  GPIO_IF_LedToggle          
20004583  GPIO_IF_GetPortNPin        
200045c9  GPIO_IF_ConfigureNIntEnable
20004611  GPIO_IF_Set                
20004655  GPIO_IF_Get                
200046a5  PRCMCC3200MCUInit          
2000481d  IntEnable                  
200048c5  __aeabi_memcpy             
200048c5  __aeabi_memcpy4            
200048c5  __aeabi_memcpy8            
200048c5  memcpy                     
20004961  PinConfigSet               
200049e9  GPIOIntTypeSet             
20004a6b  __aeabi_memclr             
20004a6b  __aeabi_memclr4            
20004a6b  __aeabi_memclr8            
20004a6d  __aeabi_memset             
20004a6d  __aeabi_memset4            
20004a6d  __aeabi_memset8            
20004a73  memset                     
20004ae5  LEDBlinkyRoutine           
20004b31  main                       
20004b55  __TI_auto_init             
20004c2d  PRCMPeripheralReset        
20004c85  IntPrioritySet             
20004cd9  _c_int00                   
20004d29  PinMuxConfig               
20004d75  copy_in                    
20004e09  C$$EXIT                    
20004e0d  abort                      
20004e15  exit                       
20004e4d  PinModeSet                 
20004e8d  PRCMPeripheralClkEnable    
20004ec9  GPIODirModeSet             
20004eff  PinTypeGPIO                
20004f31  PRCMSysResetCauseGet       
20004f5d  PRCMPeripheralClkDisable   
20004f85  GPIOPinWrite               
20004fa5  IntRegister                
20004fc5  GPIOIntRegister            
20004fe3  GPIOIntEnable              
20004ffd  GPIOPinRead                
20005015  _args_main                 
2000502d  PRCMHIBRegRead             
20005043  PRCMHIBRegWrite            
20005059  CPUcpsie                   
2000506d  GPIOIntClear               
20005081  _register_unlock           
20005087  _register_lock             
2000508f  _nop                       
20005095  __TI_decompress_none       
200050a3  ResetISR                   
200050b1  __TI_zero_init             
200050bd  IntMasterEnable            
200050c7  UtilsDelay                 
200050cd  __TI_decompress_rle24      
200050d3  _system_pre_init           
200053d8  __TI_static_base__         
20005400  __TI_Handler_Table_Base    
2000540c  __TI_Handler_Table_Limit   
20005418  __TI_CINIT_Base            
20005428  __TI_CINIT_Limit           
20017014  g_uiLED1Port               
20017018  g_uiLED2Port               
2001701c  g_uiLED3Port               
20017020  _lock                      
20017024  _unlock                    
20017028  __TI_cleanup_ptr           
2001702c  __TI_dtors_ptr             
20017030  main_func_sp               
20017034  g_ucLED1Pin                
20017035  g_ucLED2Pin                
20017036  g_ucLED3Pin                
2002faec  __stack                    
2002fffe  __STACK_END                
ffffffff  __binit__                  
ffffffff  __c_args__                 
ffffffff  binit                      
UNDEFED   SHT$$INIT_ARRAY$$Base      
UNDEFED   SHT$$INIT_ARRAY$$Limit     

[86 symbols]
