******************************************************************************
                  TI ARM Linker PC v5.2.5                      
******************************************************************************
>> Linked Fri Apr 08 06:00:19 2016

OUTPUT FILE NAME:   <adc.out>
ENTRY POINT SYMBOL: "_c_int00"  address: 20007019


MEMORY CONFIGURATION

         name            origin    length      used     unused   attr    fill
----------------------  --------  ---------  --------  --------  ----  --------
  SRAM_CODE             20004000   00013000  00003932  0000f6ce  RW X
  SRAM_DATA             20017000   00019000  0000d164  0000be9c  RW X


SEGMENT ALLOCATION MAP

run origin  load origin   length   init length attrs members
----------  ----------- ---------- ----------- ----- -------
20004000    20004000    00003938   00003938    r-x
  20004000    20004000    00000308   00000308    r-- .intvecs
  20004308    20004308    00003286   00003286    r-x .text
  20007590    20007590    0000032c   0000032c    r-- .const
  200078c0    200078c0    00000078   00000078    r-- .cinit
20017000    20017000    0000c168   00000000    rw-
  20017000    20017000    00008000   00000000    rw- .sysmem
  2001f000    2001f000    00004004   00000000    rw- .bss
  20023008    20023008    00000160   00000000    rw- .data
2002f000    2002f000    00001000   00000000    rw-
  2002f000    2002f000    00001000   00000000    rw- .stack


SECTION ALLOCATION MAP

 output                                  attributes/
section   page    origin      length       input sections
--------  ----  ----------  ----------   ----------------
.intvecs   0    20004000    00000308     
                  20004000    00000308     startup_ccs.obj (.intvecs)

.init_array 
*          0    20004000    00000000     UNINITIALIZED

.text      0    20004308    00003286     
                  20004308    000010a6     rtsv7M4_T_le_eabi.lib : _printfi.obj (.text)
                  200053ae    00000002     --HOLE-- [fill = 0]
                  200053b0    000003dc                           : memory.obj (.text)
                  2000578c    00000004                           : pre_init.obj (.text)
                  20005790    00000222     adc_userinput.obj (.text)
                  200059b2    00000006     driverlib.a : utils.obj (.text:UtilsDelay)
                  200059b8    00000208     main.obj (.text)
                  20005bc0    000001f4     rtsv7M4_T_le_eabi.lib : ull_div_t2.obj (.text)
                  20005db4    00000004     --HOLE-- [fill = 0]
                  20005db8    000001f4     uart_if.obj (.text)
                  20005fac    000001b6     rtsv7M4_T_le_eabi.lib : fd_add_t2.obj (.text)
                  20006162    00000002     --HOLE-- [fill = 0]
                  20006164    00000178     driverlib.a : prcm.obj (.text:PRCMCC3200MCUInit)
                  200062dc    00000136     rtsv7M4_T_le_eabi.lib : fd_div_t2.obj (.text)
                  20006412    00000002     --HOLE-- [fill = 0]
                  20006414    00000110                           : xdscale.obj (.text)
                  20006524    000000fc                           : fd_mul_t2.obj (.text)
                  20006620    000000be                           : xdnorm.obj (.text)
                  200066de    00000002     --HOLE-- [fill = 0]
                  200066e0    000000a8     driverlib.a : interrupt.obj (.text:IntEnable)
                  20006788    0000009c     rtsv7M4_T_le_eabi.lib : memcpy_t2.obj (.text)
                  20006824    00000094     driverlib.a : prcm.obj (.text:PRCMPeripheralClockGet)
                  200068b8    00000088                 : pin.obj (.text:PinConfigSet)
                  20006940    00000088     rtsv7M4_T_le_eabi.lib : vsnprintf.obj (.text)
                  200069c8    00000086                           : fd_cmp_t2.obj (.text:__aeabi_cdcmple)
                  20006a4e    00000086                           : fd_cmp_t2.obj (.text:__aeabi_cdrcmple)
                  20006ad4    0000007a                           : memset_t2.obj (.text)
                  20006b4e    00000076     driverlib.a : uart.obj (.text:UARTConfigSetExpClk)
                  20006bc4    0000006c     rtsv7M4_T_le_eabi.lib : autoinit.obj (.text)
                  20006c30    0000006a                           : copy_decompress_rle.obj (.text)
                  20006c9a    00000066                           : xdunscal.obj (.text)
                  20006d00    00000058     driverlib.a : prcm.obj (.text:PRCMPeripheralReset)
                  20006d58    00000056     rtsv7M4_T_le_eabi.lib : ltoa.obj (.text)
                  20006dae    00000002     --HOLE-- [fill = 0]
                  20006db0    0000004c                           : atoi.obj (.text)
                  20006dfc    0000004c                           : cpy_tbl.obj (.text)
                  20006e48    00000048                           : fd_toi_t2.obj (.text)
                  20006e90    00000046                           : ldexp.obj (.text)
                  20006ed6    00000002     --HOLE-- [fill = 0]
                  20006ed8    00000044                           : exit.obj (.text)
                  20006f1c    00000040     driverlib.a : pin.obj (.text:PinModeSet)
                  20006f5c    00000040     rtsv7M4_T_le_eabi.lib : signal.obj (.text)
                  20006f9c    00000040                           : strtok.obj (.text)
                  20006fdc    0000003c     driverlib.a : prcm.obj (.text:PRCMPeripheralClkEnable)
                  20007018    0000003c     rtsv7M4_T_le_eabi.lib : boot.obj (.text)
                  20007054    00000038     driverlib.a : adc.obj (.text:ADCChannelDisable)
                  2000708c    00000038                 : adc.obj (.text:ADCChannelEnable)
                  200070c4    00000038     rtsv7M4_T_le_eabi.lib : fs_tod_t2.obj (.text)
                  200070fc    00000034                           : feraiseexcept.obj (.text)
                  20007130    00000030     driverlib.a : uart.obj (.text:UARTDisable)
                  20007160    00000030     rtsv7M4_T_le_eabi.lib : xferaise.obj (.text)
                  20007190    0000002e                           : i_tofd_t2.obj (.text)
                  200071be    0000002e                           : raise.obj (.text)
                  200071ec    0000002c     driverlib.a : prcm.obj (.text:PRCMSysResetCauseGet)
                  20007218    0000002a     rtsv7M4_T_le_eabi.lib : strspn.obj (.text)
                  20007242    0000002a                           : xdclass.obj (.text)
                  2000726c    00000028     driverlib.a : prcm.obj (.text:PRCMPeripheralClkDisable)
                  20007294    00000024                 : uart.obj (.text:UARTEnable)
                  200072b8    00000024     rtsv7M4_T_le_eabi.lib : memmov.obj (.text)
                  200072dc    00000024                           : strcspn.obj (.text)
                  20007300    00000024                           : u_tofs_t2.obj (.text)
                  20007324    00000022     driverlib.a : adc.obj (.text:ADCTimerConfig)
                  20007346    00000022     rtsv7M4_T_le_eabi.lib : frexp.obj (.text)
                  20007368    00000022     startup_ccs.obj (.text)
                  2000738a    0000001e     driverlib.a : uart.obj (.text:UARTCharPut)
                  200073a8    0000001c                 : adc.obj (.text:ADCFIFOLvlGet)
                  200073c4    0000001c                 : uart.obj (.text:UARTCharGetNonBlocking)
                  200073e0    0000001c     pinmux.obj (.text)
                  200073fc    0000001c     rtsv7M4_T_le_eabi.lib : memccpy.obj (.text)
                  20007418    0000001a     driverlib.a : pin.obj (.text:PinTypeUART)
                  20007432    00000018                 : adc.obj (.text:ADCFIFORead)
                  2000744a    00000018                 : uart.obj (.text:UARTCharsAvail)
                  20007462    00000002     --HOLE-- [fill = 0]
                  20007464    00000018     rtsv7M4_T_le_eabi.lib : args_main.obj (.text)
                  2000747c    00000018                           : strcmp.obj (.text)
                  20007494    00000016     driverlib.a : adc.obj (.text:ADCTimerEnable)
                  200074aa    00000016                 : prcm.obj (.text:PRCMHIBRegRead)
                  200074c0    00000016                 : prcm.obj (.text:PRCMHIBRegWrite)
                  200074d6    00000016     rtsv7M4_T_le_eabi.lib : strchr.obj (.text)
                  200074ec    00000014     driverlib.a : adc.obj (.text:ADCEnable)
                  20007500    00000014                 : cpu.obj (.text:CPUcpsie)
                  20007514    00000014                 : interrupt.obj (.text:IntVTableBaseSet)
                  20007528    00000014                 : pin.obj (.text:PinTypeADC)
                  2000753c    00000014     rtsv7M4_T_le_eabi.lib : _lock.obj (.text)
                  20007550    00000014                           : strlen.obj (.text)
                  20007564    0000000e                           : copy_decompress_none.obj (.text:decompress:none)
                  20007572    0000000c                           : copy_zero_init.obj (.text:decompress:ZI)
                  2000757e    0000000a     driverlib.a : interrupt.obj (.text:IntMasterEnable)
                  20007588    00000006     rtsv7M4_T_le_eabi.lib : copy_decompress_rle.obj (.text:decompress:rle24)

.const     0    20007590    0000032c     
                  20007590    00000101     rtsv7M4_T_le_eabi.lib : ctype.obj (.const:.string:_ctypes_)
                  20007691    00000003     --HOLE-- [fill = 0]
                  20007694    00000100     driverlib.a : pin.obj (.const:g_ulPinToPadMap)
                  20007794    000000a8                 : prcm.obj (.const:PRCM_PeriphRegsList)
                  2000783c    00000080                 : interrupt.obj (.const)

.cinit     0    200078c0    00000078     
                  200078c0    0000004e     (.cinit..data.load) [load image, compression = rle]
                  2000790e    00000002     --HOLE-- [fill = 0]
                  20007910    0000000c     (__TI_handler_table)
                  2000791c    00000004     --HOLE-- [fill = 0]
                  20007920    00000008     (.cinit..bss.load) [load image, compression = zero_init]
                  20007928    00000010     (__TI_cinit_table)

.sysmem    0    20017000    00008000     UNINITIALIZED
                  20017000    00000008     rtsv7M4_T_le_eabi.lib : memory.obj (.sysmem)
                  20017008    00007ff8     --HOLE--

.bss       0    2001f000    00004004     UNINITIALIZED
                  2001f000    00004000     main.obj (.bss:pulAdcSamples)
                  20023000    00000004     (.common:__Errorlog)

.TI.noinit 
*          0    2001f000    00000000     UNINITIALIZED

.data      0    20023008    00000160     UNINITIALIZED
                  20023008    000000b0     rtsv7M4_T_le_eabi.lib : signal.obj (.data:sigtable)
                  200230b8    00000080                           : xvalues.obj (.data)
                  20023138    0000000c                           : memory.obj (.data)
                  20023144    00000008                           : _lock.obj (.data)
                  2002314c    00000008                           : exit.obj (.data)
                  20023154    00000008                           : feraiseexcept.obj (.data)
                  2002315c    00000004                           : errno.obj (.data)
                  20023160    00000004                           : stkdepth_vars.obj (.data)
                  20023164    00000004                           : strtok.obj (.data)

.TI.persistent 
*          0    20023008    00000000     UNINITIALIZED

.stack     0    2002f000    00001000     UNINITIALIZED
                  2002f000    00001000     --HOLE--


LINKER GENERATED COPY TABLES

__TI_cinit_table @ 20007928 records: 2, size/record: 8, table size: 16
	.data: load addr=200078c0, load size=0000004e bytes, run addr=20023008, run size=00000160 bytes, compression=rle
	.bss: load addr=20007920, load size=00000008 bytes, run addr=2001f000, run size=00004004 bytes, compression=zero_init


LINKER GENERATED HANDLER TABLE

__TI_handler_table @ 20007910 records: 3, size/record: 4, table size: 12
	index: 0, handler: __TI_decompress_rle24
	index: 1, handler: __TI_decompress_none
	index: 2, handler: __TI_zero_init


GLOBAL SYMBOLS: SORTED ALPHABETICALLY BY Name 

address   name                    
-------   ----                    
20007055  ADCChannelDisable       
2000708d  ADCChannelEnable        
200074ed  ADCEnable               
200073a9  ADCFIFOLvlGet           
20007433  ADCFIFORead             
20005791  ADCParser               
20007325  ADCTimerConfig          
20007495  ADCTimerEnable          
20006ed9  C$$EXIT                 
20007501  CPUcpsie                
20005df9  ClearTerm               
20005e01  Error                   
20005e39  GetCmd                  
20005db9  InitTerm                
200066e1  IntEnable               
2000757f  IntMasterEnable         
20007515  IntVTableBaseSet        
20005dd9  Message                 
20006165  PRCMCC3200MCUInit       
200074ab  PRCMHIBRegRead          
200074c1  PRCMHIBRegWrite         
2000726d  PRCMPeripheralClkDisable
20006fdd  PRCMPeripheralClkEnable 
20006825  PRCMPeripheralClockGet  
20006d01  PRCMPeripheralReset     
200071ed  PRCMSysResetCauseGet    
200068b9  PinConfigSet            
20006f1d  PinModeSet              
200073e1  PinMuxConfig            
20007529  PinTypeADC              
20007419  PinTypeUART             
20005841  ReadFromUser            
20005f11  Report                  
20007369  ResetISR                
UNDEFED   SHT$$INIT_ARRAY$$Base   
UNDEFED   SHT$$INIT_ARRAY$$Limit  
20005eb9  TrimSpace               
200073c5  UARTCharGetNonBlocking  
2000738b  UARTCharPut             
2000744b  UARTCharsAvail          
20006b4f  UARTConfigSetExpClk     
20007131  UARTDisable             
20007295  UARTEnable              
20005801  UsageDisplay            
200059b3  UtilsDelay              
20007243  _Dclass                 
200230b8  _Denorm                 
20006621  _Dnorm                  
20006415  _Dscale                 
20006c9b  _Dunscale               
200230c8  _Eps                    
2002315c  _Errno                  
20023154  _Fenv                   
20007161  _Feraise                
200230d8  _Hugeval                
200230e8  _Inf                    
200230f8  _Nan                    
20023118  _Rteps                  
20023108  _Snan                   
20023158  _Tls_setup__Fenv        
20023128  _Xbig                   
20023130  _Zero                   
20030000  __STACK_END             
00001000  __STACK_SIZE            
00008000  __SYSMEM_SIZE           
20007928  __TI_CINIT_Base         
20007938  __TI_CINIT_Limit        
20007910  __TI_Handler_Table_Base 
2000791c  __TI_Handler_Table_Limit
20006bc5  __TI_auto_init          
2002314c  __TI_cleanup_ptr        
20007565  __TI_decompress_none    
20007589  __TI_decompress_rle24   
20023150  __TI_dtors_ptr          
200050a9  __TI_printfi            
200078c0  __TI_static_base__      
20007573  __TI_zero_init          
200069c9  __aeabi_cdcmpeq         
200069c9  __aeabi_cdcmple         
20006a4f  __aeabi_cdrcmple        
20006e49  __aeabi_d2iz            
20005fb7  __aeabi_dadd            
200062dd  __aeabi_ddiv            
20006525  __aeabi_dmul            
20005fad  __aeabi_dsub            
200070c5  __aeabi_f2d             
20007191  __aeabi_i2d             
20006ad5  __aeabi_memclr          
20006ad5  __aeabi_memclr4         
20006ad5  __aeabi_memclr8         
20006789  __aeabi_memcpy          
20006789  __aeabi_memcpy4         
20006789  __aeabi_memcpy8         
20006ad7  __aeabi_memset          
20006ad7  __aeabi_memset4         
20006ad7  __aeabi_memset8         
20007301  __aeabi_ui2f            
20005bc1  __aeabi_uldivmod        
ffffffff  __binit__               
ffffffff  __c_args__              
2002f000  __stack                 
20007465  _args_main              
20007019  _c_int00                
20007590  _ctypes_                
20023144  _lock                   
2000754b  _nop                    
20007543  _register_lock          
2000753d  _register_unlock        
20017000  _sys_memory             
2000578d  _system_pre_init        
20023148  _unlock                 
20006edd  abort                   
20006db1  atoi                    
ffffffff  binit                   
20005759  calloc                  
20006dfd  copy_in                 
20006ee5  exit                    
200070fd  feraiseexcept           
200054a7  free                    
20007347  frexp                   
20004000  g_pfnVectors            
20006e91  ldexp                   
20006d59  ltoa                    
20005a01  main                    
20023160  main_func_sp            
2000543f  malloc                  
20005675  memalign                
200073fd  memccpy                 
20006789  memcpy                  
200072b9  memmove                 
20006add  memset                  
200053b1  minit                   
2001f000  pulAdcSamples           
200071bf  raise                   
20005569  realloc                 
20006f5d  signal                  
200074d7  strchr                  
2000747d  strcmp                  
200072dd  strcspn                 
20007551  strlen                  
20007219  strspn                  
20006f9d  strtok                  
20006941  vsnprintf               


GLOBAL SYMBOLS: SORTED BY Symbol Address 

address   name                    
-------   ----                    
00001000  __STACK_SIZE            
00008000  __SYSMEM_SIZE           
20004000  g_pfnVectors            
200050a9  __TI_printfi            
200053b1  minit                   
2000543f  malloc                  
200054a7  free                    
20005569  realloc                 
20005675  memalign                
20005759  calloc                  
2000578d  _system_pre_init        
20005791  ADCParser               
20005801  UsageDisplay            
20005841  ReadFromUser            
200059b3  UtilsDelay              
20005a01  main                    
20005bc1  __aeabi_uldivmod        
20005db9  InitTerm                
20005dd9  Message                 
20005df9  ClearTerm               
20005e01  Error                   
20005e39  GetCmd                  
20005eb9  TrimSpace               
20005f11  Report                  
20005fad  __aeabi_dsub            
20005fb7  __aeabi_dadd            
20006165  PRCMCC3200MCUInit       
200062dd  __aeabi_ddiv            
20006415  _Dscale                 
20006525  __aeabi_dmul            
20006621  _Dnorm                  
200066e1  IntEnable               
20006789  __aeabi_memcpy          
20006789  __aeabi_memcpy4         
20006789  __aeabi_memcpy8         
20006789  memcpy                  
20006825  PRCMPeripheralClockGet  
200068b9  PinConfigSet            
20006941  vsnprintf               
200069c9  __aeabi_cdcmpeq         
200069c9  __aeabi_cdcmple         
20006a4f  __aeabi_cdrcmple        
20006ad5  __aeabi_memclr          
20006ad5  __aeabi_memclr4         
20006ad5  __aeabi_memclr8         
20006ad7  __aeabi_memset          
20006ad7  __aeabi_memset4         
20006ad7  __aeabi_memset8         
20006add  memset                  
20006b4f  UARTConfigSetExpClk     
20006bc5  __TI_auto_init          
20006c9b  _Dunscale               
20006d01  PRCMPeripheralReset     
20006d59  ltoa                    
20006db1  atoi                    
20006dfd  copy_in                 
20006e49  __aeabi_d2iz            
20006e91  ldexp                   
20006ed9  C$$EXIT                 
20006edd  abort                   
20006ee5  exit                    
20006f1d  PinModeSet              
20006f5d  signal                  
20006f9d  strtok                  
20006fdd  PRCMPeripheralClkEnable 
20007019  _c_int00                
20007055  ADCChannelDisable       
2000708d  ADCChannelEnable        
200070c5  __aeabi_f2d             
200070fd  feraiseexcept           
20007131  UARTDisable             
20007161  _Feraise                
20007191  __aeabi_i2d             
200071bf  raise                   
200071ed  PRCMSysResetCauseGet    
20007219  strspn                  
20007243  _Dclass                 
2000726d  PRCMPeripheralClkDisable
20007295  UARTEnable              
200072b9  memmove                 
200072dd  strcspn                 
20007301  __aeabi_ui2f            
20007325  ADCTimerConfig          
20007347  frexp                   
20007369  ResetISR                
2000738b  UARTCharPut             
200073a9  ADCFIFOLvlGet           
200073c5  UARTCharGetNonBlocking  
200073e1  PinMuxConfig            
200073fd  memccpy                 
20007419  PinTypeUART             
20007433  ADCFIFORead             
2000744b  UARTCharsAvail          
20007465  _args_main              
2000747d  strcmp                  
20007495  ADCTimerEnable          
200074ab  PRCMHIBRegRead          
200074c1  PRCMHIBRegWrite         
200074d7  strchr                  
200074ed  ADCEnable               
20007501  CPUcpsie                
20007515  IntVTableBaseSet        
20007529  PinTypeADC              
2000753d  _register_unlock        
20007543  _register_lock          
2000754b  _nop                    
20007551  strlen                  
20007565  __TI_decompress_none    
20007573  __TI_zero_init          
2000757f  IntMasterEnable         
20007589  __TI_decompress_rle24   
20007590  _ctypes_                
200078c0  __TI_static_base__      
20007910  __TI_Handler_Table_Base 
2000791c  __TI_Handler_Table_Limit
20007928  __TI_CINIT_Base         
20007938  __TI_CINIT_Limit        
20017000  _sys_memory             
2001f000  pulAdcSamples           
200230b8  _Denorm                 
200230c8  _Eps                    
200230d8  _Hugeval                
200230e8  _Inf                    
200230f8  _Nan                    
20023108  _Snan                   
20023118  _Rteps                  
20023128  _Xbig                   
20023130  _Zero                   
20023144  _lock                   
20023148  _unlock                 
2002314c  __TI_cleanup_ptr        
20023150  __TI_dtors_ptr          
20023154  _Fenv                   
20023158  _Tls_setup__Fenv        
2002315c  _Errno                  
20023160  main_func_sp            
2002f000  __stack                 
20030000  __STACK_END             
ffffffff  __binit__               
ffffffff  __c_args__              
ffffffff  binit                   
UNDEFED   SHT$$INIT_ARRAY$$Base   
UNDEFED   SHT$$INIT_ARRAY$$Limit  

[143 symbols]
