******************************************************************************
                  TI ARM Linker PC v5.2.5                      
******************************************************************************
>> Linked Thu Apr 07 03:20:25 2016

OUTPUT FILE NAME:   <serial_wifi.out>
ENTRY POINT SYMBOL: "_c_int00"  address: 2001322d


MEMORY CONFIGURATION

         name            origin    length      used     unused   attr    fill
----------------------  --------  ---------  --------  --------  ----  --------
  SRAM_CODE             20004000   00013000  00010443  00002bbd  RW X
  SRAM_DATA             20017000   00019000  00009867  0000f799  RW X


SEGMENT ALLOCATION MAP

run origin  load origin   length   init length attrs members
----------  ----------- ---------- ----------- ----- -------
20004000    20004000    00010448   00010448    r-x
  20004000    20004000    00000400   00000400    r-- .intvecs
  20004400    20004400    0000f7ea   0000f7ea    r-x .text
  20013bec    20013bec    000007b9   000007b9    r-- .const
  200143a8    200143a8    000000a0   000000a0    r-- .cinit
20017000    20017000    0000886c   00000000    rw-
  20017000    20017000    00008000   00000000    rw- .sysmem
  2001f000    2001f000    0000066b   00000000    rw- .bss
  2001f670    2001f670    000001fc   00000000    rw- .data
2002f000    2002f000    00001000   00000000    rw-
  2002f000    2002f000    00001000   00000000    rw- .stack


SECTION ALLOCATION MAP

 output                                  attributes/
section   page    origin      length       input sections
--------  ----  ----------  ----------   ----------------
.intvecs   0    20004000    00000400     
                  20004000    00000400     startup_ccs.obj (.intvecs)

.init_array 
*          0    20004000    00000000     UNINITIALIZED

.text      0    20004400    0000f7ea     
                  20004400    00002cf4     serial_wifi.obj (.text)
                  200070f4    000012e0     network_if.obj (.text)
                  200083d4    0000125c     free_rtos.a : tasks.obj (.text)
                  20009630    000010a6     rtsv7M4_T_le_eabi.lib : _printfi.obj (.text)
                  2000a6d6    00000002     driverlib.a : interrupt.obj (.text:IntDefaultHandler)
                  2000a6d8    00000e54     uart_config.obj (.text)
                  2000b52c    00000b24     free_rtos.a : queue.obj (.text)
                  2000c050    00000590     simplelink.a : driver.obj (.text:_SlDrvMsgRead)
                  2000c5e0    0000045c     free_rtos.a : osi_freertos.obj (.text)
                  2000ca3c    000003dc     rtsv7M4_T_le_eabi.lib : memory.obj (.text)
                  2000ce18    00000294     simplelink.a : wlan.obj (.text:sl_WlanProfileAdd)
                  2000d0ac    00000290     uart_if.obj (.text)
                  2000d33c    00000278     conversions.obj (.text)
                  2000d5b4    00000260     simplelink.a : wlan.obj (.text:sl_WlanConnect)
                  2000d814    000001fc                  : driver.obj (.text:_SlDrvRxHdrRead)
                  2000da10    000001f4     rtsv7M4_T_le_eabi.lib : ull_div_t2.obj (.text)
                  2000dc04    000001e0     simplelink.a : driver.obj (.text:_SlDrvDataReadOp)
                  2000dde4    000001d0                  : driver.obj (.text:_SlDrvReleasePoolObj)
                  2000dfb4    000001b6     rtsv7M4_T_le_eabi.lib : fd_add_t2.obj (.text)
                  2000e16a    00000002     --HOLE-- [fill = 0]
                  2000e16c    000001a0     simplelink.a : socket.obj (.text:sl_Accept)
                  2000e30c    0000019c                  : driver.obj (.text:_SlDrvMsgWrite)
                  2000e4a8    0000019c     main.obj (.text)
                  2000e644    00000198     simplelink.a : netapp.obj (.text:sl_NetAppPingStart)
                  2000e7dc    00000190                  : driver.obj (.text:_SlDrvDriverCBInit)
                  2000e96c    00000190                  : driver.obj (.text:_SlDrvWaitForPoolObj)
                  2000eafc    00000178     driverlib.a : prcm.obj (.text:PRCMCC3200MCUInit)
                  2000ec74    00000170     simplelink.a : driver.obj (.text:_SlFindAndSetActiveObj)
                  2000ede4    0000016c                  : socket.obj (.text:sl_Connect)
                  2000ef50    0000015c                  : socket.obj (.text:sl_Select)
                  2000f0ac    00000150                  : cc_pal.obj (.text:spi_Open)
                  2000f1fc    0000014c                  : driver.obj (.text:_SlDrvDataWriteOp)
                  2000f348    00000136     rtsv7M4_T_le_eabi.lib : fd_div_t2.obj (.text)
                  2000f47e    00000002     --HOLE-- [fill = 0]
                  2000f480    00000134                           : strtol.obj (.text)
                  2000f5b4    0000012c     simplelink.a : netapp.obj (.text:sl_NetAppDnsGetHostByName)
                  2000f6e0    0000012a     free_rtos.a : list.obj (.text)
                  2000f80a    00000002     --HOLE-- [fill = 0]
                  2000f80c    00000128     simplelink.a : socket.obj (.text:sl_SendTo)
                  2000f934    00000120                  : driver.obj (.text:_SlDrvMsgReadCmdCtx)
                  2000fa54    00000120                  : socket.obj (.text:sl_RecvFrom)
                  2000fb74    00000118                  : driver.obj (.text:_SlDrvDriverCBDeinit)
                  2000fc8c    00000118                  : socket.obj (.text:sl_Send)
                  2000fda4    00000110     free_rtos.a : port.obj (.text)
                  2000feb4    00000110     rtsv7M4_T_le_eabi.lib : xdscale.obj (.text)
                  2000ffc4    00000104     simplelink.a : netapp.obj (.text:_SlDrvNetAppEventHandler)
                  200100c8    00000104                  : fs.obj (.text:sl_FsRead)
                  200101cc    00000100                  : fs.obj (.text:sl_FsWrite)
                  200102cc    00000100                  : netapp.obj (.text:sl_NetAppDnsGetHostByService)
                  200103cc    000000fc     rtsv7M4_T_le_eabi.lib : fd_mul_t2.obj (.text)
                  200104c8    000000f0     driverlib.a : udma.obj (.text:uDMAChannelTransferSet)
                  200105b8    000000e8     simplelink.a : driver.obj (.text:_SlAsyncEventGenericHandler)
                  200106a0    000000e4                  : device.obj (.text:sl_Stop)
                  20010784    000000e0                  : device.obj (.text:sl_Start)
                  20010864    000000dc                  : driver.obj (.text:_SlDrvClassifyRxMsg)
                  20010940    000000dc                  : cc_pal.obj (.text:spi_Read)
                  20010a1c    000000d4                  : driver.obj (.text:_SlDrvMsgReadSpawnCtx)
                  20010af0    000000cc                  : netapp.obj (.text:_sl_HandleAsync_DnsGetHostByService)
                  20010bbc    000000c8                  : netapp.obj (.text:sl_NetAppMDNSRegisterUnregisterService)
                  20010c84    000000c4                  : driver.obj (.text:_SlRemoveFromList)
                  20010d48    000000c0                  : driver.obj (.text:_SlDrvCmdOp)
                  20010e08    000000c0                  : netcfg.obj (.text:sl_NetCfgGet)
                  20010ec8    000000be     rtsv7M4_T_le_eabi.lib : xdnorm.obj (.text)
                  20010f86    00000002     --HOLE-- [fill = 0]
                  20010f88    000000ba     free_rtos.a : portasm.obj (.text)
                  20011042    00000002     --HOLE-- [fill = 0]
                  20011044    000000b4     simplelink.a : device.obj (.text:sl_DevGet)
                  200110f8    000000b0                  : socket.obj (.text:sl_GetSockOpt)
                  200111a8    000000a8     driverlib.a : interrupt.obj (.text:IntDisable)
                  20011250    000000a8                 : interrupt.obj (.text:IntEnable)
                  200112f8    000000a0                 : spi.obj (.text:SPIConfigSetExpClk)
                  20011398    000000a0     simplelink.a : driver.obj (.text:_SlDriverHandleError)
                  20011438    0000009c     rtsv7M4_T_le_eabi.lib : memcpy_t2.obj (.text)
                  200114d4    0000009c     simplelink.a : socket.obj (.text:sl_Bind)
                  20011570    0000009a                  : device.obj (.text:_SlDrvDeviceEventHandler)
                  2001160a    00000002     --HOLE-- [fill = 0]
                  2001160c    00000098                  : fs.obj (.text:_sl_GetCreateFsMode)
                  200116a4    00000098                  : fs.obj (.text:sl_FsClose)
                  2001173c    00000094     driverlib.a : prcm.obj (.text:PRCMPeripheralClockGet)
                  200117d0    00000090     simplelink.a : netapp.obj (.text:_sl_HandleAsync_DnsGetHostByName)
                  20011860    00000090                  : netapp.obj (.text:_sl_HandleAsync_PingResponse)
                  200118f0    0000008c                  : cc_pal.obj (.text:SetupDMAReceive)
                  2001197c    0000008c                  : cc_pal.obj (.text:SetupDMASend)
                  20011a08    0000008c                  : fs.obj (.text:sl_FsOpen)
                  20011a94    0000008c                  : cc_pal.obj (.text:spi_Write)
                  20011b20    00000088     driverlib.a : pin.obj (.text:PinConfigSet)
                  20011ba8    00000088     rtsv7M4_T_le_eabi.lib : vsnprintf.obj (.text)
                  20011c30    00000088     simplelink.a : socket.obj (.text:sl_Recv)
                  20011cb8    00000086     rtsv7M4_T_le_eabi.lib : fd_cmp_t2.obj (.text:__aeabi_cdcmple)
                  20011d3e    00000086                           : fd_cmp_t2.obj (.text:__aeabi_cdrcmple)
                  20011dc4    00000080     simplelink.a : socket.obj (.text:_sl_HandleAsync_Connect)
                  20011e44    00000080                  : device.obj (.text:_sl_HandleAsync_InitComplete)
                  20011ec4    00000080                  : cc_pal.obj (.text:spi_Read_CPU)
                  20011f44    00000080                  : cc_pal.obj (.text:spi_Write_CPU)
                  20011fc4    0000007c                  : device.obj (.text:sl_DevSet)
                  20012040    0000007c                  : netcfg.obj (.text:sl_NetCfgSet)
                  200120bc    0000007c                  : socket.obj (.text:sl_SetSockOpt)
                  20012138    0000007c                  : wlan.obj (.text:sl_WlanSet)
                  200121b4    0000007a     rtsv7M4_T_le_eabi.lib : memset_t2.obj (.text)
                  2001222e    00000002     --HOLE-- [fill = 0]
                  20012230    00000078     simplelink.a : wlan.obj (.text:sl_WlanPolicySet)
                  200122a8    00000078                  : cc_pal.obj (.text:spi_Close)
                  20012320    00000076     driverlib.a : uart.obj (.text:UARTConfigSetExpClk)
                  20012396    00000002     --HOLE-- [fill = 0]
                  20012398    00000070     simplelink.a : socket.obj (.text:sl_Socket)
                  20012408    0000006c                  : driver.obj (.text:_SlDrvCmdSend)
                  20012474    0000006c                  : netapp.obj (.text:_sl_NetAppSendTokenValue)
                  200124e0    0000006c     rtsv7M4_T_le_eabi.lib : autoinit.obj (.text)
                  2001254c    0000006c     simplelink.a : wlan.obj (.text:sl_WlanRxFilterSet)
                  200125b8    0000006a     rtsv7M4_T_le_eabi.lib : copy_decompress_rle.obj (.text)
                  20012622    00000066                           : xdunscal.obj (.text)
                  20012688    00000064     simplelink.a : socket.obj (.text:_sl_HandleAsync_Accept)
                  200126ec    00000064     driverlib.a : udma.obj (.text:uDMAChannelAttributeDisable)
                  20012750    00000064                 : udma.obj (.text:uDMAChannelAttributeEnable)
                  200127b4    00000058                 : interrupt.obj (.text:IntPendClear)
                  2001280c    00000058                 : prcm.obj (.text:PRCMPeripheralReset)
                  20012864    00000056     rtsv7M4_T_le_eabi.lib : ltoa.obj (.text)
                  200128ba    00000002     --HOLE-- [fill = 0]
                  200128bc    00000054     driverlib.a : interrupt.obj (.text:IntPrioritySet)
                  20012910    00000054     simplelink.a : socket.obj (.text:_sl_HandleAsync_Select)
                  20012964    00000050                  : driver.obj (.text:_SlDrvRxIrqHandler)
                  200129b4    00000050                  : device.obj (.text:_sl_HandleAsync_Stop)
                  20012a04    00000050                  : socket.obj (.text:sl_Listen)
                  20012a54    00000050                  : netapp.obj (.text:sl_NetAppMDNSRegisterService)
                  20012aa4    0000004c     driverlib.a : spi.obj (.text:SPIIntEnable)
                  20012af0    0000004c     simplelink.a : driver.obj (.text:_SlDrvProtectAsyncRespSetting)
                  20012b3c    0000004c                  : socket.obj (.text:_sl_BuildAddress)
                  20012b88    0000004c     rtsv7M4_T_le_eabi.lib : atoi.obj (.text)
                  20012bd4    0000004c                           : cpy_tbl.obj (.text)
                  20012c20    0000004c     driverlib.a : udma.obj (.text:uDMAChannelAssign)
                  20012c6c    00000048                 : spi.obj (.text:SPIIntClear)
                  20012cb4    00000048     simplelink.a : driver.obj (.text:_SlDrvBasicCmd)
                  20012cfc    00000048     rtsv7M4_T_le_eabi.lib : fd_toi_t2.obj (.text)
                  20012d44    00000048     simplelink.a : netapp.obj (.text:sl_NetAppMDNSUnRegisterService)
                  20012d8c    00000046     rtsv7M4_T_le_eabi.lib : ldexp.obj (.text)
                  20012dd2    00000002     --HOLE-- [fill = 0]
                  20012dd4    00000044     driverlib.a : spi.obj (.text:SPIDmaMaskGet)
                  20012e18    00000044     simplelink.a : driver.obj (.text:_SlDrvHandleHttpServerEvents)
                  20012e5c    00000044                  : cc_pal.obj (.text:cc_SetupTransfer)
                  20012ea0    00000044     rtsv7M4_T_le_eabi.lib : exit.obj (.text)
                  20012ee4    00000044     simplelink.a : socket.obj (.text:sl_Close)
                  20012f28    00000044                  : wlan.obj (.text:sl_WlanProfileDel)
                  20012f6c    00000044                  : wlan.obj (.text:sl_WlanSetMode)
                  20012fb0    00000042                  : socket.obj (.text:sl_Htonl)
                  20012ff2    00000002     --HOLE-- [fill = 0]
                  20012ff4    00000040     driverlib.a : pin.obj (.text:PinModeSet)
                  20013034    00000040     simplelink.a : driver.obj (.text:_SlDrvHandleNetAppEvents)
                  20013074    00000040                  : driver.obj (.text:_SlDrvHandleWlanEvents)
                  200130b4    00000040                  : driver.obj (.text:_SlDrvSyncObjWaitTimeout)
                  200130f4    00000040                  : socket.obj (.text:_sl_TruncatePayloadByProtocol)
                  20013134    00000040     rtsv7M4_T_le_eabi.lib : signal.obj (.text)
                  20013174    00000040                           : strtok.obj (.text)
                  200131b4    0000003c     simplelink.a : netapp.obj (.text:CopyPingResultsToReport)
                  200131f0    0000003c     driverlib.a : prcm.obj (.text:PRCMPeripheralClkEnable)
                  2001322c    0000003c     rtsv7M4_T_le_eabi.lib : boot.obj (.text)
                  20013268    0000003c     driverlib.a : udma.obj (.text:uDMAChannelControlSet)
                  200132a4    00000038     simplelink.a : cc_pal.obj (.text:NwpPowerOff)
                  200132dc    00000038     free_rtos.a : heap_3.obj (.text)
                  20013314    00000034     driverlib.a : prcm.obj (.text:PRCMPeripheralStatusGet)
                  20013348    00000034                 : spi.obj (.text:SPIFIFOLevelSet)
                  2001337c    00000034     rtsv7M4_T_le_eabi.lib : feraiseexcept.obj (.text)
                  200133b0    00000034                           : strstr.obj (.text)
                  200133e4    00000030     driverlib.a : uart.obj (.text:UARTDisable)
                  20013414    00000030     simplelink.a : fs.obj (.text:_sl_Strlen)
                  20013444    00000030     rtsv7M4_T_le_eabi.lib : strncpy.obj (.text)
                  20013474    00000030                           : xferaise.obj (.text)
                  200134a4    0000002e                           : i_tofd_t2.obj (.text)
                  200134d2    0000002e                           : raise.obj (.text)
                  20013500    0000002c     simplelink.a : cc_pal.obj (.text:DmaSpiSwIntHandler)
                  2001352c    0000002c     driverlib.a : prcm.obj (.text:PRCMSysResetCauseGet)
                  20013558    0000002a     rtsv7M4_T_le_eabi.lib : strspn.obj (.text)
                  20013582    0000002a                           : xdclass.obj (.text)
                  200135ac    00000028     driverlib.a : prcm.obj (.text:PRCMPeripheralClkDisable)
                  200135d4    00000028     simplelink.a : driver.obj (.text:_SlDrvObjGlobalLockWaitForever)
                  200135fc    00000028                  : driver.obj (.text:_SlDrvProtectionObjLockWaitForever)
                  20013624    00000026                  : cc_pal.obj (.text:NwpRegisterInterruptHandler)
                  2001364a    00000026     network_common.obj (.text)
                  20013670    00000024     driverlib.a : interrupt.obj (.text:IntUnregister)
                  20013694    00000024                 : uart.obj (.text:UARTEnable)
                  200136b8    00000024     simplelink.a : driver.obj (.text:_SlDrvGlobalObjUnLock)
                  200136dc    00000024                  : driver.obj (.text:_SlDrvProtectionObjUnLock)
                  20013700    00000024                  : driver.obj (.text:_SlDrvSyncObjWaitForever)
                  20013724    00000024     rtsv7M4_T_le_eabi.lib : memmov.obj (.text)
                  20013748    00000024                           : strcspn.obj (.text)
                  2001376c    00000022     simplelink.a : socket.obj (.text:SL_FD_SET)
                  2001378e    00000022     driverlib.a : spi.obj (.text:SPIReset)
                  200137b0    00000022                 : spi.obj (.text:SPIWordCountSet)
                  200137d2    00000022     simplelink.a : driver.obj (.text:_SlDrvObjLockWaitForever)
                  200137f4    00000022     rtsv7M4_T_le_eabi.lib : frexp.obj (.text)
                  20013816    00000002     --HOLE-- [fill = 0]
                  20013818    00000020     driverlib.a : interrupt.obj (.text:IntRegister)
                  20013838    00000020     simplelink.a : cc_pal.obj (.text:NwpPowerOn)
                  20013858    00000020                  : wlan.obj (.text:sl_WlanDisconnect)
                  20013878    0000001e     driverlib.a : uart.obj (.text:UARTCharPut)
                  20013896    0000001e     simplelink.a : driver.obj (.text:_SlDrvObjUnLock)
                  200138b4    0000001e                  : driver.obj (.text:_SlDrvSyncObjSignal)
                  200138d2    0000001e                  : cc_pal.obj (.text:cc_UDMAChannelSelect)
                  200138f0    0000001c     driverlib.a : uart.obj (.text:UARTCharGetNonBlocking)
                  2001390c    0000001c     pinmux.obj (.text)
                  20013928    0000001c     rtsv7M4_T_le_eabi.lib : memccpy.obj (.text)
                  20013944    0000001c     driverlib.a : udma.obj (.text:uDMAChannelEnable)
                  20013960    0000001a                 : pin.obj (.text:PinTypeUART)
                  2001397a    0000001a                 : spi.obj (.text:SPIDmaDisable)
                  20013994    0000001a                 : spi.obj (.text:SPIDmaEnable)
                  200139ae    0000001a                 : spi.obj (.text:SPIFIFODisable)
                  200139c8    0000001a                 : spi.obj (.text:SPIFIFOEnable)
                  200139e2    00000018                 : spi.obj (.text:SPICSDisable)
                  200139fa    00000018                 : spi.obj (.text:SPICSEnable)
                  20013a12    00000018                 : spi.obj (.text:SPIDisable)
                  20013a2a    00000018                 : spi.obj (.text:SPIEnable)
                  20013a42    00000018                 : uart.obj (.text:UARTCharsAvail)
                  20013a5a    00000002     --HOLE-- [fill = 0]
                  20013a5c    00000018     simplelink.a : device.obj (.text:_sl_GetStartResponseConvert)
                  20013a74    00000018     rtsv7M4_T_le_eabi.lib : args_main.obj (.text)
                  20013a8c    00000018                           : strcmp.obj (.text)
                  20013aa4    00000016     driverlib.a : prcm.obj (.text:PRCMHIBRegRead)
                  20013aba    00000016                 : prcm.obj (.text:PRCMHIBRegWrite)
                  20013ad0    00000016     simplelink.a : driver.obj (.text:_SlDrvMemZero)
                  20013ae6    00000016     rtsv7M4_T_le_eabi.lib : strchr.obj (.text)
                  20013afc    00000014     driverlib.a : cpu.obj (.text:CPUcpsie)
                  20013b10    00000014                 : interrupt.obj (.text:IntVTableBaseSet)
                  20013b24    00000014     rtsv7M4_T_le_eabi.lib : _lock.obj (.text)
                  20013b38    00000014                           : strcpy.obj (.text)
                  20013b4c    00000014                           : strlen.obj (.text)
                  20013b60    00000010     simplelink.a : socket.obj (.text:SL_FD_ZERO)
                  20013b70    00000010                  : driver.obj (.text:_SlDrvDispatchHttpServerEvents)
                  20013b80    0000000e                  : driver.obj (.text:_SlDrvResetCmdExt)
                  20013b8e    0000000e     rtsv7M4_T_le_eabi.lib : copy_decompress_none.obj (.text:decompress:none)
                  20013b9c    0000000e     startup_ccs.obj (.text)
                  20013baa    00000002     --HOLE-- [fill = 0]
                  20013bac    0000000c     simplelink.a : cc_pal.obj (.text:NwpMaskInterrupt)
                  20013bb8    0000000c                  : cc_pal.obj (.text:NwpUnMaskInterrupt)
                  20013bc4    0000000c     rtsv7M4_T_le_eabi.lib : copy_zero_init.obj (.text:decompress:ZI)
                  20013bd0    0000000a     driverlib.a : interrupt.obj (.text:IntMasterEnable)
                  20013bda    00000006                 : utils.obj (.text:UtilsDelay)
                  20013be0    00000006     rtsv7M4_T_le_eabi.lib : copy_decompress_rle.obj (.text:decompress:rle24)
                  20013be6    00000004                           : pre_init.obj (.text)

.const     0    20013bec    000007b9     
                  20013bec    00000101     rtsv7M4_T_le_eabi.lib : ctype.obj (.const:.string:_ctypes_)
                  20013ced    00000003     --HOLE-- [fill = 0]
                  20013cf0    00000100     driverlib.a : pin.obj (.const:g_ulPinToPadMap)
                  20013df0    000000d4                 : interrupt.obj (.const:g_pulRegs)
                  20013ec4    000000d1     serial_wifi.obj (.const:.string)
                  20013f95    00000003     --HOLE-- [fill = 0]
                  20013f98    000000a8     driverlib.a : prcm.obj (.const:PRCM_PeriphRegsList)
                  20014040    00000080                 : interrupt.obj (.const)
                  200140c0    00000062     network_if.obj (.const:.string)
                  20014122    0000003c     simplelink.a : driver.obj (.const:OpcodeTranslateTable)
                  2001415e    0000003c                  : wlan.obj (.const)
                  2001419a    00000002     --HOLE-- [fill = 0]
                  2001419c    00000038                  : driver.obj (.const:_SlActionLookupTable)
                  200141d4    00000038                  : driver.obj (.const)
                  2001420c    00000034                  : socket.obj (.const)
                  20014240    0000002c     network_if.obj (.const:$P$T1$2)
                  2001426c    0000002c     serial_wifi.obj (.const:$P$T11$12)
                  20014298    0000002c     simplelink.a : fs.obj (.const)
                  200142c4    00000028                  : netapp.obj (.const)
                  200142ec    00000024     network_if.obj (.const)
                  20014310    00000022     network_if.obj (.const:.string:$P$T0$1)
                  20014332    00000021     serial_wifi.obj (.const:.string:$P$T12$13)
                  20014353    00000001     --HOLE-- [fill = 0]
                  20014354    0000001c     simplelink.a : device.obj (.const)
                  20014370    00000018     driverlib.a : spi.obj (.const)
                  20014388    00000010     simplelink.a : socket.obj (.const:.string)
                  20014398    00000008                  : netcfg.obj (.const)
                  200143a0    00000005     main.obj (.const:.string)

.cinit     0    200143a8    000000a0     
                  200143a8    0000007c     (.cinit..data.load) [load image, compression = rle]
                  20014424    0000000c     (__TI_handler_table)
                  20014430    00000008     (.cinit..bss.load) [load image, compression = zero_init]
                  20014438    00000010     (__TI_cinit_table)

.sysmem    0    20017000    00008000     UNINITIALIZED
                  20017000    00000008     rtsv7M4_T_le_eabi.lib : memory.obj (.sysmem)
                  20017008    00007ff8     --HOLE--

.bss       0    2001f000    0000066b     UNINITIALIZED
                  2001f000    00000178     simplelink.a : driver.obj (.bss:g_StatMem)
                  2001f178    000000f0     serial_wifi.obj (.bss:g_cmd_help)
                  2001f268    000000c8     free_rtos.a : tasks.obj (.bss:pxReadyTasksLists)
                  2001f330    00000064     serial_wifi.obj (.bss:uBufRx)
                  2001f394    00000050     simplelink.a : cc_pal.obj (.bss:g_ucDinDout)
                  2001f3e4    00000050     serial_wifi.obj (.bss:g_ucUARTBuffer)
                  2001f434    00000050     serial_wifi.obj (.bss:g_ucUARTRecvBuffer)
                  2001f484    00000050     free_rtos.a : queue.obj (.bss:xQueueRegistry)
                  2001f4d4    0000002c     serial_wifi.obj (.bss:g_time)
                  2001f500    00000024     network_if.obj (.bss:g_ucConnectionSSID)
                  2001f524    00000014     (.common:eapParams)
                  2001f538    00000014     (.common:xDelayedTaskList1)
                  2001f54c    00000014     (.common:xDelayedTaskList2)
                  2001f560    00000014     (.common:xPendingReadyList)
                  2001f574    00000014     (.common:xSuspendedTaskList)
                  2001f588    00000014     (.common:xTasksWaitingTermination)
                  2001f59c    00000010     (.common:g_LocalAddr)
                  2001f5ac    00000010     (.common:g_RemoteAddr)
                  2001f5bc    0000000c     (.common:g_SecParams)
                  2001f5c8    00000008     (.common:g_MulticastIp)
                  2001f5d0    00000008     (.common:g_timeout)
                  2001f5d8    00000008     (.common:g_ucConnectionBSSID)
                  2001f5e0    00000004     (.common:DMAMsgQ)
                  2001f5e4    00000004     (.common:__Errorlog)
                  2001f5e8    00000004     (.common:g_ActiveReadFds)
                  2001f5ec    00000004     (.common:g_NonBlocking)
                  2001f5f0    00000004     (.common:g_Protocol)
                  2001f5f4    00000004     (.common:g_ReadFds)
                  2001f5f8    00000004     (.common:g_RetVal)
                  2001f5fc    00000004     (.common:g_Socket)
                  2001f600    00000004     (.common:g_SocketChild)
                  2001f604    00000004     (.common:g_SocketTcpServer)
                  2001f608    00000004     (.common:g_SocketUdpServer)
                  2001f60c    00000004     (.common:g_Status)
                  2001f610    00000004     (.common:g_Type)
                  2001f614    00000004     (.common:g_cDummy)
                  2001f618    00000004     (.common:g_isFileHandle)
                  2001f61c    00000004     (.common:g_mDNSMode)
                  2001f620    00000004     (.common:g_pcData)
                  2001f624    00000004     (.common:g_pcIp)
                  2001f628    00000004     (.common:g_pcLength)
                  2001f62c    00000004     (.common:g_pcPingAttempts)
                  2001f630    00000004     (.common:g_pcPort)
                  2001f634    00000004     (.common:g_pcProtocol)
                  2001f638    00000004     (.common:g_pcSsid)
                  2001f63c    00000004     (.common:g_pcTimeout)
                  2001f640    00000004     (.common:g_ulIp)
                  2001f644    00000004     (.common:g_ulLength)
                  2001f648    00000004     (.common:g_ulPingAttempts)
                  2001f64c    00000004     (.common:g_ulPingIp)
                  2001f650    00000004     (.common:g_ulPort)
                  2001f654    00000004     (.common:g_ulSsidLen)
                  2001f658    00000004     (.common:pxDelayedTaskList)
                  2001f65c    00000004     (.common:pxOverflowDelayedTaskList)
                  2001f660    00000004     (.common:uiUartline)
                  2001f664    00000002     (.common:g_AddrLen)
                  2001f666    00000002     (.common:g_usConnectIndex)
                  2001f668    00000001     (.common:RxIrqCnt)
                  2001f669    00000001     (.common:g_WlanRxMode)
                  2001f66a    00000001     (.common:g_bDeviceRestartIsRequired)

.TI.noinit 
*          0    2001f000    00000000     UNINITIALIZED

.data      0    2001f670    000001fc     UNINITIALIZED
                  2001f670    000000b0     rtsv7M4_T_le_eabi.lib : signal.obj (.data:sigtable)
                  2001f720    00000080                           : xvalues.obj (.data)
                  2001f7a0    00000034     free_rtos.a : tasks.obj (.data)
                  2001f7d4    00000030     serial_wifi.obj (.data)
                  2001f804    0000000d     simplelink.a : driver.obj (.data)
                  2001f811    00000003     --HOLE--
                  2001f814    0000000c     free_rtos.a : osi_freertos.obj (.data)
                  2001f820    0000000c     network_if.obj (.data)
                  2001f82c    0000000c     rtsv7M4_T_le_eabi.lib : memory.obj (.data)
                  2001f838    00000009     simplelink.a : cc_pal.obj (.data)
                  2001f841    00000003     --HOLE--
                  2001f844    00000008     rtsv7M4_T_le_eabi.lib : _lock.obj (.data)
                  2001f84c    00000008                           : exit.obj (.data)
                  2001f854    00000008                           : feraiseexcept.obj (.data)
                  2001f85c    00000004     free_rtos.a : port.obj (.data)
                  2001f860    00000004     rtsv7M4_T_le_eabi.lib : errno.obj (.data)
                  2001f864    00000004                           : stkdepth_vars.obj (.data)
                  2001f868    00000004                           : strtok.obj (.data)

.TI.persistent 
*          0    2001f670    00000000     UNINITIALIZED

.stack     0    2002f000    00001000     UNINITIALIZED
                  2002f000    00001000     --HOLE--


LINKER GENERATED COPY TABLES

__TI_cinit_table @ 20014438 records: 2, size/record: 8, table size: 16
	.data: load addr=200143a8, load size=0000007c bytes, run addr=2001f670, run size=000001fc bytes, compression=rle
	.bss: load addr=20014430, load size=00000008 bytes, run addr=2001f000, run size=0000066b bytes, compression=zero_init


LINKER GENERATED HANDLER TABLE

__TI_handler_table @ 20014424 records: 3, size/record: 4, table size: 12
	index: 0, handler: __TI_decompress_rle24
	index: 1, handler: __TI_decompress_none
	index: 2, handler: __TI_zero_init


GLOBAL SYMBOLS: SORTED ALPHABETICALLY BY Name 

address   name                                  
-------   ----                                  
20012ea1  C$$EXIT                               
20013afd  CPUcpsie                              
2000d0ed  ClearTerm                             
20007831  ConfigureSimpleLinkToDefaultState     
2001f5e0  DMAMsgQ                               
20013501  DmaSpiSwIntHandler                    
2000d0f7  Error                                 
20005cdd  ExecuteCommand                        
2000b447  GETChar                               
2000d12f  GetCmd                                
20006985  GetCmdIndex                           
2000d0ad  InitTerm                              
20006a21  InitialConfiguration                  
2000690d  InitialiseCmdMenu                     
200077f7  InitializeAppVariables                
200111a9  IntDisable                            
20011251  IntEnable                             
20013bd1  IntMasterEnable                       
200127b5  IntPendClear                          
200128bd  IntPrioritySet                        
20013819  IntRegister                           
20013671  IntUnregister                         
20013b11  IntVTableBaseSet                      
20004401  Interpreter_Task                      
2000d0cb  Message                               
20007ed5  Network_IF_ConnectAP                  
200081d9  Network_IF_CurrentMCUState            
20007d35  Network_IF_DeInitDriver               
200080b3  Network_IF_DisconnectFromAP           
20008165  Network_IF_GetHostIP                  
20007bd1  Network_IF_InitDriver                 
200080f1  Network_IF_IpConfigGet                
200081d1  Network_IF_ResetMCUStateMachine       
200081df  Network_IF_SetMCUMachineState         
200081fb  Network_IF_UnsetMCUMachineState       
20013bad  NwpMaskInterrupt                      
200132a5  NwpPowerOff                           
20013839  NwpPowerOn                            
20013625  NwpRegisterInterruptHandler           
20013bb9  NwpUnMaskInterrupt                    
20014122  OpcodeTranslateTable                  
2000eafd  PRCMCC3200MCUInit                     
20013aa5  PRCMHIBRegRead                        
20013abb  PRCMHIBRegWrite                       
200135ad  PRCMPeripheralClkDisable              
200131f1  PRCMPeripheralClkEnable               
2001173d  PRCMPeripheralClockGet                
2001280d  PRCMPeripheralReset                   
20013315  PRCMPeripheralStatusGet               
2001352d  PRCMSysResetCauseGet                  
20005941  ParseConnectString                    
20005361  ParsePingString                       
20005561  ParseRecvString                       
200057ad  ParseSendString                       
20005155  ParseWlanConnectString                
20005275  ParsemDNSString                       
20011b21  PinConfigSet                          
20012ff5  PinModeSet                            
2001390d  PinMuxConfig                          
20013961  PinTypeUART                           
2000a6d9  PrintCommandMenu                      
2000d27d  Report                                
20013b9d  ResetISR                              
2001f668  RxIrqCnt                              
UNDEFED   SHT$$INIT_ARRAY$$Base                 
UNDEFED   SHT$$INIT_ARRAY$$Limit                
2001376d  SL_FD_SET                             
20013b61  SL_FD_ZERO                            
200139e3  SPICSDisable                          
200139fb  SPICSEnable                           
200112f9  SPIConfigSetExpClk                    
20013a13  SPIDisable                            
2001397b  SPIDmaDisable                         
20013995  SPIDmaEnable                          
20013a2b  SPIEnable                             
200139af  SPIFIFODisable                        
200139c9  SPIFIFOEnable                         
20013349  SPIFIFOLevelSet                       
20012c6d  SPIIntClear                           
20012aa5  SPIIntEnable                          
2001378f  SPIReset                              
200137b1  SPIWordCountSet                       
20007349  SimpleLinkGeneralEventHandler         
2000741d  SimpleLinkHttpServerCallback          
200072d1  SimpleLinkNetAppEventHandler          
20007369  SimpleLinkSockEventHandler            
2000710d  SimpleLinkWlanEventHandler            
20005031  StartInterpreterMode                  
20006715  StartTcpServer                        
200065b1  StartUdpServer                        
2000d1e5  TrimSpace                             
200138f1  UARTCharGetNonBlocking                
20013879  UARTCharPut                           
20013a43  UARTCharsAvail                        
20012321  UARTConfigSetExpClk                   
200133e5  UARTDisable                           
20013695  UARTEnable                            
20013bdb  UtilsDelay                            
2000c8a9  VDeleteSimpleLinkSpawnTask            
2000c859  VStartSimpleLinkSpawnTask             
20013583  _Dclass                               
2001f720  _Denorm                               
20010ec9  _Dnorm                                
2000feb5  _Dscale                               
20012623  _Dunscale                             
2001f730  _Eps                                  
2001f860  _Errno                                
2001f854  _Fenv                                 
20013475  _Feraise                              
2001f740  _Hugeval                              
2001f750  _Inf                                  
2001f760  _Nan                                  
2001f780  _Rteps                                
2001419c  _SlActionLookupTable                  
20011399  _SlDriverHandleError                  
20012cb5  _SlDrvBasicCmd                        
20010d49  _SlDrvCmdOp                           
20012409  _SlDrvCmdSend                         
2000dc05  _SlDrvDataReadOp                      
2000f1fd  _SlDrvDataWriteOp                     
20011571  _SlDrvDeviceEventHandler              
20013b71  _SlDrvDispatchHttpServerEvents        
2000fb75  _SlDrvDriverCBDeinit                  
2000e7dd  _SlDrvDriverCBInit                    
200136b9  _SlDrvGlobalObjUnLock                 
20012e19  _SlDrvHandleHttpServerEvents          
20013035  _SlDrvHandleNetAppEvents              
20013075  _SlDrvHandleWlanEvents                
20013ad1  _SlDrvMemZero                         
20010a1d  _SlDrvMsgReadSpawnCtx                 
2000ffc5  _SlDrvNetAppEventHandler              
200137d3  _SlDrvObjLockWaitForever              
20013897  _SlDrvObjUnLock                       
20012af1  _SlDrvProtectAsyncRespSetting         
200135fd  _SlDrvProtectionObjLockWaitForever    
200136dd  _SlDrvProtectionObjUnLock             
2000dde5  _SlDrvReleasePoolObj                  
20013b81  _SlDrvResetCmdExt                     
20012965  _SlDrvRxIrqHandler                    
200138b5  _SlDrvSyncObjSignal                   
20013701  _SlDrvSyncObjWaitForever              
200130b5  _SlDrvSyncObjWaitTimeout              
2000e96d  _SlDrvWaitForPoolObj                  
200142e0  _SlNetAppSendTokenValueCmdCtrl        
2001f770  _Snan                                 
2001f858  _Tls_setup__Fenv                      
2001f790  _Xbig                                 
2001f798  _Zero                                 
20030000  __STACK_END                           
00001000  __STACK_SIZE                          
00008000  __SYSMEM_SIZE                         
20014438  __TI_CINIT_Base                       
20014448  __TI_CINIT_Limit                      
20014424  __TI_Handler_Table_Base               
20014430  __TI_Handler_Table_Limit              
200124e1  __TI_auto_init                        
2001f84c  __TI_cleanup_ptr                      
20013b8f  __TI_decompress_none                  
20013be1  __TI_decompress_rle24                 
2001f850  __TI_dtors_ptr                        
2000a3d1  __TI_printfi                          
200143a8  __TI_static_base__                    
20013bc5  __TI_zero_init                        
20011cb9  __aeabi_cdcmpeq                       
20011cb9  __aeabi_cdcmple                       
20011d3f  __aeabi_cdrcmple                      
20012cfd  __aeabi_d2iz                          
2000dfbf  __aeabi_dadd                          
2000f349  __aeabi_ddiv                          
200103cd  __aeabi_dmul                          
2000dfb5  __aeabi_dsub                          
200134a5  __aeabi_i2d                           
200121b5  __aeabi_memclr                        
200121b5  __aeabi_memclr4                       
200121b5  __aeabi_memclr8                       
20011439  __aeabi_memcpy                        
20011439  __aeabi_memcpy4                       
20011439  __aeabi_memcpy8                       
200121b7  __aeabi_memset                        
200121b7  __aeabi_memset4                       
200121b7  __aeabi_memset8                       
2000da11  __aeabi_uldivmod                      
ffffffff  __binit__                             
ffffffff  __c_args__                            
2002f000  __stack                               
20013a75  _args_main                            
2001322d  _c_int00                              
20013bec  _ctypes_                              
2001f844  _lock                                 
20013b33  _nop                                  
20013b2b  _register_lock                        
20013b25  _register_unlock                      
2001160d  _sl_GetCreateFsMode                   
20012689  _sl_HandleAsync_Accept                
20011dc5  _sl_HandleAsync_Connect               
200117d1  _sl_HandleAsync_DnsGetHostByName      
20010af1  _sl_HandleAsync_DnsGetHostByService   
20011e45  _sl_HandleAsync_InitComplete          
20011861  _sl_HandleAsync_PingResponse          
20012911  _sl_HandleAsync_Select                
200129b5  _sl_HandleAsync_Stop                  
20012475  _sl_NetAppSendTokenValue              
20017000  _sys_memory                           
20013be7  _system_pre_init                      
2001f848  _unlock                               
20012ea5  abort                                 
2000d457  ascii_to_char                         
2000d33d  atoc                                  
2000d3c7  atod                                  
20012b89  atoi                                  
2000d3f7  atolong                               
2001f803  aucmDNSFileName                       
2000b419  basic_Interpreter                     
ffffffff  binit                                 
2000d52d  btoa                                  
2000cde5  calloc                                
20012bd5  copy_in                               
20008665  eTaskGetState                         
2001f524  eapParams                             
20012ead  exit                                  
2001337d  feraiseexcept                         
2000cb33  free                                  
200137f5  frexp                                 
2001f5e8  g_ActiveReadFds                       
2001f664  g_AddrLen                             
2001f7e8  g_BytesRx                             
2001f7e4  g_BytesTx                             
2001f7d8  g_ConfigurationDone                   
20013ec4  g_Digits                              
2001f802  g_InterpreterMode                     
2001f59c  g_LocalAddr                           
2001f5c8  g_MulticastIp                         
2001f5ec  g_NonBlocking                         
2001f5f0  g_Protocol                            
2001f5f4  g_ReadFds                             
2001f5ac  g_RemoteAddr                          
2001f5f8  g_RetVal                              
2001f5bc  g_SecParams                           
2001f5fc  g_Socket                              
2001f600  g_SocketChild                         
2001f604  g_SocketTcpServer                     
2001f608  g_SocketUdpServer                     
2001f838  g_SpiFd                               
2001f60c  g_Status                              
2001f7ec  g_TcpConnected                        
2001f610  g_Type                                
2001f7f4  g_UartCmdSent                         
2001f7f0  g_UartHaveCmd                         
2001f801  g_UartMode                            
2001f669  g_WlanRxMode                          
2001f800  g_WrapMode                            
2001f66a  g_bDeviceRestartIsRequired            
2001f614  g_cDummy                              
2001f178  g_cmd_help                            
2001f7f8  g_imDNSMode                           
2001f618  g_isFileHandle                        
2001f61c  g_mDNSMode                            
2001f7fc  g_mDNSStatus                          
2001f808  g_pCB                                 
2001f83c  g_pHostIntHdl                         
2001f620  g_pcData                              
2001f624  g_pcIp                                
2001f628  g_pcLength                            
2001f62c  g_pcPingAttempts                      
2001f630  g_pcPort                              
2001f634  g_pcProtocol                          
2001f638  g_pcSsid                              
2001f63c  g_pcTimeout                           
20004000  g_pfnVectors                          
2001f4d4  g_time                                
2001f5d0  g_timeout                             
2001f5d8  g_ucConnectionBSSID                   
2001f500  g_ucConnectionSSID                    
2001f840  g_ucDMAEnabled                        
2001f394  g_ucDinDout                           
2001f7dc  g_ucMethod                            
2001f3e4  g_ucUARTBuffer                        
2001f434  g_ucUARTRecvBuffer                    
2001f7e0  g_uiCipher                            
2001f828  g_ulGatewayIP                         
2001f640  g_ulIp                                
2001f644  g_ulLength                            
2001f648  g_ulPingAttempts                      
2001f64c  g_ulPingIp                            
2001f650  g_ulPort                              
2001f654  g_ulSsidLen                           
2001f824  g_ulStaIp                             
2001f820  g_ulStatus                            
2001f666  g_usConnectIndex                      
2000d481  htoa                                  
2001f7d4  ilength                               
20008295  itoa                                  
20012d8d  ldexp                                 
20012865  ltoa                                  
2000e4e7  main                                  
2001f864  main_func_sp                          
2000cacb  malloc                                
2000c9ad  mem_Free                              
2000c9a1  mem_Malloc                            
2000c9cd  mem_copy                              
2000c9b9  mem_set                               
2000cd01  memalign                              
20013929  memccpy                               
20011439  memcpy                                
20013725  memmove                               
200121bd  memset                                
2000ca3d  minit                                 
2000ca23  osi_ContextRestore                    
2000ca21  osi_ContextSave                       
2000c9e1  osi_EnterCritical                     
2000c9eb  osi_ExitCritical                      
2000c607  osi_InterruptDeRegister               
2000c5e1  osi_InterruptRegister                 
2000c711  osi_LockObjCreate                     
2000c785  osi_LockObjDelete                     
2000c795  osi_LockObjLock                       
2000c7c1  osi_LockObjUnlock                     
2000c8d5  osi_MsgQCreate                        
2000c919  osi_MsgQDelete                        
2000c965  osi_MsgQRead                          
2000c933  osi_MsgQWrite                         
2000c9fd  osi_Sleep                             
2000c7eb  osi_Spawn                             
2000c6ef  osi_SyncObjClear                      
2000c619  osi_SyncObjCreate                     
2000c649  osi_SyncObjDelete                     
2000c663  osi_SyncObjSignal                     
2000c68b  osi_SyncObjSignalFromISR              
2000c6c3  osi_SyncObjWait                       
2000c737  osi_TaskCreate                        
2000c777  osi_TaskDelete                        
2000ca0d  osi_TaskDisable                       
2000ca17  osi_TaskEnable                        
2000c9f5  osi_start                             
2001f80c  pPingCallBackFunc                     
200140c0  pcDigits                              
20008b89  pcTaskGetTaskName                     
2001103d  portCLZ                               
20011025  prvPortStartFirstTask                 
200132dd  pvPortMalloc                          
2001f7a0  pxCurrentTCB                          
2000fda5  pxPortInitialiseStack                 
200134d3  raise                                 
2000cbf5  realloc                               
20013135  signal                                
2000e16d  sl_Accept                             
200114d5  sl_Bind                               
20012ee5  sl_Close                              
2000ede5  sl_Connect                            
20011045  sl_DevGet                             
20011fc5  sl_DevSet                             
200116a5  sl_FsClose                            
20011a09  sl_FsOpen                             
200100c9  sl_FsRead                             
200101cd  sl_FsWrite                            
200110f9  sl_GetSockOpt                         
20012fb1  sl_Htonl                              
20012a05  sl_Listen                             
2000f5b5  sl_NetAppDnsGetHostByName             
200102cd  sl_NetAppDnsGetHostByService          
20012a55  sl_NetAppMDNSRegisterService          
20010bbd  sl_NetAppMDNSRegisterUnregisterService
20012d45  sl_NetAppMDNSUnRegisterService        
2000e645  sl_NetAppPingStart                    
20010e09  sl_NetCfgGet                          
20012041  sl_NetCfgSet                          
2001364b  sl_Provisioning_HttpServerEventHdl    
20013659  sl_Provisioning_NetAppEventHdl        
20013665  sl_Provisioning_WlanEventHdl          
20011c31  sl_Recv                               
2000fa55  sl_RecvFrom                           
2000ef51  sl_Select                             
2000fc8d  sl_Send                               
2000f80d  sl_SendTo                             
200120bd  sl_SetSockOpt                         
20012399  sl_Socket                             
20010785  sl_Start                              
200106a1  sl_Stop                               
2000d5b5  sl_WlanConnect                        
20013859  sl_WlanDisconnect                     
20012231  sl_WlanPolicySet                      
2000ce19  sl_WlanProfileAdd                     
20012f29  sl_WlanProfileDel                     
2001254d  sl_WlanRxFilterSet                    
20012139  sl_WlanSet                            
20012f6d  sl_WlanSetMode                        
200122a9  spi_Close                             
2000f0ad  spi_Open                              
20010941  spi_Read                              
20011a95  spi_Write                             
20013ae7  strchr                                
20013a8d  strcmp                                
20013b39  strcpy                                
20013749  strcspn                               
20013b4d  strlen                                
20013445  strncpy                               
20013559  strspn                                
200133b1  strstr                                
20013175  strtok                                
2000f481  strtol                                
2001f330  uBufRx                                
20012c21  uDMAChannelAssign                     
200126ed  uDMAChannelAttributeDisable           
20012751  uDMAChannelAttributeEnable            
20013269  uDMAChannelControlSet                 
20013945  uDMAChannelEnable                     
200104c9  uDMAChannelTransferSet                
2000bcad  ucQueueGetQueueType                   
2001f660  uiUartline                            
20010f8d  ulPortSetInterruptMask                
2000f7c3  uxListRemove                          
2000bc8d  uxQueueGetQueueNumber                 
2000bc21  uxQueueMessagesWaiting                
2000bc57  uxQueueMessagesWaitingFromISR         
2000bc37  uxQueueSpacesAvailable                
20008b7d  uxTaskGetNumberOfTasks                
20008bad  uxTaskGetSystemState                  
200090a1  uxTaskGetTaskNumber                   
200086f9  uxTaskPriorityGet                     
200095f9  uxTaskResetEventItemValue             
200070ff  vApplicationIdleHook                  
20007101  vApplicationMallocFailedHook          
20007103  vApplicationStackOverflowHook         
200070f5  vAssertCalled                         
2000f6e1  vListInitialise                       
2000f711  vListInitialiseItem                   
2000f75d  vListInsert                           
2000f721  vListInsertEnd                        
20010fa3  vPortClearInterruptMask               
2000fe21  vPortEndScheduler                     
2000fe35  vPortEnterCritical                    
2000fe4d  vPortExitCritical                     
200132fd  vPortFree                             
20010ffd  vPortSVCHandler                       
2000fe81  vPortSetupTimerInterrupt              
2000fe23  vPortYield                            
2000bec7  vQueueAddToRegistry                   
2000bc69  vQueueDelete                          
2000bc9b  vQueueSetQueueNumber                  
2000bf09  vQueueUnregisterQueue                 
2000860f  vTaskDelay                            
20008573  vTaskDelayUntil                       
200084e3  vTaskDelete                           
20008a61  vTaskEndScheduler                     
20009093  vTaskMissedYield                      
20008e29  vTaskPlaceOnEventList                 
20008e8d  vTaskPlaceOnUnorderedEventList        
2000956f  vTaskPriorityDisinherit               
200094b5  vTaskPriorityInherit                  
20008731  vTaskPrioritySet                      
20008929  vTaskResume                           
200090c1  vTaskSetTaskNumber                    
20008ff3  vTaskSetTimeOutState                  
20008a17  vTaskStartScheduler                   
20008835  vTaskSuspend                          
20008a73  vTaskSuspendAll                       
20008da9  vTaskSwitchContext                    
20011ba9  vsnprintf                             
2001f814  xHigherPriorityTaskWoken              
20010fb1  xPortPendSVHandler                    
2000fdf5  xPortStartScheduler                   
2000fe65  xPortSysTickHandler                   
2000bf57  xQueueAddToSet                        
2000b889  xQueueAltGenericReceive               
2000b7dd  xQueueAltGenericSend                  
2000b6b1  xQueueCreateCountingSemaphore         
2000b633  xQueueCreateMutex                     
2000bf43  xQueueCreateSet                       
2000b5bd  xQueueGenericCreate                   
2000ba23  xQueueGenericReceive                  
2000b52d  xQueueGenericReset                    
2000b6d1  xQueueGenericSend                     
2000b987  xQueueGenericSendFromISR              
2000be63  xQueueIsQueueEmptyFromISR             
2000bea5  xQueueIsQueueFullFromISR              
2000bbdd  xQueuePeekFromISR                     
2000bb65  xQueueReceiveFromISR                  
2001f484  xQueueRegistry                        
2000bf8b  xQueueRemoveFromSet                   
2000bfcd  xQueueSelectFromSet                   
2000bfe7  xQueueSelectFromSetFromISR            
2001f818  xSimpleLinkSpawnQueue                 
2001f81c  xSimpleLinkSpawnTaskHndl              
20009019  xTaskCheckForTimeOut                  
200083d5  xTaskGenericCreate                    
20009469  xTaskGetCurrentTaskHandle             
20008c6b  xTaskGetIdleTaskHandle                
2000947d  xTaskGetSchedulerState                
20008b51  xTaskGetTickCount                     
20008b65  xTaskGetTickCountFromISR              
20008c85  xTaskIncrementTick                    
20008f01  xTaskRemoveFromEventList              
20008f85  xTaskRemoveFromUnorderedEventList     
20008a85  xTaskResumeAll                        
2000899d  xTaskResumeFromISR                    


GLOBAL SYMBOLS: SORTED BY Symbol Address 

address   name                                  
-------   ----                                  
00001000  __STACK_SIZE                          
00008000  __SYSMEM_SIZE                         
20004000  g_pfnVectors                          
20004401  Interpreter_Task                      
20005031  StartInterpreterMode                  
20005155  ParseWlanConnectString                
20005275  ParsemDNSString                       
20005361  ParsePingString                       
20005561  ParseRecvString                       
200057ad  ParseSendString                       
20005941  ParseConnectString                    
20005cdd  ExecuteCommand                        
200065b1  StartUdpServer                        
20006715  StartTcpServer                        
2000690d  InitialiseCmdMenu                     
20006985  GetCmdIndex                           
20006a21  InitialConfiguration                  
200070f5  vAssertCalled                         
200070ff  vApplicationIdleHook                  
20007101  vApplicationMallocFailedHook          
20007103  vApplicationStackOverflowHook         
2000710d  SimpleLinkWlanEventHandler            
200072d1  SimpleLinkNetAppEventHandler          
20007349  SimpleLinkGeneralEventHandler         
20007369  SimpleLinkSockEventHandler            
2000741d  SimpleLinkHttpServerCallback          
200077f7  InitializeAppVariables                
20007831  ConfigureSimpleLinkToDefaultState     
20007bd1  Network_IF_InitDriver                 
20007d35  Network_IF_DeInitDriver               
20007ed5  Network_IF_ConnectAP                  
200080b3  Network_IF_DisconnectFromAP           
200080f1  Network_IF_IpConfigGet                
20008165  Network_IF_GetHostIP                  
200081d1  Network_IF_ResetMCUStateMachine       
200081d9  Network_IF_CurrentMCUState            
200081df  Network_IF_SetMCUMachineState         
200081fb  Network_IF_UnsetMCUMachineState       
20008295  itoa                                  
200083d5  xTaskGenericCreate                    
200084e3  vTaskDelete                           
20008573  vTaskDelayUntil                       
2000860f  vTaskDelay                            
20008665  eTaskGetState                         
200086f9  uxTaskPriorityGet                     
20008731  vTaskPrioritySet                      
20008835  vTaskSuspend                          
20008929  vTaskResume                           
2000899d  xTaskResumeFromISR                    
20008a17  vTaskStartScheduler                   
20008a61  vTaskEndScheduler                     
20008a73  vTaskSuspendAll                       
20008a85  xTaskResumeAll                        
20008b51  xTaskGetTickCount                     
20008b65  xTaskGetTickCountFromISR              
20008b7d  uxTaskGetNumberOfTasks                
20008b89  pcTaskGetTaskName                     
20008bad  uxTaskGetSystemState                  
20008c6b  xTaskGetIdleTaskHandle                
20008c85  xTaskIncrementTick                    
20008da9  vTaskSwitchContext                    
20008e29  vTaskPlaceOnEventList                 
20008e8d  vTaskPlaceOnUnorderedEventList        
20008f01  xTaskRemoveFromEventList              
20008f85  xTaskRemoveFromUnorderedEventList     
20008ff3  vTaskSetTimeOutState                  
20009019  xTaskCheckForTimeOut                  
20009093  vTaskMissedYield                      
200090a1  uxTaskGetTaskNumber                   
200090c1  vTaskSetTaskNumber                    
20009469  xTaskGetCurrentTaskHandle             
2000947d  xTaskGetSchedulerState                
200094b5  vTaskPriorityInherit                  
2000956f  vTaskPriorityDisinherit               
200095f9  uxTaskResetEventItemValue             
2000a3d1  __TI_printfi                          
2000a6d9  PrintCommandMenu                      
2000b419  basic_Interpreter                     
2000b447  GETChar                               
2000b52d  xQueueGenericReset                    
2000b5bd  xQueueGenericCreate                   
2000b633  xQueueCreateMutex                     
2000b6b1  xQueueCreateCountingSemaphore         
2000b6d1  xQueueGenericSend                     
2000b7dd  xQueueAltGenericSend                  
2000b889  xQueueAltGenericReceive               
2000b987  xQueueGenericSendFromISR              
2000ba23  xQueueGenericReceive                  
2000bb65  xQueueReceiveFromISR                  
2000bbdd  xQueuePeekFromISR                     
2000bc21  uxQueueMessagesWaiting                
2000bc37  uxQueueSpacesAvailable                
2000bc57  uxQueueMessagesWaitingFromISR         
2000bc69  vQueueDelete                          
2000bc8d  uxQueueGetQueueNumber                 
2000bc9b  vQueueSetQueueNumber                  
2000bcad  ucQueueGetQueueType                   
2000be63  xQueueIsQueueEmptyFromISR             
2000bea5  xQueueIsQueueFullFromISR              
2000bec7  vQueueAddToRegistry                   
2000bf09  vQueueUnregisterQueue                 
2000bf43  xQueueCreateSet                       
2000bf57  xQueueAddToSet                        
2000bf8b  xQueueRemoveFromSet                   
2000bfcd  xQueueSelectFromSet                   
2000bfe7  xQueueSelectFromSetFromISR            
2000c5e1  osi_InterruptRegister                 
2000c607  osi_InterruptDeRegister               
2000c619  osi_SyncObjCreate                     
2000c649  osi_SyncObjDelete                     
2000c663  osi_SyncObjSignal                     
2000c68b  osi_SyncObjSignalFromISR              
2000c6c3  osi_SyncObjWait                       
2000c6ef  osi_SyncObjClear                      
2000c711  osi_LockObjCreate                     
2000c737  osi_TaskCreate                        
2000c777  osi_TaskDelete                        
2000c785  osi_LockObjDelete                     
2000c795  osi_LockObjLock                       
2000c7c1  osi_LockObjUnlock                     
2000c7eb  osi_Spawn                             
2000c859  VStartSimpleLinkSpawnTask             
2000c8a9  VDeleteSimpleLinkSpawnTask            
2000c8d5  osi_MsgQCreate                        
2000c919  osi_MsgQDelete                        
2000c933  osi_MsgQWrite                         
2000c965  osi_MsgQRead                          
2000c9a1  mem_Malloc                            
2000c9ad  mem_Free                              
2000c9b9  mem_set                               
2000c9cd  mem_copy                              
2000c9e1  osi_EnterCritical                     
2000c9eb  osi_ExitCritical                      
2000c9f5  osi_start                             
2000c9fd  osi_Sleep                             
2000ca0d  osi_TaskDisable                       
2000ca17  osi_TaskEnable                        
2000ca21  osi_ContextSave                       
2000ca23  osi_ContextRestore                    
2000ca3d  minit                                 
2000cacb  malloc                                
2000cb33  free                                  
2000cbf5  realloc                               
2000cd01  memalign                              
2000cde5  calloc                                
2000ce19  sl_WlanProfileAdd                     
2000d0ad  InitTerm                              
2000d0cb  Message                               
2000d0ed  ClearTerm                             
2000d0f7  Error                                 
2000d12f  GetCmd                                
2000d1e5  TrimSpace                             
2000d27d  Report                                
2000d33d  atoc                                  
2000d3c7  atod                                  
2000d3f7  atolong                               
2000d457  ascii_to_char                         
2000d481  htoa                                  
2000d52d  btoa                                  
2000d5b5  sl_WlanConnect                        
2000da11  __aeabi_uldivmod                      
2000dc05  _SlDrvDataReadOp                      
2000dde5  _SlDrvReleasePoolObj                  
2000dfb5  __aeabi_dsub                          
2000dfbf  __aeabi_dadd                          
2000e16d  sl_Accept                             
2000e4e7  main                                  
2000e645  sl_NetAppPingStart                    
2000e7dd  _SlDrvDriverCBInit                    
2000e96d  _SlDrvWaitForPoolObj                  
2000eafd  PRCMCC3200MCUInit                     
2000ede5  sl_Connect                            
2000ef51  sl_Select                             
2000f0ad  spi_Open                              
2000f1fd  _SlDrvDataWriteOp                     
2000f349  __aeabi_ddiv                          
2000f481  strtol                                
2000f5b5  sl_NetAppDnsGetHostByName             
2000f6e1  vListInitialise                       
2000f711  vListInitialiseItem                   
2000f721  vListInsertEnd                        
2000f75d  vListInsert                           
2000f7c3  uxListRemove                          
2000f80d  sl_SendTo                             
2000fa55  sl_RecvFrom                           
2000fb75  _SlDrvDriverCBDeinit                  
2000fc8d  sl_Send                               
2000fda5  pxPortInitialiseStack                 
2000fdf5  xPortStartScheduler                   
2000fe21  vPortEndScheduler                     
2000fe23  vPortYield                            
2000fe35  vPortEnterCritical                    
2000fe4d  vPortExitCritical                     
2000fe65  xPortSysTickHandler                   
2000fe81  vPortSetupTimerInterrupt              
2000feb5  _Dscale                               
2000ffc5  _SlDrvNetAppEventHandler              
200100c9  sl_FsRead                             
200101cd  sl_FsWrite                            
200102cd  sl_NetAppDnsGetHostByService          
200103cd  __aeabi_dmul                          
200104c9  uDMAChannelTransferSet                
200106a1  sl_Stop                               
20010785  sl_Start                              
20010941  spi_Read                              
20010a1d  _SlDrvMsgReadSpawnCtx                 
20010af1  _sl_HandleAsync_DnsGetHostByService   
20010bbd  sl_NetAppMDNSRegisterUnregisterService
20010d49  _SlDrvCmdOp                           
20010e09  sl_NetCfgGet                          
20010ec9  _Dnorm                                
20010f8d  ulPortSetInterruptMask                
20010fa3  vPortClearInterruptMask               
20010fb1  xPortPendSVHandler                    
20010ffd  vPortSVCHandler                       
20011025  prvPortStartFirstTask                 
2001103d  portCLZ                               
20011045  sl_DevGet                             
200110f9  sl_GetSockOpt                         
200111a9  IntDisable                            
20011251  IntEnable                             
200112f9  SPIConfigSetExpClk                    
20011399  _SlDriverHandleError                  
20011439  __aeabi_memcpy                        
20011439  __aeabi_memcpy4                       
20011439  __aeabi_memcpy8                       
20011439  memcpy                                
200114d5  sl_Bind                               
20011571  _SlDrvDeviceEventHandler              
2001160d  _sl_GetCreateFsMode                   
200116a5  sl_FsClose                            
2001173d  PRCMPeripheralClockGet                
200117d1  _sl_HandleAsync_DnsGetHostByName      
20011861  _sl_HandleAsync_PingResponse          
20011a09  sl_FsOpen                             
20011a95  spi_Write                             
20011b21  PinConfigSet                          
20011ba9  vsnprintf                             
20011c31  sl_Recv                               
20011cb9  __aeabi_cdcmpeq                       
20011cb9  __aeabi_cdcmple                       
20011d3f  __aeabi_cdrcmple                      
20011dc5  _sl_HandleAsync_Connect               
20011e45  _sl_HandleAsync_InitComplete          
20011fc5  sl_DevSet                             
20012041  sl_NetCfgSet                          
200120bd  sl_SetSockOpt                         
20012139  sl_WlanSet                            
200121b5  __aeabi_memclr                        
200121b5  __aeabi_memclr4                       
200121b5  __aeabi_memclr8                       
200121b7  __aeabi_memset                        
200121b7  __aeabi_memset4                       
200121b7  __aeabi_memset8                       
200121bd  memset                                
20012231  sl_WlanPolicySet                      
200122a9  spi_Close                             
20012321  UARTConfigSetExpClk                   
20012399  sl_Socket                             
20012409  _SlDrvCmdSend                         
20012475  _sl_NetAppSendTokenValue              
200124e1  __TI_auto_init                        
2001254d  sl_WlanRxFilterSet                    
20012623  _Dunscale                             
20012689  _sl_HandleAsync_Accept                
200126ed  uDMAChannelAttributeDisable           
20012751  uDMAChannelAttributeEnable            
200127b5  IntPendClear                          
2001280d  PRCMPeripheralReset                   
20012865  ltoa                                  
200128bd  IntPrioritySet                        
20012911  _sl_HandleAsync_Select                
20012965  _SlDrvRxIrqHandler                    
200129b5  _sl_HandleAsync_Stop                  
20012a05  sl_Listen                             
20012a55  sl_NetAppMDNSRegisterService          
20012aa5  SPIIntEnable                          
20012af1  _SlDrvProtectAsyncRespSetting         
20012b89  atoi                                  
20012bd5  copy_in                               
20012c21  uDMAChannelAssign                     
20012c6d  SPIIntClear                           
20012cb5  _SlDrvBasicCmd                        
20012cfd  __aeabi_d2iz                          
20012d45  sl_NetAppMDNSUnRegisterService        
20012d8d  ldexp                                 
20012e19  _SlDrvHandleHttpServerEvents          
20012ea1  C$$EXIT                               
20012ea5  abort                                 
20012ead  exit                                  
20012ee5  sl_Close                              
20012f29  sl_WlanProfileDel                     
20012f6d  sl_WlanSetMode                        
20012fb1  sl_Htonl                              
20012ff5  PinModeSet                            
20013035  _SlDrvHandleNetAppEvents              
20013075  _SlDrvHandleWlanEvents                
200130b5  _SlDrvSyncObjWaitTimeout              
20013135  signal                                
20013175  strtok                                
200131f1  PRCMPeripheralClkEnable               
2001322d  _c_int00                              
20013269  uDMAChannelControlSet                 
200132a5  NwpPowerOff                           
200132dd  pvPortMalloc                          
200132fd  vPortFree                             
20013315  PRCMPeripheralStatusGet               
20013349  SPIFIFOLevelSet                       
2001337d  feraiseexcept                         
200133b1  strstr                                
200133e5  UARTDisable                           
20013445  strncpy                               
20013475  _Feraise                              
200134a5  __aeabi_i2d                           
200134d3  raise                                 
20013501  DmaSpiSwIntHandler                    
2001352d  PRCMSysResetCauseGet                  
20013559  strspn                                
20013583  _Dclass                               
200135ad  PRCMPeripheralClkDisable              
200135fd  _SlDrvProtectionObjLockWaitForever    
20013625  NwpRegisterInterruptHandler           
2001364b  sl_Provisioning_HttpServerEventHdl    
20013659  sl_Provisioning_NetAppEventHdl        
20013665  sl_Provisioning_WlanEventHdl          
20013671  IntUnregister                         
20013695  UARTEnable                            
200136b9  _SlDrvGlobalObjUnLock                 
200136dd  _SlDrvProtectionObjUnLock             
20013701  _SlDrvSyncObjWaitForever              
20013725  memmove                               
20013749  strcspn                               
2001376d  SL_FD_SET                             
2001378f  SPIReset                              
200137b1  SPIWordCountSet                       
200137d3  _SlDrvObjLockWaitForever              
200137f5  frexp                                 
20013819  IntRegister                           
20013839  NwpPowerOn                            
20013859  sl_WlanDisconnect                     
20013879  UARTCharPut                           
20013897  _SlDrvObjUnLock                       
200138b5  _SlDrvSyncObjSignal                   
200138f1  UARTCharGetNonBlocking                
2001390d  PinMuxConfig                          
20013929  memccpy                               
20013945  uDMAChannelEnable                     
20013961  PinTypeUART                           
2001397b  SPIDmaDisable                         
20013995  SPIDmaEnable                          
200139af  SPIFIFODisable                        
200139c9  SPIFIFOEnable                         
200139e3  SPICSDisable                          
200139fb  SPICSEnable                           
20013a13  SPIDisable                            
20013a2b  SPIEnable                             
20013a43  UARTCharsAvail                        
20013a75  _args_main                            
20013a8d  strcmp                                
20013aa5  PRCMHIBRegRead                        
20013abb  PRCMHIBRegWrite                       
20013ad1  _SlDrvMemZero                         
20013ae7  strchr                                
20013afd  CPUcpsie                              
20013b11  IntVTableBaseSet                      
20013b25  _register_unlock                      
20013b2b  _register_lock                        
20013b33  _nop                                  
20013b39  strcpy                                
20013b4d  strlen                                
20013b61  SL_FD_ZERO                            
20013b71  _SlDrvDispatchHttpServerEvents        
20013b81  _SlDrvResetCmdExt                     
20013b8f  __TI_decompress_none                  
20013b9d  ResetISR                              
20013bad  NwpMaskInterrupt                      
20013bb9  NwpUnMaskInterrupt                    
20013bc5  __TI_zero_init                        
20013bd1  IntMasterEnable                       
20013bdb  UtilsDelay                            
20013be1  __TI_decompress_rle24                 
20013be7  _system_pre_init                      
20013bec  _ctypes_                              
20013ec4  g_Digits                              
200140c0  pcDigits                              
20014122  OpcodeTranslateTable                  
2001419c  _SlActionLookupTable                  
200142e0  _SlNetAppSendTokenValueCmdCtrl        
200143a8  __TI_static_base__                    
20014424  __TI_Handler_Table_Base               
20014430  __TI_Handler_Table_Limit              
20014438  __TI_CINIT_Base                       
20014448  __TI_CINIT_Limit                      
20017000  _sys_memory                           
2001f178  g_cmd_help                            
2001f330  uBufRx                                
2001f394  g_ucDinDout                           
2001f3e4  g_ucUARTBuffer                        
2001f434  g_ucUARTRecvBuffer                    
2001f484  xQueueRegistry                        
2001f4d4  g_time                                
2001f500  g_ucConnectionSSID                    
2001f524  eapParams                             
2001f59c  g_LocalAddr                           
2001f5ac  g_RemoteAddr                          
2001f5bc  g_SecParams                           
2001f5c8  g_MulticastIp                         
2001f5d0  g_timeout                             
2001f5d8  g_ucConnectionBSSID                   
2001f5e0  DMAMsgQ                               
2001f5e8  g_ActiveReadFds                       
2001f5ec  g_NonBlocking                         
2001f5f0  g_Protocol                            
2001f5f4  g_ReadFds                             
2001f5f8  g_RetVal                              
2001f5fc  g_Socket                              
2001f600  g_SocketChild                         
2001f604  g_SocketTcpServer                     
2001f608  g_SocketUdpServer                     
2001f60c  g_Status                              
2001f610  g_Type                                
2001f614  g_cDummy                              
2001f618  g_isFileHandle                        
2001f61c  g_mDNSMode                            
2001f620  g_pcData                              
2001f624  g_pcIp                                
2001f628  g_pcLength                            
2001f62c  g_pcPingAttempts                      
2001f630  g_pcPort                              
2001f634  g_pcProtocol                          
2001f638  g_pcSsid                              
2001f63c  g_pcTimeout                           
2001f640  g_ulIp                                
2001f644  g_ulLength                            
2001f648  g_ulPingAttempts                      
2001f64c  g_ulPingIp                            
2001f650  g_ulPort                              
2001f654  g_ulSsidLen                           
2001f660  uiUartline                            
2001f664  g_AddrLen                             
2001f666  g_usConnectIndex                      
2001f668  RxIrqCnt                              
2001f669  g_WlanRxMode                          
2001f66a  g_bDeviceRestartIsRequired            
2001f720  _Denorm                               
2001f730  _Eps                                  
2001f740  _Hugeval                              
2001f750  _Inf                                  
2001f760  _Nan                                  
2001f770  _Snan                                 
2001f780  _Rteps                                
2001f790  _Xbig                                 
2001f798  _Zero                                 
2001f7a0  pxCurrentTCB                          
2001f7d4  ilength                               
2001f7d8  g_ConfigurationDone                   
2001f7dc  g_ucMethod                            
2001f7e0  g_uiCipher                            
2001f7e4  g_BytesTx                             
2001f7e8  g_BytesRx                             
2001f7ec  g_TcpConnected                        
2001f7f0  g_UartHaveCmd                         
2001f7f4  g_UartCmdSent                         
2001f7f8  g_imDNSMode                           
2001f7fc  g_mDNSStatus                          
2001f800  g_WrapMode                            
2001f801  g_UartMode                            
2001f802  g_InterpreterMode                     
2001f803  aucmDNSFileName                       
2001f808  g_pCB                                 
2001f80c  pPingCallBackFunc                     
2001f814  xHigherPriorityTaskWoken              
2001f818  xSimpleLinkSpawnQueue                 
2001f81c  xSimpleLinkSpawnTaskHndl              
2001f820  g_ulStatus                            
2001f824  g_ulStaIp                             
2001f828  g_ulGatewayIP                         
2001f838  g_SpiFd                               
2001f83c  g_pHostIntHdl                         
2001f840  g_ucDMAEnabled                        
2001f844  _lock                                 
2001f848  _unlock                               
2001f84c  __TI_cleanup_ptr                      
2001f850  __TI_dtors_ptr                        
2001f854  _Fenv                                 
2001f858  _Tls_setup__Fenv                      
2001f860  _Errno                                
2001f864  main_func_sp                          
2002f000  __stack                               
20030000  __STACK_END                           
ffffffff  __binit__                             
ffffffff  __c_args__                            
ffffffff  binit                                 
UNDEFED   SHT$$INIT_ARRAY$$Base                 
UNDEFED   SHT$$INIT_ARRAY$$Limit                

[495 symbols]
