******************************************************************************
                  TI ARM Linker PC v5.2.5                      
******************************************************************************
>> Linked Thu Apr 07 03:20:54 2016

OUTPUT FILE NAME:   <sleep.out>
ENTRY POINT SYMBOL: "_c_int00"  address: 200073e9


MEMORY CONFIGURATION

         name            origin    length      used     unused   attr    fill
----------------------  --------  ---------  --------  --------  ----  --------
  SRAM_CODE             20004000   00013000  00003e00  0000f200  RW X
  SRAM_DATA             20017000   00019000  00001160  00017ea0  RW X


SEGMENT ALLOCATION MAP

run origin  load origin   length   init length attrs members
----------  ----------- ---------- ----------- ----- -------
20004000    20004000    00003e00   00003e00    r-x
  20004000    20004000    00000400   00000400    r-- .intvecs
  20004400    20004400    00003588   00003588    r-x .text
  20007988    20007988    00000400   00000400    r-- .const
  20007d88    20007d88    00000078   00000078    r-- .cinit
20017000    20017000    00000960   00000000    rw-
  20017000    20017000    00000800   00000000    rw- .sysmem
  20017800    20017800    0000015c   00000000    rw- .data
  2001795c    2001795c    00000004   00000000    rw- .bss
2002f800    2002f800    00000800   00000000    rw-
  2002f800    2002f800    00000800   00000000    rw- .stack


SECTION ALLOCATION MAP

 output                                  attributes/
section   page    origin      length       input sections
--------  ----  ----------  ----------   ----------------
.intvecs   0    20004000    00000400     
                  20004000    00000400     startup_ccs.obj (.intvecs)

.init_array 
*          0    20004000    00000000     UNINITIALIZED

.text      0    20004400    00003588     
                  20004400    000010a6     rtsv7M4_T_le_eabi.lib : _printfi.obj (.text)
                  200054a6    00000002     driverlib.a : interrupt.obj (.text:IntDefaultHandler)
                  200054a8    000003dc     rtsv7M4_T_le_eabi.lib : memory.obj (.text)
                  20005884    000002ac     main.obj (.text)
                  20005b30    00000280     uart_if.obj (.text)
                  20005db0    000001f4     rtsv7M4_T_le_eabi.lib : ull_div_t2.obj (.text)
                  20005fa4    000001b6                           : fd_add_t2.obj (.text)
                  2000615a    00000002     --HOLE-- [fill = 0]
                  2000615c    00000198     timer_if.obj (.text)
                  200062f4    00000178     driverlib.a : prcm.obj (.text:PRCMCC3200MCUInit)
                  2000646c    00000136     rtsv7M4_T_le_eabi.lib : fd_div_t2.obj (.text)
                  200065a2    00000002     --HOLE-- [fill = 0]
                  200065a4    00000110                           : xdscale.obj (.text)
                  200066b4    000000fc                           : fd_mul_t2.obj (.text)
                  200067b0    000000be                           : xdnorm.obj (.text)
                  2000686e    00000002     --HOLE-- [fill = 0]
                  20006870    000000a8     driverlib.a : interrupt.obj (.text:IntDisable)
                  20006918    000000a8                 : interrupt.obj (.text:IntEnable)
                  200069c0    0000009c     rtsv7M4_T_le_eabi.lib : memcpy_t2.obj (.text)
                  20006a5c    00000094     driverlib.a : prcm.obj (.text:PRCMPeripheralClockGet)
                  20006af0    00000088                 : pin.obj (.text:PinConfigSet)
                  20006b78    00000088     rtsv7M4_T_le_eabi.lib : vsnprintf.obj (.text)
                  20006c00    00000086                           : fd_cmp_t2.obj (.text:__aeabi_cdcmple)
                  20006c86    00000086                           : fd_cmp_t2.obj (.text:__aeabi_cdrcmple)
                  20006d0c    0000007a                           : memset_t2.obj (.text)
                  20006d86    00000076     driverlib.a : uart.obj (.text:UARTConfigSetExpClk)
                  20006dfc    00000070                 : timer.obj (.text:TimerIntRegister)
                  20006e6c    0000006c     rtsv7M4_T_le_eabi.lib : autoinit.obj (.text)
                  20006ed8    0000006a                           : copy_decompress_rle.obj (.text)
                  20006f42    00000002     --HOLE-- [fill = 0]
                  20006f44    00000068     driverlib.a : timer.obj (.text:TimerIntUnregister)
                  20006fac    00000066     rtsv7M4_T_le_eabi.lib : xdunscal.obj (.text)
                  20007012    00000064     wdt_if.obj (.text)
                  20007076    00000002     --HOLE-- [fill = 0]
                  20007078    00000058     driverlib.a : prcm.obj (.text:PRCMPeripheralReset)
                  200070d0    00000056     rtsv7M4_T_le_eabi.lib : ltoa.obj (.text)
                  20007126    00000002     --HOLE-- [fill = 0]
                  20007128    00000054     driverlib.a : interrupt.obj (.text:IntPrioritySet)
                  2000717c    0000004c     rtsv7M4_T_le_eabi.lib : atoi.obj (.text)
                  200071c8    0000004c                           : cpy_tbl.obj (.text)
                  20007214    00000048                           : fd_toi_t2.obj (.text)
                  2000725c    00000046                           : ldexp.obj (.text)
                  200072a2    00000002     --HOLE-- [fill = 0]
                  200072a4    00000044     driverlib.a : timer.obj (.text:TimerConfigure)
                  200072e8    00000044     rtsv7M4_T_le_eabi.lib : exit.obj (.text)
                  2000732c    00000040     driverlib.a : pin.obj (.text:PinModeSet)
                  2000736c    00000040     rtsv7M4_T_le_eabi.lib : signal.obj (.text)
                  200073ac    0000003c     driverlib.a : prcm.obj (.text:PRCMPeripheralClkEnable)
                  200073e8    0000003c     rtsv7M4_T_le_eabi.lib : boot.obj (.text)
                  20007424    00000034                           : feraiseexcept.obj (.text)
                  20007458    00000030     driverlib.a : uart.obj (.text:UARTDisable)
                  20007488    00000030     rtsv7M4_T_le_eabi.lib : xferaise.obj (.text)
                  200074b8    0000002e                           : i_tofd_t2.obj (.text)
                  200074e6    0000002e                           : raise.obj (.text)
                  20007514    0000002c     driverlib.a : prcm.obj (.text:PRCMSysResetCauseGet)
                  20007540    0000002a                 : timer.obj (.text:TimerLoadSet)
                  2000756a    0000002a                 : timer.obj (.text:TimerPrescaleSet)
                  20007594    0000002a     rtsv7M4_T_le_eabi.lib : xdclass.obj (.text)
                  200075be    00000002     --HOLE-- [fill = 0]
                  200075c0    00000028     driverlib.a : prcm.obj (.text:PRCMPeripheralClkDisable)
                  200075e8    00000024                 : interrupt.obj (.text:IntUnregister)
                  2000760c    00000024                 : uart.obj (.text:UARTEnable)
                  20007630    00000024     rtsv7M4_T_le_eabi.lib : memmov.obj (.text)
                  20007654    00000022                           : frexp.obj (.text)
                  20007676    00000002     --HOLE-- [fill = 0]
                  20007678    00000020     driverlib.a : interrupt.obj (.text:IntRegister)
                  20007698    0000001e                 : timer.obj (.text:TimerDisable)
                  200076b6    0000001e                 : timer.obj (.text:TimerEnable)
                  200076d4    0000001e                 : timer.obj (.text:TimerIntStatus)
                  200076f2    0000001e                 : uart.obj (.text:UARTCharPut)
                  20007710    0000001c                 : timer.obj (.text:TimerValueGet)
                  2000772c    0000001c                 : uart.obj (.text:UARTCharGetNonBlocking)
                  20007748    0000001c     pinmux.obj (.text)
                  20007764    0000001c     rtsv7M4_T_le_eabi.lib : memccpy.obj (.text)
                  20007780    0000001a     driverlib.a : pin.obj (.text:PinTypeUART)
                  2000779a    00000018                 : timer.obj (.text:TimerIntDisable)
                  200077b2    00000018                 : timer.obj (.text:TimerIntEnable)
                  200077ca    00000018                 : uart.obj (.text:UARTCharsAvail)
                  200077e2    00000018                 : wdt.obj (.text:WatchdogStallDisable)
                  200077fa    00000002     --HOLE-- [fill = 0]
                  200077fc    00000018                 : wdt.obj (.text:WatchdogUnlock)
                  20007814    00000018     rtsv7M4_T_le_eabi.lib : args_main.obj (.text)
                  2000782c    00000016     driverlib.a : prcm.obj (.text:PRCMHIBRegRead)
                  20007842    00000016                 : prcm.obj (.text:PRCMHIBRegWrite)
                  20007858    00000016                 : wdt.obj (.text:WatchdogEnable)
                  2000786e    00000016                 : wdt.obj (.text:WatchdogIntRegister)
                  20007884    00000016     rtsv7M4_T_le_eabi.lib : strchr.obj (.text)
                  2000789a    00000014     driverlib.a : cpu.obj (.text:CPUcpsie)
                  200078ae    00000002     --HOLE-- [fill = 0]
                  200078b0    00000014                 : interrupt.obj (.text:IntVTableBaseSet)
                  200078c4    00000014     rtsv7M4_T_le_eabi.lib : _lock.obj (.text)
                  200078d8    00000014                           : strlen.obj (.text)
                  200078ec    00000012     driverlib.a : timer.obj (.text:TimerIntClear)
                  200078fe    00000012                 : wdt.obj (.text:WatchdogIntUnregister)
                  20007910    00000012                 : wdt.obj (.text:WatchdogReloadSet)
                  20007922    00000010                 : wdt.obj (.text:WatchdogIntClear)
                  20007932    0000000e     rtsv7M4_T_le_eabi.lib : copy_decompress_none.obj (.text:decompress:none)
                  20007940    0000000e     startup_ccs.obj (.text)
                  2000794e    0000000c     driverlib.a : cpu.obj (.text:CPUwfi)
                  2000795a    0000000c     rtsv7M4_T_le_eabi.lib : copy_zero_init.obj (.text:decompress:ZI)
                  20007966    0000000a     driverlib.a : interrupt.obj (.text:IntMasterEnable)
                  20007970    00000008                 : prcm.obj (.text:PRCMSleepEnter)
                  20007978    00000006                 : utils.obj (.text:UtilsDelay)
                  2000797e    00000006     rtsv7M4_T_le_eabi.lib : copy_decompress_rle.obj (.text:decompress:rle24)
                  20007984    00000004                           : pre_init.obj (.text)

.const     0    20007988    00000400     
                  20007988    00000101     rtsv7M4_T_le_eabi.lib : ctype.obj (.const:.string:_ctypes_)
                  20007a89    00000003     --HOLE-- [fill = 0]
                  20007a8c    00000100     driverlib.a : pin.obj (.const:g_ulPinToPadMap)
                  20007b8c    000000d4                 : interrupt.obj (.const:g_pulRegs)
                  20007c60    000000a8                 : prcm.obj (.const:PRCM_PeriphRegsList)
                  20007d08    00000080                 : interrupt.obj (.const)

.cinit     0    20007d88    00000078     
                  20007d88    0000004e     (.cinit..data.load) [load image, compression = rle]
                  20007dd6    00000002     --HOLE-- [fill = 0]
                  20007dd8    0000000c     (__TI_handler_table)
                  20007de4    00000004     --HOLE-- [fill = 0]
                  20007de8    00000008     (.cinit..bss.load) [load image, compression = zero_init]
                  20007df0    00000010     (__TI_cinit_table)

.sysmem    0    20017000    00000800     UNINITIALIZED
                  20017000    00000008     rtsv7M4_T_le_eabi.lib : memory.obj (.sysmem)
                  20017008    000007f8     --HOLE--

.data      0    20017800    0000015c     UNINITIALIZED
                  20017800    000000b0     rtsv7M4_T_le_eabi.lib : signal.obj (.data:sigtable)
                  200178b0    00000080                           : xvalues.obj (.data)
                  20017930    0000000c                           : memory.obj (.data)
                  2001793c    00000008                           : _lock.obj (.data)
                  20017944    00000008                           : exit.obj (.data)
                  2001794c    00000008                           : feraiseexcept.obj (.data)
                  20017954    00000004                           : errno.obj (.data)
                  20017958    00000004                           : stkdepth_vars.obj (.data)

.TI.persistent 
*          0    20017800    00000000     UNINITIALIZED

.bss       0    2001795c    00000004     UNINITIALIZED
                  2001795c    00000004     (.common:__Errorlog)

.TI.noinit 
*          0    2001795c    00000000     UNINITIALIZED

.stack     0    2002f800    00000800     UNINITIALIZED
                  2002f800    00000800     --HOLE--


LINKER GENERATED COPY TABLES

__TI_cinit_table @ 20007df0 records: 2, size/record: 8, table size: 16
	.data: load addr=20007d88, load size=0000004e bytes, run addr=20017800, run size=0000015c bytes, compression=rle
	.bss: load addr=20007de8, load size=00000008 bytes, run addr=2001795c, run size=00000004 bytes, compression=zero_init


LINKER GENERATED HANDLER TABLE

__TI_handler_table @ 20007dd8 records: 3, size/record: 4, table size: 12
	index: 0, handler: __TI_decompress_rle24
	index: 1, handler: __TI_decompress_none
	index: 2, handler: __TI_zero_init


GLOBAL SYMBOLS: SORTED ALPHABETICALLY BY Name 

address   name                    
-------   ----                    
20005897  AppGPTCallBackHandler   
20005885  AppWDTCallBackHandler   
200072e9  C$$EXIT                 
2000789b  CPUcpsie                
2000794f  CPUwfi                  
20005b71  ClearTerm               
20005b7b  Error                   
20005bb3  GetCmd                  
20005b31  InitTerm                
20006871  IntDisable              
20006919  IntEnable               
20007967  IntMasterEnable         
20007129  IntPrioritySet          
20007679  IntRegister             
200075e9  IntUnregister           
200078b1  IntVTableBaseSet        
20005b4f  Message                 
200062f5  PRCMCC3200MCUInit       
2000782d  PRCMHIBRegRead          
20007843  PRCMHIBRegWrite         
200075c1  PRCMPeripheralClkDisable
200073ad  PRCMPeripheralClkEnable 
20006a5d  PRCMPeripheralClockGet  
20007079  PRCMPeripheralReset     
20007971  PRCMSleepEnter          
20007515  PRCMSysResetCauseGet    
20006af1  PinConfigSet            
2000732d  PinModeSet              
20007749  PinMuxConfig            
20007781  PinTypeUART             
20005cf1  Report                  
20007941  ResetISR                
UNDEFED   SHT$$INIT_ARRAY$$Base   
UNDEFED   SHT$$INIT_ARRAY$$Limit  
200072a5  TimerConfigure          
20007699  TimerDisable            
200076b7  TimerEnable             
200078ed  TimerIntClear           
2000779b  TimerIntDisable         
200077b3  TimerIntEnable          
20006dfd  TimerIntRegister        
200076d5  TimerIntStatus          
20006f45  TimerIntUnregister      
20007541  TimerLoadSet            
2000756b  TimerPrescaleSet        
20007711  TimerValueGet           
200062a3  Timer_IF_DeInit         
200062d5  Timer_IF_GetCount       
200061dd  Timer_IF_Init           
2000620f  Timer_IF_IntSetup       
2000625b  Timer_IF_InterruptClear 
200062bd  Timer_IF_ReLoad         
20006273  Timer_IF_Start          
20006293  Timer_IF_Stop           
20005c59  TrimSpace               
2000772d  UARTCharGetNonBlocking  
200076f3  UARTCharPut             
200077cb  UARTCharsAvail          
20006d87  UARTConfigSetExpClk     
20007459  UARTDisable             
2000760d  UARTEnable              
20007979  UtilsDelay              
20007053  WDT_IF_DeInit           
20007013  WDT_IF_Init             
20007859  WatchdogEnable          
20007923  WatchdogIntClear        
2000786f  WatchdogIntRegister     
200078ff  WatchdogIntUnregister   
20007911  WatchdogReloadSet       
200077e3  WatchdogStallDisable    
200077fd  WatchdogUnlock          
20007595  _Dclass                 
200178b0  _Denorm                 
200067b1  _Dnorm                  
200065a5  _Dscale                 
20006fad  _Dunscale               
200178c0  _Eps                    
20017954  _Errno                  
2001794c  _Fenv                   
20007489  _Feraise                
200178d0  _Hugeval                
200178e0  _Inf                    
200178f0  _Nan                    
20017910  _Rteps                  
20017900  _Snan                   
20017950  _Tls_setup__Fenv        
20017920  _Xbig                   
20017928  _Zero                   
20030000  __STACK_END             
00000800  __STACK_SIZE            
00000800  __SYSMEM_SIZE           
20007df0  __TI_CINIT_Base         
20007e00  __TI_CINIT_Limit        
20007dd8  __TI_Handler_Table_Base 
20007de4  __TI_Handler_Table_Limit
20006e6d  __TI_auto_init          
20017944  __TI_cleanup_ptr        
20007933  __TI_decompress_none    
2000797f  __TI_decompress_rle24   
20017948  __TI_dtors_ptr          
200051a1  __TI_printfi            
20007d88  __TI_static_base__      
2000795b  __TI_zero_init          
20006c01  __aeabi_cdcmpeq         
20006c01  __aeabi_cdcmple         
20006c87  __aeabi_cdrcmple        
20007215  __aeabi_d2iz            
20005faf  __aeabi_dadd            
2000646d  __aeabi_ddiv            
200066b5  __aeabi_dmul            
20005fa5  __aeabi_dsub            
200074b9  __aeabi_i2d             
20006d0d  __aeabi_memclr          
20006d0d  __aeabi_memclr4         
20006d0d  __aeabi_memclr8         
200069c1  __aeabi_memcpy          
200069c1  __aeabi_memcpy4         
200069c1  __aeabi_memcpy8         
20006d0f  __aeabi_memset          
20006d0f  __aeabi_memset4         
20006d0f  __aeabi_memset8         
20005db1  __aeabi_uldivmod        
ffffffff  __binit__               
ffffffff  __c_args__              
2002f800  __stack                 
20007815  _args_main              
200073e9  _c_int00                
20007988  _ctypes_                
2001793c  _lock                   
200078d3  _nop                    
200078cb  _register_lock          
200078c5  _register_unlock        
20017000  _sys_memory             
20007985  _system_pre_init        
20017940  _unlock                 
200072ed  abort                   
2000717d  atoi                    
ffffffff  binit                   
20005851  calloc                  
200071c9  copy_in                 
200072f5  exit                    
20007425  feraiseexcept           
2000559f  free                    
20007655  frexp                   
20004000  g_pfnVectors            
2000725d  ldexp                   
200070d1  ltoa                    
200059a9  main                    
20017958  main_func_sp            
20005537  malloc                  
2000576d  memalign                
20007765  memccpy                 
200069c1  memcpy                  
20007631  memmove                 
20006d15  memset                  
200054a9  minit                   
200074e7  raise                   
20005661  realloc                 
2000736d  signal                  
20007885  strchr                  
200078d9  strlen                  
20006b79  vsnprintf               


GLOBAL SYMBOLS: SORTED BY Symbol Address 

address   name                    
-------   ----                    
00000800  __STACK_SIZE            
00000800  __SYSMEM_SIZE           
20004000  g_pfnVectors            
200051a1  __TI_printfi            
200054a9  minit                   
20005537  malloc                  
2000559f  free                    
20005661  realloc                 
2000576d  memalign                
20005851  calloc                  
20005885  AppWDTCallBackHandler   
20005897  AppGPTCallBackHandler   
200059a9  main                    
20005b31  InitTerm                
20005b4f  Message                 
20005b71  ClearTerm               
20005b7b  Error                   
20005bb3  GetCmd                  
20005c59  TrimSpace               
20005cf1  Report                  
20005db1  __aeabi_uldivmod        
20005fa5  __aeabi_dsub            
20005faf  __aeabi_dadd            
200061dd  Timer_IF_Init           
2000620f  Timer_IF_IntSetup       
2000625b  Timer_IF_InterruptClear 
20006273  Timer_IF_Start          
20006293  Timer_IF_Stop           
200062a3  Timer_IF_DeInit         
200062bd  Timer_IF_ReLoad         
200062d5  Timer_IF_GetCount       
200062f5  PRCMCC3200MCUInit       
2000646d  __aeabi_ddiv            
200065a5  _Dscale                 
200066b5  __aeabi_dmul            
200067b1  _Dnorm                  
20006871  IntDisable              
20006919  IntEnable               
200069c1  __aeabi_memcpy          
200069c1  __aeabi_memcpy4         
200069c1  __aeabi_memcpy8         
200069c1  memcpy                  
20006a5d  PRCMPeripheralClockGet  
20006af1  PinConfigSet            
20006b79  vsnprintf               
20006c01  __aeabi_cdcmpeq         
20006c01  __aeabi_cdcmple         
20006c87  __aeabi_cdrcmple        
20006d0d  __aeabi_memclr          
20006d0d  __aeabi_memclr4         
20006d0d  __aeabi_memclr8         
20006d0f  __aeabi_memset          
20006d0f  __aeabi_memset4         
20006d0f  __aeabi_memset8         
20006d15  memset                  
20006d87  UARTConfigSetExpClk     
20006dfd  TimerIntRegister        
20006e6d  __TI_auto_init          
20006f45  TimerIntUnregister      
20006fad  _Dunscale               
20007013  WDT_IF_Init             
20007053  WDT_IF_DeInit           
20007079  PRCMPeripheralReset     
200070d1  ltoa                    
20007129  IntPrioritySet          
2000717d  atoi                    
200071c9  copy_in                 
20007215  __aeabi_d2iz            
2000725d  ldexp                   
200072a5  TimerConfigure          
200072e9  C$$EXIT                 
200072ed  abort                   
200072f5  exit                    
2000732d  PinModeSet              
2000736d  signal                  
200073ad  PRCMPeripheralClkEnable 
200073e9  _c_int00                
20007425  feraiseexcept           
20007459  UARTDisable             
20007489  _Feraise                
200074b9  __aeabi_i2d             
200074e7  raise                   
20007515  PRCMSysResetCauseGet    
20007541  TimerLoadSet            
2000756b  TimerPrescaleSet        
20007595  _Dclass                 
200075c1  PRCMPeripheralClkDisable
200075e9  IntUnregister           
2000760d  UARTEnable              
20007631  memmove                 
20007655  frexp                   
20007679  IntRegister             
20007699  TimerDisable            
200076b7  TimerEnable             
200076d5  TimerIntStatus          
200076f3  UARTCharPut             
20007711  TimerValueGet           
2000772d  UARTCharGetNonBlocking  
20007749  PinMuxConfig            
20007765  memccpy                 
20007781  PinTypeUART             
2000779b  TimerIntDisable         
200077b3  TimerIntEnable          
200077cb  UARTCharsAvail          
200077e3  WatchdogStallDisable    
200077fd  WatchdogUnlock          
20007815  _args_main              
2000782d  PRCMHIBRegRead          
20007843  PRCMHIBRegWrite         
20007859  WatchdogEnable          
2000786f  WatchdogIntRegister     
20007885  strchr                  
2000789b  CPUcpsie                
200078b1  IntVTableBaseSet        
200078c5  _register_unlock        
200078cb  _register_lock          
200078d3  _nop                    
200078d9  strlen                  
200078ed  TimerIntClear           
200078ff  WatchdogIntUnregister   
20007911  WatchdogReloadSet       
20007923  WatchdogIntClear        
20007933  __TI_decompress_none    
20007941  ResetISR                
2000794f  CPUwfi                  
2000795b  __TI_zero_init          
20007967  IntMasterEnable         
20007971  PRCMSleepEnter          
20007979  UtilsDelay              
2000797f  __TI_decompress_rle24   
20007985  _system_pre_init        
20007988  _ctypes_                
20007d88  __TI_static_base__      
20007dd8  __TI_Handler_Table_Base 
20007de4  __TI_Handler_Table_Limit
20007df0  __TI_CINIT_Base         
20007e00  __TI_CINIT_Limit        
20017000  _sys_memory             
200178b0  _Denorm                 
200178c0  _Eps                    
200178d0  _Hugeval                
200178e0  _Inf                    
200178f0  _Nan                    
20017900  _Snan                   
20017910  _Rteps                  
20017920  _Xbig                   
20017928  _Zero                   
2001793c  _lock                   
20017940  _unlock                 
20017944  __TI_cleanup_ptr        
20017948  __TI_dtors_ptr          
2001794c  _Fenv                   
20017950  _Tls_setup__Fenv        
20017954  _Errno                  
20017958  main_func_sp            
2002f800  __stack                 
20030000  __STACK_END             
ffffffff  __binit__               
ffffffff  __c_args__              
ffffffff  binit                   
UNDEFED   SHT$$INIT_ARRAY$$Base   
UNDEFED   SHT$$INIT_ARRAY$$Limit  

[162 symbols]
