******************************************************************************
                  TI ARM Linker PC v5.2.5                      
******************************************************************************
>> Linked Fri Apr 08 05:57:20 2016

OUTPUT FILE NAME:   <sdhost_fatfs.out>
ENTRY POINT SYMBOL: "_c_int00"  address: 2000a13d


MEMORY CONFIGURATION

         name            origin    length      used     unused   attr    fill
----------------------  --------  ---------  --------  --------  ----  --------
  SRAM_CODE             20004000   00013000  000069ba  0000c646  RW X
  SRAM_DATA             20017000   00019000  000019e2  0001761e  RW X


SEGMENT ALLOCATION MAP

run origin  load origin   length   init length attrs members
----------  ----------- ---------- ----------- ----- -------
20004000    20004000    000069c0   000069c0    r-x
  20004000    20004000    00000308   00000308    r-- .intvecs
  20004308    20004308    0000630e   0000630e    r-x .text
  2000a618    2000a618    0000032c   0000032c    r-- .const
  2000a948    2000a948    00000078   00000078    r-- .cinit
20017000    20017000    000009e2   00000000    rw-
  20017000    20017000    00000800   00000000    rw- .sysmem
  20017800    20017800    00000174   00000000    rw- .data
  20017974    20017974    0000006e   00000000    rw- .bss
2002f000    2002f000    00001000   00000000    rw-
  2002f000    2002f000    00001000   00000000    rw- .stack


SECTION ALLOCATION MAP

 output                                  attributes/
section   page    origin      length       input sections
--------  ----  ----------  ----------   ----------------
.intvecs   0    20004000    00000308     
                  20004000    00000308     startup_ccs.obj (.intvecs)

.init_array 
*          0    20004000    00000000     UNINITIALIZED

.text      0    20004308    0000630e     
                  20004308    00002ad6     fatfs.a : ff.obj (.text)
                  20006dde    00000002     --HOLE-- [fill = 0]
                  20006de0    000010a6     rtsv7M4_T_le_eabi.lib : _printfi.obj (.text)
                  20007e86    00000002     --HOLE-- [fill = 0]
                  20007e88    000004c0     diskio.obj (.text)
                  20008348    000003dc     main.obj (.text)
                  20008724    000003dc     rtsv7M4_T_le_eabi.lib : memory.obj (.text)
                  20008b00    00000280     uart_if.obj (.text)
                  20008d80    000001f4     rtsv7M4_T_le_eabi.lib : ull_div_t2.obj (.text)
                  20008f74    000001b6                           : fd_add_t2.obj (.text)
                  2000912a    00000002     --HOLE-- [fill = 0]
                  2000912c    00000178     driverlib.a : prcm.obj (.text:PRCMCC3200MCUInit)
                  200092a4    00000136     rtsv7M4_T_le_eabi.lib : fd_div_t2.obj (.text)
                  200093da    00000002     --HOLE-- [fill = 0]
                  200093dc    00000110                           : xdscale.obj (.text)
                  200094ec    000000fc                           : fd_mul_t2.obj (.text)
                  200095e8    000000be                           : xdnorm.obj (.text)
                  200096a6    00000002     --HOLE-- [fill = 0]
                  200096a8    000000a8     driverlib.a : interrupt.obj (.text:IntEnable)
                  20009750    0000009c     rtsv7M4_T_le_eabi.lib : memcpy_t2.obj (.text)
                  200097ec    00000094     driverlib.a : prcm.obj (.text:PRCMPeripheralClockGet)
                  20009880    00000088                 : pin.obj (.text:PinConfigSet)
                  20009908    00000088     rtsv7M4_T_le_eabi.lib : vsnprintf.obj (.text)
                  20009990    00000086                           : fd_cmp_t2.obj (.text:__aeabi_cdcmple)
                  20009a16    00000086                           : fd_cmp_t2.obj (.text:__aeabi_cdrcmple)
                  20009a9c    0000007c     driverlib.a : sdhost.obj (.text:SDHostInit)
                  20009b18    0000007a     rtsv7M4_T_le_eabi.lib : memset_t2.obj (.text)
                  20009b92    00000076     driverlib.a : uart.obj (.text:UARTConfigSetExpClk)
                  20009c08    0000006c     rtsv7M4_T_le_eabi.lib : autoinit.obj (.text)
                  20009c74    0000006a                           : copy_decompress_rle.obj (.text)
                  20009cde    00000066     driverlib.a : sdhost.obj (.text:SDHostSetExpClk)
                  20009d44    00000066     rtsv7M4_T_le_eabi.lib : xdunscal.obj (.text)
                  20009daa    00000002     --HOLE-- [fill = 0]
                  20009dac    00000058     driverlib.a : prcm.obj (.text:PRCMPeripheralReset)
                  20009e04    00000056     rtsv7M4_T_le_eabi.lib : ltoa.obj (.text)
                  20009e5a    00000002     --HOLE-- [fill = 0]
                  20009e5c    0000004c                           : atoi.obj (.text)
                  20009ea8    0000004c                           : cpy_tbl.obj (.text)
                  20009ef4    00000048                           : fd_toi_t2.obj (.text)
                  20009f3c    00000046                           : ldexp.obj (.text)
                  20009f82    00000002     --HOLE-- [fill = 0]
                  20009f84    00000044                           : exit.obj (.text)
                  20009fc8    00000040     driverlib.a : pin.obj (.text:PinModeSet)
                  2000a008    00000040     rtsv7M4_T_le_eabi.lib : signal.obj (.text)
                  2000a048    0000003e     driverlib.a : sdhost.obj (.text:SDHostCmdSend)
                  2000a086    00000002     --HOLE-- [fill = 0]
                  2000a088    0000003c                 : prcm.obj (.text:PRCMPeripheralClkEnable)
                  2000a0c4    0000003c                 : pin.obj (.text:PinDirModeSet)
                  2000a100    0000003c     pinmux.obj (.text)
                  2000a13c    0000003c     rtsv7M4_T_le_eabi.lib : boot.obj (.text)
                  2000a178    00000034     driverlib.a : sdhost.obj (.text:SDHostRespGet)
                  2000a1ac    00000034     rtsv7M4_T_le_eabi.lib : feraiseexcept.obj (.text)
                  2000a1e0    00000030     driverlib.a : uart.obj (.text:UARTDisable)
                  2000a210    00000030     rtsv7M4_T_le_eabi.lib : xferaise.obj (.text)
                  2000a240    0000002e                           : i_tofd_t2.obj (.text)
                  2000a26e    0000002e                           : raise.obj (.text)
                  2000a29c    0000002c     driverlib.a : prcm.obj (.text:PRCMSysResetCauseGet)
                  2000a2c8    0000002c                 : sdhost.obj (.text:SDHostIntStatus)
                  2000a2f4    0000002a     rtsv7M4_T_le_eabi.lib : xdclass.obj (.text)
                  2000a31e    00000002     --HOLE-- [fill = 0]
                  2000a320    00000028     driverlib.a : prcm.obj (.text:PRCMPeripheralClkDisable)
                  2000a348    00000028                 : sdhost.obj (.text:SDHostBlockSizeSet)
                  2000a370    00000026                 : sdhost.obj (.text:SDHostBlockCountSet)
                  2000a396    00000002     --HOLE-- [fill = 0]
                  2000a398    00000024                 : sdhost.obj (.text:SDHostIntClear)
                  2000a3bc    00000024                 : uart.obj (.text:UARTEnable)
                  2000a3e0    00000024     rtsv7M4_T_le_eabi.lib : memmov.obj (.text)
                  2000a404    00000022     driverlib.a : sdhost.obj (.text:SDHostCmdReset)
                  2000a426    00000022     rtsv7M4_T_le_eabi.lib : frexp.obj (.text)
                  2000a448    00000020     driverlib.a : sdhost.obj (.text:SDHostDataRead)
                  2000a468    0000001e                 : sdhost.obj (.text:SDHostDataWrite)
                  2000a486    0000001e                 : uart.obj (.text:UARTCharPut)
                  2000a4a4    0000001c                 : uart.obj (.text:UARTCharGetNonBlocking)
                  2000a4c0    0000001c     rtsv7M4_T_le_eabi.lib : memccpy.obj (.text)
                  2000a4dc    0000001a     driverlib.a : pin.obj (.text:PinTypeSDHost)
                  2000a4f6    0000001a                 : pin.obj (.text:PinTypeUART)
                  2000a510    00000018                 : uart.obj (.text:UARTCharsAvail)
                  2000a528    00000018     rtsv7M4_T_le_eabi.lib : args_main.obj (.text)
                  2000a540    00000016     driverlib.a : prcm.obj (.text:PRCMHIBRegRead)
                  2000a556    00000016                 : prcm.obj (.text:PRCMHIBRegWrite)
                  2000a56c    00000016     rtsv7M4_T_le_eabi.lib : strchr.obj (.text)
                  2000a582    00000014     driverlib.a : cpu.obj (.text:CPUcpsie)
                  2000a596    00000002     --HOLE-- [fill = 0]
                  2000a598    00000014                 : interrupt.obj (.text:IntVTableBaseSet)
                  2000a5ac    00000014     rtsv7M4_T_le_eabi.lib : _lock.obj (.text)
                  2000a5c0    00000014                           : strlen.obj (.text)
                  2000a5d4    0000000e                           : copy_decompress_none.obj (.text:decompress:none)
                  2000a5e2    0000000e     startup_ccs.obj (.text)
                  2000a5f0    0000000c     rtsv7M4_T_le_eabi.lib : copy_zero_init.obj (.text:decompress:ZI)
                  2000a5fc    0000000a     driverlib.a : interrupt.obj (.text:IntMasterEnable)
                  2000a606    00000006                 : utils.obj (.text:UtilsDelay)
                  2000a60c    00000006     rtsv7M4_T_le_eabi.lib : copy_decompress_rle.obj (.text:decompress:rle24)
                  2000a612    00000004                           : pre_init.obj (.text)

.const     0    2000a618    0000032c     
                  2000a618    00000101     rtsv7M4_T_le_eabi.lib : ctype.obj (.const:.string:_ctypes_)
                  2000a719    00000003     --HOLE-- [fill = 0]
                  2000a71c    00000100     driverlib.a : pin.obj (.const:g_ulPinToPadMap)
                  2000a81c    000000a8                 : prcm.obj (.const:PRCM_PeriphRegsList)
                  2000a8c4    00000080                 : interrupt.obj (.const)

.cinit     0    2000a948    00000078     
                  2000a948    00000052     (.cinit..data.load) [load image, compression = rle]
                  2000a99a    00000002     --HOLE-- [fill = 0]
                  2000a99c    0000000c     (__TI_handler_table)
                  2000a9a8    00000008     (.cinit..bss.load) [load image, compression = zero_init]
                  2000a9b0    00000010     (__TI_cinit_table)

.sysmem    0    20017000    00000800     UNINITIALIZED
                  20017000    00000008     rtsv7M4_T_le_eabi.lib : memory.obj (.sysmem)
                  20017008    000007f8     --HOLE--

.data      0    20017800    00000174     UNINITIALIZED
                  20017800    000000b0     rtsv7M4_T_le_eabi.lib : signal.obj (.data:sigtable)
                  200178b0    00000080                           : xvalues.obj (.data)
                  20017930    00000018     diskio.obj (.data)
                  20017948    0000000c     rtsv7M4_T_le_eabi.lib : memory.obj (.data)
                  20017954    00000008                           : _lock.obj (.data)
                  2001795c    00000008                           : exit.obj (.data)
                  20017964    00000008                           : feraiseexcept.obj (.data)
                  2001796c    00000004                           : errno.obj (.data)
                  20017970    00000004                           : stkdepth_vars.obj (.data)

.TI.persistent 
*          0    20017800    00000000     UNINITIALIZED

.bss       0    20017974    0000006e     UNINITIALIZED
                  20017974    00000064     main.obj (.bss:pBuffer)
                  200179d8    00000004     (.common:FatFs)
                  200179dc    00000004     (.common:__Errorlog)
                  200179e0    00000002     (.common:Fsid)

.TI.noinit 
*          0    20017974    00000000     UNINITIALIZED

.stack     0    2002f000    00001000     UNINITIALIZED
                  2002f000    00001000     --HOLE--


LINKER GENERATED COPY TABLES

__TI_cinit_table @ 2000a9b0 records: 2, size/record: 8, table size: 16
	.data: load addr=2000a948, load size=00000052 bytes, run addr=20017800, run size=00000174 bytes, compression=rle
	.bss: load addr=2000a9a8, load size=00000008 bytes, run addr=20017974, run size=0000006e bytes, compression=zero_init


LINKER GENERATED HANDLER TABLE

__TI_handler_table @ 2000a99c records: 3, size/record: 4, table size: 12
	index: 0, handler: __TI_decompress_rle24
	index: 1, handler: __TI_decompress_none
	index: 2, handler: __TI_zero_init


GLOBAL SYMBOLS: SORTED ALPHABETICALLY BY Name 

address   name                    
-------   ----                    
20009f85  C$$EXIT                 
2000a583  CPUcpsie                
20008b41  ClearTerm               
20008b4b  Error                   
20008b83  GetCmd                  
20008b01  InitTerm                
200096a9  IntEnable               
2000a5fd  IntMasterEnable         
2000a599  IntVTableBaseSet        
20008b1f  Message                 
2000912d  PRCMCC3200MCUInit       
2000a541  PRCMHIBRegRead          
2000a557  PRCMHIBRegWrite         
2000a321  PRCMPeripheralClkDisable
2000a089  PRCMPeripheralClkEnable 
200097ed  PRCMPeripheralClockGet  
20009dad  PRCMPeripheralReset     
2000a29d  PRCMSysResetCauseGet    
20009881  PinConfigSet            
2000a0c5  PinDirModeSet           
20009fc9  PinModeSet              
2000a101  PinMuxConfig            
2000a4dd  PinTypeSDHost           
2000a4f7  PinTypeUART             
20008cc1  Report                  
2000a5e3  ResetISR                
2000a371  SDHostBlockCountSet     
2000a349  SDHostBlockSizeSet      
2000a405  SDHostCmdReset          
2000a049  SDHostCmdSend           
2000a449  SDHostDataRead          
2000a469  SDHostDataWrite         
20009a9d  SDHostInit              
2000a399  SDHostIntClear          
2000a2c9  SDHostIntStatus         
2000a179  SDHostRespGet           
20009cdf  SDHostSetExpClk         
UNDEFED   SHT$$INIT_ARRAY$$Base   
UNDEFED   SHT$$INIT_ARRAY$$Limit  
20008c29  TrimSpace               
2000a4a5  UARTCharGetNonBlocking  
2000a487  UARTCharPut             
2000a511  UARTCharsAvail          
20009b93  UARTConfigSetExpClk     
2000a1e1  UARTDisable             
2000a3bd  UARTEnable              
2000a607  UtilsDelay              
2000a2f5  _Dclass                 
200178b0  _Denorm                 
200095e9  _Dnorm                  
200093dd  _Dscale                 
20009d45  _Dunscale               
200178c0  _Eps                    
2001796c  _Errno                  
20017964  _Fenv                   
2000a211  _Feraise                
200178d0  _Hugeval                
200178e0  _Inf                    
200178f0  _Nan                    
20017910  _Rteps                  
20017900  _Snan                   
20017968  _Tls_setup__Fenv        
20017920  _Xbig                   
20017928  _Zero                   
20030000  __STACK_END             
00001000  __STACK_SIZE            
00000800  __SYSMEM_SIZE           
2000a9b0  __TI_CINIT_Base         
2000a9c0  __TI_CINIT_Limit        
2000a99c  __TI_Handler_Table_Base 
2000a9a8  __TI_Handler_Table_Limit
20009c09  __TI_auto_init          
2001795c  __TI_cleanup_ptr        
2000a5d5  __TI_decompress_none    
2000a60d  __TI_decompress_rle24   
20017960  __TI_dtors_ptr          
20007b81  __TI_printfi            
2000a948  __TI_static_base__      
2000a5f1  __TI_zero_init          
20009991  __aeabi_cdcmpeq         
20009991  __aeabi_cdcmple         
20009a17  __aeabi_cdrcmple        
20009ef5  __aeabi_d2iz            
20008f7f  __aeabi_dadd            
200092a5  __aeabi_ddiv            
200094ed  __aeabi_dmul            
20008f75  __aeabi_dsub            
2000a241  __aeabi_i2d             
20009b19  __aeabi_memclr          
20009b19  __aeabi_memclr4         
20009b19  __aeabi_memclr8         
20009751  __aeabi_memcpy          
20009751  __aeabi_memcpy4         
20009751  __aeabi_memcpy8         
20009b1b  __aeabi_memset          
20009b1b  __aeabi_memset4         
20009b1b  __aeabi_memset8         
20008d81  __aeabi_uldivmod        
ffffffff  __binit__               
ffffffff  __c_args__              
2002f000  __stack                 
2000a529  _args_main              
2000a13d  _c_int00                
2000a618  _ctypes_                
20017954  _lock                   
2000a5bb  _nop                    
2000a5b3  _register_lock          
2000a5ad  _register_unlock        
20017000  _sys_memory             
2000a613  _system_pre_init        
20017958  _unlock                 
20009f89  abort                   
20009e5d  atoi                    
ffffffff  binit                   
20008acd  calloc                  
200045c1  clust2sect              
20009ea9  copy_in                 
20007f87  disk_initialize         
200082dd  disk_ioctl              
200080d5  disk_read               
200080b7  disk_status             
200081b9  disk_write              
20009f91  exit                    
20006b7b  f_chmod                 
20006201  f_close                 
2000650b  f_closedir              
2000660b  f_getfree               
20006231  f_lseek                 
20006995  f_mkdir                 
2000599f  f_mount                 
20005a1d  f_open                  
20006463  f_opendir               
20005c39  f_read                  
2000652b  f_readdir               
20006c0b  f_rename                
200065b7  f_stat                  
20006105  f_sync                  
20006769  f_truncate              
20006891  f_unlink                
20006d5b  f_utime                 
20005e73  f_write                 
2000a1ad  feraiseexcept           
2000881b  free                    
2000a427  frexp                   
20004000  g_pfnVectors            
200045f1  get_fat                 
20008321  get_fattime             
20009f3d  ldexp                   
20009e05  ltoa                    
200083d3  main                    
20017970  main_func_sp            
200087b3  malloc                  
200089e9  memalign                
2000a4c1  memccpy                 
20009751  memcpy                  
2000a3e1  memmove                 
20009b21  memset                  
20008725  minit                   
20017974  pBuffer                 
2000472b  put_fat                 
2000a26f  raise                   
200088dd  realloc                 
2000a009  signal                  
2000a56d  strchr                  
2000a5c1  strlen                  
20009909  vsnprintf               


GLOBAL SYMBOLS: SORTED BY Symbol Address 

address   name                    
-------   ----                    
00000800  __SYSMEM_SIZE           
00001000  __STACK_SIZE            
20004000  g_pfnVectors            
200045c1  clust2sect              
200045f1  get_fat                 
2000472b  put_fat                 
2000599f  f_mount                 
20005a1d  f_open                  
20005c39  f_read                  
20005e73  f_write                 
20006105  f_sync                  
20006201  f_close                 
20006231  f_lseek                 
20006463  f_opendir               
2000650b  f_closedir              
2000652b  f_readdir               
200065b7  f_stat                  
2000660b  f_getfree               
20006769  f_truncate              
20006891  f_unlink                
20006995  f_mkdir                 
20006b7b  f_chmod                 
20006c0b  f_rename                
20006d5b  f_utime                 
20007b81  __TI_printfi            
20007f87  disk_initialize         
200080b7  disk_status             
200080d5  disk_read               
200081b9  disk_write              
200082dd  disk_ioctl              
20008321  get_fattime             
200083d3  main                    
20008725  minit                   
200087b3  malloc                  
2000881b  free                    
200088dd  realloc                 
200089e9  memalign                
20008acd  calloc                  
20008b01  InitTerm                
20008b1f  Message                 
20008b41  ClearTerm               
20008b4b  Error                   
20008b83  GetCmd                  
20008c29  TrimSpace               
20008cc1  Report                  
20008d81  __aeabi_uldivmod        
20008f75  __aeabi_dsub            
20008f7f  __aeabi_dadd            
2000912d  PRCMCC3200MCUInit       
200092a5  __aeabi_ddiv            
200093dd  _Dscale                 
200094ed  __aeabi_dmul            
200095e9  _Dnorm                  
200096a9  IntEnable               
20009751  __aeabi_memcpy          
20009751  __aeabi_memcpy4         
20009751  __aeabi_memcpy8         
20009751  memcpy                  
200097ed  PRCMPeripheralClockGet  
20009881  PinConfigSet            
20009909  vsnprintf               
20009991  __aeabi_cdcmpeq         
20009991  __aeabi_cdcmple         
20009a17  __aeabi_cdrcmple        
20009a9d  SDHostInit              
20009b19  __aeabi_memclr          
20009b19  __aeabi_memclr4         
20009b19  __aeabi_memclr8         
20009b1b  __aeabi_memset          
20009b1b  __aeabi_memset4         
20009b1b  __aeabi_memset8         
20009b21  memset                  
20009b93  UARTConfigSetExpClk     
20009c09  __TI_auto_init          
20009cdf  SDHostSetExpClk         
20009d45  _Dunscale               
20009dad  PRCMPeripheralReset     
20009e05  ltoa                    
20009e5d  atoi                    
20009ea9  copy_in                 
20009ef5  __aeabi_d2iz            
20009f3d  ldexp                   
20009f85  C$$EXIT                 
20009f89  abort                   
20009f91  exit                    
20009fc9  PinModeSet              
2000a009  signal                  
2000a049  SDHostCmdSend           
2000a089  PRCMPeripheralClkEnable 
2000a0c5  PinDirModeSet           
2000a101  PinMuxConfig            
2000a13d  _c_int00                
2000a179  SDHostRespGet           
2000a1ad  feraiseexcept           
2000a1e1  UARTDisable             
2000a211  _Feraise                
2000a241  __aeabi_i2d             
2000a26f  raise                   
2000a29d  PRCMSysResetCauseGet    
2000a2c9  SDHostIntStatus         
2000a2f5  _Dclass                 
2000a321  PRCMPeripheralClkDisable
2000a349  SDHostBlockSizeSet      
2000a371  SDHostBlockCountSet     
2000a399  SDHostIntClear          
2000a3bd  UARTEnable              
2000a3e1  memmove                 
2000a405  SDHostCmdReset          
2000a427  frexp                   
2000a449  SDHostDataRead          
2000a469  SDHostDataWrite         
2000a487  UARTCharPut             
2000a4a5  UARTCharGetNonBlocking  
2000a4c1  memccpy                 
2000a4dd  PinTypeSDHost           
2000a4f7  PinTypeUART             
2000a511  UARTCharsAvail          
2000a529  _args_main              
2000a541  PRCMHIBRegRead          
2000a557  PRCMHIBRegWrite         
2000a56d  strchr                  
2000a583  CPUcpsie                
2000a599  IntVTableBaseSet        
2000a5ad  _register_unlock        
2000a5b3  _register_lock          
2000a5bb  _nop                    
2000a5c1  strlen                  
2000a5d5  __TI_decompress_none    
2000a5e3  ResetISR                
2000a5f1  __TI_zero_init          
2000a5fd  IntMasterEnable         
2000a607  UtilsDelay              
2000a60d  __TI_decompress_rle24   
2000a613  _system_pre_init        
2000a618  _ctypes_                
2000a948  __TI_static_base__      
2000a99c  __TI_Handler_Table_Base 
2000a9a8  __TI_Handler_Table_Limit
2000a9b0  __TI_CINIT_Base         
2000a9c0  __TI_CINIT_Limit        
20017000  _sys_memory             
200178b0  _Denorm                 
200178c0  _Eps                    
200178d0  _Hugeval                
200178e0  _Inf                    
200178f0  _Nan                    
20017900  _Snan                   
20017910  _Rteps                  
20017920  _Xbig                   
20017928  _Zero                   
20017954  _lock                   
20017958  _unlock                 
2001795c  __TI_cleanup_ptr        
20017960  __TI_dtors_ptr          
20017964  _Fenv                   
20017968  _Tls_setup__Fenv        
2001796c  _Errno                  
20017970  main_func_sp            
20017974  pBuffer                 
2002f000  __stack                 
20030000  __STACK_END             
ffffffff  __binit__               
ffffffff  __c_args__              
ffffffff  binit                   
UNDEFED   SHT$$INIT_ARRAY$$Base   
UNDEFED   SHT$$INIT_ARRAY$$Limit  

[166 symbols]
