******************************************************************************
                  TI ARM Linker PC v5.2.5                      
******************************************************************************
>> Linked Tue May 10 04:06:45 2016

OUTPUT FILE NAME:   <sdhost_fatfs.out>
ENTRY POINT SYMBOL: "_c_int00"  address: 2000a205


MEMORY CONFIGURATION

         name            origin    length      used     unused   attr    fill
----------------------  --------  ---------  --------  --------  ----  --------
  SRAM_CODE             20004000   00013000  00006a82  0000c57e  RW X
  SRAM_DATA             20017000   00019000  000019e2  0001761e  RW X


SEGMENT ALLOCATION MAP

run origin  load origin   length   init length attrs members
----------  ----------- ---------- ----------- ----- -------
20004000    20004000    00006a88   00006a88    r-x
  20004000    20004000    00000308   00000308    r-- .intvecs
  20004308    20004308    000063d6   000063d6    r-x .text
  2000a6e0    2000a6e0    0000032c   0000032c    r-- .const
  2000aa10    2000aa10    00000078   00000078    r-- .cinit
20017000    20017000    000009e2   00000000    rw-
  20017000    20017000    00000800   00000000    rw- .sysmem
  20017800    20017800    00000174   00000000    rw- .data
  20017974    20017974    0000006e   00000000    rw- .bss
2002f000    2002f000    00001000   00000000    rw-
  2002f000    2002f000    00001000   00000000    rw- .stack


SECTION ALLOCATION MAP

 output                                  attributes/
section   page    origin      length       input sections
--------  ----  ----------  ----------   ----------------
.intvecs   0    20004000    00000308     
                  20004000    00000308     startup_ccs.obj (.intvecs)

.init_array 
*          0    20004000    00000000     UNINITIALIZED

.text      0    20004308    000063d6     
                  20004308    00002ad6     fatfs.a : ff.obj (.text)
                  20006dde    00000002     --HOLE-- [fill = 0]
                  20006de0    000010a6     rtsv7M4_T_le_eabi.lib : _printfi.obj (.text)
                  20007e86    00000002     --HOLE-- [fill = 0]
                  20007e88    000004c0     diskio.obj (.text)
                  20008348    000004a4     main.obj (.text)
                  200087ec    000003dc     rtsv7M4_T_le_eabi.lib : memory.obj (.text)
                  20008bc8    00000280     uart_if.obj (.text)
                  20008e48    000001f4     rtsv7M4_T_le_eabi.lib : ull_div_t2.obj (.text)
                  2000903c    000001b6                           : fd_add_t2.obj (.text)
                  200091f2    00000002     --HOLE-- [fill = 0]
                  200091f4    00000178     driverlib.a : prcm.obj (.text:PRCMCC3200MCUInit)
                  2000936c    00000136     rtsv7M4_T_le_eabi.lib : fd_div_t2.obj (.text)
                  200094a2    00000002     --HOLE-- [fill = 0]
                  200094a4    00000110                           : xdscale.obj (.text)
                  200095b4    000000fc                           : fd_mul_t2.obj (.text)
                  200096b0    000000be                           : xdnorm.obj (.text)
                  2000976e    00000002     --HOLE-- [fill = 0]
                  20009770    000000a8     driverlib.a : interrupt.obj (.text:IntEnable)
                  20009818    0000009c     rtsv7M4_T_le_eabi.lib : memcpy_t2.obj (.text)
                  200098b4    00000094     driverlib.a : prcm.obj (.text:PRCMPeripheralClockGet)
                  20009948    00000088                 : pin.obj (.text:PinConfigSet)
                  200099d0    00000088     rtsv7M4_T_le_eabi.lib : vsnprintf.obj (.text)
                  20009a58    00000086                           : fd_cmp_t2.obj (.text:__aeabi_cdcmple)
                  20009ade    00000086                           : fd_cmp_t2.obj (.text:__aeabi_cdrcmple)
                  20009b64    0000007c     driverlib.a : sdhost.obj (.text:SDHostInit)
                  20009be0    0000007a     rtsv7M4_T_le_eabi.lib : memset_t2.obj (.text)
                  20009c5a    00000076     driverlib.a : uart.obj (.text:UARTConfigSetExpClk)
                  20009cd0    0000006c     rtsv7M4_T_le_eabi.lib : autoinit.obj (.text)
                  20009d3c    0000006a                           : copy_decompress_rle.obj (.text)
                  20009da6    00000066     driverlib.a : sdhost.obj (.text:SDHostSetExpClk)
                  20009e0c    00000066     rtsv7M4_T_le_eabi.lib : xdunscal.obj (.text)
                  20009e72    00000002     --HOLE-- [fill = 0]
                  20009e74    00000058     driverlib.a : prcm.obj (.text:PRCMPeripheralReset)
                  20009ecc    00000056     rtsv7M4_T_le_eabi.lib : ltoa.obj (.text)
                  20009f22    00000002     --HOLE-- [fill = 0]
                  20009f24    0000004c                           : atoi.obj (.text)
                  20009f70    0000004c                           : cpy_tbl.obj (.text)
                  20009fbc    00000048                           : fd_toi_t2.obj (.text)
                  2000a004    00000046                           : ldexp.obj (.text)
                  2000a04a    00000002     --HOLE-- [fill = 0]
                  2000a04c    00000044                           : exit.obj (.text)
                  2000a090    00000040     driverlib.a : pin.obj (.text:PinModeSet)
                  2000a0d0    00000040     rtsv7M4_T_le_eabi.lib : signal.obj (.text)
                  2000a110    0000003e     driverlib.a : sdhost.obj (.text:SDHostCmdSend)
                  2000a14e    00000002     --HOLE-- [fill = 0]
                  2000a150    0000003c                 : prcm.obj (.text:PRCMPeripheralClkEnable)
                  2000a18c    0000003c                 : pin.obj (.text:PinDirModeSet)
                  2000a1c8    0000003c     pinmux.obj (.text)
                  2000a204    0000003c     rtsv7M4_T_le_eabi.lib : boot.obj (.text)
                  2000a240    00000034     driverlib.a : sdhost.obj (.text:SDHostRespGet)
                  2000a274    00000034     rtsv7M4_T_le_eabi.lib : feraiseexcept.obj (.text)
                  2000a2a8    00000030     driverlib.a : uart.obj (.text:UARTDisable)
                  2000a2d8    00000030     rtsv7M4_T_le_eabi.lib : xferaise.obj (.text)
                  2000a308    0000002e                           : i_tofd_t2.obj (.text)
                  2000a336    0000002e                           : raise.obj (.text)
                  2000a364    0000002c     driverlib.a : prcm.obj (.text:PRCMSysResetCauseGet)
                  2000a390    0000002c                 : sdhost.obj (.text:SDHostIntStatus)
                  2000a3bc    0000002a     rtsv7M4_T_le_eabi.lib : xdclass.obj (.text)
                  2000a3e6    00000002     --HOLE-- [fill = 0]
                  2000a3e8    00000028     driverlib.a : prcm.obj (.text:PRCMPeripheralClkDisable)
                  2000a410    00000028                 : sdhost.obj (.text:SDHostBlockSizeSet)
                  2000a438    00000026                 : sdhost.obj (.text:SDHostBlockCountSet)
                  2000a45e    00000002     --HOLE-- [fill = 0]
                  2000a460    00000024                 : sdhost.obj (.text:SDHostIntClear)
                  2000a484    00000024                 : uart.obj (.text:UARTEnable)
                  2000a4a8    00000024     rtsv7M4_T_le_eabi.lib : memmov.obj (.text)
                  2000a4cc    00000022     driverlib.a : sdhost.obj (.text:SDHostCmdReset)
                  2000a4ee    00000022     rtsv7M4_T_le_eabi.lib : frexp.obj (.text)
                  2000a510    00000020     driverlib.a : sdhost.obj (.text:SDHostDataRead)
                  2000a530    0000001e                 : sdhost.obj (.text:SDHostDataWrite)
                  2000a54e    0000001e                 : uart.obj (.text:UARTCharPut)
                  2000a56c    0000001c                 : uart.obj (.text:UARTCharGetNonBlocking)
                  2000a588    0000001c     rtsv7M4_T_le_eabi.lib : memccpy.obj (.text)
                  2000a5a4    0000001a     driverlib.a : pin.obj (.text:PinTypeSDHost)
                  2000a5be    0000001a                 : pin.obj (.text:PinTypeUART)
                  2000a5d8    00000018                 : uart.obj (.text:UARTCharsAvail)
                  2000a5f0    00000018     rtsv7M4_T_le_eabi.lib : args_main.obj (.text)
                  2000a608    00000016     driverlib.a : prcm.obj (.text:PRCMHIBRegRead)
                  2000a61e    00000016                 : prcm.obj (.text:PRCMHIBRegWrite)
                  2000a634    00000016     rtsv7M4_T_le_eabi.lib : strchr.obj (.text)
                  2000a64a    00000014     driverlib.a : cpu.obj (.text:CPUcpsie)
                  2000a65e    00000002     --HOLE-- [fill = 0]
                  2000a660    00000014                 : interrupt.obj (.text:IntVTableBaseSet)
                  2000a674    00000014     rtsv7M4_T_le_eabi.lib : _lock.obj (.text)
                  2000a688    00000014                           : strlen.obj (.text)
                  2000a69c    0000000e                           : copy_decompress_none.obj (.text:decompress:none)
                  2000a6aa    0000000e     startup_ccs.obj (.text)
                  2000a6b8    0000000c     rtsv7M4_T_le_eabi.lib : copy_zero_init.obj (.text:decompress:ZI)
                  2000a6c4    0000000a     driverlib.a : interrupt.obj (.text:IntMasterEnable)
                  2000a6ce    00000006                 : utils.obj (.text:UtilsDelay)
                  2000a6d4    00000006     rtsv7M4_T_le_eabi.lib : copy_decompress_rle.obj (.text:decompress:rle24)
                  2000a6da    00000004                           : pre_init.obj (.text)

.const     0    2000a6e0    0000032c     
                  2000a6e0    00000101     rtsv7M4_T_le_eabi.lib : ctype.obj (.const:.string:_ctypes_)
                  2000a7e1    00000003     --HOLE-- [fill = 0]
                  2000a7e4    00000100     driverlib.a : pin.obj (.const:g_ulPinToPadMap)
                  2000a8e4    000000a8                 : prcm.obj (.const:PRCM_PeriphRegsList)
                  2000a98c    00000080                 : interrupt.obj (.const)

.cinit     0    2000aa10    00000078     
                  2000aa10    00000052     (.cinit..data.load) [load image, compression = rle]
                  2000aa62    00000002     --HOLE-- [fill = 0]
                  2000aa64    0000000c     (__TI_handler_table)
                  2000aa70    00000008     (.cinit..bss.load) [load image, compression = zero_init]
                  2000aa78    00000010     (__TI_cinit_table)

.sysmem    0    20017000    00000800     UNINITIALIZED
                  20017000    00000008     rtsv7M4_T_le_eabi.lib : memory.obj (.sysmem)
                  20017008    000007f8     --HOLE--

.data      0    20017800    00000174     UNINITIALIZED
                  20017800    000000b0     rtsv7M4_T_le_eabi.lib : signal.obj (.data:sigtable)
                  200178b0    00000080                           : xvalues.obj (.data)
                  20017930    00000018     diskio.obj (.data)
                  20017948    0000000c     rtsv7M4_T_le_eabi.lib : memory.obj (.data)
                  20017954    00000008                           : _lock.obj (.data)
                  2001795c    00000008                           : exit.obj (.data)
                  20017964    00000008                           : feraiseexcept.obj (.data)
                  2001796c    00000004                           : errno.obj (.data)
                  20017970    00000004                           : stkdepth_vars.obj (.data)

.TI.persistent 
*          0    20017800    00000000     UNINITIALIZED

.bss       0    20017974    0000006e     UNINITIALIZED
                  20017974    00000064     main.obj (.bss:pBuffer)
                  200179d8    00000004     (.common:FatFs)
                  200179dc    00000004     (.common:__Errorlog)
                  200179e0    00000002     (.common:Fsid)

.TI.noinit 
*          0    20017974    00000000     UNINITIALIZED

.stack     0    2002f000    00001000     UNINITIALIZED
                  2002f000    00001000     --HOLE--


LINKER GENERATED COPY TABLES

__TI_cinit_table @ 2000aa78 records: 2, size/record: 8, table size: 16
	.data: load addr=2000aa10, load size=00000052 bytes, run addr=20017800, run size=00000174 bytes, compression=rle
	.bss: load addr=2000aa70, load size=00000008 bytes, run addr=20017974, run size=0000006e bytes, compression=zero_init


LINKER GENERATED HANDLER TABLE

__TI_handler_table @ 2000aa64 records: 3, size/record: 4, table size: 12
	index: 0, handler: __TI_decompress_rle24
	index: 1, handler: __TI_decompress_none
	index: 2, handler: __TI_zero_init


GLOBAL SYMBOLS: SORTED ALPHABETICALLY BY Name 

address   name                    
-------   ----                    
2000a04d  C$$EXIT                 
2000a64b  CPUcpsie                
20008c09  ClearTerm               
20008c13  Error                   
20008c4b  GetCmd                  
20008bc9  InitTerm                
20009771  IntEnable               
2000a6c5  IntMasterEnable         
2000a661  IntVTableBaseSet        
20008be7  Message                 
200091f5  PRCMCC3200MCUInit       
2000a609  PRCMHIBRegRead          
2000a61f  PRCMHIBRegWrite         
2000a3e9  PRCMPeripheralClkDisable
2000a151  PRCMPeripheralClkEnable 
200098b5  PRCMPeripheralClockGet  
20009e75  PRCMPeripheralReset     
2000a365  PRCMSysResetCauseGet    
20009949  PinConfigSet            
2000a18d  PinDirModeSet           
2000a091  PinModeSet              
2000a1c9  PinMuxConfig            
2000a5a5  PinTypeSDHost           
2000a5bf  PinTypeUART             
20008d89  Report                  
2000a6ab  ResetISR                
2000a439  SDHostBlockCountSet     
2000a411  SDHostBlockSizeSet      
2000a4cd  SDHostCmdReset          
2000a111  SDHostCmdSend           
2000a511  SDHostDataRead          
2000a531  SDHostDataWrite         
20009b65  SDHostInit              
2000a461  SDHostIntClear          
2000a391  SDHostIntStatus         
2000a241  SDHostRespGet           
20009da7  SDHostSetExpClk         
UNDEFED   SHT$$INIT_ARRAY$$Base   
UNDEFED   SHT$$INIT_ARRAY$$Limit  
20008cf1  TrimSpace               
2000a56d  UARTCharGetNonBlocking  
2000a54f  UARTCharPut             
2000a5d9  UARTCharsAvail          
20009c5b  UARTConfigSetExpClk     
2000a2a9  UARTDisable             
2000a485  UARTEnable              
2000a6cf  UtilsDelay              
2000a3bd  _Dclass                 
200178b0  _Denorm                 
200096b1  _Dnorm                  
200094a5  _Dscale                 
20009e0d  _Dunscale               
200178c0  _Eps                    
2001796c  _Errno                  
20017964  _Fenv                   
2000a2d9  _Feraise                
200178d0  _Hugeval                
200178e0  _Inf                    
200178f0  _Nan                    
20017910  _Rteps                  
20017900  _Snan                   
20017968  _Tls_setup__Fenv        
20017920  _Xbig                   
20017928  _Zero                   
20030000  __STACK_END             
00001000  __STACK_SIZE            
00000800  __SYSMEM_SIZE           
2000aa78  __TI_CINIT_Base         
2000aa88  __TI_CINIT_Limit        
2000aa64  __TI_Handler_Table_Base 
2000aa70  __TI_Handler_Table_Limit
20009cd1  __TI_auto_init          
2001795c  __TI_cleanup_ptr        
2000a69d  __TI_decompress_none    
2000a6d5  __TI_decompress_rle24   
20017960  __TI_dtors_ptr          
20007b81  __TI_printfi            
2000aa10  __TI_static_base__      
2000a6b9  __TI_zero_init          
20009a59  __aeabi_cdcmpeq         
20009a59  __aeabi_cdcmple         
20009adf  __aeabi_cdrcmple        
20009fbd  __aeabi_d2iz            
20009047  __aeabi_dadd            
2000936d  __aeabi_ddiv            
200095b5  __aeabi_dmul            
2000903d  __aeabi_dsub            
2000a309  __aeabi_i2d             
20009be1  __aeabi_memclr          
20009be1  __aeabi_memclr4         
20009be1  __aeabi_memclr8         
20009819  __aeabi_memcpy          
20009819  __aeabi_memcpy4         
20009819  __aeabi_memcpy8         
20009be3  __aeabi_memset          
20009be3  __aeabi_memset4         
20009be3  __aeabi_memset8         
20008e49  __aeabi_uldivmod        
ffffffff  __binit__               
ffffffff  __c_args__              
2002f000  __stack                 
2000a5f1  _args_main              
2000a205  _c_int00                
2000a6e0  _ctypes_                
20017954  _lock                   
2000a683  _nop                    
2000a67b  _register_lock          
2000a675  _register_unlock        
20017000  _sys_memory             
2000a6db  _system_pre_init        
20017958  _unlock                 
2000a051  abort                   
20009f25  atoi                    
ffffffff  binit                   
20008b95  calloc                  
200045c1  clust2sect              
20009f71  copy_in                 
20007f87  disk_initialize         
200082dd  disk_ioctl              
200080d5  disk_read               
200080b7  disk_status             
200081b9  disk_write              
2000a059  exit                    
20006b7b  f_chmod                 
20006201  f_close                 
2000650b  f_closedir              
2000660b  f_getfree               
20006231  f_lseek                 
20006995  f_mkdir                 
2000599f  f_mount                 
20005a1d  f_open                  
20006463  f_opendir               
20005c39  f_read                  
2000652b  f_readdir               
20006c0b  f_rename                
200065b7  f_stat                  
20006105  f_sync                  
20006769  f_truncate              
20006891  f_unlink                
20006d5b  f_utime                 
20005e73  f_write                 
2000a275  feraiseexcept           
200088e3  free                    
2000a4ef  frexp                   
20004000  g_pfnVectors            
200045f1  get_fat                 
20008321  get_fattime             
2000a005  ldexp                   
20009ecd  ltoa                    
200083d9  main                    
20017970  main_func_sp            
2000887b  malloc                  
20008ab1  memalign                
2000a589  memccpy                 
20009819  memcpy                  
2000a4a9  memmove                 
20009be9  memset                  
200087ed  minit                   
20017974  pBuffer                 
2000472b  put_fat                 
2000a337  raise                   
200089a5  realloc                 
2000a0d1  signal                  
2000a635  strchr                  
2000a689  strlen                  
200099d1  vsnprintf               


GLOBAL SYMBOLS: SORTED BY Symbol Address 

address   name                    
-------   ----                    
00000800  __SYSMEM_SIZE           
00001000  __STACK_SIZE            
20004000  g_pfnVectors            
200045c1  clust2sect              
200045f1  get_fat                 
2000472b  put_fat                 
2000599f  f_mount                 
20005a1d  f_open                  
20005c39  f_read                  
20005e73  f_write                 
20006105  f_sync                  
20006201  f_close                 
20006231  f_lseek                 
20006463  f_opendir               
2000650b  f_closedir              
2000652b  f_readdir               
200065b7  f_stat                  
2000660b  f_getfree               
20006769  f_truncate              
20006891  f_unlink                
20006995  f_mkdir                 
20006b7b  f_chmod                 
20006c0b  f_rename                
20006d5b  f_utime                 
20007b81  __TI_printfi            
20007f87  disk_initialize         
200080b7  disk_status             
200080d5  disk_read               
200081b9  disk_write              
200082dd  disk_ioctl              
20008321  get_fattime             
200083d9  main                    
200087ed  minit                   
2000887b  malloc                  
200088e3  free                    
200089a5  realloc                 
20008ab1  memalign                
20008b95  calloc                  
20008bc9  InitTerm                
20008be7  Message                 
20008c09  ClearTerm               
20008c13  Error                   
20008c4b  GetCmd                  
20008cf1  TrimSpace               
20008d89  Report                  
20008e49  __aeabi_uldivmod        
2000903d  __aeabi_dsub            
20009047  __aeabi_dadd            
200091f5  PRCMCC3200MCUInit       
2000936d  __aeabi_ddiv            
200094a5  _Dscale                 
200095b5  __aeabi_dmul            
200096b1  _Dnorm                  
20009771  IntEnable               
20009819  __aeabi_memcpy          
20009819  __aeabi_memcpy4         
20009819  __aeabi_memcpy8         
20009819  memcpy                  
200098b5  PRCMPeripheralClockGet  
20009949  PinConfigSet            
200099d1  vsnprintf               
20009a59  __aeabi_cdcmpeq         
20009a59  __aeabi_cdcmple         
20009adf  __aeabi_cdrcmple        
20009b65  SDHostInit              
20009be1  __aeabi_memclr          
20009be1  __aeabi_memclr4         
20009be1  __aeabi_memclr8         
20009be3  __aeabi_memset          
20009be3  __aeabi_memset4         
20009be3  __aeabi_memset8         
20009be9  memset                  
20009c5b  UARTConfigSetExpClk     
20009cd1  __TI_auto_init          
20009da7  SDHostSetExpClk         
20009e0d  _Dunscale               
20009e75  PRCMPeripheralReset     
20009ecd  ltoa                    
20009f25  atoi                    
20009f71  copy_in                 
20009fbd  __aeabi_d2iz            
2000a005  ldexp                   
2000a04d  C$$EXIT                 
2000a051  abort                   
2000a059  exit                    
2000a091  PinModeSet              
2000a0d1  signal                  
2000a111  SDHostCmdSend           
2000a151  PRCMPeripheralClkEnable 
2000a18d  PinDirModeSet           
2000a1c9  PinMuxConfig            
2000a205  _c_int00                
2000a241  SDHostRespGet           
2000a275  feraiseexcept           
2000a2a9  UARTDisable             
2000a2d9  _Feraise                
2000a309  __aeabi_i2d             
2000a337  raise                   
2000a365  PRCMSysResetCauseGet    
2000a391  SDHostIntStatus         
2000a3bd  _Dclass                 
2000a3e9  PRCMPeripheralClkDisable
2000a411  SDHostBlockSizeSet      
2000a439  SDHostBlockCountSet     
2000a461  SDHostIntClear          
2000a485  UARTEnable              
2000a4a9  memmove                 
2000a4cd  SDHostCmdReset          
2000a4ef  frexp                   
2000a511  SDHostDataRead          
2000a531  SDHostDataWrite         
2000a54f  UARTCharPut             
2000a56d  UARTCharGetNonBlocking  
2000a589  memccpy                 
2000a5a5  PinTypeSDHost           
2000a5bf  PinTypeUART             
2000a5d9  UARTCharsAvail          
2000a5f1  _args_main              
2000a609  PRCMHIBRegRead          
2000a61f  PRCMHIBRegWrite         
2000a635  strchr                  
2000a64b  CPUcpsie                
2000a661  IntVTableBaseSet        
2000a675  _register_unlock        
2000a67b  _register_lock          
2000a683  _nop                    
2000a689  strlen                  
2000a69d  __TI_decompress_none    
2000a6ab  ResetISR                
2000a6b9  __TI_zero_init          
2000a6c5  IntMasterEnable         
2000a6cf  UtilsDelay              
2000a6d5  __TI_decompress_rle24   
2000a6db  _system_pre_init        
2000a6e0  _ctypes_                
2000aa10  __TI_static_base__      
2000aa64  __TI_Handler_Table_Base 
2000aa70  __TI_Handler_Table_Limit
2000aa78  __TI_CINIT_Base         
2000aa88  __TI_CINIT_Limit        
20017000  _sys_memory             
200178b0  _Denorm                 
200178c0  _Eps                    
200178d0  _Hugeval                
200178e0  _Inf                    
200178f0  _Nan                    
20017900  _Snan                   
20017910  _Rteps                  
20017920  _Xbig                   
20017928  _Zero                   
20017954  _lock                   
20017958  _unlock                 
2001795c  __TI_cleanup_ptr        
20017960  __TI_dtors_ptr          
20017964  _Fenv                   
20017968  _Tls_setup__Fenv        
2001796c  _Errno                  
20017970  main_func_sp            
20017974  pBuffer                 
2002f000  __stack                 
20030000  __STACK_END             
ffffffff  __binit__               
ffffffff  __c_args__              
ffffffff  binit                   
UNDEFED   SHT$$INIT_ARRAY$$Base   
UNDEFED   SHT$$INIT_ARRAY$$Limit  

[166 symbols]
