<?xml version="1.0"?>
<link_info>
   <banner>TI ARM Linker PC v5.2.5</banner>
   <copyright>Copyright (c) 1996-2015 Texas Instruments Incorporated</copyright>
   <link_time>0x5705a77c</link_time>
   <link_errors>0x0</link_errors>
   <output_file>hib.out</output_file>
   <entry_point>
      <name>_c_int00</name>
      <address>0x2000ea65</address>
   </entry_point>
   <input_file_list>
      <input_file id="fl-2">
         <path>.\</path>
         <kind>object</kind>
         <file>gpio_if.obj</file>
         <name>gpio_if.obj</name>
      </input_file>
      <input_file id="fl-3">
         <path>.\</path>
         <kind>object</kind>
         <file>main.obj</file>
         <name>main.obj</name>
      </input_file>
      <input_file id="fl-4">
         <path>.\</path>
         <kind>object</kind>
         <file>network_common.obj</file>
         <name>network_common.obj</name>
      </input_file>
      <input_file id="fl-5">
         <path>.\</path>
         <kind>object</kind>
         <file>network_if.obj</file>
         <name>network_if.obj</name>
      </input_file>
      <input_file id="fl-6">
         <path>.\</path>
         <kind>object</kind>
         <file>pinmux.obj</file>
         <name>pinmux.obj</name>
      </input_file>
      <input_file id="fl-7">
         <path>.\</path>
         <kind>object</kind>
         <file>startup_ccs.obj</file>
         <name>startup_ccs.obj</name>
      </input_file>
      <input_file id="fl-8">
         <path>.\</path>
         <kind>object</kind>
         <file>timer_if.obj</file>
         <name>timer_if.obj</name>
      </input_file>
      <input_file id="fl-9">
         <path>.\</path>
         <kind>object</kind>
         <file>uart_if.obj</file>
         <name>uart_if.obj</name>
      </input_file>
      <input_file id="fl-a">
         <path>.\</path>
         <kind>object</kind>
         <file>utils_if.obj</file>
         <name>utils_if.obj</name>
      </input_file>
      <input_file id="fl-133">
         <path>C:\ti\ccsv6\tools\compiler\ti-cgt-arm_5.2.5\lib\</path>
         <kind>archive</kind>
         <file>rtsv7M4_T_le_eabi.lib</file>
         <name>boot.obj</name>
      </input_file>
      <input_file id="fl-134">
         <path>C:\ti\ccsv6\tools\compiler\ti-cgt-arm_5.2.5\lib\</path>
         <kind>archive</kind>
         <file>rtsv7M4_T_le_eabi.lib</file>
         <name>copy_decompress_none.obj</name>
      </input_file>
      <input_file id="fl-135">
         <path>C:\ti\ccsv6\tools\compiler\ti-cgt-arm_5.2.5\lib\</path>
         <kind>archive</kind>
         <file>rtsv7M4_T_le_eabi.lib</file>
         <name>copy_decompress_rle.obj</name>
      </input_file>
      <input_file id="fl-136">
         <path>C:\ti\ccsv6\tools\compiler\ti-cgt-arm_5.2.5\lib\</path>
         <kind>archive</kind>
         <file>rtsv7M4_T_le_eabi.lib</file>
         <name>copy_zero_init.obj</name>
      </input_file>
      <input_file id="fl-137">
         <path>C:\ti\ccsv6\tools\compiler\ti-cgt-arm_5.2.5\lib\</path>
         <kind>archive</kind>
         <file>rtsv7M4_T_le_eabi.lib</file>
         <name>exit.obj</name>
      </input_file>
      <input_file id="fl-138">
         <path>C:\ti\ccsv6\tools\compiler\ti-cgt-arm_5.2.5\lib\</path>
         <kind>archive</kind>
         <file>rtsv7M4_T_le_eabi.lib</file>
         <name>memcpy_t2.obj</name>
      </input_file>
      <input_file id="fl-139">
         <path>C:\ti\ccsv6\tools\compiler\ti-cgt-arm_5.2.5\lib\</path>
         <kind>archive</kind>
         <file>rtsv7M4_T_le_eabi.lib</file>
         <name>memmov.obj</name>
      </input_file>
      <input_file id="fl-13a">
         <path>C:\ti\ccsv6\tools\compiler\ti-cgt-arm_5.2.5\lib\</path>
         <kind>archive</kind>
         <file>rtsv7M4_T_le_eabi.lib</file>
         <name>memory.obj</name>
      </input_file>
      <input_file id="fl-13b">
         <path>C:\ti\ccsv6\tools\compiler\ti-cgt-arm_5.2.5\lib\</path>
         <kind>archive</kind>
         <file>rtsv7M4_T_le_eabi.lib</file>
         <name>memset_t2.obj</name>
      </input_file>
      <input_file id="fl-13c">
         <path>C:\ti\ccsv6\tools\compiler\ti-cgt-arm_5.2.5\lib\</path>
         <kind>archive</kind>
         <file>rtsv7M4_T_le_eabi.lib</file>
         <name>pre_init.obj</name>
      </input_file>
      <input_file id="fl-13d">
         <path>C:\ti\ccsv6\tools\compiler\ti-cgt-arm_5.2.5\lib\</path>
         <kind>archive</kind>
         <file>rtsv7M4_T_le_eabi.lib</file>
         <name>stkdepth_vars.obj</name>
      </input_file>
      <input_file id="fl-13e">
         <path>C:\ti\ccsv6\tools\compiler\ti-cgt-arm_5.2.5\lib\</path>
         <kind>archive</kind>
         <file>rtsv7M4_T_le_eabi.lib</file>
         <name>strlen.obj</name>
      </input_file>
      <input_file id="fl-13f">
         <path>C:\ti\ccsv6\tools\compiler\ti-cgt-arm_5.2.5\lib\</path>
         <kind>archive</kind>
         <file>rtsv7M4_T_le_eabi.lib</file>
         <name>strncpy.obj</name>
      </input_file>
      <input_file id="fl-140">
         <path>C:\ti\ccsv6\tools\compiler\ti-cgt-arm_5.2.5\lib\</path>
         <kind>archive</kind>
         <file>rtsv7M4_T_le_eabi.lib</file>
         <name>vsnprintf.obj</name>
      </input_file>
      <input_file id="fl-141">
         <path>C:\ti\ccsv6\tools\compiler\ti-cgt-arm_5.2.5\lib\</path>
         <kind>archive</kind>
         <file>rtsv7M4_T_le_eabi.lib</file>
         <name>_lock.obj</name>
      </input_file>
      <input_file id="fl-142">
         <path>C:\ti\ccsv6\tools\compiler\ti-cgt-arm_5.2.5\lib\</path>
         <kind>archive</kind>
         <file>rtsv7M4_T_le_eabi.lib</file>
         <name>_printfi.obj</name>
      </input_file>
      <input_file id="fl-143">
         <path>C:\ti\ccsv6\tools\compiler\ti-cgt-arm_5.2.5\lib\</path>
         <kind>archive</kind>
         <file>rtsv7M4_T_le_eabi.lib</file>
         <name>args_main.obj</name>
      </input_file>
      <input_file id="fl-144">
         <path>C:\ti\ccsv6\tools\compiler\ti-cgt-arm_5.2.5\lib\</path>
         <kind>archive</kind>
         <file>rtsv7M4_T_le_eabi.lib</file>
         <name>atoi.obj</name>
      </input_file>
      <input_file id="fl-145">
         <path>C:\ti\ccsv6\tools\compiler\ti-cgt-arm_5.2.5\lib\</path>
         <kind>archive</kind>
         <file>rtsv7M4_T_le_eabi.lib</file>
         <name>autoinit.obj</name>
      </input_file>
      <input_file id="fl-146">
         <path>C:\ti\ccsv6\tools\compiler\ti-cgt-arm_5.2.5\lib\</path>
         <kind>archive</kind>
         <file>rtsv7M4_T_le_eabi.lib</file>
         <name>cpy_tbl.obj</name>
      </input_file>
      <input_file id="fl-147">
         <path>C:\ti\ccsv6\tools\compiler\ti-cgt-arm_5.2.5\lib\</path>
         <kind>archive</kind>
         <file>rtsv7M4_T_le_eabi.lib</file>
         <name>ctype.obj</name>
      </input_file>
      <input_file id="fl-148">
         <path>C:\ti\ccsv6\tools\compiler\ti-cgt-arm_5.2.5\lib\</path>
         <kind>archive</kind>
         <file>rtsv7M4_T_le_eabi.lib</file>
         <name>fd_add_t2.obj</name>
      </input_file>
      <input_file id="fl-149">
         <path>C:\ti\ccsv6\tools\compiler\ti-cgt-arm_5.2.5\lib\</path>
         <kind>archive</kind>
         <file>rtsv7M4_T_le_eabi.lib</file>
         <name>fd_cmp_t2.obj</name>
      </input_file>
      <input_file id="fl-14a">
         <path>C:\ti\ccsv6\tools\compiler\ti-cgt-arm_5.2.5\lib\</path>
         <kind>archive</kind>
         <file>rtsv7M4_T_le_eabi.lib</file>
         <name>fd_div_t2.obj</name>
      </input_file>
      <input_file id="fl-14b">
         <path>C:\ti\ccsv6\tools\compiler\ti-cgt-arm_5.2.5\lib\</path>
         <kind>archive</kind>
         <file>rtsv7M4_T_le_eabi.lib</file>
         <name>fd_mul_t2.obj</name>
      </input_file>
      <input_file id="fl-14c">
         <path>C:\ti\ccsv6\tools\compiler\ti-cgt-arm_5.2.5\lib\</path>
         <kind>archive</kind>
         <file>rtsv7M4_T_le_eabi.lib</file>
         <name>fd_toi_t2.obj</name>
      </input_file>
      <input_file id="fl-14d">
         <path>C:\ti\ccsv6\tools\compiler\ti-cgt-arm_5.2.5\lib\</path>
         <kind>archive</kind>
         <file>rtsv7M4_T_le_eabi.lib</file>
         <name>frexp.obj</name>
      </input_file>
      <input_file id="fl-14e">
         <path>C:\ti\ccsv6\tools\compiler\ti-cgt-arm_5.2.5\lib\</path>
         <kind>archive</kind>
         <file>rtsv7M4_T_le_eabi.lib</file>
         <name>i_tofd_t2.obj</name>
      </input_file>
      <input_file id="fl-14f">
         <path>C:\ti\ccsv6\tools\compiler\ti-cgt-arm_5.2.5\lib\</path>
         <kind>archive</kind>
         <file>rtsv7M4_T_le_eabi.lib</file>
         <name>ldexp.obj</name>
      </input_file>
      <input_file id="fl-150">
         <path>C:\ti\ccsv6\tools\compiler\ti-cgt-arm_5.2.5\lib\</path>
         <kind>archive</kind>
         <file>rtsv7M4_T_le_eabi.lib</file>
         <name>ltoa.obj</name>
      </input_file>
      <input_file id="fl-151">
         <path>C:\ti\ccsv6\tools\compiler\ti-cgt-arm_5.2.5\lib\</path>
         <kind>archive</kind>
         <file>rtsv7M4_T_le_eabi.lib</file>
         <name>memccpy.obj</name>
      </input_file>
      <input_file id="fl-152">
         <path>C:\ti\ccsv6\tools\compiler\ti-cgt-arm_5.2.5\lib\</path>
         <kind>archive</kind>
         <file>rtsv7M4_T_le_eabi.lib</file>
         <name>strchr.obj</name>
      </input_file>
      <input_file id="fl-153">
         <path>C:\ti\ccsv6\tools\compiler\ti-cgt-arm_5.2.5\lib\</path>
         <kind>archive</kind>
         <file>rtsv7M4_T_le_eabi.lib</file>
         <name>ull_div_t2.obj</name>
      </input_file>
      <input_file id="fl-154">
         <path>C:\ti\ccsv6\tools\compiler\ti-cgt-arm_5.2.5\lib\</path>
         <kind>archive</kind>
         <file>rtsv7M4_T_le_eabi.lib</file>
         <name>xdclass.obj</name>
      </input_file>
      <input_file id="fl-155">
         <path>C:\ti\ccsv6\tools\compiler\ti-cgt-arm_5.2.5\lib\</path>
         <kind>archive</kind>
         <file>rtsv7M4_T_le_eabi.lib</file>
         <name>xdscale.obj</name>
      </input_file>
      <input_file id="fl-156">
         <path>C:\ti\ccsv6\tools\compiler\ti-cgt-arm_5.2.5\lib\</path>
         <kind>archive</kind>
         <file>rtsv7M4_T_le_eabi.lib</file>
         <name>xdunscal.obj</name>
      </input_file>
      <input_file id="fl-157">
         <path>C:\ti\ccsv6\tools\compiler\ti-cgt-arm_5.2.5\lib\</path>
         <kind>archive</kind>
         <file>rtsv7M4_T_le_eabi.lib</file>
         <name>xferaise.obj</name>
      </input_file>
      <input_file id="fl-158">
         <path>C:\ti\ccsv6\tools\compiler\ti-cgt-arm_5.2.5\lib\</path>
         <kind>archive</kind>
         <file>rtsv7M4_T_le_eabi.lib</file>
         <name>xvalues.obj</name>
      </input_file>
      <input_file id="fl-159">
         <path>C:\ti\ccsv6\tools\compiler\ti-cgt-arm_5.2.5\lib\</path>
         <kind>archive</kind>
         <file>rtsv7M4_T_le_eabi.lib</file>
         <name>errno.obj</name>
      </input_file>
      <input_file id="fl-15a">
         <path>C:\ti\ccsv6\tools\compiler\ti-cgt-arm_5.2.5\lib\</path>
         <kind>archive</kind>
         <file>rtsv7M4_T_le_eabi.lib</file>
         <name>feraiseexcept.obj</name>
      </input_file>
      <input_file id="fl-15b">
         <path>C:\ti\ccsv6\tools\compiler\ti-cgt-arm_5.2.5\lib\</path>
         <kind>archive</kind>
         <file>rtsv7M4_T_le_eabi.lib</file>
         <name>raise.obj</name>
      </input_file>
      <input_file id="fl-15c">
         <path>C:\ti\ccsv6\tools\compiler\ti-cgt-arm_5.2.5\lib\</path>
         <kind>archive</kind>
         <file>rtsv7M4_T_le_eabi.lib</file>
         <name>signal.obj</name>
      </input_file>
      <input_file id="fl-15d">
         <path>C:\ti\ccsv6\tools\compiler\ti-cgt-arm_5.2.5\lib\</path>
         <kind>archive</kind>
         <file>rtsv7M4_T_le_eabi.lib</file>
         <name>xdnorm.obj</name>
      </input_file>
      <input_file id="fl-15e">
         <path>C:\ti\CC3200SDK_1.2.0\cc3200-sdk\driverlib\ccs\Release\</path>
         <kind>archive</kind>
         <file>driverlib.a</file>
         <name>gpio.obj</name>
      </input_file>
      <input_file id="fl-15f">
         <path>C:\ti\CC3200SDK_1.2.0\cc3200-sdk\driverlib\ccs\Release\</path>
         <kind>archive</kind>
         <file>driverlib.a</file>
         <name>hwspinlock.obj</name>
      </input_file>
      <input_file id="fl-160">
         <path>C:\ti\CC3200SDK_1.2.0\cc3200-sdk\driverlib\ccs\Release\</path>
         <kind>archive</kind>
         <file>driverlib.a</file>
         <name>interrupt.obj</name>
      </input_file>
      <input_file id="fl-161">
         <path>C:\ti\CC3200SDK_1.2.0\cc3200-sdk\driverlib\ccs\Release\</path>
         <kind>archive</kind>
         <file>driverlib.a</file>
         <name>pin.obj</name>
      </input_file>
      <input_file id="fl-162">
         <path>C:\ti\CC3200SDK_1.2.0\cc3200-sdk\driverlib\ccs\Release\</path>
         <kind>archive</kind>
         <file>driverlib.a</file>
         <name>prcm.obj</name>
      </input_file>
      <input_file id="fl-163">
         <path>C:\ti\CC3200SDK_1.2.0\cc3200-sdk\driverlib\ccs\Release\</path>
         <kind>archive</kind>
         <file>driverlib.a</file>
         <name>spi.obj</name>
      </input_file>
      <input_file id="fl-164">
         <path>C:\ti\CC3200SDK_1.2.0\cc3200-sdk\driverlib\ccs\Release\</path>
         <kind>archive</kind>
         <file>driverlib.a</file>
         <name>timer.obj</name>
      </input_file>
      <input_file id="fl-165">
         <path>C:\ti\CC3200SDK_1.2.0\cc3200-sdk\driverlib\ccs\Release\</path>
         <kind>archive</kind>
         <file>driverlib.a</file>
         <name>uart.obj</name>
      </input_file>
      <input_file id="fl-166">
         <path>C:\ti\CC3200SDK_1.2.0\cc3200-sdk\driverlib\ccs\Release\</path>
         <kind>archive</kind>
         <file>driverlib.a</file>
         <name>utils.obj</name>
      </input_file>
      <input_file id="fl-167">
         <path>C:\ti\CC3200SDK_1.2.0\cc3200-sdk\driverlib\ccs\Release\</path>
         <kind>archive</kind>
         <file>driverlib.a</file>
         <name>cpu.obj</name>
      </input_file>
      <input_file id="fl-168">
         <path>C:\ti\CC3200SDK_1.2.0\cc3200-sdk\driverlib\ccs\Release\</path>
         <kind>archive</kind>
         <file>driverlib.a</file>
         <name>flash.obj</name>
      </input_file>
      <input_file id="fl-169">
         <path>C:\ti\CC3200SDK_1.2.0\cc3200-sdk\simplelink\ccs\OS\</path>
         <kind>archive</kind>
         <file>simplelink.a</file>
         <name>device.obj</name>
      </input_file>
      <input_file id="fl-16a">
         <path>C:\ti\CC3200SDK_1.2.0\cc3200-sdk\simplelink\ccs\OS\</path>
         <kind>archive</kind>
         <file>simplelink.a</file>
         <name>driver.obj</name>
      </input_file>
      <input_file id="fl-16b">
         <path>C:\ti\CC3200SDK_1.2.0\cc3200-sdk\simplelink\ccs\OS\</path>
         <kind>archive</kind>
         <file>simplelink.a</file>
         <name>netapp.obj</name>
      </input_file>
      <input_file id="fl-16c">
         <path>C:\ti\CC3200SDK_1.2.0\cc3200-sdk\simplelink\ccs\OS\</path>
         <kind>archive</kind>
         <file>simplelink.a</file>
         <name>netcfg.obj</name>
      </input_file>
      <input_file id="fl-16d">
         <path>C:\ti\CC3200SDK_1.2.0\cc3200-sdk\simplelink\ccs\OS\</path>
         <kind>archive</kind>
         <file>simplelink.a</file>
         <name>socket.obj</name>
      </input_file>
      <input_file id="fl-16e">
         <path>C:\ti\CC3200SDK_1.2.0\cc3200-sdk\simplelink\ccs\OS\</path>
         <kind>archive</kind>
         <file>simplelink.a</file>
         <name>wlan.obj</name>
      </input_file>
      <input_file id="fl-16f">
         <path>C:\ti\CC3200SDK_1.2.0\cc3200-sdk\simplelink\ccs\OS\</path>
         <kind>archive</kind>
         <file>simplelink.a</file>
         <name>cc_pal.obj</name>
      </input_file>
      <input_file id="fl-170">
         <path>C:\ti\CC3200SDK_1.2.0\cc3200-sdk\oslib\ccs\free_rtos\</path>
         <kind>archive</kind>
         <file>free_rtos.a</file>
         <name>osi_freertos.obj</name>
      </input_file>
      <input_file id="fl-171">
         <path>C:\ti\CC3200SDK_1.2.0\cc3200-sdk\oslib\ccs\free_rtos\</path>
         <kind>archive</kind>
         <file>free_rtos.a</file>
         <name>port.obj</name>
      </input_file>
      <input_file id="fl-172">
         <path>C:\ti\CC3200SDK_1.2.0\cc3200-sdk\oslib\ccs\free_rtos\</path>
         <kind>archive</kind>
         <file>free_rtos.a</file>
         <name>portasm.obj</name>
      </input_file>
      <input_file id="fl-173">
         <path>C:\ti\CC3200SDK_1.2.0\cc3200-sdk\oslib\ccs\free_rtos\</path>
         <kind>archive</kind>
         <file>free_rtos.a</file>
         <name>queue.obj</name>
      </input_file>
      <input_file id="fl-174">
         <path>C:\ti\CC3200SDK_1.2.0\cc3200-sdk\oslib\ccs\free_rtos\</path>
         <kind>archive</kind>
         <file>free_rtos.a</file>
         <name>tasks.obj</name>
      </input_file>
      <input_file id="fl-175">
         <path>C:\ti\CC3200SDK_1.2.0\cc3200-sdk\oslib\ccs\free_rtos\</path>
         <kind>archive</kind>
         <file>free_rtos.a</file>
         <name>heap_3.obj</name>
      </input_file>
      <input_file id="fl-176">
         <path>C:\ti\CC3200SDK_1.2.0\cc3200-sdk\oslib\ccs\free_rtos\</path>
         <kind>archive</kind>
         <file>free_rtos.a</file>
         <name>list.obj</name>
      </input_file>
      <input_file id="fl-177">
         <path>C:\ti\CC3200SDK_1.2.0\cc3200-sdk\driverlib\ccs\Release\</path>
         <kind>archive</kind>
         <file>driverlib.a</file>
         <name>udma.obj</name>
      </input_file>
   </input_file_list>
   <object_component_list>
      <object_component id="oc-f">
         <name>.intvecs</name>
         <load_address>0x20004000</load_address>
         <run_address>0x20004000</run_address>
         <size>0x400</size>
         <input_file_ref idref="fl-7"/>
      </object_component>
      <object_component id="oc-f2">
         <name>.text</name>
         <load_address>0x20004400</load_address>
         <run_address>0x20004400</run_address>
         <size>0x12e0</size>
         <input_file_ref idref="fl-5"/>
      </object_component>
      <object_component id="oc-87">
         <name>.text</name>
         <load_address>0x200056e0</load_address>
         <run_address>0x200056e0</run_address>
         <size>0x125c</size>
         <input_file_ref idref="fl-174"/>
      </object_component>
      <object_component id="oc-4f8">
         <name>.text</name>
         <load_address>0x2000693c</load_address>
         <run_address>0x2000693c</run_address>
         <size>0x10a6</size>
         <input_file_ref idref="fl-142"/>
      </object_component>
      <object_component id="oc-57b">
         <name>.text:IntDefaultHandler</name>
         <load_address>0x200079e2</load_address>
         <run_address>0x200079e2</run_address>
         <size>0x2</size>
         <input_file_ref idref="fl-160"/>
      </object_component>
      <object_component id="oc-3f6">
         <name>.text</name>
         <load_address>0x200079e4</load_address>
         <run_address>0x200079e4</run_address>
         <size>0xb24</size>
         <input_file_ref idref="fl-173"/>
      </object_component>
      <object_component id="oc-6a2">
         <name>.text:_SlDrvMsgRead</name>
         <load_address>0x20008508</load_address>
         <run_address>0x20008508</run_address>
         <size>0x590</size>
         <input_file_ref idref="fl-16a"/>
      </object_component>
      <object_component id="oc-c3">
         <name>.text</name>
         <load_address>0x20008a98</load_address>
         <run_address>0x20008a98</run_address>
         <size>0x4bc</size>
         <input_file_ref idref="fl-3"/>
      </object_component>
      <object_component id="oc-1a4">
         <name>.text</name>
         <load_address>0x20008f54</load_address>
         <run_address>0x20008f54</run_address>
         <size>0x45c</size>
         <input_file_ref idref="fl-170"/>
      </object_component>
      <object_component id="oc-264">
         <name>.text</name>
         <load_address>0x200093b0</load_address>
         <run_address>0x200093b0</run_address>
         <size>0x3dc</size>
         <input_file_ref idref="fl-13a"/>
      </object_component>
      <object_component id="oc-131">
         <name>.text</name>
         <load_address>0x2000978c</load_address>
         <run_address>0x2000978c</run_address>
         <size>0x394</size>
         <input_file_ref idref="fl-2"/>
      </object_component>
      <object_component id="oc-13d">
         <name>.text</name>
         <load_address>0x20009b20</load_address>
         <run_address>0x20009b20</run_address>
         <size>0x290</size>
         <input_file_ref idref="fl-9"/>
      </object_component>
      <object_component id="oc-236">
         <name>.text:sl_WlanConnect</name>
         <load_address>0x20009db0</load_address>
         <run_address>0x20009db0</run_address>
         <size>0x260</size>
         <input_file_ref idref="fl-16e"/>
      </object_component>
      <object_component id="oc-75b">
         <name>.text:_SlDrvRxHdrRead</name>
         <load_address>0x2000a010</load_address>
         <run_address>0x2000a010</run_address>
         <size>0x1fc</size>
         <input_file_ref idref="fl-16a"/>
      </object_component>
      <object_component id="oc-634">
         <name>.text</name>
         <load_address>0x2000a20c</load_address>
         <run_address>0x2000a20c</run_address>
         <size>0x1f4</size>
         <input_file_ref idref="fl-153"/>
      </object_component>
      <object_component id="oc-43d">
         <name>.text:_SlDrvReleasePoolObj</name>
         <load_address>0x2000a400</load_address>
         <run_address>0x2000a400</run_address>
         <size>0x1d0</size>
         <input_file_ref idref="fl-16a"/>
      </object_component>
      <object_component id="oc-137">
         <name>.text</name>
         <load_address>0x2000a5d0</load_address>
         <run_address>0x2000a5d0</run_address>
         <size>0x1c0</size>
         <input_file_ref idref="fl-8"/>
      </object_component>
      <object_component id="oc-65d">
         <name>.text</name>
         <load_address>0x2000a790</load_address>
         <run_address>0x2000a790</run_address>
         <size>0x1b6</size>
         <input_file_ref idref="fl-148"/>
      </object_component>
      <object_component id="oc-51d">
         <name>.text:_SlDrvMsgWrite</name>
         <load_address>0x2000a948</load_address>
         <run_address>0x2000a948</run_address>
         <size>0x19c</size>
         <input_file_ref idref="fl-16a"/>
      </object_component>
      <object_component id="oc-413">
         <name>.text:_SlDrvDriverCBInit</name>
         <load_address>0x2000aae4</load_address>
         <run_address>0x2000aae4</run_address>
         <size>0x190</size>
         <input_file_ref idref="fl-16a"/>
      </object_component>
      <object_component id="oc-4a8">
         <name>.text:_SlDrvWaitForPoolObj</name>
         <load_address>0x2000ac74</load_address>
         <run_address>0x2000ac74</run_address>
         <size>0x190</size>
         <input_file_ref idref="fl-16a"/>
      </object_component>
      <object_component id="oc-198">
         <name>.text:PRCMCC3200MCUInit</name>
         <load_address>0x2000ae04</load_address>
         <run_address>0x2000ae04</run_address>
         <size>0x178</size>
         <input_file_ref idref="fl-162"/>
      </object_component>
      <object_component id="oc-76d">
         <name>.text:_SlFindAndSetActiveObj</name>
         <load_address>0x2000af7c</load_address>
         <run_address>0x2000af7c</run_address>
         <size>0x170</size>
         <input_file_ref idref="fl-16a"/>
      </object_component>
      <object_component id="oc-419">
         <name>.text:spi_Open</name>
         <load_address>0x2000b0ec</load_address>
         <run_address>0x2000b0ec</run_address>
         <size>0x150</size>
         <input_file_ref idref="fl-16f"/>
      </object_component>
      <object_component id="oc-363">
         <name>.text:_SlDrvDataWriteOp</name>
         <load_address>0x2000b23c</load_address>
         <run_address>0x2000b23c</run_address>
         <size>0x14c</size>
         <input_file_ref idref="fl-16a"/>
      </object_component>
      <object_component id="oc-643">
         <name>.text</name>
         <load_address>0x2000b388</load_address>
         <run_address>0x2000b388</run_address>
         <size>0x136</size>
         <input_file_ref idref="fl-14a"/>
      </object_component>
      <object_component id="oc-249">
         <name>.text:sl_NetAppDnsGetHostByName</name>
         <load_address>0x2000b4c0</load_address>
         <run_address>0x2000b4c0</run_address>
         <size>0x12c</size>
         <input_file_ref idref="fl-16b"/>
      </object_component>
      <object_component id="oc-e2">
         <name>.text</name>
         <load_address>0x2000b5ec</load_address>
         <run_address>0x2000b5ec</run_address>
         <size>0x12a</size>
         <input_file_ref idref="fl-176"/>
      </object_component>
      <object_component id="oc-15e">
         <name>.text:sl_SendTo</name>
         <load_address>0x2000b718</load_address>
         <run_address>0x2000b718</run_address>
         <size>0x128</size>
         <input_file_ref idref="fl-16d"/>
      </object_component>
      <object_component id="oc-523">
         <name>.text:_SlDrvMsgReadCmdCtx</name>
         <load_address>0x2000b840</load_address>
         <run_address>0x2000b840</run_address>
         <size>0x120</size>
         <input_file_ref idref="fl-16a"/>
      </object_component>
      <object_component id="oc-469">
         <name>.text:_SlDrvDriverCBDeinit</name>
         <load_address>0x2000b960</load_address>
         <run_address>0x2000b960</run_address>
         <size>0x118</size>
         <input_file_ref idref="fl-16a"/>
      </object_component>
      <object_component id="oc-38">
         <name>.text</name>
         <load_address>0x2000ba78</load_address>
         <run_address>0x2000ba78</run_address>
         <size>0x110</size>
         <input_file_ref idref="fl-171"/>
      </object_component>
      <object_component id="oc-714">
         <name>.text</name>
         <load_address>0x2000bb88</load_address>
         <run_address>0x2000bb88</run_address>
         <size>0x110</size>
         <input_file_ref idref="fl-155"/>
      </object_component>
      <object_component id="oc-7ca">
         <name>.text:_SlDrvNetAppEventHandler</name>
         <load_address>0x2000bc98</load_address>
         <run_address>0x2000bc98</run_address>
         <size>0x104</size>
         <input_file_ref idref="fl-16b"/>
      </object_component>
      <object_component id="oc-63e">
         <name>.text</name>
         <load_address>0x2000bd9c</load_address>
         <run_address>0x2000bd9c</run_address>
         <size>0xfc</size>
         <input_file_ref idref="fl-14b"/>
      </object_component>
      <object_component id="oc-815">
         <name>.text:uDMAChannelTransferSet</name>
         <load_address>0x2000be98</load_address>
         <run_address>0x2000be98</run_address>
         <size>0xf0</size>
         <input_file_ref idref="fl-177"/>
      </object_component>
      <object_component id="oc-6a8">
         <name>.text:_SlAsyncEventGenericHandler</name>
         <load_address>0x2000bf88</load_address>
         <run_address>0x2000bf88</run_address>
         <size>0xe8</size>
         <input_file_ref idref="fl-16a"/>
      </object_component>
      <object_component id="oc-1f0">
         <name>.text:sl_Stop</name>
         <load_address>0x2000c070</load_address>
         <run_address>0x2000c070</run_address>
         <size>0xe4</size>
         <input_file_ref idref="fl-169"/>
      </object_component>
      <object_component id="oc-1e4">
         <name>.text:sl_Start</name>
         <load_address>0x2000c154</load_address>
         <run_address>0x2000c154</run_address>
         <size>0xe0</size>
         <input_file_ref idref="fl-169"/>
      </object_component>
      <object_component id="oc-761">
         <name>.text:_SlDrvClassifyRxMsg</name>
         <load_address>0x2000c234</load_address>
         <run_address>0x2000c234</run_address>
         <size>0xdc</size>
         <input_file_ref idref="fl-16a"/>
      </object_component>
      <object_component id="oc-767">
         <name>.text:spi_Read</name>
         <load_address>0x2000c310</load_address>
         <run_address>0x2000c310</run_address>
         <size>0xdc</size>
         <input_file_ref idref="fl-16f"/>
      </object_component>
      <object_component id="oc-5f7">
         <name>.text:_SlDrvMsgReadSpawnCtx</name>
         <load_address>0x2000c3ec</load_address>
         <run_address>0x2000c3ec</run_address>
         <size>0xd4</size>
         <input_file_ref idref="fl-16a"/>
      </object_component>
      <object_component id="oc-177">
         <name>.text</name>
         <load_address>0x2000c4c0</load_address>
         <run_address>0x2000c4c0</run_address>
         <size>0xd4</size>
         <input_file_ref idref="fl-a"/>
      </object_component>
      <object_component id="oc-82a">
         <name>.text:_sl_HandleAsync_DnsGetHostByService</name>
         <load_address>0x2000c594</load_address>
         <run_address>0x2000c594</run_address>
         <size>0xcc</size>
         <input_file_ref idref="fl-16b"/>
      </object_component>
      <object_component id="oc-48d">
         <name>.text:sl_NetAppMDNSRegisterUnregisterService</name>
         <load_address>0x2000c660</load_address>
         <run_address>0x2000c660</run_address>
         <size>0xc8</size>
         <input_file_ref idref="fl-16b"/>
      </object_component>
      <object_component id="oc-5e1">
         <name>.text:_SlRemoveFromList</name>
         <load_address>0x2000c728</load_address>
         <run_address>0x2000c728</run_address>
         <size>0xc4</size>
         <input_file_ref idref="fl-16a"/>
      </object_component>
      <object_component id="oc-337">
         <name>.text:_SlDrvCmdOp</name>
         <load_address>0x2000c7ec</load_address>
         <run_address>0x2000c7ec</run_address>
         <size>0xc0</size>
         <input_file_ref idref="fl-16a"/>
      </object_component>
      <object_component id="oc-243">
         <name>.text:sl_NetCfgGet</name>
         <load_address>0x2000c8ac</load_address>
         <run_address>0x2000c8ac</run_address>
         <size>0xc0</size>
         <input_file_ref idref="fl-16c"/>
      </object_component>
      <object_component id="oc-78b">
         <name>.text</name>
         <load_address>0x2000c96c</load_address>
         <run_address>0x2000c96c</run_address>
         <size>0xbe</size>
         <input_file_ref idref="fl-15d"/>
      </object_component>
      <object_component id="oc-33">
         <name>.text</name>
         <load_address>0x2000ca2c</load_address>
         <run_address>0x2000ca2c</run_address>
         <size>0xba</size>
         <input_file_ref idref="fl-172"/>
      </object_component>
      <object_component id="oc-1f6">
         <name>.text:sl_DevGet</name>
         <load_address>0x2000cae8</load_address>
         <run_address>0x2000cae8</run_address>
         <size>0xb4</size>
         <input_file_ref idref="fl-169"/>
      </object_component>
      <object_component id="oc-3ea">
         <name>.text:IntDisable</name>
         <load_address>0x2000cb9c</load_address>
         <run_address>0x2000cb9c</run_address>
         <size>0xa8</size>
         <input_file_ref idref="fl-160"/>
      </object_component>
      <object_component id="oc-192">
         <name>.text:IntEnable</name>
         <load_address>0x2000cc44</load_address>
         <run_address>0x2000cc44</run_address>
         <size>0xa8</size>
         <input_file_ref idref="fl-160"/>
      </object_component>
      <object_component id="oc-38a">
         <name>.text:SPIConfigSetExpClk</name>
         <load_address>0x2000ccec</load_address>
         <run_address>0x2000ccec</run_address>
         <size>0xa0</size>
         <input_file_ref idref="fl-163"/>
      </object_component>
      <object_component id="oc-5da">
         <name>.text:_SlDriverHandleError</name>
         <load_address>0x2000cd8c</load_address>
         <run_address>0x2000cd8c</run_address>
         <size>0xa0</size>
         <input_file_ref idref="fl-16a"/>
      </object_component>
      <object_component id="oc-41">
         <name>.text</name>
         <load_address>0x2000ce2c</load_address>
         <run_address>0x2000ce2c</run_address>
         <size>0x9c</size>
         <input_file_ref idref="fl-138"/>
      </object_component>
      <object_component id="oc-747">
         <name>.text:_SlDrvDeviceEventHandler</name>
         <load_address>0x2000cec8</load_address>
         <run_address>0x2000cec8</run_address>
         <size>0x9a</size>
         <input_file_ref idref="fl-169"/>
      </object_component>
      <object_component id="oc-2fb">
         <name>.text:PRCMPeripheralClockGet</name>
         <load_address>0x2000cf64</load_address>
         <run_address>0x2000cf64</run_address>
         <size>0x94</size>
         <input_file_ref idref="fl-162"/>
      </object_component>
      <object_component id="oc-824">
         <name>.text:_sl_HandleAsync_DnsGetHostByName</name>
         <load_address>0x2000cff8</load_address>
         <run_address>0x2000cff8</run_address>
         <size>0x90</size>
         <input_file_ref idref="fl-16b"/>
      </object_component>
      <object_component id="oc-7d0">
         <name>.text:_sl_HandleAsync_PingResponse</name>
         <load_address>0x2000d088</load_address>
         <run_address>0x2000d088</run_address>
         <size>0x90</size>
         <input_file_ref idref="fl-16b"/>
      </object_component>
      <object_component id="oc-7d7">
         <name>.text:SetupDMAReceive</name>
         <load_address>0x2000d118</load_address>
         <run_address>0x2000d118</run_address>
         <size>0x8c</size>
         <input_file_ref idref="fl-16f"/>
      </object_component>
      <object_component id="oc-734">
         <name>.text:SetupDMASend</name>
         <load_address>0x2000d1a4</load_address>
         <run_address>0x2000d1a4</run_address>
         <size>0x8c</size>
         <input_file_ref idref="fl-16f"/>
      </object_component>
      <object_component id="oc-698">
         <name>.text:spi_Write</name>
         <load_address>0x2000d230</load_address>
         <run_address>0x2000d230</run_address>
         <size>0x8c</size>
         <input_file_ref idref="fl-16f"/>
      </object_component>
      <object_component id="oc-16a">
         <name>.text:PRCMHibernateIntervalSet</name>
         <load_address>0x2000d2bc</load_address>
         <run_address>0x2000d2bc</run_address>
         <size>0x88</size>
         <input_file_ref idref="fl-162"/>
      </object_component>
      <object_component id="oc-56c">
         <name>.text:PinConfigSet</name>
         <load_address>0x2000d344</load_address>
         <run_address>0x2000d344</run_address>
         <size>0x88</size>
         <input_file_ref idref="fl-161"/>
      </object_component>
      <object_component id="oc-30d">
         <name>.text</name>
         <load_address>0x2000d3cc</load_address>
         <run_address>0x2000d3cc</run_address>
         <size>0x88</size>
         <input_file_ref idref="fl-140"/>
      </object_component>
      <object_component id="oc-639">
         <name>.text:__aeabi_cdcmple</name>
         <load_address>0x2000d454</load_address>
         <run_address>0x2000d454</run_address>
         <size>0x86</size>
         <input_file_ref idref="fl-149"/>
      </object_component>
      <object_component id="oc-648">
         <name>.text:__aeabi_cdrcmple</name>
         <load_address>0x2000d4da</load_address>
         <run_address>0x2000d4da</run_address>
         <size>0x86</size>
         <input_file_ref idref="fl-149"/>
      </object_component>
      <object_component id="oc-290">
         <name>.text:GPIOIntTypeSet</name>
         <load_address>0x2000d560</load_address>
         <run_address>0x2000d560</run_address>
         <size>0x82</size>
         <input_file_ref idref="fl-15e"/>
      </object_component>
      <object_component id="oc-84c">
         <name>.text:_sl_HandleAsync_Connect</name>
         <load_address>0x2000d5e4</load_address>
         <run_address>0x2000d5e4</run_address>
         <size>0x80</size>
         <input_file_ref idref="fl-16d"/>
      </object_component>
      <object_component id="oc-7ba">
         <name>.text:_sl_HandleAsync_InitComplete</name>
         <load_address>0x2000d664</load_address>
         <run_address>0x2000d664</run_address>
         <size>0x80</size>
         <input_file_ref idref="fl-169"/>
      </object_component>
      <object_component id="oc-7dd">
         <name>.text:spi_Read_CPU</name>
         <load_address>0x2000d6e4</load_address>
         <run_address>0x2000d6e4</run_address>
         <size>0x80</size>
         <input_file_ref idref="fl-16f"/>
      </object_component>
      <object_component id="oc-740">
         <name>.text:spi_Write_CPU</name>
         <load_address>0x2000d764</load_address>
         <run_address>0x2000d764</run_address>
         <size>0x80</size>
         <input_file_ref idref="fl-16f"/>
      </object_component>
      <object_component id="oc-20e">
         <name>.text:sl_NetCfgSet</name>
         <load_address>0x2000d7e4</load_address>
         <run_address>0x2000d7e4</run_address>
         <size>0x7c</size>
         <input_file_ref idref="fl-16c"/>
      </object_component>
      <object_component id="oc-214">
         <name>.text:sl_WlanSet</name>
         <load_address>0x2000d860</load_address>
         <run_address>0x2000d860</run_address>
         <size>0x7c</size>
         <input_file_ref idref="fl-16e"/>
      </object_component>
      <object_component id="oc-5a">
         <name>.text</name>
         <load_address>0x2000d8dc</load_address>
         <run_address>0x2000d8dc</run_address>
         <size>0x7a</size>
         <input_file_ref idref="fl-13b"/>
      </object_component>
      <object_component id="oc-1fc">
         <name>.text:sl_WlanPolicySet</name>
         <load_address>0x2000d958</load_address>
         <run_address>0x2000d958</run_address>
         <size>0x78</size>
         <input_file_ref idref="fl-16e"/>
      </object_component>
      <object_component id="oc-463">
         <name>.text:spi_Close</name>
         <load_address>0x2000d9d0</load_address>
         <run_address>0x2000d9d0</run_address>
         <size>0x78</size>
         <input_file_ref idref="fl-16f"/>
      </object_component>
      <object_component id="oc-301">
         <name>.text:UARTConfigSetExpClk</name>
         <load_address>0x2000da48</load_address>
         <run_address>0x2000da48</run_address>
         <size>0x76</size>
         <input_file_ref idref="fl-165"/>
      </object_component>
      <object_component id="oc-378">
         <name>.text:HwSpinLockTryAcquire</name>
         <load_address>0x2000dac0</load_address>
         <run_address>0x2000dac0</run_address>
         <size>0x70</size>
         <input_file_ref idref="fl-15f"/>
      </object_component>
      <object_component id="oc-14c">
         <name>.text:sl_Socket</name>
         <load_address>0x2000db30</load_address>
         <run_address>0x2000db30</run_address>
         <size>0x70</size>
         <input_file_ref idref="fl-16d"/>
      </object_component>
      <object_component id="oc-87b">
         <name>.text:_SlDrvCmdSend</name>
         <load_address>0x2000dba0</load_address>
         <run_address>0x2000dba0</run_address>
         <size>0x6c</size>
         <input_file_ref idref="fl-16a"/>
      </object_component>
      <object_component id="oc-836">
         <name>.text:_sl_NetAppSendTokenValue</name>
         <load_address>0x2000dc0c</load_address>
         <run_address>0x2000dc0c</run_address>
         <size>0x6c</size>
         <input_file_ref idref="fl-16b"/>
      </object_component>
      <object_component id="oc-6c">
         <name>.text</name>
         <load_address>0x2000dc78</load_address>
         <run_address>0x2000dc78</run_address>
         <size>0x6c</size>
         <input_file_ref idref="fl-145"/>
      </object_component>
      <object_component id="oc-226">
         <name>.text:sl_WlanRxFilterSet</name>
         <load_address>0x2000dce4</load_address>
         <run_address>0x2000dce4</run_address>
         <size>0x6c</size>
         <input_file_ref idref="fl-16e"/>
      </object_component>
      <object_component id="oc-4d">
         <name>.text</name>
         <load_address>0x2000dd50</load_address>
         <run_address>0x2000dd50</run_address>
         <size>0x6a</size>
         <input_file_ref idref="fl-135"/>
      </object_component>
      <object_component id="oc-2ed">
         <name>.text:TimerIntUnregister</name>
         <load_address>0x2000ddbc</load_address>
         <run_address>0x2000ddbc</run_address>
         <size>0x68</size>
         <input_file_ref idref="fl-164"/>
      </object_component>
      <object_component id="oc-70c">
         <name>.text</name>
         <load_address>0x2000de24</load_address>
         <run_address>0x2000de24</run_address>
         <size>0x66</size>
         <input_file_ref idref="fl-156"/>
      </object_component>
      <object_component id="oc-846">
         <name>.text:_sl_HandleAsync_Accept</name>
         <load_address>0x2000de8c</load_address>
         <run_address>0x2000de8c</run_address>
         <size>0x64</size>
         <input_file_ref idref="fl-16d"/>
      </object_component>
      <object_component id="oc-6d4">
         <name>.text:uDMAChannelAttributeDisable</name>
         <load_address>0x2000def0</load_address>
         <run_address>0x2000def0</run_address>
         <size>0x64</size>
         <input_file_ref idref="fl-177"/>
      </object_component>
      <object_component id="oc-80f">
         <name>.text:uDMAChannelAttributeEnable</name>
         <load_address>0x2000df54</load_address>
         <run_address>0x2000df54</run_address>
         <size>0x64</size>
         <input_file_ref idref="fl-177"/>
      </object_component>
      <object_component id="oc-5cc">
         <name>.text:IntPendClear</name>
         <load_address>0x2000dfb8</load_address>
         <run_address>0x2000dfb8</run_address>
         <size>0x58</size>
         <input_file_ref idref="fl-160"/>
      </object_component>
      <object_component id="oc-2bd">
         <name>.text:PRCMPeripheralReset</name>
         <load_address>0x2000e010</load_address>
         <run_address>0x2000e010</run_address>
         <size>0x58</size>
         <input_file_ref idref="fl-162"/>
      </object_component>
      <object_component id="oc-652">
         <name>.text</name>
         <load_address>0x2000e068</load_address>
         <run_address>0x2000e068</run_address>
         <size>0x56</size>
         <input_file_ref idref="fl-150"/>
      </object_component>
      <object_component id="oc-3e4">
         <name>.text:IntPrioritySet</name>
         <load_address>0x2000e0c0</load_address>
         <run_address>0x2000e0c0</run_address>
         <size>0x54</size>
         <input_file_ref idref="fl-160"/>
      </object_component>
      <object_component id="oc-852">
         <name>.text:_sl_HandleAsync_Select</name>
         <load_address>0x2000e114</load_address>
         <run_address>0x2000e114</run_address>
         <size>0x54</size>
         <input_file_ref idref="fl-16d"/>
      </object_component>
      <object_component id="oc-44c">
         <name>.text:_SlDrvRxIrqHandler</name>
         <load_address>0x2000e168</load_address>
         <run_address>0x2000e168</run_address>
         <size>0x50</size>
         <input_file_ref idref="fl-16a"/>
      </object_component>
      <object_component id="oc-7c0">
         <name>.text:_sl_HandleAsync_Stop</name>
         <load_address>0x2000e1b8</load_address>
         <run_address>0x2000e1b8</run_address>
         <size>0x50</size>
         <input_file_ref idref="fl-169"/>
      </object_component>
      <object_component id="oc-3ae">
         <name>.text:HwSpinLockRelease</name>
         <load_address>0x2000e208</load_address>
         <run_address>0x2000e208</run_address>
         <size>0x4c</size>
         <input_file_ref idref="fl-15f"/>
      </object_component>
      <object_component id="oc-5ae">
         <name>.text:SPIIntEnable</name>
         <load_address>0x2000e254</load_address>
         <run_address>0x2000e254</run_address>
         <size>0x4c</size>
         <input_file_ref idref="fl-163"/>
      </object_component>
      <object_component id="oc-41f">
         <name>.text:_SlDrvProtectAsyncRespSetting</name>
         <load_address>0x2000e2a0</load_address>
         <run_address>0x2000e2a0</run_address>
         <size>0x4c</size>
         <input_file_ref idref="fl-16a"/>
      </object_component>
      <object_component id="oc-35d">
         <name>.text:_sl_BuildAddress</name>
         <load_address>0x2000e2ec</load_address>
         <run_address>0x2000e2ec</run_address>
         <size>0x4c</size>
         <input_file_ref idref="fl-16d"/>
      </object_component>
      <object_component id="oc-680">
         <name>.text</name>
         <load_address>0x2000e338</load_address>
         <run_address>0x2000e338</run_address>
         <size>0x4c</size>
         <input_file_ref idref="fl-144"/>
      </object_component>
      <object_component id="oc-bb">
         <name>.text</name>
         <load_address>0x2000e384</load_address>
         <run_address>0x2000e384</run_address>
         <size>0x4c</size>
         <input_file_ref idref="fl-146"/>
      </object_component>
      <object_component id="oc-6ce">
         <name>.text:uDMAChannelAssign</name>
         <load_address>0x2000e3d0</load_address>
         <run_address>0x2000e3d0</run_address>
         <size>0x4c</size>
         <input_file_ref idref="fl-177"/>
      </object_component>
      <object_component id="oc-170">
         <name>.text:PRCMHibernateWakeupSourceEnable</name>
         <load_address>0x2000e41c</load_address>
         <run_address>0x2000e41c</run_address>
         <size>0x48</size>
         <input_file_ref idref="fl-162"/>
      </object_component>
      <object_component id="oc-6e9">
         <name>.text:SPIIntClear</name>
         <load_address>0x2000e464</load_address>
         <run_address>0x2000e464</run_address>
         <size>0x48</size>
         <input_file_ref idref="fl-163"/>
      </object_component>
      <object_component id="oc-47b">
         <name>.text:_SlDrvBasicCmd</name>
         <load_address>0x2000e4ac</load_address>
         <run_address>0x2000e4ac</run_address>
         <size>0x48</size>
         <input_file_ref idref="fl-16a"/>
      </object_component>
      <object_component id="oc-64d">
         <name>.text</name>
         <load_address>0x2000e4f4</load_address>
         <run_address>0x2000e4f4</run_address>
         <size>0x48</size>
         <input_file_ref idref="fl-14c"/>
      </object_component>
      <object_component id="oc-21a">
         <name>.text:sl_NetAppMDNSUnRegisterService</name>
         <load_address>0x2000e53c</load_address>
         <run_address>0x2000e53c</run_address>
         <size>0x48</size>
         <input_file_ref idref="fl-16b"/>
      </object_component>
      <object_component id="oc-668">
         <name>.text</name>
         <load_address>0x2000e584</load_address>
         <run_address>0x2000e584</run_address>
         <size>0x46</size>
         <input_file_ref idref="fl-14f"/>
      </object_component>
      <object_component id="oc-6de">
         <name>.text:SPIDmaMaskGet</name>
         <load_address>0x2000e5cc</load_address>
         <run_address>0x2000e5cc</run_address>
         <size>0x44</size>
         <input_file_ref idref="fl-163"/>
      </object_component>
      <object_component id="oc-2c3">
         <name>.text:TimerConfigure</name>
         <load_address>0x2000e610</load_address>
         <run_address>0x2000e610</run_address>
         <size>0x44</size>
         <input_file_ref idref="fl-164"/>
      </object_component>
      <object_component id="oc-874">
         <name>.text:_SlDrvHandleHttpServerEvents</name>
         <load_address>0x2000e654</load_address>
         <run_address>0x2000e654</run_address>
         <size>0x44</size>
         <input_file_ref idref="fl-16a"/>
      </object_component>
      <object_component id="oc-7b1">
         <name>.text:cc_SetupTransfer</name>
         <load_address>0x2000e698</load_address>
         <run_address>0x2000e698</run_address>
         <size>0x44</size>
         <input_file_ref idref="fl-16f"/>
      </object_component>
      <object_component id="oc-78">
         <name>.text</name>
         <load_address>0x2000e6dc</load_address>
         <run_address>0x2000e6dc</run_address>
         <size>0x44</size>
         <input_file_ref idref="fl-137"/>
      </object_component>
      <object_component id="oc-164">
         <name>.text:sl_Close</name>
         <load_address>0x2000e720</load_address>
         <run_address>0x2000e720</run_address>
         <size>0x44</size>
         <input_file_ref idref="fl-16d"/>
      </object_component>
      <object_component id="oc-202">
         <name>.text:sl_WlanProfileDel</name>
         <load_address>0x2000e764</load_address>
         <run_address>0x2000e764</run_address>
         <size>0x44</size>
         <input_file_ref idref="fl-16e"/>
      </object_component>
      <object_component id="oc-1ea">
         <name>.text:sl_WlanSetMode</name>
         <load_address>0x2000e7a8</load_address>
         <run_address>0x2000e7a8</run_address>
         <size>0x44</size>
         <input_file_ref idref="fl-16e"/>
      </object_component>
      <object_component id="oc-152">
         <name>.text:sl_Htonl</name>
         <load_address>0x2000e7ec</load_address>
         <run_address>0x2000e7ec</run_address>
         <size>0x42</size>
         <input_file_ref idref="fl-16d"/>
      </object_component>
      <object_component id="oc-566">
         <name>.text:PinModeSet</name>
         <load_address>0x2000e830</load_address>
         <run_address>0x2000e830</run_address>
         <size>0x40</size>
         <input_file_ref idref="fl-161"/>
      </object_component>
      <object_component id="oc-753">
         <name>.text:_SlDrvHandleNetAppEvents</name>
         <load_address>0x2000e870</load_address>
         <run_address>0x2000e870</run_address>
         <size>0x40</size>
         <input_file_ref idref="fl-16a"/>
      </object_component>
      <object_component id="oc-74d">
         <name>.text:_SlDrvHandleWlanEvents</name>
         <load_address>0x2000e8b0</load_address>
         <run_address>0x2000e8b0</run_address>
         <size>0x40</size>
         <input_file_ref idref="fl-16a"/>
      </object_component>
      <object_component id="oc-437">
         <name>.text:_SlDrvSyncObjWaitTimeout</name>
         <load_address>0x2000e8f0</load_address>
         <run_address>0x2000e8f0</run_address>
         <size>0x40</size>
         <input_file_ref idref="fl-16a"/>
      </object_component>
      <object_component id="oc-357">
         <name>.text:_sl_TruncatePayloadByProtocol</name>
         <load_address>0x2000e930</load_address>
         <run_address>0x2000e930</run_address>
         <size>0x40</size>
         <input_file_ref idref="fl-16d"/>
      </object_component>
      <object_component id="oc-85c">
         <name>.text</name>
         <load_address>0x2000e970</load_address>
         <run_address>0x2000e970</run_address>
         <size>0x40</size>
         <input_file_ref idref="fl-15c"/>
      </object_component>
      <object_component id="oc-83d">
         <name>.text:CopyPingResultsToReport</name>
         <load_address>0x2000e9b0</load_address>
         <run_address>0x2000e9b0</run_address>
         <size>0x3c</size>
         <input_file_ref idref="fl-16b"/>
      </object_component>
      <object_component id="oc-2b7">
         <name>.text:PRCMPeripheralClkEnable</name>
         <load_address>0x2000e9ec</load_address>
         <run_address>0x2000e9ec</run_address>
         <size>0x3c</size>
         <input_file_ref idref="fl-162"/>
      </object_component>
      <object_component id="oc-19e">
         <name>.text</name>
         <load_address>0x2000ea28</load_address>
         <run_address>0x2000ea28</run_address>
         <size>0x3c</size>
         <input_file_ref idref="fl-6"/>
      </object_component>
      <object_component id="oc-24">
         <name>.text</name>
         <load_address>0x2000ea64</load_address>
         <run_address>0x2000ea64</run_address>
         <size>0x3c</size>
         <input_file_ref idref="fl-133"/>
      </object_component>
      <object_component id="oc-158">
         <name>.text:sl_Htons</name>
         <load_address>0x2000eaa0</load_address>
         <run_address>0x2000eaa0</run_address>
         <size>0x3c</size>
         <input_file_ref idref="fl-16d"/>
      </object_component>
      <object_component id="oc-809">
         <name>.text:uDMAChannelControlSet</name>
         <load_address>0x2000eadc</load_address>
         <run_address>0x2000eadc</run_address>
         <size>0x3c</size>
         <input_file_ref idref="fl-177"/>
      </object_component>
      <object_component id="oc-425">
         <name>.text:NwpPowerOff</name>
         <load_address>0x2000eb18</load_address>
         <run_address>0x2000eb18</run_address>
         <size>0x38</size>
         <input_file_ref idref="fl-16f"/>
      </object_component>
      <object_component id="oc-f8">
         <name>.text</name>
         <load_address>0x2000eb50</load_address>
         <run_address>0x2000eb50</run_address>
         <size>0x38</size>
         <input_file_ref idref="fl-175"/>
      </object_component>
      <object_component id="oc-3d7">
         <name>.text:GPIODirModeSet</name>
         <load_address>0x2000eb88</load_address>
         <run_address>0x2000eb88</run_address>
         <size>0x36</size>
         <input_file_ref idref="fl-15e"/>
      </object_component>
      <object_component id="oc-37e">
         <name>.text:PRCMPeripheralStatusGet</name>
         <load_address>0x2000ebc0</load_address>
         <run_address>0x2000ebc0</run_address>
         <size>0x34</size>
         <input_file_ref idref="fl-162"/>
      </object_component>
      <object_component id="oc-5a8">
         <name>.text:SPIFIFOLevelSet</name>
         <load_address>0x2000ebf4</load_address>
         <run_address>0x2000ebf4</run_address>
         <size>0x34</size>
         <input_file_ref idref="fl-163"/>
      </object_component>
      <object_component id="oc-79a">
         <name>.text</name>
         <load_address>0x2000ec28</load_address>
         <run_address>0x2000ec28</run_address>
         <size>0x34</size>
         <input_file_ref idref="fl-15a"/>
      </object_component>
      <object_component id="oc-3d1">
         <name>.text:PinTypeGPIO</name>
         <load_address>0x2000ec5c</load_address>
         <run_address>0x2000ec5c</run_address>
         <size>0x30</size>
         <input_file_ref idref="fl-161"/>
      </object_component>
      <object_component id="oc-4ea">
         <name>.text:UARTDisable</name>
         <load_address>0x2000ec8c</load_address>
         <run_address>0x2000ec8c</run_address>
         <size>0x30</size>
         <input_file_ref idref="fl-165"/>
      </object_component>
      <object_component id="oc-23c">
         <name>.text</name>
         <load_address>0x2000ecbc</load_address>
         <run_address>0x2000ecbc</run_address>
         <size>0x30</size>
         <input_file_ref idref="fl-13f"/>
      </object_component>
      <object_component id="oc-71a">
         <name>.text</name>
         <load_address>0x2000ecec</load_address>
         <run_address>0x2000ecec</run_address>
         <size>0x30</size>
         <input_file_ref idref="fl-157"/>
      </object_component>
      <object_component id="oc-658">
         <name>.text</name>
         <load_address>0x2000ed1c</load_address>
         <run_address>0x2000ed1c</run_address>
         <size>0x2e</size>
         <input_file_ref idref="fl-14e"/>
      </object_component>
      <object_component id="oc-7fb">
         <name>.text</name>
         <load_address>0x2000ed4a</load_address>
         <run_address>0x2000ed4a</run_address>
         <size>0x2e</size>
         <input_file_ref idref="fl-15b"/>
      </object_component>
      <object_component id="oc-5ba">
         <name>.text:DmaSpiSwIntHandler</name>
         <load_address>0x2000ed78</load_address>
         <run_address>0x2000ed78</run_address>
         <size>0x2c</size>
         <input_file_ref idref="fl-16f"/>
      </object_component>
      <object_component id="oc-146">
         <name>.text:PRCMSysResetCauseGet</name>
         <load_address>0x2000eda4</load_address>
         <run_address>0x2000eda4</run_address>
         <size>0x2c</size>
         <input_file_ref idref="fl-162"/>
      </object_component>
      <object_component id="oc-2d5">
         <name>.text:TimerLoadSet</name>
         <load_address>0x2000edd0</load_address>
         <run_address>0x2000edd0</run_address>
         <size>0x2a</size>
         <input_file_ref idref="fl-164"/>
      </object_component>
      <object_component id="oc-2c9">
         <name>.text:TimerPrescaleSet</name>
         <load_address>0x2000edfa</load_address>
         <run_address>0x2000edfa</run_address>
         <size>0x2a</size>
         <input_file_ref idref="fl-164"/>
      </object_component>
      <object_component id="oc-674">
         <name>.text</name>
         <load_address>0x2000ee24</load_address>
         <run_address>0x2000ee24</run_address>
         <size>0x2a</size>
         <input_file_ref idref="fl-154"/>
      </object_component>
      <object_component id="oc-3c4">
         <name>.text:PRCMPeripheralClkDisable</name>
         <load_address>0x2000ee50</load_address>
         <run_address>0x2000ee50</run_address>
         <size>0x28</size>
         <input_file_ref idref="fl-162"/>
      </object_component>
      <object_component id="oc-511">
         <name>.text:_SlDrvObjGlobalLockWaitForever</name>
         <load_address>0x2000ee78</load_address>
         <run_address>0x2000ee78</run_address>
         <size>0x28</size>
         <input_file_ref idref="fl-16a"/>
      </object_component>
      <object_component id="oc-4ae">
         <name>.text:_SlDrvProtectionObjLockWaitForever</name>
         <load_address>0x2000eea0</load_address>
         <run_address>0x2000eea0</run_address>
         <size>0x28</size>
         <input_file_ref idref="fl-16a"/>
      </object_component>
      <object_component id="oc-42b">
         <name>.text:NwpRegisterInterruptHandler</name>
         <load_address>0x2000eec8</load_address>
         <run_address>0x2000eec8</run_address>
         <size>0x26</size>
         <input_file_ref idref="fl-16f"/>
      </object_component>
      <object_component id="oc-5ef">
         <name>.text</name>
         <load_address>0x2000eeee</load_address>
         <run_address>0x2000eeee</run_address>
         <size>0x26</size>
         <input_file_ref idref="fl-4"/>
      </object_component>
      <object_component id="oc-3f0">
         <name>.text:IntUnregister</name>
         <load_address>0x2000ef14</load_address>
         <run_address>0x2000ef14</run_address>
         <size>0x24</size>
         <input_file_ref idref="fl-160"/>
      </object_component>
      <object_component id="oc-4f0">
         <name>.text:UARTEnable</name>
         <load_address>0x2000ef38</load_address>
         <run_address>0x2000ef38</run_address>
         <size>0x24</size>
         <input_file_ref idref="fl-165"/>
      </object_component>
      <object_component id="oc-517">
         <name>.text:_SlDrvGlobalObjUnLock</name>
         <load_address>0x2000ef5c</load_address>
         <run_address>0x2000ef5c</run_address>
         <size>0x24</size>
         <input_file_ref idref="fl-16a"/>
      </object_component>
      <object_component id="oc-4b4">
         <name>.text:_SlDrvProtectionObjUnLock</name>
         <load_address>0x2000ef80</load_address>
         <run_address>0x2000ef80</run_address>
         <size>0x24</size>
         <input_file_ref idref="fl-16a"/>
      </object_component>
      <object_component id="oc-4ba">
         <name>.text:_SlDrvSyncObjWaitForever</name>
         <load_address>0x2000efa4</load_address>
         <run_address>0x2000efa4</run_address>
         <size>0x24</size>
         <input_file_ref idref="fl-16a"/>
      </object_component>
      <object_component id="oc-31f">
         <name>.text</name>
         <load_address>0x2000efc8</load_address>
         <run_address>0x2000efc8</run_address>
         <size>0x24</size>
         <input_file_ref idref="fl-139"/>
      </object_component>
      <object_component id="oc-384">
         <name>.text:SPIReset</name>
         <load_address>0x2000efec</load_address>
         <run_address>0x2000efec</run_address>
         <size>0x22</size>
         <input_file_ref idref="fl-163"/>
      </object_component>
      <object_component id="oc-73a">
         <name>.text:SPIWordCountSet</name>
         <load_address>0x2000f00e</load_address>
         <run_address>0x2000f00e</run_address>
         <size>0x22</size>
         <input_file_ref idref="fl-163"/>
      </object_component>
      <object_component id="oc-545">
         <name>.text:_SlDrvObjLockWaitForever</name>
         <load_address>0x2000f030</load_address>
         <run_address>0x2000f030</run_address>
         <size>0x22</size>
         <input_file_ref idref="fl-16a"/>
      </object_component>
      <object_component id="oc-662">
         <name>.text</name>
         <load_address>0x2000f052</load_address>
         <run_address>0x2000f052</run_address>
         <size>0x22</size>
         <input_file_ref idref="fl-14d"/>
      </object_component>
      <object_component id="oc-2a2">
         <name>.text:GPIOPinWrite</name>
         <load_address>0x2000f074</load_address>
         <run_address>0x2000f074</run_address>
         <size>0x20</size>
         <input_file_ref idref="fl-15e"/>
      </object_component>
      <object_component id="oc-3de">
         <name>.text:IntRegister</name>
         <load_address>0x2000f094</load_address>
         <run_address>0x2000f094</run_address>
         <size>0x20</size>
         <input_file_ref idref="fl-160"/>
      </object_component>
      <object_component id="oc-431">
         <name>.text:NwpPowerOn</name>
         <load_address>0x2000f0b4</load_address>
         <run_address>0x2000f0b4</run_address>
         <size>0x20</size>
         <input_file_ref idref="fl-16f"/>
      </object_component>
      <object_component id="oc-3a2">
         <name>.text:SPIDataGet</name>
         <load_address>0x2000f0d4</load_address>
         <run_address>0x2000f0d4</run_address>
         <size>0x20</size>
         <input_file_ref idref="fl-163"/>
      </object_component>
      <object_component id="oc-208">
         <name>.text:sl_WlanDisconnect</name>
         <load_address>0x2000f0f4</load_address>
         <run_address>0x2000f0f4</run_address>
         <size>0x20</size>
         <input_file_ref idref="fl-16e"/>
      </object_component>
      <object_component id="oc-39c">
         <name>.text:SPIDataPut</name>
         <load_address>0x2000f114</load_address>
         <run_address>0x2000f114</run_address>
         <size>0x1e</size>
         <input_file_ref idref="fl-163"/>
      </object_component>
      <object_component id="oc-2e1">
         <name>.text:TimerDisable</name>
         <load_address>0x2000f132</load_address>
         <run_address>0x2000f132</run_address>
         <size>0x1e</size>
         <input_file_ref idref="fl-164"/>
      </object_component>
      <object_component id="oc-2db">
         <name>.text:TimerEnable</name>
         <load_address>0x2000f150</load_address>
         <run_address>0x2000f150</run_address>
         <size>0x1e</size>
         <input_file_ref idref="fl-164"/>
      </object_component>
      <object_component id="oc-125">
         <name>.text:TimerIntStatus</name>
         <load_address>0x2000f16e</load_address>
         <run_address>0x2000f16e</run_address>
         <size>0x1e</size>
         <input_file_ref idref="fl-164"/>
      </object_component>
      <object_component id="oc-307">
         <name>.text:UARTCharPut</name>
         <load_address>0x2000f18c</load_address>
         <run_address>0x2000f18c</run_address>
         <size>0x1e</size>
         <input_file_ref idref="fl-165"/>
      </object_component>
      <object_component id="oc-54b">
         <name>.text:_SlDrvObjUnLock</name>
         <load_address>0x2000f1aa</load_address>
         <run_address>0x2000f1aa</run_address>
         <size>0x1e</size>
         <input_file_ref idref="fl-16a"/>
      </object_component>
      <object_component id="oc-5e7">
         <name>.text:_SlDrvSyncObjSignal</name>
         <load_address>0x2000f1c8</load_address>
         <run_address>0x2000f1c8</run_address>
         <size>0x1e</size>
         <input_file_ref idref="fl-16a"/>
      </object_component>
      <object_component id="oc-596">
         <name>.text:cc_UDMAChannelSelect</name>
         <load_address>0x2000f1e6</load_address>
         <run_address>0x2000f1e6</run_address>
         <size>0x1e</size>
         <input_file_ref idref="fl-16f"/>
      </object_component>
      <object_component id="oc-2f3">
         <name>.text:TimerValueGet</name>
         <load_address>0x2000f204</load_address>
         <run_address>0x2000f204</run_address>
         <size>0x1c</size>
         <input_file_ref idref="fl-164"/>
      </object_component>
      <object_component id="oc-319">
         <name>.text:UARTCharGetNonBlocking</name>
         <load_address>0x2000f220</load_address>
         <run_address>0x2000f220</run_address>
         <size>0x1c</size>
         <input_file_ref idref="fl-165"/>
      </object_component>
      <object_component id="oc-67a">
         <name>.text</name>
         <load_address>0x2000f23c</load_address>
         <run_address>0x2000f23c</run_address>
         <size>0x1c</size>
         <input_file_ref idref="fl-151"/>
      </object_component>
      <object_component id="oc-81b">
         <name>.text:uDMAChannelEnable</name>
         <load_address>0x2000f258</load_address>
         <run_address>0x2000f258</run_address>
         <size>0x1c</size>
         <input_file_ref idref="fl-177"/>
      </object_component>
      <object_component id="oc-29c">
         <name>.text:GPIOIntEnable</name>
         <load_address>0x2000f274</load_address>
         <run_address>0x2000f274</run_address>
         <size>0x1a</size>
         <input_file_ref idref="fl-15e"/>
      </object_component>
      <object_component id="oc-3cb">
         <name>.text:PinTypeUART</name>
         <load_address>0x2000f28e</load_address>
         <run_address>0x2000f28e</run_address>
         <size>0x1a</size>
         <input_file_ref idref="fl-161"/>
      </object_component>
      <object_component id="oc-60a">
         <name>.text:SPIDmaDisable</name>
         <load_address>0x2000f2a8</load_address>
         <run_address>0x2000f2a8</run_address>
         <size>0x1a</size>
         <input_file_ref idref="fl-163"/>
      </object_component>
      <object_component id="oc-5a2">
         <name>.text:SPIDmaEnable</name>
         <load_address>0x2000f2c2</load_address>
         <run_address>0x2000f2c2</run_address>
         <size>0x1a</size>
         <input_file_ref idref="fl-163"/>
      </object_component>
      <object_component id="oc-604">
         <name>.text:SPIFIFODisable</name>
         <load_address>0x2000f2dc</load_address>
         <run_address>0x2000f2dc</run_address>
         <size>0x1a</size>
         <input_file_ref idref="fl-163"/>
      </object_component>
      <object_component id="oc-59c">
         <name>.text:SPIFIFOEnable</name>
         <load_address>0x2000f2f6</load_address>
         <run_address>0x2000f2f6</run_address>
         <size>0x1a</size>
         <input_file_ref idref="fl-163"/>
      </object_component>
      <object_component id="oc-2a8">
         <name>.text:GPIOPinRead</name>
         <load_address>0x2000f310</load_address>
         <run_address>0x2000f310</run_address>
         <size>0x18</size>
         <input_file_ref idref="fl-15e"/>
      </object_component>
      <object_component id="oc-3a8">
         <name>.text:SPICSDisable</name>
         <load_address>0x2000f328</load_address>
         <run_address>0x2000f328</run_address>
         <size>0x18</size>
         <input_file_ref idref="fl-163"/>
      </object_component>
      <object_component id="oc-396">
         <name>.text:SPICSEnable</name>
         <load_address>0x2000f340</load_address>
         <run_address>0x2000f340</run_address>
         <size>0x18</size>
         <input_file_ref idref="fl-163"/>
      </object_component>
      <object_component id="oc-590">
         <name>.text:SPIDisable</name>
         <load_address>0x2000f358</load_address>
         <run_address>0x2000f358</run_address>
         <size>0x18</size>
         <input_file_ref idref="fl-163"/>
      </object_component>
      <object_component id="oc-390">
         <name>.text:SPIEnable</name>
         <load_address>0x2000f370</load_address>
         <run_address>0x2000f370</run_address>
         <size>0x18</size>
         <input_file_ref idref="fl-163"/>
      </object_component>
      <object_component id="oc-2e7">
         <name>.text:TimerIntDisable</name>
         <load_address>0x2000f388</load_address>
         <run_address>0x2000f388</run_address>
         <size>0x18</size>
         <input_file_ref idref="fl-164"/>
      </object_component>
      <object_component id="oc-2cf">
         <name>.text:TimerIntEnable</name>
         <load_address>0x2000f3a0</load_address>
         <run_address>0x2000f3a0</run_address>
         <size>0x18</size>
         <input_file_ref idref="fl-164"/>
      </object_component>
      <object_component id="oc-313">
         <name>.text:UARTCharsAvail</name>
         <load_address>0x2000f3b8</load_address>
         <run_address>0x2000f3b8</run_address>
         <size>0x18</size>
         <input_file_ref idref="fl-165"/>
      </object_component>
      <object_component id="oc-443">
         <name>.text:_sl_GetStartResponseConvert</name>
         <load_address>0x2000f3d0</load_address>
         <run_address>0x2000f3d0</run_address>
         <size>0x18</size>
         <input_file_ref idref="fl-169"/>
      </object_component>
      <object_component id="oc-72">
         <name>.text</name>
         <load_address>0x2000f3e8</load_address>
         <run_address>0x2000f3e8</run_address>
         <size>0x18</size>
         <input_file_ref idref="fl-143"/>
      </object_component>
      <object_component id="oc-330">
         <name>.text:PRCMHIBRegRead</name>
         <load_address>0x2000f400</load_address>
         <run_address>0x2000f400</run_address>
         <size>0x16</size>
         <input_file_ref idref="fl-162"/>
      </object_component>
      <object_component id="oc-370">
         <name>.text:PRCMHIBRegWrite</name>
         <load_address>0x2000f416</load_address>
         <run_address>0x2000f416</run_address>
         <size>0x16</size>
         <input_file_ref idref="fl-162"/>
      </object_component>
      <object_component id="oc-49e">
         <name>.text:_SlDrvMemZero</name>
         <load_address>0x2000f42c</load_address>
         <run_address>0x2000f42c</run_address>
         <size>0x16</size>
         <input_file_ref idref="fl-16a"/>
      </object_component>
      <object_component id="oc-66e">
         <name>.text</name>
         <load_address>0x2000f442</load_address>
         <run_address>0x2000f442</run_address>
         <size>0x16</size>
         <input_file_ref idref="fl-152"/>
      </object_component>
      <object_component id="oc-3b9">
         <name>.text:CPUcpsie</name>
         <load_address>0x2000f458</load_address>
         <run_address>0x2000f458</run_address>
         <size>0x14</size>
         <input_file_ref idref="fl-167"/>
      </object_component>
      <object_component id="oc-296">
         <name>.text:GPIOIntClear</name>
         <load_address>0x2000f46c</load_address>
         <run_address>0x2000f46c</run_address>
         <size>0x14</size>
         <input_file_ref idref="fl-15e"/>
      </object_component>
      <object_component id="oc-186">
         <name>.text:IntVTableBaseSet</name>
         <load_address>0x2000f480</load_address>
         <run_address>0x2000f480</run_address>
         <size>0x14</size>
         <input_file_ref idref="fl-160"/>
      </object_component>
      <object_component id="oc-17d">
         <name>.text:PRCMHibernateEnter</name>
         <load_address>0x2000f494</load_address>
         <run_address>0x2000f494</run_address>
         <size>0x14</size>
         <input_file_ref idref="fl-162"/>
      </object_component>
      <object_component id="oc-1b8">
         <name>.text</name>
         <load_address>0x2000f4a8</load_address>
         <run_address>0x2000f4a8</run_address>
         <size>0x14</size>
         <input_file_ref idref="fl-141"/>
      </object_component>
      <object_component id="oc-230">
         <name>.text</name>
         <load_address>0x2000f4bc</load_address>
         <run_address>0x2000f4bc</run_address>
         <size>0x14</size>
         <input_file_ref idref="fl-13e"/>
      </object_component>
      <object_component id="oc-12b">
         <name>.text:TimerIntClear</name>
         <load_address>0x2000f4d0</load_address>
         <run_address>0x2000f4d0</run_address>
         <size>0x12</size>
         <input_file_ref idref="fl-164"/>
      </object_component>
      <object_component id="oc-830">
         <name>.text:_SlDrvDispatchHttpServerEvents</name>
         <load_address>0x2000f4e2</load_address>
         <run_address>0x2000f4e2</run_address>
         <size>0x10</size>
         <input_file_ref idref="fl-16a"/>
      </object_component>
      <object_component id="oc-351">
         <name>.text:_SlDrvResetCmdExt</name>
         <load_address>0x2000f4f2</load_address>
         <run_address>0x2000f4f2</run_address>
         <size>0xe</size>
         <input_file_ref idref="fl-16a"/>
      </object_component>
      <object_component id="oc-12">
         <name>.text:decompress:none</name>
         <load_address>0x2000f500</load_address>
         <run_address>0x2000f500</run_address>
         <size>0xe</size>
         <input_file_ref idref="fl-134"/>
      </object_component>
      <object_component id="oc-2d">
         <name>.text</name>
         <load_address>0x2000f50e</load_address>
         <run_address>0x2000f50e</run_address>
         <size>0xe</size>
         <input_file_ref idref="fl-7"/>
      </object_component>
      <object_component id="oc-5c5">
         <name>.text:NwpMaskInterrupt</name>
         <load_address>0x2000f51c</load_address>
         <run_address>0x2000f51c</run_address>
         <size>0xc</size>
         <input_file_ref idref="fl-16f"/>
      </object_component>
      <object_component id="oc-5d3">
         <name>.text:NwpUnMaskInterrupt</name>
         <load_address>0x2000f528</load_address>
         <run_address>0x2000f528</run_address>
         <size>0xc</size>
         <input_file_ref idref="fl-16f"/>
      </object_component>
      <object_component id="oc-1e">
         <name>.text:decompress:ZI</name>
         <load_address>0x2000f534</load_address>
         <run_address>0x2000f534</run_address>
         <size>0xc</size>
         <input_file_ref idref="fl-136"/>
      </object_component>
      <object_component id="oc-18c">
         <name>.text:IntMasterEnable</name>
         <load_address>0x2000f540</load_address>
         <run_address>0x2000f540</run_address>
         <size>0xa</size>
         <input_file_ref idref="fl-160"/>
      </object_component>
      <object_component id="oc-176">
         <name>.text:UtilsDelay</name>
         <load_address>0x2000f54a</load_address>
         <run_address>0x2000f54a</run_address>
         <size>0x6</size>
         <input_file_ref idref="fl-166"/>
      </object_component>
      <object_component id="oc-18">
         <name>.text:decompress:rle24</name>
         <load_address>0x2000f550</load_address>
         <run_address>0x2000f550</run_address>
         <size>0x6</size>
         <input_file_ref idref="fl-135"/>
      </object_component>
      <object_component id="oc-66">
         <name>.text</name>
         <load_address>0x2000f556</load_address>
         <run_address>0x2000f556</run_address>
         <size>0x4</size>
         <input_file_ref idref="fl-13c"/>
      </object_component>
      <object_component id="oc-728">
         <name>.const:.string:_ctypes_</name>
         <load_address>0x2000f55c</load_address>
         <run_address>0x2000f55c</run_address>
         <size>0x101</size>
         <input_file_ref idref="fl-147"/>
      </object_component>
      <object_component id="oc-6ba">
         <name>.const:g_ulPinToPadMap</name>
         <load_address>0x2000f660</load_address>
         <run_address>0x2000f660</run_address>
         <size>0x100</size>
         <input_file_ref idref="fl-161"/>
      </object_component>
      <object_component id="oc-576">
         <name>.const:g_pulRegs</name>
         <load_address>0x2000f760</load_address>
         <run_address>0x2000f760</run_address>
         <size>0xd4</size>
         <input_file_ref idref="fl-160"/>
      </object_component>
      <object_component id="oc-4d8">
         <name>.const:PRCM_PeriphRegsList</name>
         <load_address>0x2000f834</load_address>
         <run_address>0x2000f834</run_address>
         <size>0xa8</size>
         <input_file_ref idref="fl-162"/>
      </object_component>
      <object_component id="oc-3c0">
         <name>.const</name>
         <load_address>0x2000f8dc</load_address>
         <run_address>0x2000f8dc</run_address>
         <size>0x80</size>
         <input_file_ref idref="fl-160"/>
      </object_component>
      <object_component id="oc-22d">
         <name>.const:.string</name>
         <load_address>0x2000f95c</load_address>
         <run_address>0x2000f95c</run_address>
         <size>0x62</size>
         <input_file_ref idref="fl-5"/>
      </object_component>
      <object_component id="oc-774">
         <name>.const:OpcodeTranslateTable</name>
         <load_address>0x2000f9be</load_address>
         <run_address>0x2000f9be</run_address>
         <size>0x3c</size>
         <input_file_ref idref="fl-16a"/>
      </object_component>
      <object_component id="oc-459">
         <name>.const</name>
         <load_address>0x2000f9fa</load_address>
         <run_address>0x2000f9fa</run_address>
         <size>0x3c</size>
         <input_file_ref idref="fl-16e"/>
      </object_component>
      <object_component id="oc-7e4">
         <name>.const:_SlActionLookupTable</name>
         <load_address>0x2000fa38</load_address>
         <run_address>0x2000fa38</run_address>
         <size>0x38</size>
         <input_file_ref idref="fl-16a"/>
      </object_component>
      <object_component id="oc-69e">
         <name>.const</name>
         <load_address>0x2000fa70</load_address>
         <run_address>0x2000fa70</run_address>
         <size>0x38</size>
         <input_file_ref idref="fl-16a"/>
      </object_component>
      <object_component id="oc-183">
         <name>.const:.string</name>
         <load_address>0x2000faa8</load_address>
         <run_address>0x2000faa8</run_address>
         <size>0x36</size>
         <input_file_ref idref="fl-3"/>
      </object_component>
      <object_component id="oc-340">
         <name>.const</name>
         <load_address>0x2000fade</load_address>
         <run_address>0x2000fade</run_address>
         <size>0x34</size>
         <input_file_ref idref="fl-16d"/>
      </object_component>
[...]
         <value>0x20008fd7</value>
         <object_component_ref idref="oc-1a4"/>
      </symbol>
      <symbol id="sm-12f6">
         <name>mem_Malloc</name>
         <value>0x20009315</value>
         <object_component_ref idref="oc-1a4"/>
      </symbol>
      <symbol id="sm-12f7">
         <name>osi_SyncObjCreate</name>
         <value>0x20008f8d</value>
         <object_component_ref idref="oc-1a4"/>
      </symbol>
      <symbol id="sm-12f8">
         <name>osi_SyncObjWait</name>
         <value>0x20009037</value>
         <object_component_ref idref="oc-1a4"/>
      </symbol>
      <symbol id="sm-12f9">
         <name>osi_SyncObjSignalFromISR</name>
         <value>0x20008fff</value>
         <object_component_ref idref="oc-1a4"/>
      </symbol>
      <symbol id="sm-12fa">
         <name>osi_ContextRestore</name>
         <value>0x20009397</value>
         <object_component_ref idref="oc-1a4"/>
      </symbol>
      <symbol id="sm-12fb">
         <name>osi_start</name>
         <value>0x20009369</value>
         <object_component_ref idref="oc-1a4"/>
      </symbol>
      <symbol id="sm-12fc">
         <name>osi_EnterCritical</name>
         <value>0x20009355</value>
         <object_component_ref idref="oc-1a4"/>
      </symbol>
      <symbol id="sm-12fd">
         <name>osi_TaskCreate</name>
         <value>0x200090ab</value>
         <object_component_ref idref="oc-1a4"/>
      </symbol>
      <symbol id="sm-12fe">
         <name>osi_MsgQRead</name>
         <value>0x200092d9</value>
         <object_component_ref idref="oc-1a4"/>
      </symbol>
      <symbol id="sm-12ff">
         <name>osi_MsgQCreate</name>
         <value>0x20009249</value>
         <object_component_ref idref="oc-1a4"/>
      </symbol>
      <symbol id="sm-1300">
         <name>osi_ExitCritical</name>
         <value>0x2000935f</value>
         <object_component_ref idref="oc-1a4"/>
      </symbol>
      <symbol id="sm-1301">
         <name>osi_LockObjLock</name>
         <value>0x20009109</value>
         <object_component_ref idref="oc-1a4"/>
      </symbol>
      <symbol id="sm-1302">
         <name>VDeleteSimpleLinkSpawnTask</name>
         <value>0x2000921d</value>
         <object_component_ref idref="oc-1a4"/>
      </symbol>
      <symbol id="sm-1303">
         <name>osi_SyncObjClear</name>
         <value>0x20009063</value>
         <object_component_ref idref="oc-1a4"/>
      </symbol>
      <symbol id="sm-1304">
         <name>VStartSimpleLinkSpawnTask</name>
         <value>0x200091cd</value>
         <object_component_ref idref="oc-1a4"/>
      </symbol>
      <symbol id="sm-1305">
         <name>osi_MsgQWrite</name>
         <value>0x200092a7</value>
         <object_component_ref idref="oc-1a4"/>
      </symbol>
      <symbol id="sm-1306">
         <name>osi_Sleep</name>
         <value>0x20009371</value>
         <object_component_ref idref="oc-1a4"/>
      </symbol>
      <symbol id="sm-1307">
         <name>osi_SyncObjDelete</name>
         <value>0x20008fbd</value>
         <object_component_ref idref="oc-1a4"/>
      </symbol>
      <symbol id="sm-1308">
         <name>osi_TaskDisable</name>
         <value>0x20009381</value>
         <object_component_ref idref="oc-1a4"/>
      </symbol>
      <symbol id="sm-1309">
         <name>osi_Spawn</name>
         <value>0x2000915f</value>
         <object_component_ref idref="oc-1a4"/>
      </symbol>
      <symbol id="sm-130a">
         <name>mem_Free</name>
         <value>0x20009321</value>
         <object_component_ref idref="oc-1a4"/>
      </symbol>
      <symbol id="sm-130b">
         <name>osi_ContextSave</name>
         <value>0x20009395</value>
         <object_component_ref idref="oc-1a4"/>
      </symbol>
      <symbol id="sm-130c">
         <name>xSimpleLinkSpawnQueue</name>
         <value>0x2001f538</value>
         <object_component_ref idref="oc-3fc"/>
      </symbol>
      <symbol id="sm-130d">
         <name>xSimpleLinkSpawnTaskHndl</name>
         <value>0x2001f53c</value>
         <object_component_ref idref="oc-3fc"/>
      </symbol>
      <symbol id="sm-1335">
         <name>vPortSetupTimerInterrupt</name>
         <value>0x2000bb55</value>
         <object_component_ref idref="oc-38"/>
      </symbol>
      <symbol id="sm-1336">
         <name>vPortEndScheduler</name>
         <value>0x2000baf5</value>
         <object_component_ref idref="oc-38"/>
      </symbol>
      <symbol id="sm-1337">
         <name>vPortYield</name>
         <value>0x2000baf7</value>
         <object_component_ref idref="oc-38"/>
      </symbol>
      <symbol id="sm-1338">
         <name>xPortSysTickHandler</name>
         <value>0x2000bb39</value>
         <object_component_ref idref="oc-38"/>
      </symbol>
      <symbol id="sm-1339">
         <name>pxPortInitialiseStack</name>
         <value>0x2000ba79</value>
         <object_component_ref idref="oc-38"/>
      </symbol>
      <symbol id="sm-133a">
         <name>vPortExitCritical</name>
         <value>0x2000bb21</value>
         <object_component_ref idref="oc-38"/>
      </symbol>
      <symbol id="sm-133b">
         <name>xPortStartScheduler</name>
         <value>0x2000bac9</value>
         <object_component_ref idref="oc-38"/>
      </symbol>
      <symbol id="sm-133c">
         <name>vPortEnterCritical</name>
         <value>0x2000bb09</value>
         <object_component_ref idref="oc-38"/>
      </symbol>
      <symbol id="sm-134d">
         <name>portCLZ</name>
         <value>0x2000cae1</value>
         <object_component_ref idref="oc-33"/>
      </symbol>
      <symbol id="sm-134e">
         <name>xPortPendSVHandler</name>
         <value>0x2000ca55</value>
         <object_component_ref idref="oc-33"/>
      </symbol>
      <symbol id="sm-134f">
         <name>vPortClearInterruptMask</name>
         <value>0x2000ca47</value>
         <object_component_ref idref="oc-33"/>
      </symbol>
      <symbol id="sm-1350">
         <name>ulPortSetInterruptMask</name>
         <value>0x2000ca31</value>
         <object_component_ref idref="oc-33"/>
      </symbol>
      <symbol id="sm-1351">
         <name>prvPortStartFirstTask</name>
         <value>0x2000cac9</value>
         <object_component_ref idref="oc-33"/>
      </symbol>
      <symbol id="sm-1352">
         <name>vPortSVCHandler</name>
         <value>0x2000caa1</value>
         <object_component_ref idref="oc-33"/>
      </symbol>
      <symbol id="sm-1401">
         <name>xQueuePeekFromISR</name>
         <value>0x20008095</value>
         <object_component_ref idref="oc-3f6"/>
      </symbol>
      <symbol id="sm-1402">
         <name>xQueueIsQueueEmptyFromISR</name>
         <value>0x2000831b</value>
         <object_component_ref idref="oc-3f6"/>
      </symbol>
      <symbol id="sm-1403">
         <name>xQueueGenericSendFromISR</name>
         <value>0x20007e3f</value>
         <object_component_ref idref="oc-3f6"/>
      </symbol>
      <symbol id="sm-1404">
         <name>uxQueueMessagesWaiting</name>
         <value>0x200080d9</value>
         <object_component_ref idref="oc-3f6"/>
      </symbol>
      <symbol id="sm-1405">
         <name>vQueueAddToRegistry</name>
         <value>0x2000837f</value>
         <object_component_ref idref="oc-3f6"/>
      </symbol>
      <symbol id="sm-1406">
         <name>xQueueIsQueueFullFromISR</name>
         <value>0x2000835d</value>
         <object_component_ref idref="oc-3f6"/>
      </symbol>
      <symbol id="sm-1407">
         <name>xQueueSelectFromSet</name>
         <value>0x20008485</value>
         <object_component_ref idref="oc-3f6"/>
      </symbol>
      <symbol id="sm-1408">
         <name>xQueueGenericCreate</name>
         <value>0x20007a75</value>
         <object_component_ref idref="oc-3f6"/>
      </symbol>
      <symbol id="sm-1409">
         <name>xQueueSelectFromSetFromISR</name>
         <value>0x2000849f</value>
         <object_component_ref idref="oc-3f6"/>
      </symbol>
      <symbol id="sm-140a">
         <name>xQueueCreateMutex</name>
         <value>0x20007aeb</value>
         <object_component_ref idref="oc-3f6"/>
      </symbol>
      <symbol id="sm-140b">
         <name>vQueueSetQueueNumber</name>
         <value>0x20008153</value>
         <object_component_ref idref="oc-3f6"/>
      </symbol>
      <symbol id="sm-140c">
         <name>xQueueGenericSend</name>
         <value>0x20007b89</value>
         <object_component_ref idref="oc-3f6"/>
      </symbol>
      <symbol id="sm-140d">
         <name>xQueueGenericReset</name>
         <value>0x200079e5</value>
         <object_component_ref idref="oc-3f6"/>
      </symbol>
      <symbol id="sm-140e">
         <name>xQueueReceiveFromISR</name>
         <value>0x2000801d</value>
         <object_component_ref idref="oc-3f6"/>
      </symbol>
      <symbol id="sm-140f">
         <name>uxQueueSpacesAvailable</name>
         <value>0x200080ef</value>
         <object_component_ref idref="oc-3f6"/>
      </symbol>
      <symbol id="sm-1410">
         <name>xQueueRegistry</name>
         <value>0x2001f290</value>
         <object_component_ref idref="oc-582"/>
      </symbol>
      <symbol id="sm-1411">
         <name>vQueueUnregisterQueue</name>
         <value>0x200083c1</value>
         <object_component_ref idref="oc-3f6"/>
      </symbol>
      <symbol id="sm-1412">
         <name>xQueueAltGenericReceive</name>
         <value>0x20007d41</value>
         <object_component_ref idref="oc-3f6"/>
      </symbol>
      <symbol id="sm-1413">
         <name>uxQueueMessagesWaitingFromISR</name>
         <value>0x2000810f</value>
         <object_component_ref idref="oc-3f6"/>
      </symbol>
      <symbol id="sm-1414">
         <name>uxQueueGetQueueNumber</name>
         <value>0x20008145</value>
         <object_component_ref idref="oc-3f6"/>
      </symbol>
      <symbol id="sm-1415">
         <name>xQueueGenericReceive</name>
         <value>0x20007edb</value>
         <object_component_ref idref="oc-3f6"/>
      </symbol>
      <symbol id="sm-1416">
         <name>xQueueCreateCountingSemaphore</name>
         <value>0x20007b69</value>
         <object_component_ref idref="oc-3f6"/>
      </symbol>
      <symbol id="sm-1417">
         <name>vQueueDelete</name>
         <value>0x20008121</value>
         <object_component_ref idref="oc-3f6"/>
      </symbol>
      <symbol id="sm-1418">
         <name>xQueueAddToSet</name>
         <value>0x2000840f</value>
         <object_component_ref idref="oc-3f6"/>
      </symbol>
      <symbol id="sm-1419">
         <name>xQueueAltGenericSend</name>
         <value>0x20007c95</value>
         <object_component_ref idref="oc-3f6"/>
      </symbol>
      <symbol id="sm-141a">
         <name>xQueueCreateSet</name>
         <value>0x200083fb</value>
         <object_component_ref idref="oc-3f6"/>
      </symbol>
      <symbol id="sm-141b">
         <name>xQueueRemoveFromSet</name>
         <value>0x20008443</value>
         <object_component_ref idref="oc-3f6"/>
      </symbol>
      <symbol id="sm-141c">
         <name>ucQueueGetQueueType</name>
         <value>0x20008165</value>
         <object_component_ref idref="oc-3f6"/>
      </symbol>
      <symbol id="sm-158f">
         <name>vTaskDelay</name>
         <value>0x2000591b</value>
         <object_component_ref idref="oc-87"/>
      </symbol>
      <symbol id="sm-1590">
         <name>vTaskSuspendAll</name>
         <value>0x20005d7f</value>
         <object_component_ref idref="oc-87"/>
      </symbol>
      <symbol id="sm-1591">
         <name>vTaskPriorityInherit</name>
         <value>0x200067c1</value>
         <object_component_ref idref="oc-87"/>
      </symbol>
      <symbol id="sm-1592">
         <name>vTaskPlaceOnEventList</name>
         <value>0x20006135</value>
         <object_component_ref idref="oc-87"/>
      </symbol>
      <symbol id="sm-1593">
         <name>vTaskSetTaskNumber</name>
         <value>0x200063cd</value>
         <object_component_ref idref="oc-87"/>
      </symbol>
      <symbol id="sm-1594">
         <name>xTaskCheckForTimeOut</name>
         <value>0x20006325</value>
         <object_component_ref idref="oc-87"/>
      </symbol>
      <symbol id="sm-1595">
         <name>xTaskRemoveFromUnorderedEventList</name>
         <value>0x20006291</value>
         <object_component_ref idref="oc-87"/>
      </symbol>
      <symbol id="sm-1596">
         <name>vTaskPrioritySet</name>
         <value>0x20005a3d</value>
         <object_component_ref idref="oc-87"/>
      </symbol>
      <symbol id="sm-1597">
         <name>vTaskStartScheduler</name>
         <value>0x20005d23</value>
         <object_component_ref idref="oc-87"/>
      </symbol>
      <symbol id="sm-1598">
         <name>pcTaskGetTaskName</name>
         <value>0x20005e95</value>
         <object_component_ref idref="oc-87"/>
      </symbol>
      <symbol id="sm-1599">
         <name>vTaskPriorityDisinherit</name>
         <value>0x2000687b</value>
         <object_component_ref idref="oc-87"/>
      </symbol>
      <symbol id="sm-159a">
         <name>vTaskDelayUntil</name>
         <value>0x2000587f</value>
         <object_component_ref idref="oc-87"/>
      </symbol>
      <symbol id="sm-159b">
         <name>uxTaskGetTaskNumber</name>
         <value>0x200063ad</value>
         <object_component_ref idref="oc-87"/>
      </symbol>
      <symbol id="sm-159c">
         <name>vTaskEndScheduler</name>
         <value>0x20005d6d</value>
         <object_component_ref idref="oc-87"/>
      </symbol>
      <symbol id="sm-159d">
         <name>vTaskMissedYield</name>
         <value>0x2000639f</value>
         <object_component_ref idref="oc-87"/>
      </symbol>
      <symbol id="sm-159e">
         <name>uxTaskGetNumberOfTasks</name>
         <value>0x20005e89</value>
         <object_component_ref idref="oc-87"/>
      </symbol>
      <symbol id="sm-159f">
         <name>uxTaskPriorityGet</name>
         <value>0x20005a05</value>
         <object_component_ref idref="oc-87"/>
      </symbol>
      <symbol id="sm-15a0">
         <name>xTaskResumeAll</name>
         <value>0x20005d91</value>
         <object_component_ref idref="oc-87"/>
      </symbol>
      <symbol id="sm-15a1">
         <name>xTaskGetTickCount</name>
         <value>0x20005e5d</value>
         <object_component_ref idref="oc-87"/>
      </symbol>
      <symbol id="sm-15a2">
         <name>xTaskGenericCreate</name>
         <value>0x200056e1</value>
         <object_component_ref idref="oc-87"/>
      </symbol>
      <symbol id="sm-15a3">
         <name>uxTaskGetSystemState</name>
         <value>0x20005eb9</value>
         <object_component_ref idref="oc-87"/>
      </symbol>
      <symbol id="sm-15a4">
         <name>vTaskDelete</name>
         <value>0x200057ef</value>
         <object_component_ref idref="oc-87"/>
      </symbol>
      <symbol id="sm-15a5">
         <name>pxCurrentTCB</name>
         <value>0x2001f4c0</value>
         <object_component_ref idref="oc-8d"/>
      </symbol>
      <symbol id="sm-15a6">
         <name>eTaskGetState</name>
         <value>0x20005971</value>
         <object_component_ref idref="oc-87"/>
      </symbol>
      <symbol id="sm-15a7">
         <name>vTaskSuspend</name>
         <value>0x20005b41</value>
         <object_component_ref idref="oc-87"/>
      </symbol>
      <symbol id="sm-15a8">
         <name>xTaskGetIdleTaskHandle</name>
         <value>0x20005f77</value>
         <object_component_ref idref="oc-87"/>
      </symbol>
      <symbol id="sm-15a9">
         <name>xTaskGetTickCountFromISR</name>
         <value>0x20005e71</value>
         <object_component_ref idref="oc-87"/>
      </symbol>
      <symbol id="sm-15aa">
         <name>vTaskResume</name>
         <value>0x20005c35</value>
         <object_component_ref idref="oc-87"/>
      </symbol>
      <symbol id="sm-15ab">
         <name>vTaskSetTimeOutState</name>
         <value>0x200062ff</value>
         <object_component_ref idref="oc-87"/>
      </symbol>
      <symbol id="sm-15ac">
         <name>xTaskIncrementTick</name>
         <value>0x20005f91</value>
         <object_component_ref idref="oc-87"/>
      </symbol>
      <symbol id="sm-15ad">
         <name>vTaskSwitchContext</name>
         <value>0x200060b5</value>
         <object_component_ref idref="oc-87"/>
      </symbol>
      <symbol id="sm-15ae">
         <name>uxTaskResetEventItemValue</name>
         <value>0x20006905</value>
         <object_component_ref idref="oc-87"/>
      </symbol>
      <symbol id="sm-15af">
         <name>xTaskGetSchedulerState</name>
         <value>0x20006789</value>
         <object_component_ref idref="oc-87"/>
      </symbol>
      <symbol id="sm-15b0">
         <name>xTaskResumeFromISR</name>
         <value>0x20005ca9</value>
         <object_component_ref idref="oc-87"/>
      </symbol>
      <symbol id="sm-15b1">
         <name>xTaskGetCurrentTaskHandle</name>
         <value>0x20006775</value>
         <object_component_ref idref="oc-87"/>
      </symbol>
      <symbol id="sm-15b2">
         <name>vTaskPlaceOnUnorderedEventList</name>
         <value>0x20006199</value>
         <object_component_ref idref="oc-87"/>
      </symbol>
      <symbol id="sm-15b3">
         <name>xTaskRemoveFromEventList</name>
         <value>0x2000620d</value>
         <object_component_ref idref="oc-87"/>
      </symbol>
      <symbol id="sm-15c3">
         <name>pvPortMalloc</name>
         <value>0x2000eb51</value>
         <object_component_ref idref="oc-f8"/>
      </symbol>
      <symbol id="sm-15c4">
         <name>vPortFree</name>
         <value>0x2000eb71</value>
         <object_component_ref idref="oc-f8"/>
      </symbol>
      <symbol id="sm-15da">
         <name>uxListRemove</name>
         <value>0x2000b6cf</value>
         <object_component_ref idref="oc-e2"/>
      </symbol>
      <symbol id="sm-15db">
         <name>vListInsert</name>
         <value>0x2000b669</value>
         <object_component_ref idref="oc-e2"/>
      </symbol>
      <symbol id="sm-15dc">
         <name>vListInitialiseItem</name>
         <value>0x2000b61d</value>
         <object_component_ref idref="oc-e2"/>
      </symbol>
      <symbol id="sm-15dd">
         <name>vListInsertEnd</name>
         <value>0x2000b62d</value>
         <object_component_ref idref="oc-e2"/>
      </symbol>
      <symbol id="sm-15de">
         <name>vListInitialise</name>
         <value>0x2000b5ed</value>
         <object_component_ref idref="oc-e2"/>
      </symbol>
      <symbol id="sm-1635">
         <name>uDMAChannelControlSet</name>
         <value>0x2000eadd</value>
         <object_component_ref idref="oc-809"/>
      </symbol>
      <symbol id="sm-1636">
         <name>uDMAChannelAttributeEnable</name>
         <value>0x2000df55</value>
         <object_component_ref idref="oc-80f"/>
      </symbol>
      <symbol id="sm-1637">
         <name>uDMAChannelTransferSet</name>
         <value>0x2000be99</value>
         <object_component_ref idref="oc-815"/>
      </symbol>
      <symbol id="sm-1638">
         <name>uDMAChannelAssign</name>
         <value>0x2000e3d1</value>
         <object_component_ref idref="oc-6ce"/>
      </symbol>
      <symbol id="sm-1639">
         <name>uDMAChannelAttributeDisable</name>
         <value>0x2000def1</value>
         <object_component_ref idref="oc-6d4"/>
      </symbol>
      <symbol id="sm-163a">
         <name>uDMAChannelEnable</name>
         <value>0x2000f259</value>
         <object_component_ref idref="oc-81b"/>
      </symbol>
      <symbol id="sm-163b">
         <name>__TI_static_base__</name>
         <value>0x2000fc00</value>
      </symbol>
      <symbol id="sm-163e">
         <name>SHT$$INIT_ARRAY$$Limit</name>
         <value>0x0</value>
      </symbol>
      <symbol id="sm-163f">
         <name>SHT$$INIT_ARRAY$$Base</name>
         <value>0x0</value>
      </symbol>
   </symbol_table>
   <title>Link successful</title>
</link_info>
