******************************************************************************
                  TI ARM Linker PC v5.1.8                      
******************************************************************************
>> Linked Sun Mar 20 22:22:25 2016

OUTPUT FILE NAME:   <uart_echo.out>
ENTRY POINT SYMBOL: "_c_int00"  address: 00000ad9


MEMORY CONFIGURATION

         name            origin    length      used     unused   attr    fill
----------------------  --------  ---------  --------  --------  ----  --------
  FLASH                 00000000   00040000  00000ff8  0003f008  R  X
  SRAM                  20000000   00008000  000003d8  00007c28  RW X


SEGMENT ALLOCATION MAP

run origin  load origin   length   init length attrs members
----------  ----------- ---------- ----------- ----- -------
00000000    00000000    00000ff8   00000ff8    r-x
  00000000    00000000    0000026c   0000026c    r-- .intvecs
  0000026c    0000026c    00000be8   00000be8    r-x .text
  00000e54    00000e54    0000016c   0000016c    r-- .const
  00000fc0    00000fc0    00000038   00000038    r-- .cinit
20000000    20000000    000003d8   00000000    rw-
  20000000    20000000    000002bc   00000000    rw- .bss
  200002bc    200002bc    00000100   00000000    rw- .stack
  200003bc    200003bc    0000001c   00000000    rw- .data


SECTION ALLOCATION MAP

 output                                  attributes/
section   page    origin      length       input sections
--------  ----  ----------  ----------   ----------------
.intvecs   0    00000000    0000026c     
                  00000000    0000026c     startup_ccs.obj (.intvecs)

.init_array 
*          0    00000000    00000000     UNINITIALIZED

.text      0    0000026c    00000be8     
                  0000026c    0000014c     uart_echo.obj (.text:main)
                  000003b8    00000130     driverlib.lib : gpio.obj (.text:GPIOPadConfigSet)
                  000004e8    00000118                   : sysctl.obj (.text:SysCtlClockGet)
                  00000600    000000f0                   : sysctl.obj (.text:SysCtlClockSet)
                  000006f0    000000e0     uart_echo.obj (.text:writedata)
                  000007d0    0000009c     rtsv7M4_T_le_v4SPD16_eabi.lib : memcpy_t2.obj (.text)
                  0000086c    00000094                                   : auto_init.obj (.text)
                  00000900    0000006c     uart_echo.obj (.text:UART0IntHandler)
                  0000096c    00000068     driverlib.lib : interrupt.obj (.text:IntEnable)
                  000009d4    0000005e     rtsv7M4_T_le_v4SPD16_eabi.lib : copy_decompress_rle.obj (.text)
                  00000a32    00000002     startup_ccs.obj (.text:FaultISR)
                  00000a34    0000005c     uart_echo.obj (.text:UART5IntHandler)
                  00000a90    00000048     driverlib.lib : gpio.obj (.text:GPIOPinConfigure)
                  00000ad8    00000048     rtsv7M4_T_le_v4SPD16_eabi.lib : boot.obj (.text)
                  00000b20    00000044                                   : cpy_tbl.obj (.text)
                  00000b64    00000044                                   : exit.obj (.text)
                  00000ba8    00000042     driverlib.lib : uart.obj (.text:UARTConfigSetExpClk)
                  00000bea    00000002     startup_ccs.obj (.text:IntDefaultHandler)
                  00000bec    0000003c     uart_echo.obj (.text:newchar)
                  00000c28    00000034     driverlib.lib : sysctl.obj (.text:SysCtlPeripheralEnable)
                  00000c5c    00000034     rtsv7M4_T_le_v4SPD16_eabi.lib : strstr.obj (.text)
                  00000c90    0000002c     uart_echo.obj (.text:UARTSend)
                  00000cbc    0000002a     driverlib.lib : gpio.obj (.text:GPIODirModeSet)
                  00000ce6    00000002     startup_ccs.obj (.text:NmiSR)
                  00000ce8    0000001c     driverlib.lib : uart.obj (.text:UARTDisable)
                  00000d04    00000018                   : gpio.obj (.text:GPIOPinTypeGPIOOutput)
                  00000d1c    00000018     rtsv7M4_T_le_v4SPD16_eabi.lib : args_main.obj (.text)
                  00000d34    00000014     driverlib.lib : uart.obj (.text:UARTEnable)
                  00000d48    00000014     rtsv7M4_T_le_v4SPD16_eabi.lib : _lock.obj (.text)
                  00000d5c    00000014                                   : strlen.obj (.text)
                  00000d70    00000012     driverlib.lib : gpio.obj (.text:GPIOPinTypeUART)
                  00000d82    00000012     rtsv7M4_T_le_v4SPD16_eabi.lib : copy_zero_init.obj (.text:decompress:ZI)
                  00000d94    00000010     driverlib.lib : fpu.obj (.text:FPUEnable)
                  00000da4    00000010                   : fpu.obj (.text:FPULazyStackingEnable)
                  00000db4    00000010                   : interrupt.obj (.text:IntMasterEnable)
                  00000dc4    0000000e                   : uart.obj (.text:UARTCharGetNonBlocking)
                  00000dd2    0000000e                   : uart.obj (.text:UARTCharPutNonBlocking)
                  00000de0    0000000e     rtsv7M4_T_le_v4SPD16_eabi.lib : copy_decompress_none.obj (.text:decompress:none)
                  00000dee    0000000c     driverlib.lib : cpu.obj (.text:CPUcpsie)
                  00000dfa    0000000c                   : uart.obj (.text:UARTCharsAvail)
                  00000e06    0000000c                   : uart.obj (.text:UARTSpaceAvail)
                  00000e12    0000000a                   : uart.obj (.text:UARTCharGet)
                  00000e1c    0000000a                   : uart.obj (.text:UARTCharPut)
                  00000e26    0000000a                   : uart.obj (.text:UARTIntStatus)
                  00000e30    00000008                   : uart.obj (.text:UARTIntEnable)
                  00000e38    00000006                   : gpio.obj (.text:GPIOPinWrite)
                  00000e3e    00000006     startup_ccs.obj (.text:ResetISR)
                  00000e44    00000006     driverlib.lib : sysctl.obj (.text:SysCtlDelay)
                  00000e4a    00000006     rtsv7M4_T_le_v4SPD16_eabi.lib : copy_decompress_rle.obj (.text:decompress:rle24)
                  00000e50    00000004     driverlib.lib : uart.obj (.text:UARTIntClear)

.const     0    00000e54    0000016c     
                  00000e54    00000090     driverlib.lib : gpio.obj (.const:g_pui32GPIOBaseAddrs)
                  00000ee4    00000070                   : interrupt.obj (.const)
                  00000f54    0000006c                   : sysctl.obj (.const:g_pui32Xtals)

.cinit     0    00000fc0    00000038     
                  00000fc0    0000000f     (.cinit..data.load) [load image, compression = rle]
                  00000fcf    00000001     --HOLE-- [fill = 0]
                  00000fd0    0000000c     (__TI_handler_table)
                  00000fdc    00000004     --HOLE-- [fill = 0]
                  00000fe0    00000008     (.cinit..bss.load) [load image, compression = zero_init]
                  00000fe8    00000010     (__TI_cinit_table)

.bss       0    20000000    000002bc     UNINITIALIZED
                  20000000    00000258     uart_echo.obj (.bss:Data)
                  20000258    00000064     uart_echo.obj (.bss:Buff)

.stack     0    200002bc    00000100     UNINITIALIZED
                  200002bc    00000100     --HOLE--

.data      0    200003bc    0000001c     UNINITIALIZED
                  200003bc    00000008     rtsv7M4_T_le_v4SPD16_eabi.lib : _lock.obj (.data)
                  200003c4    00000008                                   : exit.obj (.data)
                  200003cc    00000008     uart_echo.obj (.data)
                  200003d4    00000004     rtsv7M4_T_le_v4SPD16_eabi.lib : stkdepth_vars.obj (.data)


LINKER GENERATED COPY TABLES

__TI_cinit_table @ 00000fe8 records: 2, size/record: 8, table size: 16
	.data: load addr=00000fc0, load size=0000000f bytes, run addr=200003bc, run size=0000001c bytes, compression=rle
	.bss: load addr=00000fe0, load size=00000008 bytes, run addr=20000000, run size=000002bc bytes, compression=zero_init


LINKER GENERATED HANDLER TABLE

__TI_handler_table @ 00000fd0 records: 3, size/record: 4, table size: 12
	index: 0, handler: __TI_decompress_rle24
	index: 1, handler: __TI_decompress_none
	index: 2, handler: __TI_zero_init


GLOBAL SYMBOLS: SORTED ALPHABETICALLY BY Name 

address    name
--------   ----
20000258   Buff
00000b65   C$$EXIT
00000def   CPUcpsie
20000000   Data
00000d95   FPUEnable
00000da5   FPULazyStackingEnable
00000cbd   GPIODirModeSet
000003b9   GPIOPadConfigSet
00000a91   GPIOPinConfigure
00000d05   GPIOPinTypeGPIOOutput
00000d71   GPIOPinTypeUART
00000e39   GPIOPinWrite
0000096d   IntEnable
00000db5   IntMasterEnable
00000e3f   ResetISR
UNDEFED    SHT$$INIT_ARRAY$$Base
UNDEFED    SHT$$INIT_ARRAY$$Limit
000004e9   SysCtlClockGet
00000601   SysCtlClockSet
00000e45   SysCtlDelay
00000c29   SysCtlPeripheralEnable
00000901   UART0IntHandler
00000a35   UART5IntHandler
00000e13   UARTCharGet
00000dc5   UARTCharGetNonBlocking
00000e1d   UARTCharPut
00000dd3   UARTCharPutNonBlocking
00000dfb   UARTCharsAvail
00000ba9   UARTConfigSetExpClk
00000ce9   UARTDisable
00000d35   UARTEnable
00000e51   UARTIntClear
00000e31   UARTIntEnable
00000e27   UARTIntStatus
00000c91   UARTSend
00000e07   UARTSpaceAvail
200003bc   __STACK_END
00000100   __STACK_SIZE
200003bc   __STACK_TOP
00000fe8   __TI_CINIT_Base
00000ff8   __TI_CINIT_Limit
00000fd0   __TI_Handler_Table_Base
00000fdc   __TI_Handler_Table_Limit
00000001   __TI_args_main
0000086d   __TI_auto_init
200003c4   __TI_cleanup_ptr
00000de1   __TI_decompress_none
00000e4b   __TI_decompress_rle24
200003c8   __TI_dtors_ptr
00000000   __TI_static_base__
00000d83   __TI_zero_init
000007d1   __aeabi_memcpy
000007d1   __aeabi_memcpy4
000007d1   __aeabi_memcpy8
ffffffff   __binit__
ffffffff   __c_args__
200002bc   __stack
00000d1d   _args_main
00000ad9   _c_int00
200003bc   _lock
00000d57   _nop
00000d4f   _register_lock
00000d49   _register_unlock
200003c0   _unlock
00000b69   abort
ffffffff   binit
00000b21   copy_in
00000b71   exit
200003cc   flgNewGPSstring
00000000   g_pfnVectors
0000026d   main
200003d4   main_func_sp
000007d1   memcpy
00000bed   newchar
00000d5d   strlen
00000c5d   strstr
000006f1   writedata
200003d0   wrtptr


GLOBAL SYMBOLS: SORTED BY Symbol Address 

address    name
--------   ----
00000000   __TI_static_base__
00000000   g_pfnVectors
00000001   __TI_args_main
00000100   __STACK_SIZE
0000026d   main
000003b9   GPIOPadConfigSet
000004e9   SysCtlClockGet
00000601   SysCtlClockSet
000006f1   writedata
000007d1   __aeabi_memcpy
000007d1   __aeabi_memcpy4
000007d1   __aeabi_memcpy8
000007d1   memcpy
0000086d   __TI_auto_init
00000901   UART0IntHandler
0000096d   IntEnable
00000a35   UART5IntHandler
00000a91   GPIOPinConfigure
00000ad9   _c_int00
00000b21   copy_in
00000b65   C$$EXIT
00000b69   abort
00000b71   exit
00000ba9   UARTConfigSetExpClk
00000bed   newchar
00000c29   SysCtlPeripheralEnable
00000c5d   strstr
00000c91   UARTSend
00000cbd   GPIODirModeSet
00000ce9   UARTDisable
00000d05   GPIOPinTypeGPIOOutput
00000d1d   _args_main
00000d35   UARTEnable
00000d49   _register_unlock
00000d4f   _register_lock
00000d57   _nop
00000d5d   strlen
00000d71   GPIOPinTypeUART
00000d83   __TI_zero_init
00000d95   FPUEnable
00000da5   FPULazyStackingEnable
00000db5   IntMasterEnable
00000dc5   UARTCharGetNonBlocking
00000dd3   UARTCharPutNonBlocking
00000de1   __TI_decompress_none
00000def   CPUcpsie
00000dfb   UARTCharsAvail
00000e07   UARTSpaceAvail
00000e13   UARTCharGet
00000e1d   UARTCharPut
00000e27   UARTIntStatus
00000e31   UARTIntEnable
00000e39   GPIOPinWrite
00000e3f   ResetISR
00000e45   SysCtlDelay
00000e4b   __TI_decompress_rle24
00000e51   UARTIntClear
00000fd0   __TI_Handler_Table_Base
00000fdc   __TI_Handler_Table_Limit
00000fe8   __TI_CINIT_Base
00000ff8   __TI_CINIT_Limit
20000000   Data
20000258   Buff
200002bc   __stack
200003bc   __STACK_END
200003bc   __STACK_TOP
200003bc   _lock
200003c0   _unlock
200003c4   __TI_cleanup_ptr
200003c8   __TI_dtors_ptr
200003cc   flgNewGPSstring
200003d0   wrtptr
200003d4   main_func_sp
ffffffff   __binit__
ffffffff   __c_args__
ffffffff   binit
UNDEFED    SHT$$INIT_ARRAY$$Base
UNDEFED    SHT$$INIT_ARRAY$$Limit

[78 symbols]
