******************************************************************************
                  TI ARM Linker PC v5.1.8                      
******************************************************************************
>> Linked Sun Mar 20 22:32:31 2016

OUTPUT FILE NAME:   <uart_echo.out>
ENTRY POINT SYMBOL: "_c_int00"  address: 00000cf1


MEMORY CONFIGURATION

         name            origin    length      used     unused   attr    fill
----------------------  --------  ---------  --------  --------  ----  --------
  FLASH                 00000000   00040000  000011a8  0003ee58  R  X
  SRAM                  20000000   00008000  000003d8  00007c28  RW X


SEGMENT ALLOCATION MAP

run origin  load origin   length   init length attrs members
----------  ----------- ---------- ----------- ----- -------
00000000    00000000    000011a8   000011a8    r-x
  00000000    00000000    0000026c   0000026c    r-- .intvecs
  0000026c    0000026c    00000d98   00000d98    r-x .text
  00001004    00001004    0000016c   0000016c    r-- .const
  00001170    00001170    00000038   00000038    r-- .cinit
20000000    20000000    000003d8   00000000    rw-
  20000000    20000000    000002bc   00000000    rw- .bss
  200002bc    200002bc    00000100   00000000    rw- .stack
  200003bc    200003bc    0000001c   00000000    rw- .data


SECTION ALLOCATION MAP

 output                                  attributes/
section   page    origin      length       input sections
--------  ----  ----------  ----------   ----------------
.intvecs   0    00000000    0000026c     
                  00000000    0000026c     startup_ccs.obj (.intvecs)

.init_array 
*          0    00000000    00000000     UNINITIALIZED

.text      0    0000026c    00000d98     
                  0000026c    0000019a     uart_echo.obj (.text:main)
                  00000406    00000002     startup_ccs.obj (.text:FaultISR)
                  00000408    0000016f     uart_echo.obj (.text:writedata)
                  00000577    00000001     --HOLE-- [fill = 0]
                  00000578    00000130     driverlib.lib : gpio.obj (.text:GPIOPadConfigSet)
                  000006a8    00000118                   : sysctl.obj (.text:SysCtlClockGet)
                  000007c0    000000f0                   : sysctl.obj (.text:SysCtlClockSet)
                  000008b0    000000aa     uart_echo.obj (.text:UART0IntHandler)
                  0000095a    0000009c     rtsv7M4_T_le_v4SPD16_eabi.lib : memcpy_t2.obj (.text)
                  000009f6    00000002     startup_ccs.obj (.text:IntDefaultHandler)
                  000009f8    00000094     rtsv7M4_T_le_v4SPD16_eabi.lib : auto_init.obj (.text)
                  00000a8c    0000008c     uart_echo.obj (.text:UART5IntHandler)
                  00000b18    00000076     uart_echo.obj (.text:newchar)
                  00000b8e    00000002     startup_ccs.obj (.text:NmiSR)
                  00000b90    00000068     driverlib.lib : interrupt.obj (.text:IntEnable)
                  00000bf8    0000005e     rtsv7M4_T_le_v4SPD16_eabi.lib : copy_decompress_rle.obj (.text)
                  00000c56    00000052     uart_echo.obj (.text:UARTSend)
                  00000ca8    00000048     driverlib.lib : gpio.obj (.text:GPIOPinConfigure)
                  00000cf0    00000048     rtsv7M4_T_le_v4SPD16_eabi.lib : boot.obj (.text)
                  00000d38    00000044                                   : cpy_tbl.obj (.text)
                  00000d7c    00000044                                   : exit.obj (.text)
                  00000dc0    00000042     driverlib.lib : uart.obj (.text:UARTConfigSetExpClk)
                  00000e02    00000002     --HOLE-- [fill = 0]
                  00000e04    00000034                   : sysctl.obj (.text:SysCtlPeripheralEnable)
                  00000e38    00000034     rtsv7M4_T_le_v4SPD16_eabi.lib : strstr.obj (.text)
                  00000e6c    0000002a     driverlib.lib : gpio.obj (.text:GPIODirModeSet)
                  00000e96    00000002     --HOLE-- [fill = 0]
                  00000e98    0000001c                   : uart.obj (.text:UARTDisable)
                  00000eb4    00000018                   : gpio.obj (.text:GPIOPinTypeGPIOOutput)
                  00000ecc    00000018     rtsv7M4_T_le_v4SPD16_eabi.lib : args_main.obj (.text)
                  00000ee4    00000014     driverlib.lib : uart.obj (.text:UARTEnable)
                  00000ef8    00000014     rtsv7M4_T_le_v4SPD16_eabi.lib : _lock.obj (.text)
                  00000f0c    00000014                                   : strlen.obj (.text)
                  00000f20    00000012     driverlib.lib : gpio.obj (.text:GPIOPinTypeUART)
                  00000f32    00000012     rtsv7M4_T_le_v4SPD16_eabi.lib : copy_zero_init.obj (.text:decompress:ZI)
                  00000f44    00000010     driverlib.lib : fpu.obj (.text:FPUEnable)
                  00000f54    00000010                   : fpu.obj (.text:FPULazyStackingEnable)
                  00000f64    00000010                   : interrupt.obj (.text:IntMasterEnable)
                  00000f74    0000000e                   : uart.obj (.text:UARTCharGetNonBlocking)
                  00000f82    0000000e                   : uart.obj (.text:UARTCharPutNonBlocking)
                  00000f90    0000000e     rtsv7M4_T_le_v4SPD16_eabi.lib : copy_decompress_none.obj (.text:decompress:none)
                  00000f9e    0000000c     driverlib.lib : cpu.obj (.text:CPUcpsie)
                  00000faa    0000000c                   : uart.obj (.text:UARTCharsAvail)
                  00000fb6    0000000c                   : uart.obj (.text:UARTSpaceAvail)
                  00000fc2    0000000a                   : uart.obj (.text:UARTCharGet)
                  00000fcc    0000000a                   : uart.obj (.text:UARTCharPut)
                  00000fd6    0000000a                   : uart.obj (.text:UARTIntStatus)
                  00000fe0    00000008                   : uart.obj (.text:UARTIntEnable)
                  00000fe8    00000006                   : gpio.obj (.text:GPIOPinWrite)
                  00000fee    00000006     startup_ccs.obj (.text:ResetISR)
                  00000ff4    00000006     driverlib.lib : sysctl.obj (.text:SysCtlDelay)
                  00000ffa    00000006     rtsv7M4_T_le_v4SPD16_eabi.lib : copy_decompress_rle.obj (.text:decompress:rle24)
                  00001000    00000004     driverlib.lib : uart.obj (.text:UARTIntClear)

.const     0    00001004    0000016c     
                  00001004    00000090     driverlib.lib : gpio.obj (.const:g_pui32GPIOBaseAddrs)
                  00001094    00000070                   : interrupt.obj (.const)
                  00001104    0000006c                   : sysctl.obj (.const:g_pui32Xtals)

.cinit     0    00001170    00000038     
                  00001170    0000000f     (.cinit..data.load) [load image, compression = rle]
                  0000117f    00000001     --HOLE-- [fill = 0]
                  00001180    0000000c     (__TI_handler_table)
                  0000118c    00000004     --HOLE-- [fill = 0]
                  00001190    00000008     (.cinit..bss.load) [load image, compression = zero_init]
                  00001198    00000010     (__TI_cinit_table)

.bss       0    20000000    000002bc     UNINITIALIZED
                  20000000    00000258     uart_echo.obj (.bss:Data)
                  20000258    00000064     uart_echo.obj (.bss:Buff)

.stack     0    200002bc    00000100     UNINITIALIZED
                  200002bc    00000100     --HOLE--

.data      0    200003bc    0000001c     UNINITIALIZED
                  200003bc    00000008     rtsv7M4_T_le_v4SPD16_eabi.lib : _lock.obj (.data)
                  200003c4    00000008                                   : exit.obj (.data)
                  200003cc    00000008     uart_echo.obj (.data)
                  200003d4    00000004     rtsv7M4_T_le_v4SPD16_eabi.lib : stkdepth_vars.obj (.data)


LINKER GENERATED COPY TABLES

__TI_cinit_table @ 00001198 records: 2, size/record: 8, table size: 16
	.data: load addr=00001170, load size=0000000f bytes, run addr=200003bc, run size=0000001c bytes, compression=rle
	.bss: load addr=00001190, load size=00000008 bytes, run addr=20000000, run size=000002bc bytes, compression=zero_init


LINKER GENERATED HANDLER TABLE

__TI_handler_table @ 00001180 records: 3, size/record: 4, table size: 12
	index: 0, handler: __TI_decompress_rle24
	index: 1, handler: __TI_decompress_none
	index: 2, handler: __TI_zero_init


GLOBAL SYMBOLS: SORTED ALPHABETICALLY BY Name 

address    name
--------   ----
20000258   Buff
00000d7d   C$$EXIT
00000f9f   CPUcpsie
20000000   Data
00000f45   FPUEnable
00000f55   FPULazyStackingEnable
00000e6d   GPIODirModeSet
00000579   GPIOPadConfigSet
00000ca9   GPIOPinConfigure
00000eb5   GPIOPinTypeGPIOOutput
00000f21   GPIOPinTypeUART
00000fe9   GPIOPinWrite
00000b91   IntEnable
00000f65   IntMasterEnable
00000fef   ResetISR
UNDEFED    SHT$$INIT_ARRAY$$Base
UNDEFED    SHT$$INIT_ARRAY$$Limit
000006a9   SysCtlClockGet
000007c1   SysCtlClockSet
00000ff5   SysCtlDelay
00000e05   SysCtlPeripheralEnable
000008b1   UART0IntHandler
00000a8d   UART5IntHandler
00000fc3   UARTCharGet
00000f75   UARTCharGetNonBlocking
00000fcd   UARTCharPut
00000f83   UARTCharPutNonBlocking
00000fab   UARTCharsAvail
00000dc1   UARTConfigSetExpClk
00000e99   UARTDisable
00000ee5   UARTEnable
00001001   UARTIntClear
00000fe1   UARTIntEnable
00000fd7   UARTIntStatus
00000c57   UARTSend
00000fb7   UARTSpaceAvail
200003bc   __STACK_END
00000100   __STACK_SIZE
200003bc   __STACK_TOP
00001198   __TI_CINIT_Base
000011a8   __TI_CINIT_Limit
00001180   __TI_Handler_Table_Base
0000118c   __TI_Handler_Table_Limit
00000001   __TI_args_main
000009f9   __TI_auto_init
200003c4   __TI_cleanup_ptr
00000f91   __TI_decompress_none
00000ffb   __TI_decompress_rle24
200003c8   __TI_dtors_ptr
00000000   __TI_static_base__
00000f33   __TI_zero_init
0000095b   __aeabi_memcpy
0000095b   __aeabi_memcpy4
0000095b   __aeabi_memcpy8
ffffffff   __binit__
ffffffff   __c_args__
200002bc   __stack
00000ecd   _args_main
00000cf1   _c_int00
200003bc   _lock
00000f07   _nop
00000eff   _register_lock
00000ef9   _register_unlock
200003c0   _unlock
00000d81   abort
ffffffff   binit
00000d39   copy_in
00000d89   exit
200003cc   flgNewGPSstring
00000000   g_pfnVectors
0000026d   main
200003d4   main_func_sp
0000095b   memcpy
00000b19   newchar
00000f0d   strlen
00000e39   strstr
00000409   writedata


GLOBAL SYMBOLS: SORTED BY Symbol Address 

address    name
--------   ----
00000000   __TI_static_base__
00000000   g_pfnVectors
00000001   __TI_args_main
00000100   __STACK_SIZE
0000026d   main
00000409   writedata
00000579   GPIOPadConfigSet
000006a9   SysCtlClockGet
000007c1   SysCtlClockSet
000008b1   UART0IntHandler
0000095b   __aeabi_memcpy
0000095b   __aeabi_memcpy4
0000095b   __aeabi_memcpy8
0000095b   memcpy
000009f9   __TI_auto_init
00000a8d   UART5IntHandler
00000b19   newchar
00000b91   IntEnable
00000c57   UARTSend
00000ca9   GPIOPinConfigure
00000cf1   _c_int00
00000d39   copy_in
00000d7d   C$$EXIT
00000d81   abort
00000d89   exit
00000dc1   UARTConfigSetExpClk
00000e05   SysCtlPeripheralEnable
00000e39   strstr
00000e6d   GPIODirModeSet
00000e99   UARTDisable
00000eb5   GPIOPinTypeGPIOOutput
00000ecd   _args_main
00000ee5   UARTEnable
00000ef9   _register_unlock
00000eff   _register_lock
00000f07   _nop
00000f0d   strlen
00000f21   GPIOPinTypeUART
00000f33   __TI_zero_init
00000f45   FPUEnable
00000f55   FPULazyStackingEnable
00000f65   IntMasterEnable
00000f75   UARTCharGetNonBlocking
00000f83   UARTCharPutNonBlocking
00000f91   __TI_decompress_none
00000f9f   CPUcpsie
00000fab   UARTCharsAvail
00000fb7   UARTSpaceAvail
00000fc3   UARTCharGet
00000fcd   UARTCharPut
00000fd7   UARTIntStatus
00000fe1   UARTIntEnable
00000fe9   GPIOPinWrite
00000fef   ResetISR
00000ff5   SysCtlDelay
00000ffb   __TI_decompress_rle24
00001001   UARTIntClear
00001180   __TI_Handler_Table_Base
0000118c   __TI_Handler_Table_Limit
00001198   __TI_CINIT_Base
000011a8   __TI_CINIT_Limit
20000000   Data
20000258   Buff
200002bc   __stack
200003bc   __STACK_END
200003bc   __STACK_TOP
200003bc   _lock
200003c0   _unlock
200003c4   __TI_cleanup_ptr
200003c8   __TI_dtors_ptr
200003cc   flgNewGPSstring
200003d4   main_func_sp
ffffffff   __binit__
ffffffff   __c_args__
ffffffff   binit
UNDEFED    SHT$$INIT_ARRAY$$Base
UNDEFED    SHT$$INIT_ARRAY$$Limit

[77 symbols]
