******************************************************************************
                  TI ARM Linker PC v5.1.8                      
******************************************************************************
>> Linked Mon Mar 28 19:35:37 2016

OUTPUT FILE NAME:   <uart_echoBT.out>
ENTRY POINT SYMBOL: "_c_int00"  address: 0000246d


MEMORY CONFIGURATION

         name            origin    length      used     unused   attr    fill
----------------------  --------  ---------  --------  --------  ----  --------
  FLASH                 00000000   00040000  00002be2  0003d41e  R  X
  SRAM                  20000000   00008000  000003dc  00007c24  RW X


SEGMENT ALLOCATION MAP

run origin  load origin   length   init length attrs members
----------  ----------- ---------- ----------- ----- -------
00000000    00000000    00002be8   00002be8    r-x
  00000000    00000000    0000026c   0000026c    r-- .intvecs
  0000026c    0000026c    000026ce   000026ce    r-x .text
  0000293c    0000293c    00000270   00000270    r-- .const
  00002bb0    00002bb0    00000038   00000038    r-- .cinit
20000000    20000000    000003dc   00000000    rw-
  20000000    20000000    000002bc   00000000    rw- .bss
  200002bc    200002bc    00000100   00000000    rw- .stack
  200003bc    200003bc    00000020   00000000    rw- .data


SECTION ALLOCATION MAP

 output                                  attributes/
section   page    origin      length       input sections
--------  ----  ----------  ----------   ----------------
.intvecs   0    00000000    0000026c     
                  00000000    0000026c     startup_ccs.obj (.intvecs)

.init_array 
*          0    00000000    00000000     UNINITIALIZED

.text      0    0000026c    000026ce     
                  0000026c    00000ec0     rtsv7M4_T_le_v4SPD16_eabi.lib : _printfi.obj (.text)
                  0000112c    00000378     uart_echo.obj (.text:main)
                  000014a4    000001f4     rtsv7M4_T_le_v4SPD16_eabi.lib : ull_div_t2.obj (.text)
                  00001698    000001b6                                   : fd_add_t2.obj (.text)
                  0000184e    00000136                                   : fd_div_t2.obj (.text)
                  00001984    00000130     driverlib.lib : gpio.obj (.text:GPIOPadConfigSet)
                  00001ab4    00000118                   : sysctl.obj (.text:SysCtlClockGet)
                  00001bcc    000000fc     rtsv7M4_T_le_v4SPD16_eabi.lib : fd_mul_t2.obj (.text)
                  00001cc8    000000f0     driverlib.lib : sysctl.obj (.text:SysCtlClockSet)
                  00001db8    000000d4     uart_echo.obj (.text:writedata)
                  00001e8c    0000009c     rtsv7M4_T_le_v4SPD16_eabi.lib : memcpy_t2.obj (.text)
                  00001f28    00000094                                   : auto_init.obj (.text)
                  00001fbc    00000086                                   : fd_cmp_t2.obj (.text:__aeabi_cdcmple)
                  00002042    00000086                                   : fd_cmp_t2.obj (.text:__aeabi_cdrcmple)
                  000020c8    0000007a                                   : memset_t2.obj (.text)
                  00002142    00000002     startup_ccs.obj (.text:FaultISR)
                  00002144    0000006c     uart_echo.obj (.text:UART1IntHandler)
                  000021b0    00000068     driverlib.lib : interrupt.obj (.text:IntEnable)
                  00002218    00000060     rtsv7M4_T_le_v4SPD16_eabi.lib : sprintf.obj (.text)
                  00002278    0000005e                                   : copy_decompress_rle.obj (.text)
                  000022d6    00000002     startup_ccs.obj (.text:IntDefaultHandler)
                  000022d8    0000005c     uart_echo.obj (.text:UART5IntHandler)
                  00002334    0000005a     rtsv7M4_T_le_v4SPD16_eabi.lib : ltoa.obj (.text)
                  0000238e    00000002     startup_ccs.obj (.text:NmiSR)
                  00002390    0000004c     rtsv7M4_T_le_v4SPD16_eabi.lib : atoi.obj (.text)
                  000023dc    00000048     driverlib.lib : gpio.obj (.text:GPIOPinConfigure)
                  00002424    00000048                   : i2c.obj (.text:I2CMasterInitExpClk)
                  0000246c    00000048     rtsv7M4_T_le_v4SPD16_eabi.lib : boot.obj (.text)
                  000024b4    00000048                                   : fd_toi_t2.obj (.text)
                  000024fc    00000044                                   : cpy_tbl.obj (.text)
                  00002540    00000044                                   : exit.obj (.text)
                  00002584    00000044                                   : xdtest.obj (.text)
                  000025c8    00000042     driverlib.lib : uart.obj (.text:UARTConfigSetExpClk)
                  0000260a    00000002     --HOLE-- [fill = 0]
                  0000260c    00000040     uart_echo.obj (.text:newchar)
                  0000264c    00000034     driverlib.lib : sysctl.obj (.text:SysCtlPeripheralEnable)
                  00002680    00000034     rtsv7M4_T_le_v4SPD16_eabi.lib : strstr.obj (.text)
                  000026b4    0000002e                                   : i_tofd_t2.obj (.text)
                  000026e2    00000002     --HOLE-- [fill = 0]
                  000026e4    0000002c     uart_echo.obj (.text:UARTSend)
                  00002710    0000002a     driverlib.lib : gpio.obj (.text:GPIODirModeSet)
                  0000273a    00000002     --HOLE-- [fill = 0]
                  0000273c    0000001c                   : uart.obj (.text:UARTDisable)
                  00002758    0000001c     rtsv7M4_T_le_v4SPD16_eabi.lib : memccpy.obj (.text)
                  00002774    00000018     driverlib.lib : gpio.obj (.text:GPIOPinTypeGPIOOutput)
                  0000278c    00000018     rtsv7M4_T_le_v4SPD16_eabi.lib : args_main.obj (.text)
                  000027a4    00000018                                   : ll_mul_t2.obj (.text)
                  000027bc    00000014     driverlib.lib : uart.obj (.text:UARTEnable)
                  000027d0    00000014     rtsv7M4_T_le_v4SPD16_eabi.lib : _lock.obj (.text)
                  000027e4    00000014                                   : strlen.obj (.text)
                  000027f8    00000012     driverlib.lib : gpio.obj (.text:GPIOPinTypeI2C)
                  0000280a    00000012                   : gpio.obj (.text:GPIOPinTypeI2CSCL)
                  0000281c    00000012                   : gpio.obj (.text:GPIOPinTypeUART)
                  0000282e    00000012     rtsv7M4_T_le_v4SPD16_eabi.lib : copy_zero_init.obj (.text:decompress:ZI)
                  00002840    00000012                                   : xdclass.obj (.text)
                  00002852    00000002     --HOLE-- [fill = 0]
                  00002854    00000010     driverlib.lib : fpu.obj (.text:FPUEnable)
                  00002864    00000010                   : fpu.obj (.text:FPULazyStackingEnable)
                  00002874    00000010                   : interrupt.obj (.text:IntMasterEnable)
                  00002884    0000000e                   : uart.obj (.text:UARTCharGetNonBlocking)
                  00002892    0000000e                   : uart.obj (.text:UARTCharPutNonBlocking)
                  000028a0    0000000e     rtsv7M4_T_le_v4SPD16_eabi.lib : copy_decompress_none.obj (.text:decompress:none)
                  000028ae    0000000c     driverlib.lib : cpu.obj (.text:CPUcpsie)
                  000028ba    0000000c                   : uart.obj (.text:UARTCharsAvail)
                  000028c6    0000000c                   : uart.obj (.text:UARTSpaceAvail)
                  000028d2    0000000a                   : i2c.obj (.text:I2CMasterEnable)
                  000028dc    0000000a                   : uart.obj (.text:UARTCharGet)
                  000028e6    0000000a                   : uart.obj (.text:UARTCharPut)
                  000028f0    0000000a                   : uart.obj (.text:UARTIntStatus)
                  000028fa    00000008                   : i2c.obj (.text:I2CMasterBusy)
                  00002902    00000008                   : i2c.obj (.text:I2CMasterSlaveAddrSet)
                  0000290a    00000008                   : uart.obj (.text:UARTIntEnable)
                  00002912    00000006                   : gpio.obj (.text:GPIOPinWrite)
                  00002918    00000006     startup_ccs.obj (.text:ResetISR)
                  0000291e    00000006     driverlib.lib : sysctl.obj (.text:SysCtlDelay)
                  00002924    00000006     rtsv7M4_T_le_v4SPD16_eabi.lib : copy_decompress_rle.obj (.text:decompress:rle24)
                  0000292a    00000004     driverlib.lib : i2c.obj (.text:I2CMasterControl)
                  0000292e    00000004                   : i2c.obj (.text:I2CMasterDataGet)
                  00002932    00000004                   : i2c.obj (.text:I2CMasterDataPut)
                  00002936    00000004                   : uart.obj (.text:UARTIntClear)

.const     0    0000293c    00000270     
                  0000293c    00000102     rtsv7M4_T_le_v4SPD16_eabi.lib : ctype.obj (.const:.string:_ctypes_)
                  00002a3e    00000002     --HOLE-- [fill = 0]
                  00002a40    00000090     driverlib.lib : gpio.obj (.const:g_pui32GPIOBaseAddrs)
                  00002ad0    00000070                   : interrupt.obj (.const)
                  00002b40    0000006c                   : sysctl.obj (.const:g_pui32Xtals)

.cinit     0    00002bb0    00000038     
                  00002bb0    00000012     (.cinit..data.load) [load image, compression = rle]
                  00002bc2    00000002     --HOLE-- [fill = 0]
                  00002bc4    0000000c     (__TI_handler_table)
                  00002bd0    00000008     (.cinit..bss.load) [load image, compression = zero_init]
                  00002bd8    00000010     (__TI_cinit_table)

.bss       0    20000000    000002bc     UNINITIALIZED
                  20000000    00000258     uart_echo.obj (.bss:Data)
                  20000258    00000064     uart_echo.obj (.bss:Buff)

.stack     0    200002bc    00000100     UNINITIALIZED
                  200002bc    00000100     --HOLE--

.data      0    200003bc    00000020     UNINITIALIZED
                  200003bc    0000000c     uart_echo.obj (.data)
                  200003c8    00000008     rtsv7M4_T_le_v4SPD16_eabi.lib : _lock.obj (.data)
                  200003d0    00000008                                   : exit.obj (.data)
                  200003d8    00000004                                   : stkdepth_vars.obj (.data)


LINKER GENERATED COPY TABLES

__TI_cinit_table @ 00002bd8 records: 2, size/record: 8, table size: 16
	.data: load addr=00002bb0, load size=00000012 bytes, run addr=200003bc, run size=00000020 bytes, compression=rle
	.bss: load addr=00002bd0, load size=00000008 bytes, run addr=20000000, run size=000002bc bytes, compression=zero_init


LINKER GENERATED HANDLER TABLE

__TI_handler_table @ 00002bc4 records: 3, size/record: 4, table size: 12
	index: 0, handler: __TI_decompress_rle24
	index: 1, handler: __TI_decompress_none
	index: 2, handler: __TI_zero_init


GLOBAL SYMBOLS: SORTED ALPHABETICALLY BY Name 

address    name
--------   ----
20000258   Buff
00002541   C$$EXIT
000028af   CPUcpsie
20000000   Data
00002855   FPUEnable
00002865   FPULazyStackingEnable
00002711   GPIODirModeSet
00001985   GPIOPadConfigSet
000023dd   GPIOPinConfigure
00002775   GPIOPinTypeGPIOOutput
000027f9   GPIOPinTypeI2C
0000280b   GPIOPinTypeI2CSCL
0000281d   GPIOPinTypeUART
00002913   GPIOPinWrite
000028fb   I2CMasterBusy
0000292b   I2CMasterControl
0000292f   I2CMasterDataGet
00002933   I2CMasterDataPut
000028d3   I2CMasterEnable
00002425   I2CMasterInitExpClk
00002903   I2CMasterSlaveAddrSet
000021b1   IntEnable
00002875   IntMasterEnable
00002919   ResetISR
UNDEFED    SHT$$INIT_ARRAY$$Base
UNDEFED    SHT$$INIT_ARRAY$$Limit
00001ab5   SysCtlClockGet
00001cc9   SysCtlClockSet
0000291f   SysCtlDelay
0000264d   SysCtlPeripheralEnable
00002145   UART1IntHandler
000022d9   UART5IntHandler
000028dd   UARTCharGet
00002885   UARTCharGetNonBlocking
000028e7   UARTCharPut
00002893   UARTCharPutNonBlocking
000028bb   UARTCharsAvail
000025c9   UARTConfigSetExpClk
0000273d   UARTDisable
000027bd   UARTEnable
00002937   UARTIntClear
0000290b   UARTIntEnable
000028f1   UARTIntStatus
000026e5   UARTSend
000028c7   UARTSpaceAvail
00002841   _Dclass
00002585   _Dtest
200003bc   __STACK_END
00000100   __STACK_SIZE
200003bc   __STACK_TOP
00002bd8   __TI_CINIT_Base
00002be8   __TI_CINIT_Limit
00002bc4   __TI_Handler_Table_Base
00002bd0   __TI_Handler_Table_Limit
00000001   __TI_args_main
00001f29   __TI_auto_init
200003d0   __TI_cleanup_ptr
000028a1   __TI_decompress_none
00002925   __TI_decompress_rle24
200003d4   __TI_dtors_ptr
00000e23   __TI_printfi
00000000   __TI_static_base__
0000282f   __TI_zero_init
00001fbd   __aeabi_cdcmpeq
00001fbd   __aeabi_cdcmple
00002043   __aeabi_cdrcmple
000024b5   __aeabi_d2iz
000016a3   __aeabi_dadd
0000184f   __aeabi_ddiv
00001bcd   __aeabi_dmul
00001699   __aeabi_dsub
000026b5   __aeabi_i2d
000027a5   __aeabi_lmul
000020c9   __aeabi_memclr
000020c9   __aeabi_memclr4
000020c9   __aeabi_memclr8
00001e8d   __aeabi_memcpy
00001e8d   __aeabi_memcpy4
00001e8d   __aeabi_memcpy8
000020cb   __aeabi_memset
000020cb   __aeabi_memset4
000020cb   __aeabi_memset8
000014a5   __aeabi_uldivmod
ffffffff   __binit__
ffffffff   __c_args__
200002bc   __stack
0000278d   _args_main
0000246d   _c_int00
0000293c   _ctypes_
200003c8   _lock
000027df   _nop
000027d7   _register_lock
000027d1   _register_unlock
200003cc   _unlock
00002545   abort
00002391   atoi
ffffffff   binit
000024fd   copy_in
0000254d   exit
200003bc   flgNewGPSstring
200003c0   flgSendAcc
00000000   g_pfnVectors
00002335   ltoa
0000112d   main
200003d8   main_func_sp
00002759   memccpy
00001e8d   memcpy
000020d1   memset
0000260d   newchar
00002219   sprintf
000027e5   strlen
00002681   strstr
00001db9   writedata


GLOBAL SYMBOLS: SORTED BY Symbol Address 

address    name
--------   ----
00000000   __TI_static_base__
00000000   g_pfnVectors
00000001   __TI_args_main
00000100   __STACK_SIZE
00000e23   __TI_printfi
0000112d   main
000014a5   __aeabi_uldivmod
00001699   __aeabi_dsub
000016a3   __aeabi_dadd
0000184f   __aeabi_ddiv
00001985   GPIOPadConfigSet
00001ab5   SysCtlClockGet
00001bcd   __aeabi_dmul
00001cc9   SysCtlClockSet
00001db9   writedata
00001e8d   __aeabi_memcpy
00001e8d   __aeabi_memcpy4
00001e8d   __aeabi_memcpy8
00001e8d   memcpy
00001f29   __TI_auto_init
00001fbd   __aeabi_cdcmpeq
00001fbd   __aeabi_cdcmple
00002043   __aeabi_cdrcmple
000020c9   __aeabi_memclr
000020c9   __aeabi_memclr4
000020c9   __aeabi_memclr8
000020cb   __aeabi_memset
000020cb   __aeabi_memset4
000020cb   __aeabi_memset8
000020d1   memset
00002145   UART1IntHandler
000021b1   IntEnable
00002219   sprintf
000022d9   UART5IntHandler
00002335   ltoa
00002391   atoi
000023dd   GPIOPinConfigure
00002425   I2CMasterInitExpClk
0000246d   _c_int00
000024b5   __aeabi_d2iz
000024fd   copy_in
00002541   C$$EXIT
00002545   abort
0000254d   exit
00002585   _Dtest
000025c9   UARTConfigSetExpClk
0000260d   newchar
0000264d   SysCtlPeripheralEnable
00002681   strstr
000026b5   __aeabi_i2d
000026e5   UARTSend
00002711   GPIODirModeSet
0000273d   UARTDisable
00002759   memccpy
00002775   GPIOPinTypeGPIOOutput
0000278d   _args_main
000027a5   __aeabi_lmul
000027bd   UARTEnable
000027d1   _register_unlock
000027d7   _register_lock
000027df   _nop
000027e5   strlen
000027f9   GPIOPinTypeI2C
0000280b   GPIOPinTypeI2CSCL
0000281d   GPIOPinTypeUART
0000282f   __TI_zero_init
00002841   _Dclass
00002855   FPUEnable
00002865   FPULazyStackingEnable
00002875   IntMasterEnable
00002885   UARTCharGetNonBlocking
00002893   UARTCharPutNonBlocking
000028a1   __TI_decompress_none
000028af   CPUcpsie
000028bb   UARTCharsAvail
000028c7   UARTSpaceAvail
000028d3   I2CMasterEnable
000028dd   UARTCharGet
000028e7   UARTCharPut
000028f1   UARTIntStatus
000028fb   I2CMasterBusy
00002903   I2CMasterSlaveAddrSet
0000290b   UARTIntEnable
00002913   GPIOPinWrite
00002919   ResetISR
0000291f   SysCtlDelay
00002925   __TI_decompress_rle24
0000292b   I2CMasterControl
0000292f   I2CMasterDataGet
00002933   I2CMasterDataPut
00002937   UARTIntClear
0000293c   _ctypes_
00002bc4   __TI_Handler_Table_Base
00002bd0   __TI_Handler_Table_Limit
00002bd8   __TI_CINIT_Base
00002be8   __TI_CINIT_Limit
20000000   Data
20000258   Buff
200002bc   __stack
200003bc   __STACK_END
200003bc   __STACK_TOP
200003bc   flgNewGPSstring
200003c0   flgSendAcc
200003c8   _lock
200003cc   _unlock
200003d0   __TI_cleanup_ptr
200003d4   __TI_dtors_ptr
200003d8   main_func_sp
ffffffff   __binit__
ffffffff   __c_args__
ffffffff   binit
UNDEFED    SHT$$INIT_ARRAY$$Base
UNDEFED    SHT$$INIT_ARRAY$$Limit

[113 symbols]
