******************************************************************************
                  TI ARM Linker PC v5.2.5                      
******************************************************************************
>> Linked Fri Apr 08 06:00:11 2016

OUTPUT FILE NAME:   <adc.out>
ENTRY POINT SYMBOL: "_c_int00"  address: 20006fc9


MEMORY CONFIGURATION

         name            origin    length      used     unused   attr    fill
----------------------  --------  ---------  --------  --------  ----  --------
  SRAM_CODE             20004000   00013000  000038d6  0000f72a  RW X
  SRAM_DATA             20017000   00019000  0000d164  0000be9c  RW X


SEGMENT ALLOCATION MAP

run origin  load origin   length   init length attrs members
----------  ----------- ---------- ----------- ----- -------
20004000    20004000    000038d8   000038d8    r-x
  20004000    20004000    00000308   00000308    r-- .intvecs
  20004308    20004308    0000322a   0000322a    r-x .text
  20007534    20007534    0000032c   0000032c    r-- .const
  20007860    20007860    00000078   00000078    r-- .cinit
20017000    20017000    0000c168   00000000    rw-
  20017000    20017000    00008000   00000000    rw- .sysmem
  2001f000    2001f000    00004004   00000000    rw- .bss
  20023008    20023008    00000160   00000000    rw- .data
2002f000    2002f000    00001000   00000000    rw-
  2002f000    2002f000    00001000   00000000    rw- .stack


SECTION ALLOCATION MAP

 output                                  attributes/
section   page    origin      length       input sections
--------  ----  ----------  ----------   ----------------
.intvecs   0    20004000    00000308     
                  20004000    00000308     startup_ccs.obj (.intvecs)

.init_array 
*          0    20004000    00000000     UNINITIALIZED

.text      0    20004308    0000322a     
                  20004308    000010a6     rtsv7M4_T_le_eabi.lib : _printfi.obj (.text)
                  200053ae    00000002     --HOLE-- [fill = 0]
                  200053b0    000003dc                           : memory.obj (.text)
                  2000578c    00000216     adc_userinput.obj (.text)
                  200059a2    00000002     --HOLE-- [fill = 0]
                  200059a4    000001f8     main.obj (.text)
                  20005b9c    000001f4     rtsv7M4_T_le_eabi.lib : ull_div_t2.obj (.text)
                  20005d90    000001cc     uart_if.obj (.text)
                  20005f5c    000001b6     rtsv7M4_T_le_eabi.lib : fd_add_t2.obj (.text)
                  20006112    00000002     --HOLE-- [fill = 0]
                  20006114    00000178     driverlib.a : prcm.obj (.text:PRCMCC3200MCUInit)
                  2000628c    00000136     rtsv7M4_T_le_eabi.lib : fd_div_t2.obj (.text)
                  200063c2    00000002     --HOLE-- [fill = 0]
                  200063c4    00000110                           : xdscale.obj (.text)
                  200064d4    000000fc                           : fd_mul_t2.obj (.text)
                  200065d0    000000be                           : xdnorm.obj (.text)
                  2000668e    00000002     --HOLE-- [fill = 0]
                  20006690    000000a8     driverlib.a : interrupt.obj (.text:IntEnable)
                  20006738    0000009c     rtsv7M4_T_le_eabi.lib : memcpy_t2.obj (.text)
                  200067d4    00000094     driverlib.a : prcm.obj (.text:PRCMPeripheralClockGet)
                  20006868    00000088                 : pin.obj (.text:PinConfigSet)
                  200068f0    00000088     rtsv7M4_T_le_eabi.lib : vsnprintf.obj (.text)
                  20006978    00000086                           : fd_cmp_t2.obj (.text:__aeabi_cdcmple)
                  200069fe    00000086                           : fd_cmp_t2.obj (.text:__aeabi_cdrcmple)
                  20006a84    0000007a                           : memset_t2.obj (.text)
                  20006afe    00000076     driverlib.a : uart.obj (.text:UARTConfigSetExpClk)
                  20006b74    0000006c     rtsv7M4_T_le_eabi.lib : autoinit.obj (.text)
                  20006be0    0000006a                           : copy_decompress_rle.obj (.text)
                  20006c4a    00000066                           : xdunscal.obj (.text)
                  20006cb0    00000058     driverlib.a : prcm.obj (.text:PRCMPeripheralReset)
                  20006d08    00000056     rtsv7M4_T_le_eabi.lib : ltoa.obj (.text)
                  20006d5e    00000002     --HOLE-- [fill = 0]
                  20006d60    0000004c                           : atoi.obj (.text)
                  20006dac    0000004c                           : cpy_tbl.obj (.text)
                  20006df8    00000048                           : fd_toi_t2.obj (.text)
                  20006e40    00000046                           : ldexp.obj (.text)
                  20006e86    00000002     --HOLE-- [fill = 0]
                  20006e88    00000044                           : exit.obj (.text)
                  20006ecc    00000040     driverlib.a : pin.obj (.text:PinModeSet)
                  20006f0c    00000040     rtsv7M4_T_le_eabi.lib : signal.obj (.text)
                  20006f4c    00000040                           : strtok.obj (.text)
                  20006f8c    0000003c     driverlib.a : prcm.obj (.text:PRCMPeripheralClkEnable)
                  20006fc8    0000003c     rtsv7M4_T_le_eabi.lib : boot.obj (.text)
                  20007004    00000038     driverlib.a : adc.obj (.text:ADCChannelDisable)
                  2000703c    00000038                 : adc.obj (.text:ADCChannelEnable)
                  20007074    00000038     rtsv7M4_T_le_eabi.lib : fs_tod_t2.obj (.text)
                  200070ac    00000034                           : feraiseexcept.obj (.text)
                  200070e0    00000030     driverlib.a : uart.obj (.text:UARTDisable)
                  20007110    00000030     rtsv7M4_T_le_eabi.lib : xferaise.obj (.text)
                  20007140    0000002e                           : i_tofd_t2.obj (.text)
                  2000716e    0000002e                           : raise.obj (.text)
                  2000719c    0000002c     driverlib.a : prcm.obj (.text:PRCMSysResetCauseGet)
                  200071c8    0000002a     rtsv7M4_T_le_eabi.lib : strspn.obj (.text)
                  200071f2    0000002a                           : xdclass.obj (.text)
                  2000721c    00000028     driverlib.a : prcm.obj (.text:PRCMPeripheralClkDisable)
                  20007244    00000024                 : uart.obj (.text:UARTEnable)
                  20007268    00000024     rtsv7M4_T_le_eabi.lib : memmov.obj (.text)
                  2000728c    00000024                           : strcspn.obj (.text)
                  200072b0    00000024                           : u_tofs_t2.obj (.text)
                  200072d4    00000022     driverlib.a : adc.obj (.text:ADCTimerConfig)
                  200072f6    00000022     rtsv7M4_T_le_eabi.lib : frexp.obj (.text)
                  20007318    0000001e     driverlib.a : uart.obj (.text:UARTCharPut)
                  20007336    0000001c                 : adc.obj (.text:ADCFIFOLvlGet)
                  20007352    0000001c                 : uart.obj (.text:UARTCharGetNonBlocking)
                  2000736e    0000001c     pinmux.obj (.text)
                  2000738a    0000001c     rtsv7M4_T_le_eabi.lib : memccpy.obj (.text)
                  200073a6    0000001a     driverlib.a : pin.obj (.text:PinTypeUART)
                  200073c0    00000018                 : adc.obj (.text:ADCFIFORead)
                  200073d8    00000018                 : uart.obj (.text:UARTCharsAvail)
                  200073f0    00000018     rtsv7M4_T_le_eabi.lib : args_main.obj (.text)
                  20007408    00000018                           : strcmp.obj (.text)
                  20007420    00000016     driverlib.a : adc.obj (.text:ADCTimerEnable)
                  20007436    00000016                 : prcm.obj (.text:PRCMHIBRegRead)
                  2000744c    00000016                 : prcm.obj (.text:PRCMHIBRegWrite)
                  20007462    00000016     rtsv7M4_T_le_eabi.lib : strchr.obj (.text)
                  20007478    00000014     driverlib.a : adc.obj (.text:ADCEnable)
                  2000748c    00000014                 : cpu.obj (.text:CPUcpsie)
                  200074a0    00000014                 : interrupt.obj (.text:IntVTableBaseSet)
                  200074b4    00000014                 : pin.obj (.text:PinTypeADC)
                  200074c8    00000014     rtsv7M4_T_le_eabi.lib : _lock.obj (.text)
                  200074dc    00000014                           : strlen.obj (.text)
                  200074f0    0000000e                           : copy_decompress_none.obj (.text:decompress:none)
                  200074fe    0000000e     startup_ccs.obj (.text)
                  2000750c    0000000c     rtsv7M4_T_le_eabi.lib : copy_zero_init.obj (.text:decompress:ZI)
                  20007518    0000000a     driverlib.a : interrupt.obj (.text:IntMasterEnable)
                  20007522    00000006                 : utils.obj (.text:UtilsDelay)
                  20007528    00000006     rtsv7M4_T_le_eabi.lib : copy_decompress_rle.obj (.text:decompress:rle24)
                  2000752e    00000004                           : pre_init.obj (.text)

.const     0    20007534    0000032c     
                  20007534    00000101     rtsv7M4_T_le_eabi.lib : ctype.obj (.const:.string:_ctypes_)
                  20007635    00000003     --HOLE-- [fill = 0]
                  20007638    00000100     driverlib.a : pin.obj (.const:g_ulPinToPadMap)
                  20007738    000000a8                 : prcm.obj (.const:PRCM_PeriphRegsList)
                  200077e0    00000080                 : interrupt.obj (.const)

.cinit     0    20007860    00000078     
                  20007860    0000004e     (.cinit..data.load) [load image, compression = rle]
                  200078ae    00000002     --HOLE-- [fill = 0]
                  200078b0    0000000c     (__TI_handler_table)
                  200078bc    00000004     --HOLE-- [fill = 0]
                  200078c0    00000008     (.cinit..bss.load) [load image, compression = zero_init]
                  200078c8    00000010     (__TI_cinit_table)

.sysmem    0    20017000    00008000     UNINITIALIZED
                  20017000    00000008     rtsv7M4_T_le_eabi.lib : memory.obj (.sysmem)
                  20017008    00007ff8     --HOLE--

.bss       0    2001f000    00004004     UNINITIALIZED
                  2001f000    00004000     main.obj (.bss:pulAdcSamples)
                  20023000    00000004     (.common:__Errorlog)

.TI.noinit 
*          0    2001f000    00000000     UNINITIALIZED

.data      0    20023008    00000160     UNINITIALIZED
                  20023008    000000b0     rtsv7M4_T_le_eabi.lib : signal.obj (.data:sigtable)
                  200230b8    00000080                           : xvalues.obj (.data)
                  20023138    0000000c                           : memory.obj (.data)
                  20023144    00000008                           : _lock.obj (.data)
                  2002314c    00000008                           : exit.obj (.data)
                  20023154    00000008                           : feraiseexcept.obj (.data)
                  2002315c    00000004                           : errno.obj (.data)
                  20023160    00000004                           : stkdepth_vars.obj (.data)
                  20023164    00000004                           : strtok.obj (.data)

.TI.persistent 
*          0    20023008    00000000     UNINITIALIZED

.stack     0    2002f000    00001000     UNINITIALIZED
                  2002f000    00001000     --HOLE--


LINKER GENERATED COPY TABLES

__TI_cinit_table @ 200078c8 records: 2, size/record: 8, table size: 16
	.data: load addr=20007860, load size=0000004e bytes, run addr=20023008, run size=00000160 bytes, compression=rle
	.bss: load addr=200078c0, load size=00000008 bytes, run addr=2001f000, run size=00004004 bytes, compression=zero_init


LINKER GENERATED HANDLER TABLE

__TI_handler_table @ 200078b0 records: 3, size/record: 4, table size: 12
	index: 0, handler: __TI_decompress_rle24
	index: 1, handler: __TI_decompress_none
	index: 2, handler: __TI_zero_init


GLOBAL SYMBOLS: SORTED ALPHABETICALLY BY Name 

address   name                    
-------   ----                    
20007005  ADCChannelDisable       
2000703d  ADCChannelEnable        
20007479  ADCEnable               
20007337  ADCFIFOLvlGet           
200073c1  ADCFIFORead             
2000578d  ADCParser               
200072d5  ADCTimerConfig          
20007421  ADCTimerEnable          
20006e89  C$$EXIT                 
2000748d  CPUcpsie                
20005dc9  ClearTerm               
20005dcf  Error                   
20005e03  GetCmd                  
20005d91  InitTerm                
20006691  IntEnable               
20007519  IntMasterEnable         
200074a1  IntVTableBaseSet        
20005daf  Message                 
20006115  PRCMCC3200MCUInit       
20007437  PRCMHIBRegRead          
2000744d  PRCMHIBRegWrite         
2000721d  PRCMPeripheralClkDisable
20006f8d  PRCMPeripheralClkEnable 
200067d5  PRCMPeripheralClockGet  
20006cb1  PRCMPeripheralReset     
2000719d  PRCMSysResetCauseGet    
20006869  PinConfigSet            
20006ecd  PinModeSet              
2000736f  PinMuxConfig            
200074b5  PinTypeADC              
200073a7  PinTypeUART             
20005831  ReadFromUser            
20005ec1  Report                  
200074ff  ResetISR                
UNDEFED   SHT$$INIT_ARRAY$$Base   
UNDEFED   SHT$$INIT_ARRAY$$Limit  
20005e77  TrimSpace               
20007353  UARTCharGetNonBlocking  
20007319  UARTCharPut             
200073d9  UARTCharsAvail          
20006aff  UARTConfigSetExpClk     
200070e1  UARTDisable             
20007245  UARTEnable              
200057f3  UsageDisplay            
20007523  UtilsDelay              
200071f3  _Dclass                 
200230b8  _Denorm                 
200065d1  _Dnorm                  
200063c5  _Dscale                 
20006c4b  _Dunscale               
200230c8  _Eps                    
2002315c  _Errno                  
20023154  _Fenv                   
20007111  _Feraise                
200230d8  _Hugeval                
200230e8  _Inf                    
200230f8  _Nan                    
20023118  _Rteps                  
20023108  _Snan                   
20023158  _Tls_setup__Fenv        
20023128  _Xbig                   
20023130  _Zero                   
20030000  __STACK_END             
00001000  __STACK_SIZE            
00008000  __SYSMEM_SIZE           
200078c8  __TI_CINIT_Base         
200078d8  __TI_CINIT_Limit        
200078b0  __TI_Handler_Table_Base 
200078bc  __TI_Handler_Table_Limit
20006b75  __TI_auto_init          
2002314c  __TI_cleanup_ptr        
200074f1  __TI_decompress_none    
20007529  __TI_decompress_rle24   
20023150  __TI_dtors_ptr          
200050a9  __TI_printfi            
20007860  __TI_static_base__      
2000750d  __TI_zero_init          
20006979  __aeabi_cdcmpeq         
20006979  __aeabi_cdcmple         
200069ff  __aeabi_cdrcmple        
20006df9  __aeabi_d2iz            
20005f67  __aeabi_dadd            
2000628d  __aeabi_ddiv            
200064d5  __aeabi_dmul            
20005f5d  __aeabi_dsub            
20007075  __aeabi_f2d             
20007141  __aeabi_i2d             
20006a85  __aeabi_memclr          
20006a85  __aeabi_memclr4         
20006a85  __aeabi_memclr8         
20006739  __aeabi_memcpy          
20006739  __aeabi_memcpy4         
20006739  __aeabi_memcpy8         
20006a87  __aeabi_memset          
20006a87  __aeabi_memset4         
20006a87  __aeabi_memset8         
200072b1  __aeabi_ui2f            
20005b9d  __aeabi_uldivmod        
ffffffff  __binit__               
ffffffff  __c_args__              
2002f000  __stack                 
200073f1  _args_main              
20006fc9  _c_int00                
20007534  _ctypes_                
20023144  _lock                   
200074d7  _nop                    
200074cf  _register_lock          
200074c9  _register_unlock        
20017000  _sys_memory             
2000752f  _system_pre_init        
20023148  _unlock                 
20006e8d  abort                   
20006d61  atoi                    
ffffffff  binit                   
20005759  calloc                  
20006dad  copy_in                 
20006e95  exit                    
200070ad  feraiseexcept           
200054a7  free                    
200072f7  frexp                   
20004000  g_pfnVectors            
20006e41  ldexp                   
20006d09  ltoa                    
200059e7  main                    
20023160  main_func_sp            
2000543f  malloc                  
20005675  memalign                
2000738b  memccpy                 
20006739  memcpy                  
20007269  memmove                 
20006a8d  memset                  
200053b1  minit                   
2001f000  pulAdcSamples           
2000716f  raise                   
20005569  realloc                 
20006f0d  signal                  
20007463  strchr                  
20007409  strcmp                  
2000728d  strcspn                 
200074dd  strlen                  
200071c9  strspn                  
20006f4d  strtok                  
200068f1  vsnprintf               


GLOBAL SYMBOLS: SORTED BY Symbol Address 

address   name                    
-------   ----                    
00001000  __STACK_SIZE            
00008000  __SYSMEM_SIZE           
20004000  g_pfnVectors            
200050a9  __TI_printfi            
200053b1  minit                   
2000543f  malloc                  
200054a7  free                    
20005569  realloc                 
20005675  memalign                
20005759  calloc                  
2000578d  ADCParser               
200057f3  UsageDisplay            
20005831  ReadFromUser            
200059e7  main                    
20005b9d  __aeabi_uldivmod        
20005d91  InitTerm                
20005daf  Message                 
20005dc9  ClearTerm               
20005dcf  Error                   
20005e03  GetCmd                  
20005e77  TrimSpace               
20005ec1  Report                  
20005f5d  __aeabi_dsub            
20005f67  __aeabi_dadd            
20006115  PRCMCC3200MCUInit       
2000628d  __aeabi_ddiv            
200063c5  _Dscale                 
200064d5  __aeabi_dmul            
200065d1  _Dnorm                  
20006691  IntEnable               
20006739  __aeabi_memcpy          
20006739  __aeabi_memcpy4         
20006739  __aeabi_memcpy8         
20006739  memcpy                  
200067d5  PRCMPeripheralClockGet  
20006869  PinConfigSet            
200068f1  vsnprintf               
20006979  __aeabi_cdcmpeq         
20006979  __aeabi_cdcmple         
200069ff  __aeabi_cdrcmple        
20006a85  __aeabi_memclr          
20006a85  __aeabi_memclr4         
20006a85  __aeabi_memclr8         
20006a87  __aeabi_memset          
20006a87  __aeabi_memset4         
20006a87  __aeabi_memset8         
20006a8d  memset                  
20006aff  UARTConfigSetExpClk     
20006b75  __TI_auto_init          
20006c4b  _Dunscale               
20006cb1  PRCMPeripheralReset     
20006d09  ltoa                    
20006d61  atoi                    
20006dad  copy_in                 
20006df9  __aeabi_d2iz            
20006e41  ldexp                   
20006e89  C$$EXIT                 
20006e8d  abort                   
20006e95  exit                    
20006ecd  PinModeSet              
20006f0d  signal                  
20006f4d  strtok                  
20006f8d  PRCMPeripheralClkEnable 
20006fc9  _c_int00                
20007005  ADCChannelDisable       
2000703d  ADCChannelEnable        
20007075  __aeabi_f2d             
200070ad  feraiseexcept           
200070e1  UARTDisable             
20007111  _Feraise                
20007141  __aeabi_i2d             
2000716f  raise                   
2000719d  PRCMSysResetCauseGet    
200071c9  strspn                  
200071f3  _Dclass                 
2000721d  PRCMPeripheralClkDisable
20007245  UARTEnable              
20007269  memmove                 
2000728d  strcspn                 
200072b1  __aeabi_ui2f            
200072d5  ADCTimerConfig          
200072f7  frexp                   
20007319  UARTCharPut             
20007337  ADCFIFOLvlGet           
20007353  UARTCharGetNonBlocking  
2000736f  PinMuxConfig            
2000738b  memccpy                 
200073a7  PinTypeUART             
200073c1  ADCFIFORead             
200073d9  UARTCharsAvail          
200073f1  _args_main              
20007409  strcmp                  
20007421  ADCTimerEnable          
20007437  PRCMHIBRegRead          
2000744d  PRCMHIBRegWrite         
20007463  strchr                  
20007479  ADCEnable               
2000748d  CPUcpsie                
200074a1  IntVTableBaseSet        
200074b5  PinTypeADC              
200074c9  _register_unlock        
200074cf  _register_lock          
200074d7  _nop                    
200074dd  strlen                  
200074f1  __TI_decompress_none    
200074ff  ResetISR                
2000750d  __TI_zero_init          
20007519  IntMasterEnable         
20007523  UtilsDelay              
20007529  __TI_decompress_rle24   
2000752f  _system_pre_init        
20007534  _ctypes_                
20007860  __TI_static_base__      
200078b0  __TI_Handler_Table_Base 
200078bc  __TI_Handler_Table_Limit
200078c8  __TI_CINIT_Base         
200078d8  __TI_CINIT_Limit        
20017000  _sys_memory             
2001f000  pulAdcSamples           
200230b8  _Denorm                 
200230c8  _Eps                    
200230d8  _Hugeval                
200230e8  _Inf                    
200230f8  _Nan                    
20023108  _Snan                   
20023118  _Rteps                  
20023128  _Xbig                   
20023130  _Zero                   
20023144  _lock                   
20023148  _unlock                 
2002314c  __TI_cleanup_ptr        
20023150  __TI_dtors_ptr          
20023154  _Fenv                   
20023158  _Tls_setup__Fenv        
2002315c  _Errno                  
20023160  main_func_sp            
2002f000  __stack                 
20030000  __STACK_END             
ffffffff  __binit__               
ffffffff  __c_args__              
ffffffff  binit                   
UNDEFED   SHT$$INIT_ARRAY$$Base   
UNDEFED   SHT$$INIT_ARRAY$$Limit  

[143 symbols]
