******************************************************************************
                  TI ARM Linker PC v5.2.5                      
******************************************************************************
>> Linked Wed Jun 01 19:44:05 2016

OUTPUT FILE NAME:   <ProjectV2.out>
ENTRY POINT SYMBOL: "_c_int00"  address: 2000dc39


MEMORY CONFIGURATION

         name            origin    length      used     unused   attr    fill
----------------------  --------  ---------  --------  --------  ----  --------
  SRAM_CODE             20004000   00013000  0000ad42  000082be  RW X
  SRAM_DATA             20017000   00019000  000019e2  0001761e  RW X


SEGMENT ALLOCATION MAP

run origin  load origin   length   init length attrs members
----------  ----------- ---------- ----------- ----- -------
20004000    20004000    0000ad48   0000ad48    r-x
  20004000    20004000    00000308   00000308    r-- .intvecs
  20004308    20004308    0000a30e   0000a30e    r-x .text
  2000e618    2000e618    0000069c   0000069c    r-- .const
  2000ecb8    2000ecb8    00000090   00000090    r-- .cinit
20017000    20017000    000011e8   00000000    rw-
  20017000    20017000    00000800   00000000    rw- .sysmem
  20017800    20017800    000007aa   00000000    rw- .bss
  20017fb0    20017fb0    00000238   00000000    rw- .data
2002f800    2002f800    00000800   00000000    rw-
  2002f800    2002f800    00000800   00000000    rw- .stack


SECTION ALLOCATION MAP

 output                                  attributes/
section   page    origin      length       input sections
--------  ----  ----------  ----------   ----------------
.intvecs   0    20004000    00000308     
                  20004000    00000308     startup_ccs.obj (.intvecs)

.init_array 
*          0    20004000    00000000     UNINITIALIZED

.text      0    20004308    0000a30e     
                  20004308    000010a6     rtsv7M4_T_le_eabi.lib : _printfi.obj (.text)
                  200053ae    00000002     driverlib.a : interrupt.obj (.text:IntDefaultHandler)
                  200053b0    00000fc4     webclient.a : httpcli.obj (.text)
                  20006374    00000e08     main.obj (.text)
                  2000717c    000005f0     json.a : jsmn.obj (.text)
                  2000776c    00000590     simplelink.a : driver.obj (.text:_SlDrvMsgRead)
                  20007cfc    000004b4     SimpleLinkFunctions.obj (.text)
                  200081b0    000003dc     rtsv7M4_T_le_eabi.lib : memory.obj (.text)
                  2000858c    0000039c     gpio_if.obj (.text)
                  20008928    000002ea     webclient.a : ssock.obj (.text)
                  20008c12    00000002     --HOLE-- [fill = 0]
                  20008c14    00000280     uart_if.obj (.text)
                  20008e94    00000260     simplelink.a : wlan.obj (.text:sl_WlanConnect)
                  200090f4    000001fc                  : driver.obj (.text:_SlDrvRxHdrRead)
                  200092f0    000001f4     rtsv7M4_T_le_eabi.lib : ull_div_t2.obj (.text)
                  200094e4    000001e4     simplelink.a : driver.obj (.text:_SlDrvDataReadOp)
                  200096c8    000001d0                  : driver.obj (.text:_SlDrvReleasePoolObj)
                  20009898    000001b6     rtsv7M4_T_le_eabi.lib : fd_add_t2.obj (.text)
                  20009a4e    00000002     --HOLE-- [fill = 0]
                  20009a50    000001b4     simplelink.a : driver.obj (.text:_SlDrvDriverCBInit)
                  20009c04    0000019c                  : driver.obj (.text:_SlDrvMsgWrite)
                  20009da0    00000190                  : driver.obj (.text:_SlDrvWaitForPoolObj)
                  20009f30    00000178     driverlib.a : prcm.obj (.text:PRCMCC3200MCUInit)
                  2000a0a8    00000170     simplelink.a : driver.obj (.text:_SlFindAndSetActiveObj)
                  2000a218    0000016c                  : socket.obj (.text:sl_Connect)
                  2000a384    00000150                  : driver.obj (.text:_SlDrvDataWriteOp)
                  2000a4d4    00000148                  : cc_pal.obj (.text:spi_Open)
                  2000a61c    00000136     rtsv7M4_T_le_eabi.lib : fd_div_t2.obj (.text)
                  2000a752    00000002     --HOLE-- [fill = 0]
                  2000a754    0000012c     simplelink.a : netapp.obj (.text:sl_NetAppDnsGetHostByName)
                  2000a880    00000128                  : driver.obj (.text:_SlDrvMsgReadCmdCtx)
                  2000a9a8    00000124                  : driver.obj (.text:_SlDrvDriverCBDeinit)
                  2000aacc    00000118                  : socket.obj (.text:sl_Send)
                  2000abe4    00000114     rtsv7M4_T_le_eabi.lib : strtoul.obj (.text)
                  2000acf8    00000110                           : xdscale.obj (.text)
                  2000ae08    00000104     simplelink.a : netapp.obj (.text:_SlDrvNetAppEventHandler)
                  2000af0c    000000fc     rtsv7M4_T_le_eabi.lib : fd_mul_t2.obj (.text)
                  2000b008    000000f0     simplelink.a : cc_pal.obj (.text:spi_Read)
                  2000b0f8    000000f0     driverlib.a : udma.obj (.text:uDMAChannelTransferSet)
                  2000b1e8    000000e8     simplelink.a : driver.obj (.text:_SlAsyncEventGenericHandler)
                  2000b2d0    000000e4                  : device.obj (.text:sl_Stop)
                  2000b3b4    000000e0                  : device.obj (.text:sl_Start)
                  2000b494    000000dc                  : driver.obj (.text:_SlDrvClassifyRxMsg)
                  2000b570    000000d4                  : driver.obj (.text:_SlDrvMsgReadSpawnCtx)
                  2000b644    000000cc                  : netapp.obj (.text:_sl_HandleAsync_DnsGetHostByService)
                  2000b710    000000c8                  : netapp.obj (.text:sl_NetAppMDNSRegisterUnregisterService)
                  2000b7d8    000000c4                  : driver.obj (.text:_SlRemoveFromList)
                  2000b89c    000000c0                  : driver.obj (.text:_SlDrvCmdOp)
                  2000b95c    000000be     rtsv7M4_T_le_eabi.lib : xdnorm.obj (.text)
                  2000ba1a    00000002     --HOLE-- [fill = 0]
                  2000ba1c    000000b8     pinmux.obj (.text)
                  2000bad4    000000b4     simplelink.a : device.obj (.text:sl_DevGet)
                  2000bb88    000000a8     driverlib.a : interrupt.obj (.text:IntDisable)
                  2000bc30    000000a8                 : interrupt.obj (.text:IntEnable)
                  2000bcd8    000000a4     simplelink.a : driver.obj (.text:_SlDriverHandleError)
                  2000bd7c    000000a0     driverlib.a : spi.obj (.text:SPIConfigSetExpClk)
                  2000be1c    0000009c     rtsv7M4_T_le_eabi.lib : memcpy_t2.obj (.text)
                  2000beb8    0000009a     simplelink.a : device.obj (.text:_SlDrvDeviceEventHandler)
                  2000bf52    00000002     --HOLE-- [fill = 0]
                  2000bf54    00000098                  : cc_pal.obj (.text:spi_Write)
                  2000bfec    00000094     driverlib.a : prcm.obj (.text:PRCMPeripheralClockGet)
                  2000c080    00000090     simplelink.a : netapp.obj (.text:_sl_HandleAsync_DnsGetHostByName)
                  2000c110    00000090                  : netapp.obj (.text:_sl_HandleAsync_PingResponse)
                  2000c1a0    0000008c                  : cc_pal.obj (.text:SetupDMAReceive)
                  2000c22c    0000008c                  : cc_pal.obj (.text:SetupDMASend)
                  2000c2b8    00000088     driverlib.a : pin.obj (.text:PinConfigSet)
                  2000c340    00000088     rtsv7M4_T_le_eabi.lib : vsnprintf.obj (.text)
                  2000c3c8    00000088     simplelink.a : socket.obj (.text:sl_Recv)
                  2000c450    00000086     rtsv7M4_T_le_eabi.lib : fd_cmp_t2.obj (.text:__aeabi_cdcmple)
                  2000c4d6    00000086                           : fd_cmp_t2.obj (.text:__aeabi_cdrcmple)
                  2000c55c    00000082     driverlib.a : gpio.obj (.text:GPIOIntTypeSet)
                  2000c5de    00000002     --HOLE-- [fill = 0]
                  2000c5e0    00000080     simplelink.a : socket.obj (.text:_sl_HandleAsync_Connect)
                  2000c660    00000080                  : device.obj (.text:_sl_HandleAsync_InitComplete)
                  2000c6e0    00000080                  : cc_pal.obj (.text:spi_Read_CPU)
                  2000c760    00000080                  : cc_pal.obj (.text:spi_Write_CPU)
                  2000c7e0    0000007c     driverlib.a : sdhost.obj (.text:SDHostInit)
                  2000c85c    0000007c     simplelink.a : netcfg.obj (.text:sl_NetCfgSet)
                  2000c8d8    0000007c                  : socket.obj (.text:sl_SetSockOpt)
                  2000c954    0000007c                  : wlan.obj (.text:sl_WlanSet)
                  2000c9d0    0000007a     rtsv7M4_T_le_eabi.lib : memset_t2.obj (.text)
                  2000ca4a    00000002     --HOLE-- [fill = 0]
                  2000ca4c    00000078     simplelink.a : nonos.obj (.text:_SlNonOsSemGet)
                  2000cac4    00000078                  : wlan.obj (.text:sl_WlanPolicySet)
                  2000cb3c    00000078                  : cc_pal.obj (.text:spi_Close)
                  2000cbb4    00000076     driverlib.a : uart.obj (.text:UARTConfigSetExpClk)
                  2000cc2a    00000002     --HOLE-- [fill = 0]
                  2000cc2c    00000074     simplelink.a : nonos.obj (.text:_SlNonOsMainLoopTask)
                  2000cca0    00000070                  : socket.obj (.text:sl_Socket)
                  2000cd10    0000006c                  : driver.obj (.text:_SlDrvCmdSend)
                  2000cd7c    0000006c                  : netapp.obj (.text:_sl_NetAppSendTokenValue)
                  2000cde8    0000006c     rtsv7M4_T_le_eabi.lib : autoinit.obj (.text)
                  2000ce54    0000006c     simplelink.a : wlan.obj (.text:sl_WlanRxFilterSet)
                  2000cec0    0000006a     rtsv7M4_T_le_eabi.lib : copy_decompress_rle.obj (.text)
                  2000cf2a    00000066     driverlib.a : sdhost.obj (.text:SDHostSetExpClk)
                  2000cf90    00000066     rtsv7M4_T_le_eabi.lib : xdunscal.obj (.text)
                  2000cff6    00000002     --HOLE-- [fill = 0]
                  2000cff8    00000064     simplelink.a : nonos.obj (.text:_SlNonOsSpawn)
                  2000d05c    00000064                  : socket.obj (.text:_sl_HandleAsync_Accept)
                  2000d0c0    00000064     driverlib.a : udma.obj (.text:uDMAChannelAttributeDisable)
                  2000d124    00000064                 : udma.obj (.text:uDMAChannelAttributeEnable)
                  2000d188    00000058                 : interrupt.obj (.text:IntPendClear)
                  2000d1e0    00000058                 : prcm.obj (.text:PRCMPeripheralReset)
                  2000d238    00000056     rtsv7M4_T_le_eabi.lib : ltoa.obj (.text)
                  2000d28e    00000002     --HOLE-- [fill = 0]
                  2000d290    00000054     driverlib.a : interrupt.obj (.text:IntPrioritySet)
                  2000d2e4    00000054     simplelink.a : driver.obj (.text:_SlDrvRxIrqHandler)
                  2000d338    00000054                  : socket.obj (.text:_sl_HandleAsync_Select)
                  2000d38c    00000050                  : device.obj (.text:_sl_HandleAsync_Stop)
                  2000d3dc    0000004c     driverlib.a : spi.obj (.text:SPIIntEnable)
                  2000d428    0000004c                 : spi.obj (.text:SPIIntNumberGet)
                  2000d474    0000004c     simplelink.a : driver.obj (.text:_SlDrvProtectAsyncRespSetting)
                  2000d4c0    0000004c                  : socket.obj (.text:_sl_BuildAddress)
                  2000d50c    0000004c     rtsv7M4_T_le_eabi.lib : atoi.obj (.text)
                  2000d558    0000004c                           : cpy_tbl.obj (.text)
                  2000d5a4    0000004c     driverlib.a : udma.obj (.text:uDMAChannelAssign)
                  2000d5f0    00000048                 : gpio.obj (.text:GPIOGetIntNumber)
                  2000d638    00000048                 : spi.obj (.text:SPIIntClear)
                  2000d680    00000048     simplelink.a : driver.obj (.text:_SlDrvBasicCmd)
                  2000d6c8    00000048     rtsv7M4_T_le_eabi.lib : fd_toi_t2.obj (.text)
                  2000d710    00000048     simplelink.a : netapp.obj (.text:sl_NetAppMDNSUnRegisterService)
                  2000d758    00000046     rtsv7M4_T_le_eabi.lib : ldexp.obj (.text)
                  2000d79e    00000002     --HOLE-- [fill = 0]
                  2000d7a0    00000044     driverlib.a : spi.obj (.text:SPIDmaMaskGet)
                  2000d7e4    00000044     simplelink.a : driver.obj (.text:_SlDrvHandleHttpServerEvents)
                  2000d828    00000044                  : driver.obj (.text:_SlDrvSyncObjWaitTimeout)
                  2000d86c    00000044                  : cc_pal.obj (.text:cc_SetupTransfer)
                  2000d8b0    00000044     rtsv7M4_T_le_eabi.lib : exit.obj (.text)
                  2000d8f4    00000044     simplelink.a : socket.obj (.text:sl_Close)
                  2000d938    00000044                  : wlan.obj (.text:sl_WlanProfileDel)
                  2000d97c    00000044                  : wlan.obj (.text:sl_WlanSetMode)
                  2000d9c0    00000042                  : socket.obj (.text:sl_Htonl)
                  2000da02    00000002     --HOLE-- [fill = 0]
                  2000da04    00000040     driverlib.a : pin.obj (.text:PinModeSet)
                  2000da44    00000040     simplelink.a : driver.obj (.text:_SlDrvHandleNetAppEvents)
                  2000da84    00000040                  : driver.obj (.text:_SlDrvHandleWlanEvents)
                  2000dac4    00000040                  : socket.obj (.text:_sl_TruncatePayloadByProtocol)
                  2000db04    00000040     rtsv7M4_T_le_eabi.lib : signal.obj (.text)
                  2000db44    0000003e     simplelink.a : cc_pal.obj (.text:NwpRegisterInterruptHandler)
                  2000db82    0000003c                  : netapp.obj (.text:CopyPingResultsToReport)
                  2000dbbe    00000002     --HOLE-- [fill = 0]
                  2000dbc0    0000003c     driverlib.a : prcm.obj (.text:PRCMPeripheralClkEnable)
                  2000dbfc    0000003c                 : pin.obj (.text:PinDirModeSet)
                  2000dc38    0000003c     rtsv7M4_T_le_eabi.lib : boot.obj (.text)
                  2000dc74    0000003c     simplelink.a : socket.obj (.text:sl_Htons)
                  2000dcb0    0000003c     driverlib.a : udma.obj (.text:uDMAChannelControlSet)
                  2000dcec    00000038     simplelink.a : cc_pal.obj (.text:NwpPowerOff)
                  2000dd24    00000036     driverlib.a : gpio.obj (.text:GPIODirModeSet)
                  2000dd5a    00000002     --HOLE-- [fill = 0]
                  2000dd5c    00000034                 : prcm.obj (.text:PRCMPeripheralStatusGet)
                  2000dd90    00000034                 : spi.obj (.text:SPIFIFOLevelSet)
                  2000ddc4    00000034     rtsv7M4_T_le_eabi.lib : feraiseexcept.obj (.text)
                  2000ddf8    00000030     driverlib.a : pin.obj (.text:PinTypeGPIO)
                  2000de28    00000030                 : uart.obj (.text:UARTDisable)
                  2000de58    00000030     rtsv7M4_T_le_eabi.lib : xferaise.obj (.text)
                  2000de88    0000002e                           : i_tofd_t2.obj (.text)
                  2000deb6    0000002e                           : raise.obj (.text)
                  2000dee4    0000002c     driverlib.a : prcm.obj (.text:PRCMSysResetCauseGet)
                  2000df10    0000002c     simplelink.a : driver.obj (.text:_SlDrvObjGlobalLockWaitForever)
                  2000df3c    0000002c                  : driver.obj (.text:_SlDrvProtectionObjLockWaitForever)
                  2000df68    0000002a     rtsv7M4_T_le_eabi.lib : xdclass.obj (.text)
                  2000df92    00000002     --HOLE-- [fill = 0]
                  2000df94    00000028     driverlib.a : prcm.obj (.text:PRCMPeripheralClkDisable)
                  2000dfbc    00000028     simplelink.a : driver.obj (.text:_SlDrvGlobalObjUnLock)
                  2000dfe4    00000028                  : driver.obj (.text:_SlDrvProtectionObjUnLock)
                  2000e00c    00000028                  : driver.obj (.text:_SlDrvSyncObjWaitForever)
                  2000e034    00000026     network_common.obj (.text)
                  2000e05a    00000026     rtsv7M4_T_le_eabi.lib : strncmp.obj (.text)
                  2000e080    00000024     simplelink.a : cc_pal.obj (.text:DmaSpiSwIntHandler)
                  2000e0a4    00000024     driverlib.a : interrupt.obj (.text:IntUnregister)
                  2000e0c8    00000024                 : uart.obj (.text:UARTEnable)
                  2000e0ec    00000024     simplelink.a : driver.obj (.text:_SlDrvObjLockWaitForever)
                  2000e110    00000024     rtsv7M4_T_le_eabi.lib : memmov.obj (.text)
                  2000e134    00000022     driverlib.a : spi.obj (.text:SPIReset)
                  2000e156    00000022                 : spi.obj (.text:SPIWordCountSet)
                  2000e178    00000022     rtsv7M4_T_le_eabi.lib : frexp.obj (.text)
                  2000e19a    00000020     driverlib.a : gpio.obj (.text:GPIOPinWrite)
                  2000e1ba    00000002     --HOLE-- [fill = 0]
                  2000e1bc    00000020                 : interrupt.obj (.text:IntRegister)
                  2000e1dc    00000020     simplelink.a : cc_pal.obj (.text:NwpPowerOn)
                  2000e1fc    00000020                  : driver.obj (.text:_SlDrvObjUnLock)
                  2000e21c    00000020                  : driver.obj (.text:_SlDrvSyncObjSignal)
                  2000e23c    00000020                  : wlan.obj (.text:sl_WlanDisconnect)
                  2000e25c    0000001e     driverlib.a : gpio.obj (.text:GPIOIntRegister)
                  2000e27a    0000001e                 : uart.obj (.text:UARTCharPut)
                  2000e298    0000001e     simplelink.a : cc_pal.obj (.text:cc_UDMAChannelSelect)
                  2000e2b6    0000001c     driverlib.a : uart.obj (.text:UARTCharGetNonBlocking)
                  2000e2d2    0000001c     rtsv7M4_T_le_eabi.lib : memccpy.obj (.text)
                  2000e2ee    00000002     --HOLE-- [fill = 0]
                  2000e2f0    0000001c     driverlib.a : udma.obj (.text:uDMAChannelEnable)
                  2000e30c    0000001a                 : gpio.obj (.text:GPIOIntEnable)
                  2000e326    0000001a                 : pin.obj (.text:PinTypeSDHost)
                  2000e340    0000001a                 : pin.obj (.text:PinTypeUART)
                  2000e35a    0000001a                 : spi.obj (.text:SPIDmaDisable)
                  2000e374    0000001a                 : spi.obj (.text:SPIDmaEnable)
                  2000e38e    0000001a                 : spi.obj (.text:SPIFIFODisable)
                  2000e3a8    0000001a                 : spi.obj (.text:SPIFIFOEnable)
                  2000e3c2    0000001a                 : spi.obj (.text:SPIIntUnregister)
                  2000e3dc    00000018                 : gpio.obj (.text:GPIOPinRead)
                  2000e3f4    00000018                 : spi.obj (.text:SPICSDisable)
                  2000e40c    00000018                 : spi.obj (.text:SPICSEnable)
                  2000e424    00000018                 : spi.obj (.text:SPIDisable)
                  2000e43c    00000018                 : spi.obj (.text:SPIEnable)
                  2000e454    00000018                 : uart.obj (.text:UARTCharsAvail)
                  2000e46c    00000018     simplelink.a : nonos.obj (.text:_SlNonOsSemSet)
                  2000e484    00000018                  : device.obj (.text:_sl_GetStartResponseConvert)
                  2000e49c    00000018     rtsv7M4_T_le_eabi.lib : args_main.obj (.text)
                  2000e4b4    00000018                           : strcmp.obj (.text)
                  2000e4cc    00000016     driverlib.a : prcm.obj (.text:PRCMHIBRegRead)
                  2000e4e2    00000016                 : prcm.obj (.text:PRCMHIBRegWrite)
                  2000e4f8    00000016     simplelink.a : driver.obj (.text:_SlDrvMemZero)
                  2000e50e    00000016     rtsv7M4_T_le_eabi.lib : strchr.obj (.text)
                  2000e524    00000014     driverlib.a : cpu.obj (.text:CPUcpsie)
                  2000e538    00000014                 : gpio.obj (.text:GPIOIntClear)
                  2000e54c    00000014                 : interrupt.obj (.text:IntVTableBaseSet)
                  2000e560    00000014     rtsv7M4_T_le_eabi.lib : _lock.obj (.text)
                  2000e574    00000014                           : strcpy.obj (.text)
                  2000e588    00000014                           : strlen.obj (.text)
                  2000e59c    00000010     simplelink.a : driver.obj (.text:_SlDrvDispatchHttpServerEvents)
                  2000e5ac    0000000e                  : driver.obj (.text:_SlDrvResetCmdExt)
                  2000e5ba    0000000e     rtsv7M4_T_le_eabi.lib : copy_decompress_none.obj (.text:decompress:none)
                  2000e5c8    0000000e     startup_ccs.obj (.text)
                  2000e5d6    00000002     --HOLE-- [fill = 0]
                  2000e5d8    0000000c     simplelink.a : cc_pal.obj (.text:NwpMaskInterrupt)
                  2000e5e4    0000000c                  : cc_pal.obj (.text:NwpUnMaskInterrupt)
                  2000e5f0    0000000c     rtsv7M4_T_le_eabi.lib : copy_zero_init.obj (.text:decompress:ZI)
                  2000e5fc    0000000a     driverlib.a : interrupt.obj (.text:IntMasterEnable)
                  2000e606    00000006                 : utils.obj (.text:UtilsDelay)
                  2000e60c    00000006     rtsv7M4_T_le_eabi.lib : copy_decompress_rle.obj (.text:decompress:rle24)
                  2000e612    00000004                           : pre_init.obj (.text)

.const     0    2000e618    0000069c     
                  2000e618    00000101     rtsv7M4_T_le_eabi.lib : ctype.obj (.const:.string:_ctypes_)
                  2000e719    00000003     --HOLE-- [fill = 0]
                  2000e71c    00000100     driverlib.a : pin.obj (.const:g_ulPinToPadMap)
                  2000e81c    000000d4                 : interrupt.obj (.const:g_pulRegs)
                  2000e8f0    000000a8                 : prcm.obj (.const:PRCM_PeriphRegsList)
                  2000e998    00000080                 : interrupt.obj (.const)
                  2000ea18    00000040     main.obj (.const)
                  2000ea58    0000003e     main.obj (.const:.string)
                  2000ea96    0000003c     simplelink.a : driver.obj (.const:OpcodeTranslateTable)
                  2000ead2    0000003c                  : wlan.obj (.const)
                  2000eb0e    00000002     --HOLE-- [fill = 0]
                  2000eb10    00000038                  : driver.obj (.const:_SlActionLookupTable)
                  2000eb48    00000038                  : driver.obj (.const)
                  2000eb80    00000034                  : socket.obj (.const)
                  2000ebb4    0000002c     main.obj (.const:$P$T1$2)
                  2000ebe0    00000028     simplelink.a : netapp.obj (.const)
                  2000ec08    00000024     driverlib.a : spi.obj (.const:g_ppulSPIIntMap)
                  2000ec2c    00000022     main.obj (.const:.string:$P$T0$1)
                  2000ec4e    0000001c     simplelink.a : device.obj (.const)
                  2000ec6a    00000002     --HOLE-- [fill = 0]
                  2000ec6c    00000018     driverlib.a : spi.obj (.const)
                  2000ec84    00000010     simplelink.a : socket.obj (.const:.string)
                  2000ec94    00000010     webclient.a : httpcli.obj (.const)
                  2000eca4    00000008                 : httpcli.obj (.const:.string)
                  2000ecac    00000008     simplelink.a : netcfg.obj (.const)

.cinit     0    2000ecb8    00000090     
                  2000ecb8    0000006b     (.cinit..data.load) [load image, compression = rle]
                  2000ed23    00000001     --HOLE-- [fill = 0]
                  2000ed24    0000000c     (__TI_handler_table)
                  2000ed30    00000008     (.cinit..bss.load) [load image, compression = zero_init]
                  2000ed38    00000010     (__TI_cinit_table)

.sysmem    0    20017000    00000800     UNINITIALIZED
                  20017000    00000008     rtsv7M4_T_le_eabi.lib : memory.obj (.sysmem)
                  20017008    000007f8     --HOLE--

.bss       0    20017800    000007aa     UNINITIALIZED
                  20017800    000005b8     main.obj (.bss:g_buff)
                  20017db8    00000168     simplelink.a : driver.obj (.bss:g_StatMem)
                  20017f20    00000050                  : cc_pal.obj (.bss:g_ucDinDout)
                  20017f70    00000024     main.obj (.bss:g_ucConnectionSSID)
                  20017f94    00000008     (.common:g_ucConnectionBSSID)
                  20017f9c    00000004     (.common:__Errorlog)
                  20017fa0    00000004     (.common:g_ulDestinationIP)
                  20017fa4    00000001     (.common:RxIrqCnt)
                  20017fa5    00000001     (.common:g_bDeviceRestartIsRequired)
                  20017fa6    00000001     (.common:g_cDummy)
                  20017fa7    00000001     (.common:g_ucLED1Pin)
                  20017fa8    00000001     (.common:g_ucLED2Pin)
                  20017fa9    00000001     (.common:g_ucLED3Pin)

.TI.noinit 
*          0    20017800    00000000     UNINITIALIZED

.data      0    20017fb0    00000238     UNINITIALIZED
                  20017fb0    000000b0     rtsv7M4_T_le_eabi.lib : signal.obj (.data:sigtable)
                  20018060    00000080                           : xvalues.obj (.data)
                  200180e0    00000048     webclient.a : httpcli.obj (.data:tlsParams)
                  20018128    0000003c     simplelink.a : nonos.obj (.data:g__SlNonOsCB)
                  20018164    00000020     gpio_if.obj (.data)
                  20018184    00000010     webclient.a : httpcli.obj (.data)
                  20018194    0000000d     simplelink.a : driver.obj (.data)
                  200181a1    00000003     --HOLE--
                  200181a4    0000000c     main.obj (.data)
                  200181b0    0000000c     rtsv7M4_T_le_eabi.lib : memory.obj (.data)
                  200181bc    00000009     simplelink.a : cc_pal.obj (.data)
                  200181c5    00000003     --HOLE--
                  200181c8    00000008     rtsv7M4_T_le_eabi.lib : _lock.obj (.data)
                  200181d0    00000008                           : exit.obj (.data)
                  200181d8    00000008                           : feraiseexcept.obj (.data)
                  200181e0    00000004                           : errno.obj (.data)
                  200181e4    00000004                           : stkdepth_vars.obj (.data)

.TI.persistent 
*          0    20017fb0    00000000     UNINITIALIZED

.stack     0    2002f800    00000800     UNINITIALIZED
                  2002f800    00000800     --HOLE--


LINKER GENERATED COPY TABLES

__TI_cinit_table @ 2000ed38 records: 2, size/record: 8, table size: 16
	.data: load addr=2000ecb8, load size=0000006b bytes, run addr=20017fb0, run size=00000238 bytes, compression=rle
	.bss: load addr=2000ed30, load size=00000008 bytes, run addr=20017800, run size=000007aa bytes, compression=zero_init


LINKER GENERATED HANDLER TABLE

__TI_handler_table @ 2000ed24 records: 3, size/record: 4, table size: 12
	index: 0, handler: __TI_decompress_rle24
	index: 1, handler: __TI_decompress_none
	index: 2, handler: __TI_zero_init


GLOBAL SYMBOLS: SORTED ALPHABETICALLY BY Name 

address   name                                  
-------   ----                                  
2000d8b1  C$$EXIT                               
2000e525  CPUcpsie                              
20008c55  ClearTerm                             
2000e081  DmaSpiSwIntHandler                    
20008c5f  Error                                 
2000dd25  GPIODirModeSet                        
2000e539  GPIOIntClear                          
2000e30d  GPIOIntEnable                         
2000e25d  GPIOIntRegister                       
2000c55d  GPIOIntTypeSet                        
2000e3dd  GPIOPinRead                           
2000e19b  GPIOPinWrite                          
2000884d  GPIO_IF_ConfigureNIntEnable           
200088d9  GPIO_IF_Get                           
20008807  GPIO_IF_GetPortNPin                   
200085c9  GPIO_IF_LedConfigure                  
200086bb  GPIO_IF_LedOff                        
20008607  GPIO_IF_LedOn                         
2000876f  GPIO_IF_LedStatus                     
200087d9  GPIO_IF_LedToggle                     
20008895  GPIO_IF_Set                           
20008c97  GetCmd                                
20005cdb  HTTPCli_connect                       
20005dfd  HTTPCli_construct                     
20005e45  HTTPCli_create                        
20005e5d  HTTPCli_delete                        
20005e93  HTTPCli_destruct                      
20005edb  HTTPCli_disconnect                    
20006111  HTTPCli_getResponseField              
200060db  HTTPCli_getResponseStatus             
20005bcd  HTTPCli_initSockAddr                  
20006321  HTTPCli_readRawResponseBody           
20006295  HTTPCli_readResponseBody              
2000604b  HTTPCli_sendField                     
20005f7d  HTTPCli_sendRequest                   
200060a3  HTTPCli_sendRequestBody               
20006361  HTTPCli_setProxy                      
20005f11  HTTPCli_setRequestFields              
20005f37  HTTPCli_setResponseFields             
20005f5d  HTTPCli_setSecureParams               
20008c15  InitTerm                              
2000bb89  IntDisable                            
2000bc31  IntEnable                             
2000e5fd  IntMasterEnable                       
2000d189  IntPendClear                          
2000d291  IntPrioritySet                        
2000e1bd  IntRegister                           
2000e0a5  IntUnregister                         
2000e54d  IntVTableBaseSet                      
20008c33  Message                               
2000e5d9  NwpMaskInterrupt                      
2000dced  NwpPowerOff                           
2000e1dd  NwpPowerOn                            
2000db45  NwpRegisterInterruptHandler           
2000e5e5  NwpUnMaskInterrupt                    
2000ea96  OpcodeTranslateTable                  
20009f31  PRCMCC3200MCUInit                     
2000e4cd  PRCMHIBRegRead                        
2000e4e3  PRCMHIBRegWrite                       
2000df95  PRCMPeripheralClkDisable              
2000dbc1  PRCMPeripheralClkEnable               
2000bfed  PRCMPeripheralClockGet                
2000d1e1  PRCMPeripheralReset                   
2000dd5d  PRCMPeripheralStatusGet               
2000dee5  PRCMSysResetCauseGet                  
2000682b  ParseJSONData                         
2000c2b9  PinConfigSet                          
2000dbfd  PinDirModeSet                         
2000da05  PinModeSet                            
2000ba1d  PinMuxConfig                          
2000ddf9  PinTypeGPIO                           
2000e327  PinTypeSDHost                         
2000e341  PinTypeUART                           
20008dd5  Report                                
2000e5c9  ResetISR                              
20017fa4  RxIrqCnt                              
2000c7e1  SDHostInit                            
2000cf2b  SDHostSetExpClk                       
UNDEFED   SHT$$INIT_ARRAY$$Base                 
UNDEFED   SHT$$INIT_ARRAY$$Limit                
2000e3f5  SPICSDisable                          
2000e40d  SPICSEnable                           
2000bd7d  SPIConfigSetExpClk                    
2000e425  SPIDisable                            
2000e35b  SPIDmaDisable                         
2000e375  SPIDmaEnable                          
2000e43d  SPIEnable                             
2000e38f  SPIFIFODisable                        
2000e3a9  SPIFIFOEnable                         
2000dd91  SPIFIFOLevelSet                       
2000d639  SPIIntClear                           
2000d3dd  SPIIntEnable                          
2000e3c3  SPIIntUnregister                      
2000e135  SPIReset                              
2000e157  SPIWordCountSet                       
20007ec5  SimpleLinkGeneralEventHandler         
20007e9d  SimpleLinkHttpServerCallback          
20007e05  SimpleLinkNetAppEventHandler          
20007edb  SimpleLinkSockEventHandler            
20007cfd  SimpleLinkWlanEventHandler            
20008941  Ssock_construct                       
20008981  Ssock_create                          
2000899b  Ssock_delete                          
200089c3  Ssock_destruct                        
20008a15  Ssock_getSocket                       
20008a23  Ssock_recv                            
20008a7d  Ssock_recvall                         
20008ac1  Ssock_send                            
20008bdb  Ssock_startSecure                     
20008d3d  TrimSpace                             
2000e2b7  UARTCharGetNonBlocking                
2000e27b  UARTCharPut                           
2000e455  UARTCharsAvail                        
2000cbb5  UARTConfigSetExpClk                   
2000de29  UARTDisable                           
2000e0c9  UARTEnable                            
2000e607  UtilsDelay                            
2000df69  _Dclass                               
20018060  _Denorm                               
2000b95d  _Dnorm                                
2000acf9  _Dscale                               
2000cf91  _Dunscale                             
20018070  _Eps                                  
200181e0  _Errno                                
200181d8  _Fenv                                 
2000de59  _Feraise                              
20018080  _Hugeval                              
20018090  _Inf                                  
200180a0  _Nan                                  
200180c0  _Rteps                                
2000eb10  _SlActionLookupTable                  
2000bcd9  _SlDriverHandleError                  
2000d681  _SlDrvBasicCmd                        
2000b89d  _SlDrvCmdOp                           
2000cd11  _SlDrvCmdSend                         
200094e5  _SlDrvDataReadOp                      
2000a385  _SlDrvDataWriteOp                     
2000beb9  _SlDrvDeviceEventHandler              
2000e59d  _SlDrvDispatchHttpServerEvents        
2000a9a9  _SlDrvDriverCBDeinit                  
20009a51  _SlDrvDriverCBInit                    
2000dfbd  _SlDrvGlobalObjUnLock                 
2000d7e5  _SlDrvHandleHttpServerEvents          
2000da45  _SlDrvHandleNetAppEvents              
2000da85  _SlDrvHandleWlanEvents                
2000e4f9  _SlDrvMemZero                         
2000b571  _SlDrvMsgReadSpawnCtx                 
2000ae09  _SlDrvNetAppEventHandler              
2000e0ed  _SlDrvObjLockWaitForever              
2000e1fd  _SlDrvObjUnLock                       
2000d475  _SlDrvProtectAsyncRespSetting         
2000df3d  _SlDrvProtectionObjLockWaitForever    
2000dfe5  _SlDrvProtectionObjUnLock             
200096c9  _SlDrvReleasePoolObj                  
2000e5ad  _SlDrvResetCmdExt                     
2000d2e5  _SlDrvRxIrqHandler                    
2000e21d  _SlDrvSyncObjSignal                   
2000e00d  _SlDrvSyncObjWaitForever              
2000d829  _SlDrvSyncObjWaitTimeout              
20009da1  _SlDrvWaitForPoolObj                  
2000ebfc  _SlNetAppSendTokenValueCmdCtrl        
2000cc2d  _SlNonOsMainLoopTask                  
2000ca4d  _SlNonOsSemGet                        
2000e46d  _SlNonOsSemSet                        
2000cff9  _SlNonOsSpawn                         
200180b0  _Snan                                 
200181dc  _Tls_setup__Fenv                      
200180d0  _Xbig                                 
200180d8  _Zero                                 
20030000  __STACK_END                           
00000800  __STACK_SIZE                          
00000800  __SYSMEM_SIZE                         
2000ed38  __TI_CINIT_Base                       
2000ed48  __TI_CINIT_Limit                      
2000ed24  __TI_Handler_Table_Base               
2000ed30  __TI_Handler_Table_Limit              
2000cde9  __TI_auto_init                        
200181d0  __TI_cleanup_ptr                      
2000e5bb  __TI_decompress_none                  
2000e60d  __TI_decompress_rle24                 
200181d4  __TI_dtors_ptr                        
200050a9  __TI_printfi                          
2000ecb8  __TI_static_base__                    
2000e5f1  __TI_zero_init                        
2000c451  __aeabi_cdcmpeq                       
2000c451  __aeabi_cdcmple                       
2000c4d7  __aeabi_cdrcmple                      
2000d6c9  __aeabi_d2iz                          
200098a3  __aeabi_dadd                          
2000a61d  __aeabi_ddiv                          
2000af0d  __aeabi_dmul                          
20009899  __aeabi_dsub                          
2000de89  __aeabi_i2d                           
2000c9d1  __aeabi_memclr                        
2000c9d1  __aeabi_memclr4                       
2000c9d1  __aeabi_memclr8                       
2000be1d  __aeabi_memcpy                        
2000be1d  __aeabi_memcpy4                       
2000be1d  __aeabi_memcpy8                       
2000c9d3  __aeabi_memset                        
2000c9d3  __aeabi_memset4                       
2000c9d3  __aeabi_memset8                       
200092f1  __aeabi_uldivmod                      
ffffffff  __binit__                             
ffffffff  __c_args__                            
2002f800  __stack                               
2000e49d  _args_main                            
2000dc39  _c_int00                              
2000e618  _ctypes_                              
200181c8  _lock                                 
2000e56f  _nop                                  
2000e567  _register_lock                        
2000e561  _register_unlock                      
2000d05d  _sl_HandleAsync_Accept                
2000c5e1  _sl_HandleAsync_Connect               
2000c081  _sl_HandleAsync_DnsGetHostByName      
2000b645  _sl_HandleAsync_DnsGetHostByService   
2000c661  _sl_HandleAsync_InitComplete          
2000c111  _sl_HandleAsync_PingResponse          
2000d339  _sl_HandleAsync_Select                
2000d38d  _sl_HandleAsync_Stop                  
2000cd7d  _sl_NetAppSendTokenValue              
20017000  _sys_memory                           
2000e613  _system_pre_init                      
200181cc  _unlock                               
2000d8b5  abort                                 
2000d50d  atoi                                  
ffffffff  binit                                 
200053f7  bufferedRecv                          
200181ac  bytesReceived                         
20008559  calloc                                
2000d559  copy_in                               
2000d8bd  exit                                  
2000ddc5  feraiseexcept                         
200082a7  free                                  
2000e179  frexp                                 
200181bc  g_SpiFd                               
20018128  g__SlNonOsCB                          
20017fa5  g_bDeviceRestartIsRequired            
20017800  g_buff                                
20017fa6  g_cDummy                              
20018198  g_pCB                                 
200181c0  g_pHostIntHdl                         
20004000  g_pfnVectors                          
20017f94  g_ucConnectionBSSID                   
20017f70  g_ucConnectionSSID                    
200181c4  g_ucDMAEnabled                        
20017f20  g_ucDinDout                           
20017fa7  g_ucLED1Pin                           
20017fa8  g_ucLED2Pin                           
20017fa9  g_ucLED3Pin                           
20018178  g_uiLED1Port                          
2001817c  g_uiLED2Port                          
20018180  g_uiLED3Port                          
20017fa0  g_ulDestinationIP                     
200181a8  g_ulGatewayIP                         
200181a4  g_ulStatus                            
2000774f  jsmn_init                             
2000743d  jsmn_parse                            
2000d759  ldexp                                 
2000d239  ltoa                                  
20006f45  main                                  
200181e4  main_func_sp                          
2000823f  malloc                                
20008475  memalign                              
2000e2d3  memccpy                               
2000be1d  memcpy                                
2000e111  memmove                               
2000c9d9  memset                                
200081b1  minit                                 
2001819c  pPingCallBackFunc                     
2000deb7  raise                                 
20008369  realloc                               
2000db05  signal                                
2000d8f5  sl_Close                              
2000a219  sl_Connect                            
2000bad5  sl_DevGet                             
2000d9c1  sl_Htonl                              
2000dc75  sl_Htons                              
2000a755  sl_NetAppDnsGetHostByName             
2000b711  sl_NetAppMDNSRegisterUnregisterService
2000d711  sl_NetAppMDNSUnRegisterService        
2000c85d  sl_NetCfgSet                          
2000e035  sl_Provisioning_HttpServerEventHdl    
2000e043  sl_Provisioning_NetAppEventHdl        
2000e04f  sl_Provisioning_WlanEventHdl          
2000c3c9  sl_Recv                               
2000aacd  sl_Send                               
2000c8d9  sl_SetSockOpt                         
2000cca1  sl_Socket                             
2000b3b5  sl_Start                              
2000b2d1  sl_Stop                               
20008e95  sl_WlanConnect                        
2000e23d  sl_WlanDisconnect                     
2000cac5  sl_WlanPolicySet                      
2000d939  sl_WlanProfileDel                     
2000ce55  sl_WlanRxFilterSet                    
2000c955  sl_WlanSet                            
2000d97d  sl_WlanSetMode                        
2000cb3d  spi_Close                             
2000a4d5  spi_Open                              
2000b009  spi_Read                              
2000bf55  spi_Write                             
2000e50f  strchr                                
2000e4b5  strcmp                                
2000e575  strcpy                                
2000e589  strlen                                
2000e05b  strncmp                               
2000abe5  strtoul                               
2000d5a5  uDMAChannelAssign                     
2000d0c1  uDMAChannelAttributeDisable           
2000d125  uDMAChannelAttributeEnable            
2000dcb1  uDMAChannelControlSet                 
2000e2f1  uDMAChannelEnable                     
2000b0f9  uDMAChannelTransferSet                
2000c341  vsnprintf                             


GLOBAL SYMBOLS: SORTED BY Symbol Address 

address   name                                  
-------   ----                                  
00000800  __STACK_SIZE                          
00000800  __SYSMEM_SIZE                         
20004000  g_pfnVectors                          
200050a9  __TI_printfi                          
200053f7  bufferedRecv                          
20005bcd  HTTPCli_initSockAddr                  
20005cdb  HTTPCli_connect                       
20005dfd  HTTPCli_construct                     
20005e45  HTTPCli_create                        
20005e5d  HTTPCli_delete                        
20005e93  HTTPCli_destruct                      
20005edb  HTTPCli_disconnect                    
20005f11  HTTPCli_setRequestFields              
20005f37  HTTPCli_setResponseFields             
20005f5d  HTTPCli_setSecureParams               
20005f7d  HTTPCli_sendRequest                   
2000604b  HTTPCli_sendField                     
200060a3  HTTPCli_sendRequestBody               
200060db  HTTPCli_getResponseStatus             
20006111  HTTPCli_getResponseField              
20006295  HTTPCli_readResponseBody              
20006321  HTTPCli_readRawResponseBody           
20006361  HTTPCli_setProxy                      
2000682b  ParseJSONData                         
20006f45  main                                  
2000743d  jsmn_parse                            
2000774f  jsmn_init                             
20007cfd  SimpleLinkWlanEventHandler            
20007e05  SimpleLinkNetAppEventHandler          
20007e9d  SimpleLinkHttpServerCallback          
20007ec5  SimpleLinkGeneralEventHandler         
20007edb  SimpleLinkSockEventHandler            
200081b1  minit                                 
2000823f  malloc                                
200082a7  free                                  
20008369  realloc                               
20008475  memalign                              
20008559  calloc                                
200085c9  GPIO_IF_LedConfigure                  
20008607  GPIO_IF_LedOn                         
200086bb  GPIO_IF_LedOff                        
2000876f  GPIO_IF_LedStatus                     
200087d9  GPIO_IF_LedToggle                     
20008807  GPIO_IF_GetPortNPin                   
2000884d  GPIO_IF_ConfigureNIntEnable           
20008895  GPIO_IF_Set                           
200088d9  GPIO_IF_Get                           
20008941  Ssock_construct                       
20008981  Ssock_create                          
2000899b  Ssock_delete                          
200089c3  Ssock_destruct                        
20008a15  Ssock_getSocket                       
20008a23  Ssock_recv                            
20008a7d  Ssock_recvall                         
20008ac1  Ssock_send                            
20008bdb  Ssock_startSecure                     
20008c15  InitTerm                              
20008c33  Message                               
20008c55  ClearTerm                             
20008c5f  Error                                 
20008c97  GetCmd                                
20008d3d  TrimSpace                             
20008dd5  Report                                
20008e95  sl_WlanConnect                        
200092f1  __aeabi_uldivmod                      
200094e5  _SlDrvDataReadOp                      
200096c9  _SlDrvReleasePoolObj                  
20009899  __aeabi_dsub                          
200098a3  __aeabi_dadd                          
20009a51  _SlDrvDriverCBInit                    
20009da1  _SlDrvWaitForPoolObj                  
20009f31  PRCMCC3200MCUInit                     
2000a219  sl_Connect                            
2000a385  _SlDrvDataWriteOp                     
2000a4d5  spi_Open                              
2000a61d  __aeabi_ddiv                          
2000a755  sl_NetAppDnsGetHostByName             
2000a9a9  _SlDrvDriverCBDeinit                  
2000aacd  sl_Send                               
2000abe5  strtoul                               
2000acf9  _Dscale                               
2000ae09  _SlDrvNetAppEventHandler              
2000af0d  __aeabi_dmul                          
2000b009  spi_Read                              
2000b0f9  uDMAChannelTransferSet                
2000b2d1  sl_Stop                               
2000b3b5  sl_Start                              
2000b571  _SlDrvMsgReadSpawnCtx                 
2000b645  _sl_HandleAsync_DnsGetHostByService   
2000b711  sl_NetAppMDNSRegisterUnregisterService
2000b89d  _SlDrvCmdOp                           
2000b95d  _Dnorm                                
2000ba1d  PinMuxConfig                          
2000bad5  sl_DevGet                             
2000bb89  IntDisable                            
2000bc31  IntEnable                             
2000bcd9  _SlDriverHandleError                  
2000bd7d  SPIConfigSetExpClk                    
2000be1d  __aeabi_memcpy                        
2000be1d  __aeabi_memcpy4                       
2000be1d  __aeabi_memcpy8                       
2000be1d  memcpy                                
2000beb9  _SlDrvDeviceEventHandler              
2000bf55  spi_Write                             
2000bfed  PRCMPeripheralClockGet                
2000c081  _sl_HandleAsync_DnsGetHostByName      
2000c111  _sl_HandleAsync_PingResponse          
2000c2b9  PinConfigSet                          
2000c341  vsnprintf                             
2000c3c9  sl_Recv                               
2000c451  __aeabi_cdcmpeq                       
2000c451  __aeabi_cdcmple                       
2000c4d7  __aeabi_cdrcmple                      
2000c55d  GPIOIntTypeSet                        
2000c5e1  _sl_HandleAsync_Connect               
2000c661  _sl_HandleAsync_InitComplete          
2000c7e1  SDHostInit                            
2000c85d  sl_NetCfgSet                          
2000c8d9  sl_SetSockOpt                         
2000c955  sl_WlanSet                            
2000c9d1  __aeabi_memclr                        
2000c9d1  __aeabi_memclr4                       
2000c9d1  __aeabi_memclr8                       
2000c9d3  __aeabi_memset                        
2000c9d3  __aeabi_memset4                       
2000c9d3  __aeabi_memset8                       
2000c9d9  memset                                
2000ca4d  _SlNonOsSemGet                        
2000cac5  sl_WlanPolicySet                      
2000cb3d  spi_Close                             
2000cbb5  UARTConfigSetExpClk                   
2000cc2d  _SlNonOsMainLoopTask                  
2000cca1  sl_Socket                             
2000cd11  _SlDrvCmdSend                         
2000cd7d  _sl_NetAppSendTokenValue              
2000cde9  __TI_auto_init                        
2000ce55  sl_WlanRxFilterSet                    
2000cf2b  SDHostSetExpClk                       
2000cf91  _Dunscale                             
2000cff9  _SlNonOsSpawn                         
2000d05d  _sl_HandleAsync_Accept                
2000d0c1  uDMAChannelAttributeDisable           
2000d125  uDMAChannelAttributeEnable            
2000d189  IntPendClear                          
2000d1e1  PRCMPeripheralReset                   
2000d239  ltoa                                  
2000d291  IntPrioritySet                        
2000d2e5  _SlDrvRxIrqHandler                    
2000d339  _sl_HandleAsync_Select                
2000d38d  _sl_HandleAsync_Stop                  
2000d3dd  SPIIntEnable                          
2000d475  _SlDrvProtectAsyncRespSetting         
2000d50d  atoi                                  
2000d559  copy_in                               
2000d5a5  uDMAChannelAssign                     
2000d639  SPIIntClear                           
2000d681  _SlDrvBasicCmd                        
2000d6c9  __aeabi_d2iz                          
2000d711  sl_NetAppMDNSUnRegisterService        
2000d759  ldexp                                 
2000d7e5  _SlDrvHandleHttpServerEvents          
2000d829  _SlDrvSyncObjWaitTimeout              
2000d8b1  C$$EXIT                               
2000d8b5  abort                                 
2000d8bd  exit                                  
2000d8f5  sl_Close                              
2000d939  sl_WlanProfileDel                     
2000d97d  sl_WlanSetMode                        
2000d9c1  sl_Htonl                              
2000da05  PinModeSet                            
2000da45  _SlDrvHandleNetAppEvents              
2000da85  _SlDrvHandleWlanEvents                
2000db05  signal                                
2000db45  NwpRegisterInterruptHandler           
2000dbc1  PRCMPeripheralClkEnable               
2000dbfd  PinDirModeSet                         
2000dc39  _c_int00                              
2000dc75  sl_Htons                              
2000dcb1  uDMAChannelControlSet                 
2000dced  NwpPowerOff                           
2000dd25  GPIODirModeSet                        
2000dd5d  PRCMPeripheralStatusGet               
2000dd91  SPIFIFOLevelSet                       
2000ddc5  feraiseexcept                         
2000ddf9  PinTypeGPIO                           
2000de29  UARTDisable                           
2000de59  _Feraise                              
2000de89  __aeabi_i2d                           
2000deb7  raise                                 
2000dee5  PRCMSysResetCauseGet                  
2000df3d  _SlDrvProtectionObjLockWaitForever    
2000df69  _Dclass                               
2000df95  PRCMPeripheralClkDisable              
2000dfbd  _SlDrvGlobalObjUnLock                 
2000dfe5  _SlDrvProtectionObjUnLock             
2000e00d  _SlDrvSyncObjWaitForever              
2000e035  sl_Provisioning_HttpServerEventHdl    
2000e043  sl_Provisioning_NetAppEventHdl        
2000e04f  sl_Provisioning_WlanEventHdl          
2000e05b  strncmp                               
2000e081  DmaSpiSwIntHandler                    
2000e0a5  IntUnregister                         
2000e0c9  UARTEnable                            
2000e0ed  _SlDrvObjLockWaitForever              
2000e111  memmove                               
2000e135  SPIReset                              
2000e157  SPIWordCountSet                       
2000e179  frexp                                 
2000e19b  GPIOPinWrite                          
2000e1bd  IntRegister                           
2000e1dd  NwpPowerOn                            
2000e1fd  _SlDrvObjUnLock                       
2000e21d  _SlDrvSyncObjSignal                   
2000e23d  sl_WlanDisconnect                     
2000e25d  GPIOIntRegister                       
2000e27b  UARTCharPut                           
2000e2b7  UARTCharGetNonBlocking                
2000e2d3  memccpy                               
2000e2f1  uDMAChannelEnable                     
2000e30d  GPIOIntEnable                         
2000e327  PinTypeSDHost                         
2000e341  PinTypeUART                           
2000e35b  SPIDmaDisable                         
2000e375  SPIDmaEnable                          
2000e38f  SPIFIFODisable                        
2000e3a9  SPIFIFOEnable                         
2000e3c3  SPIIntUnregister                      
2000e3dd  GPIOPinRead                           
2000e3f5  SPICSDisable                          
2000e40d  SPICSEnable                           
2000e425  SPIDisable                            
2000e43d  SPIEnable                             
2000e455  UARTCharsAvail                        
2000e46d  _SlNonOsSemSet                        
2000e49d  _args_main                            
2000e4b5  strcmp                                
2000e4cd  PRCMHIBRegRead                        
2000e4e3  PRCMHIBRegWrite                       
2000e4f9  _SlDrvMemZero                         
2000e50f  strchr                                
2000e525  CPUcpsie                              
2000e539  GPIOIntClear                          
2000e54d  IntVTableBaseSet                      
2000e561  _register_unlock                      
2000e567  _register_lock                        
2000e56f  _nop                                  
2000e575  strcpy                                
2000e589  strlen                                
2000e59d  _SlDrvDispatchHttpServerEvents        
2000e5ad  _SlDrvResetCmdExt                     
2000e5bb  __TI_decompress_none                  
2000e5c9  ResetISR                              
2000e5d9  NwpMaskInterrupt                      
2000e5e5  NwpUnMaskInterrupt                    
2000e5f1  __TI_zero_init                        
2000e5fd  IntMasterEnable                       
2000e607  UtilsDelay                            
2000e60d  __TI_decompress_rle24                 
2000e613  _system_pre_init                      
2000e618  _ctypes_                              
2000ea96  OpcodeTranslateTable                  
2000eb10  _SlActionLookupTable                  
2000ebfc  _SlNetAppSendTokenValueCmdCtrl        
2000ecb8  __TI_static_base__                    
2000ed24  __TI_Handler_Table_Base               
2000ed30  __TI_Handler_Table_Limit              
2000ed38  __TI_CINIT_Base                       
2000ed48  __TI_CINIT_Limit                      
20017000  _sys_memory                           
20017800  g_buff                                
20017f20  g_ucDinDout                           
20017f70  g_ucConnectionSSID                    
20017f94  g_ucConnectionBSSID                   
20017fa0  g_ulDestinationIP                     
20017fa4  RxIrqCnt                              
20017fa5  g_bDeviceRestartIsRequired            
20017fa6  g_cDummy                              
20017fa7  g_ucLED1Pin                           
20017fa8  g_ucLED2Pin                           
20017fa9  g_ucLED3Pin                           
20018060  _Denorm                               
20018070  _Eps                                  
20018080  _Hugeval                              
20018090  _Inf                                  
200180a0  _Nan                                  
200180b0  _Snan                                 
200180c0  _Rteps                                
200180d0  _Xbig                                 
200180d8  _Zero                                 
20018128  g__SlNonOsCB                          
20018178  g_uiLED1Port                          
2001817c  g_uiLED2Port                          
20018180  g_uiLED3Port                          
20018198  g_pCB                                 
2001819c  pPingCallBackFunc                     
200181a4  g_ulStatus                            
200181a8  g_ulGatewayIP                         
200181ac  bytesReceived                         
200181bc  g_SpiFd                               
200181c0  g_pHostIntHdl                         
200181c4  g_ucDMAEnabled                        
200181c8  _lock                                 
200181cc  _unlock                               
200181d0  __TI_cleanup_ptr                      
200181d4  __TI_dtors_ptr                        
200181d8  _Fenv                                 
200181dc  _Tls_setup__Fenv                      
200181e0  _Errno                                
200181e4  main_func_sp                          
2002f800  __stack                               
20030000  __STACK_END                           
ffffffff  __binit__                             
ffffffff  __c_args__                            
ffffffff  binit                                 
UNDEFED   SHT$$INIT_ARRAY$$Base                 
UNDEFED   SHT$$INIT_ARRAY$$Limit                

[316 symbols]
